C51 COMPILER V7.50   MAIN                                                                  09/15/2022 17:45:21 PAGE 1   


C51 COMPILER V7.50, COMPILATION OF MODULE MAIN
OBJECT MODULE PLACED IN main.obj
COMPILER INVOKED BY: C:\Keil\C51\BIN\C51.EXE customer\main.c LARGE BROWSE DEBUG OBJECTEXTEND PRINT(.\main.lst) OBJECT(ma
                    -in.obj)

line level    source

   1          //#pragma code symbols debug oe
   2          //#define EXTERN
   3          #include <REG52.H>
   4          //#include <math.h>
   5          #include "./_solidic/head_file_version.h"
   6          #include "./_display/dvr_lcd_SDI1621.h"
   7          #include "./_weight/dvr_HX712.h"
   8          #include "./_scale/app_cfg.h"
   9          #include "./_scale/dvr_scale.h"
  10          #include "./_scale/dvr_def.h"
  11          #include "./_battery/dvr_battery.h"
  12          #include "./customer/keyboard.h"
  13          #include "./_inicio/dvr_inicio.h"
  14          #include "./_data_nvm/data_nvm_5219_Vc_Dec09_13.h"
  15                  
  16          unsigned int convertidorADC(void);
  17          void TestEEPROM(void);
  18          void init_pwm(void);
  19          void wdt_init(void);
  20          void gpio_init(void);
  21          void adc_init(void);
  22          void init_int_timer0(void);
  23          
  24          enum ActionScale Key; //unsigned char Key = 0;
  25          unsigned char lecturaADC[4]= {0};
  26          enum ActionScale eAccionScale;
  27          struct Parameter stScaleParam;
  28          struct FlagScale srFlagScale;
  29          struct strTimers strTimer;
  30          
  31          #define     BL_EN       P1 |= 0x20
  32          #define     BL_DIS      P1 &= 0xDF
  33          
  34          #define     BEEPER_EN   P1 |= 0x10
  35          #define     BEEPER_DIS  P1 &= 0xEF
  36          
  37          
  38          enum ActionScale eAccionScale;  
  39          
  40          
  41          
  42          void main(void){
  43   1      
  44   1      unsigned char cRta_Function = 0;
  45   1        char txt[7]={0};
  46   1        float peso=0, voltaje=0;
  47   1        unsigned int i=0;
  48   1      
  49   1        wdt_init();  /// watch dog ///
  50   1        gpio_init();
  51   1        adc_init();
  52   1        init_pwm();
  53   1        // Configuracion salida pin P0.1 prueba de togle pin interrup timer0. Salida
  54   1        // para toogle prueba
C51 COMPILER V7.50   MAIN                                                                  09/15/2022 17:45:21 PAGE 2   

  55   1        // P0M0 |= (1<<1);
  56   1        // P0M1 &= ~(1<<1);
  57   1        //init_int_timer0();
  58   1        iLCD_GLASS_Init();
  59   1              eAccionScale = ScalePreOn;
  60   1      
  61   1      while(1){
  62   2      //iLCD_GLASS_Clear();
  63   2      switch(eAccionScale){
  64   3      
  65   3              case ScalePreOn:
  66   3                              
  67   3                      srFlagScale.bScaleOn = 1;//TRUE;
  68   3                      //uON_ON;
  69   3                      //vClearMemory();                       
  70   3                      //vReadParamScale();    // Inicia los parametros de la Bascula                                  
  71   3      
  72   3                      //IWDG->KR = IWDG_KEY_REFRESH;
  73   3                              
  74   3                      srFlagScale.bReadBattery = 0;
  75   3      
  76   3                      #if DISPLAY_20400047_EN > 0
  77   3                      vGestorBateria();
  78   3                      driver_symbol_init();
  79   3                      #endif
  80   3                              
  81   3                      iLCD_GLASS_Init();
  82   3                      LCD_GLASS_String("-----", LCD_PESO);
  83   3                      LCD_GLASS_String("-----", LCD_PRECIO);
  84   3                      LCD_GLASS_String("------", LCD_TOTAL);
  85   3                      delay_ms(500);
  86   3                      
  87   3                      srFlagScale.bTopeSobrePeso = 0;
  88   3                      
  89   3                      vBeep_Key();
  90   3                      
  91   3                      eAccionScale = ScaleBattery; // Pasa al siguiente estado
  92   3                      
  93   3                      //EXTI_ClearITPendingBit(EXTI_IT_Pin0);
  94   3                      //GPIO_Init(GPIOF, ONu, GPIO_Mode_In_FL_IT);
  95   3                      //LCD_GLASS_Float(cRta_Function, 0, LCD_PRECIO);
  96   3              break;
  97   3      
  98   3              case ScaleBattery:
  99   3                      
 100   3                      // Verifica que el voltaje sea el apropiado para operar
 101   3                      cRta_Function = uGet_Status_Volt();
 102   3                      
 103   3                      if(cRta_Function != SOURCE_BATTERY_VERY_LOW){
 104   4                              if(cRta_Function == SOURCE_BATTERY_LOW){
 105   5                                      iLCD_GLASS_Clear();
 106   5                                      if(stScaleParam.cLenguage == ESPANOL){
 107   6                                              LCD_GLASS_String("BAJA  ", LCD_PRECIO); 
 108   6                                              LCD_GLASS_String("   BAT", LCD_TOTAL);
 109   6                                      }else{
 110   6                                              LCD_GLASS_String("LOW   ", LCD_PRECIO); 
 111   6                                              LCD_GLASS_String("  BATT", LCD_TOTAL);
 112   6                                      }
 113   5                              }
 114   4                              
 115   4                      if(cRta_Function != SOURCE_ADAPTER && srFlagScale.bBateriaLow == 0)
 116   4                              {
C51 COMPILER V7.50   MAIN                                                                  09/15/2022 17:45:21 PAGE 3   

 117   5                                      strTimer.cFLag_TimerJ_Start = 1;
 118   5                                      if(stScaleParam.cBacklight){OnBackLight;}
 119   5                              }
 120   4                              strTimer.cFLag_TimerC_Start = 1;                                        
 121   4                              eAccionScale = ScaleWait;
 122   4                      }else{
 123   4                              
 124   4                              iLCD_GLASS_Clear();
 125   4      
 126   4                              if(stScaleParam.cLenguage == ENGLISH){
 127   5                                      LCD_GLASS_String("LOW ", LCD_PESO);     
 128   5                                      LCD_GLASS_String("BATT", LCD_PRECIO);
 129   5                                      LCD_GLASS_String(" OFF", LCD_TOTAL);
 130   5                              }else{
 131   5                                      LCD_GLASS_String("BAJA ", LCD_PESO);    
 132   5                                      LCD_GLASS_String("BAT", LCD_PRECIO);
 133   5                                      LCD_GLASS_String(" OFF", LCD_TOTAL);
 134   5                              }
 135   4      
 136   4              #if !SX30PRO                    
                                      strTimer.cFLag_TimerE_Start = 1;
                                      strTimer.cFLag_TimerE_End = 0;          
                                      while(strTimer.cFLag_TimerE_End == 0){
                                              IWDG->KR = IWDG_KEY_REFRESH;WD_TA = 0x05; WD_TA = 0x0a;WDCON = 0x1f;
                                              
                                              //if(srFlagScale.bScaleOn == FALSE){
                                                      //eAccionScale = ScalePreOff;                           /* Inicia en el primer estado Off */
                                              //}
                                      }
                                      IWDG->KR = IWDG_KEY_ENABLE;
                                      while(1);    // Wait until reset occurs from IWDG
                      #endif  
 149   4                              eAccionScale = ScaleBattery;                    /* Inicia en el primer estado Off */
 150   4                              
 151   4                      }
 152   3              delay_ms(5000);         
 153   3              break;
 154   3      
 155   3              case ScaleWait:
 156   3                                      
 157   3                      //GPIO_Init(GPIOA, PUSH_SWITCH, GPIO_Mode_In_PU_No_IT);
 158   3                      
 159   3                      if(cWait_Scale() == 0){
 160   4                              
 161   4                              eAccionScale = ScaleRun;
 162   4                              //Auto_Off_On_15m;
 163   4                              strTimer.iTimerF = Number_Count_Sec;
 164   4                              //KeyPressed = FALSE;
 165   4                              
 166   4                              if(srFlagScale.bScaleOn == FALSE){
 167   5                                      eAccionScale = ScalePreOff;                             //// Inicia en el primer estado Off ////
 168   5                              }
 169   4                      }else if(srFlagScale.bCodeConfiguration == 1){
 170   4                              eAccionScale = ScaleCode;
 171   4                      }
 172   3                      
 173   3                      //GPIO_Init(GPIOA, PUSH_SWITCH, GPIO_Mode_Out_PP_Low_Slow);
 174   3                      
 175   3              break;
 176   3      
 177   3              case ScaleCode:
 178   3              
C51 COMPILER V7.50   MAIN                                                                  09/15/2022 17:45:21 PAGE 4   

 179   3                      cRta_Function = cWrite_Code_Scale();
 180   3                      
 181   3                      if(srFlagScale.bScaleOn == FALSE){
 182   4                              eAccionScale = ScalePreOff;                             /* Inicia en el primer estado Off */
 183   4                      }else if(cRta_Function == 0){
 184   4                              eAccionScale = ScaleMenu;
 185   4                      }else if(cRta_Function == 1){
 186   4                              eAccionScale = ScaleCalibrate;
 187   4                      }else{
 188   4                              eAccionScale = ScalePreOff;                             /* Inicia en el primer estado Off */
 189   4                      }
 190   3                                              
 191   3                      break;
 192   3      
 193   3              case ScaleCalibrate:    
 194   3              
 195   3                      vCalibrate_Scale();             /* Llama la funcion para el proceso de calibracion*/
 196   3                      /* al terminar de calibrar se pide que apague la bascula, si no, se 
 197   3                       apagara automaticamente a los 2 min */  
 198   3                      
 199   3                      if(srFlagScale.bScaleOn == FALSE){
 200   4                              eAccionScale = ScalePreOff;                             /* Inicia en el primer estado Off */
 201   4                              break;
 202   4                      }
 203   3                      
 204   3                      LCD_GLASS_String("  OFF", LCD_PRECIO);  /* Muestra el mensaje de
 205   3                                                                                                                                                                                              apagar la bascula */
 206   3      
 207   3                      //Auto_Off_On_5m_Restart;
 208   3                      //Auto_Off_On_5m;
 209   3                      
 210   3                      while(!srFlagScale.cWait_Time_Code){
 211   4                              IWDG_KEY_REFRESH;//IWDG->KR = IWDG_KEY_REFRESH;
 212   4                              key_scan();//vActionKey();
 213   4                              
 214   4                              if(srFlagScale.bScaleOn == FALSE){
 215   5                                      eAccionScale = ScalePreOff;                             /* Inicia en el primer estado Off */
 216   5                                      break;
 217   5                              }
 218   4                      }
 219   3      
 220   3                      eAccionScale = ScalePreOff;
 221   3                      
 222   3                      break;
 223   3      
 224   3              case ScaleMenu:
 225   3      
 226   3                      //vMenu_Configuration_Scale();                          
 227   3                      eAccionScale = ScalePreOff;
 228   3                      
 229   3                      break;
 230   3      
 231   3              case ScaleRun:
 232   3                      
 233   3                      if(srFlagScale.bScaleOn == 1){//if(srFlagScale.bScaleOn == TRUE){
 234   4                              cRun_Scale(1);
 235   4                      }else{
 236   4                              eAccionScale = ScalePreOff;                             /* Inicia en el primer estado Off */
 237   4                      }                               
 238   3                      break;
 239   3              
 240   3              case ScalePreOff:
C51 COMPILER V7.50   MAIN                                                                  09/15/2022 17:45:21 PAGE 5   

 241   3      
 242   3                      stScaleParam.cSpecialAction = 0;
 243   3                      
 244   3                      //GPIO_Init(GPIOF, ONu, GPIO_Mode_In_PU_No_IT);
 245   3                      iLCD_GLASS_Clear();                             
 246   3                      OffBackLight;                           // Apaga el Backlight           
 247   3                      
 248   3                      // Verifica que el voltaje sea el apropiado para operar
 249   3                      cRta_Function = uGet_Status_Volt();
 250   3                      
 251   3                      if(cRta_Function != SOURCE_ADAPTER){
 252   4                              //uON_OFF;
 253   4                              while(i<2000){
 254   5                                      i++;
 255   5                                      IWDG_KEY_REFRESH;//IWDG->KR = IWDG_KEY_REFRESH;
 256   5                              }
 257   4                      }
 258   3                      
 259   3                      strTimer.cFLag_TimerD_End = 0;
 260   3                      strTimer.cFLag_TimerD_Start = 1;
 261   3      
 262   3                      while(!strTimer.cFLag_TimerD_End){//while(ONOFF_uC != 0 && !strTimer.cFLag_TimerD_End){
 263   4                              IWDG_KEY_REFRESH;//IWDG->KR = IWDG_KEY_REFRESH;
 264   4                      }
 265   3                      
 266   3                      eAccionScale = scaleStandBy;                                    
 267   3      
 268   3                      iLCD_GLASS_DeInit();//LCD_Cmd(DISABLE);         // Deshabilita el modulo LCD                            
 269   3      
 270   3                      break;
 271   3      
 272   3      }//swith
 273   2      }//while
 274   1      
 275   1      
 276   1      }
 277          
 278          void init_pwm(void){
 279   1         //Configuracion salida BL
 280   1          P1M0 |= (1<<5);
 281   1          P1M1 &= ~(1<<5);
 282   1      
 283   1          PWMF_H  = 0x00;
 284   1              PWMF_L  = 0x20;
 285   1              PWM0    = 05;
 286   1              PWM1    = 03;
 287   1              PWMCON  = 0x04; //PWM0-P1.4(LCD_LAMP)????(?PWM0=0xff?,?????)
 288   1      
 289   1              //apagar bl y beeper
 290   1              BL_DIS;
 291   1              BEEPER_EN;
 292   1      }
 293          
 294          void wdt_init(void){// watch dog ///
 295   1          EA = 0;
 296   1          WD_TA = 0x05;
 297   1              WD_TA = 0x0a;
 298   1              WDCON = 0x1f; /// 4s?,0.2s ///
 299   1          EA = 1;
 300   1              IWDG_KEY_REFRESH;
 301   1      }
 302          
C51 COMPILER V7.50   MAIN                                                                  09/15/2022 17:45:21 PAGE 6   

 303          void gpio_init(void)
 304          {
 305   1          P0 = 0x0C;//P0 = 0x04;
 306   1          P1 = 0x40;
 307   1          P2 = 0x11;
 308   1      
 309   1          P0M0 = 0xF0; //0b11111111;
 310   1          P0M1 = 0x00; //0b00000000;    
 311   1          P1M0 = 0xBF; //0b10111111;
 312   1          P1M1 = 0x00; //0b00000000;        
 313   1          P2M0 = 0xEE; //0b11101110;
 314   1          P2M1 = 0x00; //0b00000000;
 315   1      }
 316          
 317          void adc_init(void)
 318          {
 319   1          //Config lectura adc Only input
 320   1              P0M0 &= ~(1<<5);
 321   1              P0M1 |= (1<<5);
 322   1              //Salida en 1  para lectura adc
 323   1              P0|= (1<<5);
 324   1      }
 325          
 326          void init_int_timer0(void)
 327          {
 328   1              //Interrupcion timer0
 329   1              IE = 0x82;
 330   1              IP = 0x02;      
 331   1              //timer0
 332   1              TMOD = 0x00;
 333   1              TL0 = 0x00;
 334   1              TH0 = 0x7F;
 335   1              CKCON = 0x04;
 336   1      
 337   1          TCON |= (1<<4);//Start timer0
 338   1      }
 339          
 340          unsigned int convertidorADC(){
 341   1      
 342   1      unsigned int v=0;
 343   1      SARCON = 0x09;
 344   1              if(!(SARCON & 0x04))
 345   1              {
 346   2                      SARCON |= 0x04;
 347   2                      while(SARCON & 0x04)
 348   2                      {
 349   3                      }
 350   2              }
 351   1      v=SARDATA;
 352   1      SARCON &= 0xf7;
 353   1      return v;
 354   1      
 355   1      }
 356          /////////   Interrups timer0    ////////////////
 357          
 358          static void timer0(void) interrupt 1
 359          {               
 360   1              
 361   1                      /* 200mS*/
 362   1              if(strTimer.cFLag_TimerA_Start){
 363   2                      strTimer.iTimerA = 200;//200;//700; //891
 364   2                      //strTimer.cFLag_TimerA_Start = 0;
C51 COMPILER V7.50   MAIN                                                                  09/15/2022 17:45:21 PAGE 7   

 365   2                      strTimer.cFLag_TimerA_On = 1;
 366   2                      strTimer.cFLag_TimerA_End = 0;
 367   2              }
 368   1              /*Accion de desbordamiento del timer */
 369   1              if(strTimer.cFLag_TimerA_On){
 370   2                      
 371   2                      /*if(stScaleParam.cTypeBeeper == BEEPER_SMT){
 372   2                              GPIO_ToggleBits(GPIOA, BEEPER);
 373   2                      }else{
 374   2                              GPIO_SetBits(GPIOA, BEEPER);
 375   2                      }*/
 376   2                      if(strTimer.cFLag_TimerA_Start == 1){
 377   3                              strTimer.cFLag_TimerA_Start = 0;
 378   3                              BEEPER_EN;
 379   3                      }
 380   2                      if(strTimer.iTimerA > 0){
 381   3                              strTimer.iTimerA--;
 382   3                      }else{
 383   3                              strTimer.cFLag_TimerA_On = 0;
 384   3                              strTimer.cFLag_TimerA_End = 1;
 385   3                              BEEPER_DIS;
 386   3                              //GPIO_ResetBits(GPIOA, BEEPER);
 387   3                      }
 388   2              }
 389   1      
 390   1              //P0 ^= (1<<1);//P1 ^= (1<<5);
 391   1              TL0 = 0xCF;
 392   1              TH0 = 0xAF;
 393   1              TCON |= (1<<4);
 394   1      
 395   1      }
 396          
 397          
 398          void TestEEPROM(void)
 399          {
 400   1              unsigned int addr=ADDRESS_PLU;
 401   1              float val;
 402   1              unsigned char txt[10]={0};
 403   1              float i=0.12;
 404   1      
 405   1              unsigned int x=0;
 406   1       
 407   1              NRM_securty_a = 0xaa;
 408   1              NRM_securty_b = 0x55;
 409   1              
 410   1              flash_write_float32(addr,0.00);
 411   1              flash_write_float32(addr+11,0.00);
 412   1      
 413   1              while(1){       
 414   2              for(x=1;x<11;x++){
 415   3              flash_write_float32(addr+(x*4),i);
 416   3      
 417   3              val = flash_read_float32(addr+(x*4)-4);
 418   3              sprintf(txt,"%f",val);  LCD_GLASS_String(txt,LCD_PESO); 
 419   3      
 420   3              val = flash_read_float32(addr+(x*4));
 421   3              sprintf(txt,"%f",val);  LCD_GLASS_String(txt,LCD_TOTAL);        
 422   3      
 423   3              val = flash_read_float32(addr+(x*4)+4);
 424   3              sprintf(txt,"%f",val);  LCD_GLASS_String(txt,LCD_PRECIO); 
 425   3      
 426   3              i++;
C51 COMPILER V7.50   MAIN                                                                  09/15/2022 17:45:21 PAGE 8   

 427   3              delay_ms(1000);
 428   3              }
 429   2      }
 430   1      
 431   1      NRM_securty_a = 0x00;
 432   1              NRM_securty_b = 0x00;
 433   1      }


MODULE INFORMATION:   STATIC OVERLAYABLE
   CODE SIZE        =   1452    ----
   CONSTANT SIZE    =     92    ----
   XDATA SIZE       =    260      40
   PDATA SIZE       =   ----    ----
   DATA SIZE        =   ----    ----
   IDATA SIZE       =   ----    ----
   BIT SIZE         =   ----    ----
END OF MODULE INFORMATION.


C51 COMPILATION COMPLETE.  0 WARNING(S),  0 ERROR(S)
