C51 COMPILER V7.50   MAIN                                                                  09/10/2022 19:46:28 PAGE 1   


C51 COMPILER V7.50, COMPILATION OF MODULE MAIN
OBJECT MODULE PLACED IN main.obj
COMPILER INVOKED BY: C:\Keil\C51\BIN\C51.EXE customer\main.c LARGE BROWSE DEBUG OBJECTEXTEND PRINT(.\main.lst) OBJECT(ma
                    -in.obj)

line level    source

   1          //#pragma code symbols debug oe
   2          //#define EXTERN
   3          #include <REG52.H>
   4          //#include <math.h>
   5          #include "./_solidic/head_file_version.h"
   6          #include "./_display/dvr_lcd_SDI1621.h"
*** WARNING C245 IN LINE 40 OF C:\KEIL\C51\INC\STDIO.H: unknown #pragma, line ignored
*** WARNING C245 IN LINE 52 OF C:\KEIL\C51\INC\STRING.H: unknown #pragma, line ignored
   7          #include "./_weight/dvr_HX712.h"
   8          
   9          
  10          unsigned char Key;
  11          unsigned char lecturaADC[4]= {0};
  12          
  13          #define     BL_EN       P1 |= 0x20
  14          #define     BL_DIS      P1 &= 0xDF
  15          
  16          #define     BEEPER_EN   P1 |= 0x10
  17          #define     BEEPER_DIS  P1 &= 0xEF
  18          
  19          unsigned int convertidorADC(void);
  20          
  21          void init_pwm(void){
  22   1          PWMF_H  = 0x00;
  23   1              PWMF_L  = 0x20;
  24   1              PWM0    = 05;
  25   1              PWM1    = 03;
  26   1              PWMCON  = 0x04; //PWM0-P1.4(LCD_LAMP)????(?PWM0=0xff?,?????)
  27   1      }
  28          
  29          void main(void)
  30          {char txt[5]={0};
  31   1       float peso=0, voltaje=0;
  32   1              //int a = 0, b = 0;
  33   1          P0M0 = 0xF0; //0b11111111;
  34   1          P0M1 = 0x00; //0b00000000;    
  35   1          P1M0 = 0xBF; //0b10111111;
  36   1          P1M1 = 0x00; //0b00000000;        
  37   1          P2M0 = 0xEE; //0b11101110;
  38   1          P2M1 = 0x00; //0b00000000;
  39   1              //Config lectura adc
  40   1              P0M0 &= ~(1<<5);
  41   1              P0M1 |= (1<<5);
  42   1      /*bit KEY_K0 = P0^2;    
  43   1      sbit KEY_K1 = P2^4;     
  44   1      sbit KEY_K2 = P2^0;     
  45   1      sbit KEY_K3 = P1^6;             */
  46   1      
  47   1      /*      P1M0 = 0xff;
  48   1              P1M1 = 0x00;
  49   1              P2M0 = 0xff;
  50   1              P2M1 = 0x00;*/
  51   1      
  52   1          P0 = 0x0C;//P0 = 0x04;
C51 COMPILER V7.50   MAIN                                                                  09/10/2022 19:46:28 PAGE 2   

  53   1          P1 = 0x40;
  54   1          P2 = 0x11;
  55   1              //Salida en 1  para lectura adc
  56   1              P0|= (1<<5);
  57   1              
  58   1      /*      P2 = 0x00;
  59   1              P1 = 0x00;*/
  60   1      
  61   1              iLCD_GLASS_Init();
  62   1                              delay_ms(500);
  63   1              LCD_GLASS_String("TORR",LCD_PESO);
  64   1                      delay_ms(500);
  65   1              LCD_GLASS_String("EY",LCD_PRECIO);
  66   1                              delay_ms(500);    
  67   1       
  68   1              init_pwm();
  69   1              BL_DIS;
  70   1              BEEPER_EN;
  71   1              
  72   1      
  73   1      /*      while(1)
  74   1              {
  75   1              KEY_D0=1;
  76   1      KEY_D1=1;
  77   1      KEY_D2=1;
  78   1      KEY_D3=1;
  79   1      KEY_D4=1;
  80   1      delay_ms(100);
  81   1      
  82   1      KEY_D0=0;
  83   1      KEY_D1=0;
  84   1      KEY_D2=0;
  85   1      KEY_D3=0;
  86   1      KEY_D4=0;
  87   1      delay_ms(100);
  88   1      
  89   1              }*/
  90   1       iLCD_GLASS_Clear();
  91   1       while(1){   
  92   2       /*key_scan();
  93   2              sprintf(txt,"%d  ",(int)(Key));
  94   2              LCD_GLASS_String(txt,LCD_TOTAL)*/
  95   2      
  96   2              //sprintf(txt,"%d  ",(int)(KeyState));
  97   2              //LCD_GLASS_String(txt,LCD_PRECIO);
  98   2      
  99   2              
 100   2              delay_ms(50);
 101   2      
 102   2              peso=fRead_Adc(0);
 103   2              P0|= (1<<5);
 104   2              voltaje=convertidorADC()*(3.3/255);
 105   2              LCD_GLASS_Float(peso, 2,  LCD_TOTAL);
 106   2              LCD_GLASS_Float(voltaje, 2, LCD_PESO);
 107   2      
 108   2      }
 109   1      
 110   1      }
 111          
 112          unsigned int convertidorADC(){
 113   1      
 114   1      unsigned int v=0;
C51 COMPILER V7.50   MAIN                                                                  09/10/2022 19:46:28 PAGE 3   

 115   1      SARCON = 0x09;
 116   1              if(!(SARCON & 0x04))
 117   1              {
 118   2                      SARCON |= 0x04;
 119   2                      while(SARCON & 0x04)
 120   2                      {
 121   3                      }
 122   2              }
 123   1      v=SARDATA;
 124   1      SARCON &= 0xf7;
 125   1      return v;
 126   1      
 127   1      }


MODULE INFORMATION:   STATIC OVERLAYABLE
   CODE SIZE        =    277    ----
   CONSTANT SIZE    =     13    ----
   XDATA SIZE       =      5      13
   PDATA SIZE       =   ----    ----
   DATA SIZE        =   ----    ----
   IDATA SIZE       =   ----    ----
   BIT SIZE         =   ----    ----
END OF MODULE INFORMATION.


C51 COMPILATION COMPLETE.  2 WARNING(S),  0 ERROR(S)
