BL51 BANKED LINKER/LOCATER V5.12                                                        09/22/2022  18:30:55  PAGE 1


BL51 BANKED LINKER/LOCATER V5.12, INVOKED BY:
C:\KEIL\C51\BIN\BL51.EXE main.obj, dvr_lcd_SDI1621.obj, keyboard.obj, dvr_HX712.obj, data_nvm_5219_Vc_Dec09_13.obj, dvr_
>> scale.obj TO solidic_proj RAMSIZE (256)


MEMORY MODEL: LARGE WITH FLOATING POINT ARITHMETIC


INPUT MODULES INCLUDED:
  main.obj (MAIN)
  dvr_lcd_SDI1621.obj (DVR_LCD_SDI1621)
  keyboard.obj (KEYBOARD)
  dvr_HX712.obj (DVR_HX712)
  data_nvm_5219_Vc_Dec09_13.obj (DATA_NVM_5219_VC_DEC09_13)
  dvr_scale.obj (DVR_SCALE)
  C:\KEIL\C51\LIB\C51FPL.LIB (?C?FPADD)
  C:\KEIL\C51\LIB\C51FPL.LIB (?C?FPMUL)
  C:\KEIL\C51\LIB\C51FPL.LIB (?C?FPDIV)
  C:\KEIL\C51\LIB\C51FPL.LIB (?C?FPCMP)
  C:\KEIL\C51\LIB\C51FPL.LIB (?C?FCAST)
  C:\KEIL\C51\LIB\C51FPL.LIB (?C?CASTF)
  C:\KEIL\C51\LIB\C51FPL.LIB (PRINTF)
  C:\KEIL\C51\LIB\C51FPL.LIB (POW)
  C:\KEIL\C51\LIB\C51FPL.LIB (?C?FPGETOPN)
  C:\KEIL\C51\LIB\C51FPL.LIB (?C?CHKFLOAT)
  C:\KEIL\C51\LIB\C51FPL.LIB (?C?FPNEG)
  C:\KEIL\C51\LIB\C51FPL.LIB (?C?FPROUND)
  C:\KEIL\C51\LIB\C51FPL.LIB (?C?FPCONVERT)
  C:\KEIL\C51\LIB\C51FPL.LIB (EXP)
  C:\KEIL\C51\LIB\C51FPL.LIB (LOG)
  C:\KEIL\C51\LIB\C51FPL.LIB (?C?FTNPWR)
  C:\KEIL\C51\LIB\C51FPL.LIB (?C?FPSERIES)
  C:\KEIL\C51\LIB\C51L.LIB (?C_STARTUP)
  C:\KEIL\C51\LIB\C51L.LIB (?C?COPY)
  C:\KEIL\C51\LIB\C51L.LIB (?C?CLDPTR)
  C:\KEIL\C51\LIB\C51L.LIB (?C?CLDOPTR)
  C:\KEIL\C51\LIB\C51L.LIB (?C?CSTPTR)
  C:\KEIL\C51\LIB\C51L.LIB (?C?IMUL)
  C:\KEIL\C51\LIB\C51L.LIB (?C?UIDIV)
  C:\KEIL\C51\LIB\C51L.LIB (?C?IILDX)
  C:\KEIL\C51\LIB\C51L.LIB (?C?ILDIX)
  C:\KEIL\C51\LIB\C51L.LIB (?C?LMUL)
  C:\KEIL\C51\LIB\C51L.LIB (?C?LNEG)
  C:\KEIL\C51\LIB\C51L.LIB (?C?SLCMP)
  C:\KEIL\C51\LIB\C51L.LIB (?C?ULCMP)
  C:\KEIL\C51\LIB\C51L.LIB (?C?ULSHR)
  C:\KEIL\C51\LIB\C51L.LIB (?C?LLDPTR)
  C:\KEIL\C51\LIB\C51L.LIB (?C?LLDOPTR)
  C:\KEIL\C51\LIB\C51L.LIB (?C?LSTOPTR)
  C:\KEIL\C51\LIB\C51L.LIB (?C?LLDCODE)
  C:\KEIL\C51\LIB\C51L.LIB (?C?LLDXDATA0)
  C:\KEIL\C51\LIB\C51L.LIB (?C?LLDCODE0)
  C:\KEIL\C51\LIB\C51L.LIB (?C?LSTXDATA)
  C:\KEIL\C51\LIB\C51L.LIB (?C?LSTKXDATA)
  C:\KEIL\C51\LIB\C51L.LIB (?C?PLDIXDATA)
  C:\KEIL\C51\LIB\C51L.LIB (?C?PSTXDATA)
  C:\KEIL\C51\LIB\C51L.LIB (?C?CCASE)
  C:\KEIL\C51\LIB\C51L.LIB (PUTCHAR)
BL51 BANKED LINKER/LOCATER V5.12                                                      09/22/2022  18:30:55  PAGE 2


  C:\KEIL\C51\LIB\C51L.LIB (?C?STRCPY)
  C:\KEIL\C51\LIB\C51L.LIB (?C?MEMSET)
  C:\KEIL\C51\LIB\C51L.LIB (?C_INIT)
  C:\KEIL\C51\LIB\C51L.LIB (?C?LLDIDATA)
  C:\KEIL\C51\LIB\C51L.LIB (?C?LLDXDATA)
  C:\KEIL\C51\LIB\C51L.LIB (?C?LLDPDATA)
  C:\KEIL\C51\LIB\C51L.LIB (?C?LSTIDATA)
  C:\KEIL\C51\LIB\C51L.LIB (?C?LSTPDATA)


LINK MAP OF MODULE:  solidic_proj (MAIN)


            TYPE    BASE      LENGTH    RELOCATION   SEGMENT NAME
            -----------------------------------------------------

            * * * * * * *   D A T A   M E M O R Y   * * * * * * *
            REG     0000H     0008H     ABSOLUTE     "REG BANK 0"
            DATA    0008H     0005H     UNIT         _DATA_GROUP_
                    000DH     0013H                  *** GAP ***
            BIT     0020H.0   0001H.1   UNIT         _BIT_GROUP_
            BIT     0021H.1   0000H.1   UNIT         ?BI?_NVM_DATA_WRITE_BYTE?DATA_NVM_5219_VC_DEC09_13
            BIT     0021H.2   0000H.1   UNIT         ?BI?_E2ROM_ERASE?DATA_NVM_5219_VC_DEC09_13
            BIT     0021H.3   0000H.1   UNIT         ?BI?LOG?LOG
                    0021H.4   0000H.4                *** GAP ***
            IDATA   0022H     0001H     UNIT         ?STACK

            * * * * * * *  X D A T A   M E M O R Y  * * * * * * *
            XDATA   0000H     00C5H     UNIT         ?XD?DVR_SCALE
            XDATA   00C5H     0050H     UNIT         _XDATA_GROUP_
            XDATA   0115H     003AH     UNIT         ?XD?DVR_HX712
            XDATA   014FH     0038H     UNIT         ?XD?DVR_LCD_SDI1621
            XDATA   0187H     002FH     UNIT         ?XD?FSLEEP_RUN?DVR_SCALE
            XDATA   01B6H     001BH     UNIT         ?XD?KEYBOARD
            XDATA   01D1H     0019H     UNIT         ?XD?_FCUENTASTOPESO?DVR_SCALE
            XDATA   01EAH     0018H     UNIT         ?XD?_CONOFFMODETARA?DVR_SCALE
            XDATA   0202H     0017H     UNIT         ?XD?_FSTABLEPOINT?DVR_SCALE
            XDATA   0219H     0010H     UNIT         ?XD?VCALIBRATE_SCALE?DVR_SCALE
            XDATA   0229H     000DH     UNIT         ?XD?_FLASH_WRITE_U32?DATA_NVM_5219_VC_DEC09_13
            XDATA   0236H     000DH     UNIT         ?XD?_FLASH_WRITE_FLOAT32?DATA_NVM_5219_VC_DEC09_13
            XDATA   0243H     000CH     UNIT         ?XD?TESTEEPROM?MAIN
            XDATA   024FH     000AH     UNIT         ?XD?_POW?POW
            XDATA   0259H     0009H     UNIT         ?XD?_FLASH_READ_U32?DATA_NVM_5219_VC_DEC09_13
            XDATA   0262H     0009H     UNIT         ?XD?_FLASH_READ_FLOAT32?DATA_NVM_5219_VC_DEC09_13
            XDATA   026BH     0009H     UNIT         ?XD?_FLASH_WRITE_U16?DATA_NVM_5219_VC_DEC09_13
            XDATA   0274H     0009H     UNIT         ?XD?_CLEARTHISBUTALL?DATA_NVM_5219_VC_DEC09_13
            XDATA   027DH     0008H     UNIT         ?XD?CSETZEROPOINT?DVR_SCALE
            XDATA   0285H     0008H     UNIT         ?XD?_VGETZEROTRACKING?DVR_SCALE
            XDATA   028DH     0008H     UNIT         ?XD?VWEIGHT_POSITIVE?DVR_SCALE
            XDATA   0295H     0007H     UNIT         ?XD?_FLASH_READ_U16?DATA_NVM_5219_VC_DEC09_13
            XDATA   029CH     0004H     UNIT         ?XD?VSETZERO?DVR_SCALE
            XDATA   02A0H     0004H     UNIT         ?XD?LOG?LOG
            XDATA   02A4H     0003H     UNIT         ?XD?_NVM_DATA_WRITE_BYTE?DATA_NVM_5219_VC_DEC09_13
            XDATA   02A7H     0003H     UNIT         ?XD?_FLASH_WRITE_U8?DATA_NVM_5219_VC_DEC09_13
            XDATA   02AAH     0003H     UNIT         ?XD?_E2ROM_ERASE?DATA_NVM_5219_VC_DEC09_13
            XDATA   02ADH     0003H     UNIT         ?XD?_VPRECONFIGURATION?DVR_SCALE
            XDATA   02B0H     0002H     UNIT         ?XD?DATA_NVM_5219_VC_DEC09_13
BL51 BANKED LINKER/LOCATER V5.12                                                      09/22/2022  18:30:55  PAGE 3


            XDATA   02B2H     0002H     UNIT         ?XD?VCALCULATE_WEIGHT?DVR_SCALE

            * * * * * * *   C O D E   M E M O R Y   * * * * * * *
            CODE    0000H     0003H     ABSOLUTE     
            CODE    0003H     0003H     UNIT         ?PR?VACTIONKEY?KEYBOARD
            CODE    0006H     0001H     UNIT         ?PR?VSCAN_KEY?KEYBOARD
            CODE    0007H     0001H     UNIT         ?PR?NOP?DATA_NVM_5219_VC_DEC09_13
                    0008H     0003H                  *** GAP ***
            CODE    000BH     0003H     ABSOLUTE     
            CODE    000EH     0AE0H     UNIT         ?C?LIB_CODE
            CODE    0AEEH     0483H     UNIT         ?PR?PRINTF?PRINTF
            CODE    0F71H     0450H     UNIT         ?PR?_FFILTER_AVERAGING?DVR_HX712
            CODE    13C1H     03FEH     UNIT         ?PR?_FCUENTASTOPESO?DVR_SCALE
            CODE    17BFH     03B2H     UNIT         ?PR?FSLEEP_RUN?DVR_SCALE
            CODE    1B71H     0352H     UNIT         ?PR?VWEIGHT_POSITIVE?DVR_SCALE
            CODE    1EC3H     0339H     UNIT         ?PR?_CONOFFMODETARA?DVR_SCALE
            CODE    21FCH     0302H     UNIT         ?PR?_FSTABLEPOINT?DVR_SCALE
            CODE    24FEH     02E7H     UNIT         ?PR?_VPRECONFIGURATION?DVR_SCALE
            CODE    27E5H     02DCH     UNIT         ?PR?VCALIBRATE_SCALE?DVR_SCALE
            CODE    2AC1H     02CCH     UNIT         ?PR?_VSAVEPARAMSCALE?DVR_SCALE
            CODE    2D8DH     026EH     UNIT         ?PR?_CRUN_SCALE?DVR_SCALE
            CODE    2FFBH     01CDH     UNIT         ?PR?VREADPARAMSCALE?DVR_SCALE
            CODE    31C8H     01A1H     UNIT         ?PR?TESTEEPROM?MAIN
            CODE    3369H     0197H     UNIT         ?PR?VCALCULATE_WEIGHT?DVR_SCALE
            CODE    3500H     018EH     UNIT         ?PR?_LCD_GLASS_STRING?DVR_LCD_SDI1621
            CODE    368EH     018EH     UNIT         ?PR?CSETZEROPOINT?DVR_SCALE
            CODE    381CH     0184H     UNIT         ?PR?_VGETZEROTRACKING?DVR_SCALE
            CODE    39A0H     0166H     UNIT         ?PR?_POW?POW
            CODE    3B06H     013FH     UNIT         ?PR?_CLEARTHISBUTALL?DATA_NVM_5219_VC_DEC09_13
            CODE    3C45H     0129H     UNIT         ?PR?LOG?LOG
            CODE    3D6EH     011FH     UNIT         ?PR?_LCD_GLASS_FLOAT?DVR_LCD_SDI1621
            CODE    3E8DH     0101H     UNIT         ?PR?_LCD_GLASS_SYMBOLS?DVR_LCD_SDI1621
            CODE    3F8EH     00EBH     UNIT         ?PR?_FREAD_ADC?DVR_HX712
            CODE    4079H     00EBH     UNIT         ?PR?VWEIGHT_NEGATIVE?DVR_SCALE
            CODE    4164H     00D3H     UNIT         ?PR?KEY_SCAN?KEYBOARD
            CODE    4237H     00CCH     UNIT         ?CO?DVR_SCALE
            CODE    4303H     00B4H     UNIT         ?PR?TIMER0?MAIN
            CODE    43B7H     00B3H     UNIT         ?PR?_LCD_GLASS_DOT?DVR_LCD_SDI1621
            CODE    446AH     00AAH     UNIT         ?PR?MAIN?MAIN
            CODE    4514H     00A6H     UNIT         ?PR?_FLASH_WRITE_FLOAT32?DATA_NVM_5219_VC_DEC09_13
            CODE    45BAH     00A3H     UNIT         ?PR?_FLASH_WRITE_U32?DATA_NVM_5219_VC_DEC09_13
            CODE    465DH     00A2H     UNIT         ?PR?WRITE_LCD?DVR_LCD_SDI1621
            CODE    46FFH     009EH     UNIT         ?C_INITSEG
            CODE    479DH     009AH     UNIT         ?PR?EXP?EXP
            CODE    4837H     008CH     UNIT         ?C_C51STARTUP
            CODE    48C3H     008AH     UNIT         ?PR?_FLASH_WRITE_U16?DATA_NVM_5219_VC_DEC09_13
            CODE    494DH     0087H     UNIT         ?PR?READHX712?DVR_HX712
            CODE    49D4H     0072H     UNIT         ?PR?_NVM_DATA_WRITE_BYTE?DATA_NVM_5219_VC_DEC09_13
            CODE    4A46H     0058H     UNIT         ?PR?LCD_GLASS_INIT?DVR_LCD_SDI1621
            CODE    4A9EH     0058H     UNIT         ?PR?_E2ROM_ERASE?DATA_NVM_5219_VC_DEC09_13
            CODE    4AF6H     0046H     UNIT         ?PR?_FLASH_READ_U32?DATA_NVM_5219_VC_DEC09_13
            CODE    4B3CH     0046H     UNIT         ?PR?_FLASH_READ_FLOAT32?DATA_NVM_5219_VC_DEC09_13
            CODE    4B82H     0040H     UNIT         ?PR?_FLASH_READ_U16?DATA_NVM_5219_VC_DEC09_13
            CODE    4BC2H     003DH     UNIT         ?PR?_LCD_SET_CHAR?DVR_LCD_SDI1621
            CODE    4BFFH     003CH     UNIT         ?PR?LCD_GLASS_DEINIT?DVR_LCD_SDI1621
            CODE    4C3BH     0030H     UNIT         ?CO?DVR_LCD_SDI1621
            CODE    4C6BH     002FH     UNIT         ?PR?VSETZERO?DVR_SCALE
BL51 BANKED LINKER/LOCATER V5.12                                                      09/22/2022  18:30:55  PAGE 4


            CODE    4C9AH     002CH     UNIT         ?CO?DVR_HX712
            CODE    4CC6H     002AH     UNIT         ?PR?LCD_GLASS_CLEAR?DVR_LCD_SDI1621
            CODE    4CF0H     002AH     UNIT         ?PR?LCD_GLASS_ALL_ON?DVR_LCD_SDI1621
            CODE    4D1AH     002AH     UNIT         ?PR?_FLASH_WRITE_U8?DATA_NVM_5219_VC_DEC09_13
            CODE    4D44H     0027H     UNIT         ?PR?PUTCHAR?PUTCHAR
            CODE    4D6BH     0022H     UNIT         ?PR?_DELAY_MS?KEYBOARD
            CODE    4D8DH     001DH     UNIT         ?PR?_LCD_UNIT_WRITE?DVR_LCD_SDI1621
            CODE    4DAAH     001CH     UNIT         ?PR?INIT_PWM?MAIN
            CODE    4DC6H     001BH     UNIT         ?PR?CONVERTIDORADC?MAIN
            CODE    4DE1H     001AH     UNIT         ?PR?GPIO_INIT?MAIN
            CODE    4DFBH     001AH     UNIT         ?PR?LCD_GLASS_UPDATE?DVR_LCD_SDI1621
            CODE    4E15H     0017H     UNIT         ?PR?WDT_INIT?MAIN
            CODE    4E2CH     0017H     UNIT         ?CO?MAIN
            CODE    4E43H     0015H     UNIT         ?PR?INIT_INT_TIMER0?MAIN
            CODE    4E58H     0012H     UNIT         ?PR?VSOUND_SAVED_PARAM?KEYBOARD
            CODE    4E6AH     0012H     UNIT         ?PR?_FLASH_READ_U8?DATA_NVM_5219_VC_DEC09_13
            CODE    4E7CH     0011H     UNIT         ?PR?DELAY_35U?DVR_LCD_SDI1621
            CODE    4E8DH     000BH     UNIT         ?PR?VBEEP_KEY?KEYBOARD
            CODE    4E98H     000AH     UNIT         ?PR?ADC_INIT?MAIN



OVERLAY MAP OF MODULE:   solidic_proj (MAIN)


SEGMENT                                             BIT_GROUP          DATA_GROUP          XDATA_GROUP
  +--> CALLED SEGMENT                            START    LENGTH     START    LENGTH     START    LENGTH
--------------------------------------------------------------------------------------------------------
?C_C51STARTUP                                    -----    -----      -----    -----      -----    -----
  +--> ?PR?MAIN?MAIN
  +--> ?C_INITSEG

?PR?MAIN?MAIN                                    -----    -----      -----    -----      00C5H    000CH
  +--> ?PR?WDT_INIT?MAIN
  +--> ?PR?GPIO_INIT?MAIN
  +--> ?PR?ADC_INIT?MAIN
  +--> ?PR?INIT_PWM?MAIN
  +--> ?PR?INIT_INT_TIMER0?MAIN
  +--> ?PR?LCD_GLASS_INIT?DVR_LCD_SDI1621
  +--> ?CO?MAIN
  +--> ?PR?_LCD_GLASS_STRING?DVR_LCD_SDI1621
  +--> ?PR?_DELAY_MS?KEYBOARD
  +--> ?PR?LCD_GLASS_CLEAR?DVR_LCD_SDI1621
  +--> ?PR?KEY_SCAN?KEYBOARD
  +--> ?PR?PRINTF?PRINTF
  +--> ?PR?_FREAD_ADC?DVR_HX712
  +--> ?PR?_LCD_GLASS_FLOAT?DVR_LCD_SDI1621

?PR?LCD_GLASS_INIT?DVR_LCD_SDI1621               -----    -----      -----    -----      -----    -----
  +--> ?PR?DELAY_35U?DVR_LCD_SDI1621
  +--> ?PR?WRITE_LCD?DVR_LCD_SDI1621

?PR?WRITE_LCD?DVR_LCD_SDI1621                    -----    -----      -----    -----      00E4H    0012H
  +--> ?PR?DELAY_35U?DVR_LCD_SDI1621
  +--> ?PR?_LCD_UNIT_WRITE?DVR_LCD_SDI1621

?PR?_LCD_UNIT_WRITE?DVR_LCD_SDI1621              -----    -----      -----    -----      -----    -----
BL51 BANKED LINKER/LOCATER V5.12                                                      09/22/2022  18:30:55  PAGE 5


  +--> ?PR?DELAY_35U?DVR_LCD_SDI1621

?PR?_LCD_GLASS_STRING?DVR_LCD_SDI1621            -----    -----      -----    -----      00DFH    0005H
  +--> ?PR?_LCD_SET_CHAR?DVR_LCD_SDI1621
  +--> ?PR?LCD_GLASS_UPDATE?DVR_LCD_SDI1621

?PR?LCD_GLASS_UPDATE?DVR_LCD_SDI1621             -----    -----      -----    -----      -----    -----
  +--> ?PR?WRITE_LCD?DVR_LCD_SDI1621

?PR?LCD_GLASS_CLEAR?DVR_LCD_SDI1621              -----    -----      -----    -----      -----    -----
  +--> ?PR?WRITE_LCD?DVR_LCD_SDI1621

?PR?KEY_SCAN?KEYBOARD                            -----    -----      -----    -----      -----    -----
  +--> ?PR?_DELAY_MS?KEYBOARD
  +--> ?PR?VBEEP_KEY?KEYBOARD

?PR?PRINTF?PRINTF                                0020H.0  0001H.1    0008H    0005H      00DFH    0030H
  +--> ?PR?PUTCHAR?PUTCHAR

?PR?_FREAD_ADC?DVR_HX712                         -----    -----      -----    -----      00D1H    0005H
  +--> ?PR?READHX712?DVR_HX712
  +--> ?PR?_FFILTER_AVERAGING?DVR_HX712

?PR?READHX712?DVR_HX712                          -----    -----      -----    -----      00D6H    0007H
  +--> ?CO?DVR_HX712

?PR?_FFILTER_AVERAGING?DVR_HX712                 -----    -----      -----    -----      00D6H    003FH
  +--> ?CO?DVR_HX712

?PR?_LCD_GLASS_FLOAT?DVR_LCD_SDI1621             -----    -----      -----    -----      00D1H    000EH
  +--> ?CO?DVR_LCD_SDI1621
  +--> ?PR?PRINTF?PRINTF
  +--> ?PR?_LCD_GLASS_STRING?DVR_LCD_SDI1621



UNRESOLVED EXTERNAL SYMBOLS:
   UGET_STATUS_VOLT
   VGESTORBATERIA



SYMBOL TABLE OF MODULE:  solidic_proj (MAIN)

  VALUE           TYPE          NAME
  ----------------------------------

  -------         MODULE        MAIN
  C:0000H         SYMBOL        _ICE_DUMMY_
  D:0094H         PUBLIC        P1M0
  D:0093H         PUBLIC        P0M1
  D:0096H         PUBLIC        P2M0
  D:0095H         PUBLIC        P1M1
  D:0080H         PUBLIC        P0
  C:4DC6H         PUBLIC        convertidorADC
  D:0097H         PUBLIC        P2M1
  D:0090H         PUBLIC        P1
BL51 BANKED LINKER/LOCATER V5.12                                                      09/22/2022  18:30:55  PAGE 6


  D:00A0H         PUBLIC        P2
  D:00ACH         PUBLIC        SARDATA
  D:00B0H         PUBLIC        P3
  B:00A8H.7       PUBLIC        EA
  D:00A8H         PUBLIC        IE
  D:00AAH         PUBLIC        WD_TA
  C:4E43H         PUBLIC        init_int_timer0
  D:00B8H         PUBLIC        IP
  D:009CH         PUBLIC        PWM0
  D:009DH         PUBLIC        PWM1
  C:446AH         PUBLIC        main
  D:0098H         PUBLIC        SCON
  D:0089H         PUBLIC        TMOD
  D:0088H         PUBLIC        TCON
  C:4E98H         PUBLIC        adc_init
  C:4DE1H         PUBLIC        gpio_init
  D:00ABH         PUBLIC        SARCON
  D:008CH         PUBLIC        TH0
  D:008AH         PUBLIC        TL0
  C:4303H         SYMBOL        timer0
  D:009EH         PUBLIC        PWMCON
  D:009AH         PUBLIC        PWMF_H
  C:4E15H         PUBLIC        wdt_init
  D:009BH         PUBLIC        PWMF_L
  D:00C8H         PUBLIC        T2CON
  C:4DAAH         PUBLIC        init_pwm
  C:31C8H         PUBLIC        TestEEPROM
  D:008EH         PUBLIC        CKCON
  D:00D0H         PUBLIC        PSW
  D:00A9H         PUBLIC        WDCON
  D:0092H         PUBLIC        P0M0
  -------         PROC          MAIN
  -------         DO            
  X:00C5H         SYMBOL        txt
  X:00C9H         SYMBOL        peso
  X:00CDH         SYMBOL        iTemp_RA
  -------         ENDDO         
  C:446AH         LINE#         24
  C:446AH         LINE#         25
  C:446AH         LINE#         28
  C:4474H         LINE#         30
  C:4477H         LINE#         31
  C:447AH         LINE#         32
  C:447DH         LINE#         33
  C:4480H         LINE#         38
  C:4483H         LINE#         40
  C:4486H         LINE#         41
  C:4491H         LINE#         42
  C:449CH         LINE#         43
  C:44A7H         LINE#         45
  C:44AEH         LINE#         46
  C:44B1H         LINE#         49
  C:44B1H         LINE#         50
  C:44B4H         LINE#         51
  C:44D8H         LINE#         52
  C:44E3H         LINE#         58
  C:44EAH         LINE#         60
BL51 BANKED LINKER/LOCATER V5.12                                                      09/22/2022  18:30:55  PAGE 7


  C:44F5H         LINE#         61
  C:450FH         LINE#         63
  C:4512H         LINE#         77
  -------         ENDPROC       MAIN
  -------         PROC          INIT_PWM
  C:4DAAH         LINE#         81
  C:4DAAH         LINE#         83
  C:4DADH         LINE#         84
  C:4DB0H         LINE#         87
  C:4DB3H         LINE#         88
  C:4DB6H         LINE#         90
  C:4DB9H         LINE#         91
  C:4DBCH         LINE#         92
  C:4DBFH         LINE#         93
  C:4DC2H         LINE#         94
  C:4DC5H         LINE#         97
  -------         ENDPROC       INIT_PWM
  -------         PROC          WDT_INIT
  C:4E15H         LINE#         99
  C:4E15H         LINE#         100
  C:4E17H         LINE#         101
  C:4E1AH         LINE#         102
  C:4E1DH         LINE#         103
  C:4E20H         LINE#         104
  C:4E22H         LINE#         105
  C:4E2BH         LINE#         106
  -------         ENDPROC       WDT_INIT
  -------         PROC          GPIO_INIT
  C:4DE1H         LINE#         108
  C:4DE1H         LINE#         109
  C:4DE1H         LINE#         110
  C:4DE4H         LINE#         111
  C:4DE7H         LINE#         112
  C:4DEAH         LINE#         114
  C:4DEDH         LINE#         115
  C:4DF0H         LINE#         116
  C:4DF3H         LINE#         117
  C:4DF5H         LINE#         118
  C:4DF8H         LINE#         119
  C:4DFAH         LINE#         120
  -------         ENDPROC       GPIO_INIT
  -------         PROC          ADC_INIT
  C:4E98H         LINE#         122
  C:4E98H         LINE#         123
  C:4E98H         LINE#         125
  C:4E9BH         LINE#         126
  C:4E9EH         LINE#         128
  C:4EA1H         LINE#         129
  -------         ENDPROC       ADC_INIT
  -------         PROC          INIT_INT_TIMER0
  C:4E43H         LINE#         131
  C:4E43H         LINE#         132
  C:4E43H         LINE#         134
  C:4E46H         LINE#         135
  C:4E49H         LINE#         137
  C:4E4CH         LINE#         138
  C:4E4EH         LINE#         139
BL51 BANKED LINKER/LOCATER V5.12                                                      09/22/2022  18:30:55  PAGE 8


  C:4E51H         LINE#         140
  C:4E54H         LINE#         142
  C:4E57H         LINE#         143
  -------         ENDPROC       INIT_INT_TIMER0
  -------         PROC          CONVERTIDORADC
  -------         DO            
  D:0006H         SYMBOL        v
  -------         ENDDO         
  C:4DC6H         LINE#         145
  C:4DC6H         LINE#         147
  C:4DC9H         LINE#         148
  C:4DCCH         LINE#         149
  C:4DD1H         LINE#         150
  C:4DD1H         LINE#         151
  C:4DD4H         LINE#         152
  C:4DD9H         LINE#         153
  C:4DD9H         LINE#         154
  C:4DD9H         LINE#         155
  C:4DD9H         LINE#         156
  C:4DDDH         LINE#         157
  C:4DE0H         LINE#         158
  C:4DE0H         LINE#         160
  -------         ENDPROC       CONVERTIDORADC
  -------         PROC          TIMER0
  C:4303H         LINE#         163
  C:430BH         LINE#         167
  C:4311H         LINE#         168
  C:431AH         LINE#         170
  C:4320H         LINE#         171
  C:4323H         LINE#         172
  C:4323H         LINE#         175
  C:4329H         LINE#         176
  C:4333H         LINE#         177
  C:4338H         LINE#         178
  C:433BH         LINE#         179
  C:433EH         LINE#         180
  C:433EH         LINE#         184
  C:4344H         LINE#         191
  C:434BH         LINE#         192
  C:434DH         LINE#         193
  C:4350H         LINE#         194
  C:4350H         LINE#         195
  C:4361H         LINE#         196
  C:436DH         LINE#         197
  C:436FH         LINE#         198
  C:4374H         LINE#         199
  C:4377H         LINE#         200
  C:437AH         LINE#         202
  C:437AH         LINE#         203
  C:437AH         LINE#         206
  C:4380H         LINE#         207
  C:438FH         LINE#         208
  C:439BH         LINE#         209
  C:439DH         LINE#         210
  C:43A2H         LINE#         211
  C:43A5H         LINE#         212
  C:43A5H         LINE#         213
BL51 BANKED LINKER/LOCATER V5.12                                                      09/22/2022  18:30:55  PAGE 9


  C:43A5H         LINE#         216
  C:43A8H         LINE#         217
  C:43ABH         LINE#         218
  C:43AEH         LINE#         220
  -------         ENDPROC       TIMER0
  -------         PROC          TESTEEPROM
  -------         DO            
  X:0243H         SYMBOL        addr
  X:0245H         SYMBOL        val
  X:0249H         SYMBOL        i
  X:024DH         SYMBOL        x
  -------         ENDDO         
  C:31C8H         LINE#         223
  C:31C8H         LINE#         224
  C:31C8H         LINE#         225
  C:31D1H         LINE#         227
  C:31DBH         LINE#         229
  C:31E2H         LINE#         231
  C:31E8H         LINE#         232
  C:31EEH         LINE#         236
  C:320BH         LINE#         237
  C:3223H         LINE#         238
  C:3259H         LINE#         240
  C:3285H         LINE#         241
  C:329FH         LINE#         243
  C:32C5H         LINE#         244
  C:32DFH         LINE#         246
  C:330BH         LINE#         247
  C:3324H         LINE#         249
  C:3342H         LINE#         250
  C:3349H         LINE#         251
  C:335DH         LINE#         252
  C:335DH         LINE#         254
  C:3362H         LINE#         255
  C:3366H         LINE#         256
  -------         ENDPROC       TESTEEPROM
  -------         ENDMOD        MAIN

  -------         MODULE        DVR_LCD_SDI1621
  C:0000H         SYMBOL        _ICE_DUMMY_
  D:0090H         PUBLIC        P1
  D:00A0H         PUBLIC        P2
  D:00B0H         PUBLIC        P3
  X:014FH         PUBLIC        cNumber_LCD
  D:00A8H         PUBLIC        IE
  C:43B7H         PUBLIC        _LCD_GLASS_Dot
  D:00B8H         PUBLIC        IP
  C:4A46H         PUBLIC        LCD_GLASS_Init
  D:0098H         PUBLIC        SCON
  D:0088H         PUBLIC        TCON
  C:4674H         PUBLIC        write_lcd
  C:4D8DH         PUBLIC        _lcd_unit_write
  C:4CF0H         PUBLIC        LCD_GLASS_All_On
  C:4E85H         PUBLIC        delay_35u
  C:4BFFH         PUBLIC        LCD_GLASS_DeInit
  X:0159H         PUBLIC        Display
  X:016BH         PUBLIC        cABC_LCD
BL51 BANKED LINKER/LOCATER V5.12                                                      09/22/2022  18:30:55  PAGE 10


  C:3E8DH         PUBLIC        _LCD_GLASS_Symbols
  C:4BCDH         PUBLIC        _LCD_SET_Char
  D:00C8H         PUBLIC        T2CON
  C:3D6EH         PUBLIC        _LCD_GLASS_Float
  C:3500H         PUBLIC        _LCD_GLASS_String
  C:4DFBH         PUBLIC        LCD_GLASS_Update
  C:4CC6H         PUBLIC        LCD_GLASS_Clear
  D:00D0H         PUBLIC        PSW
  C:4E7CH         SYMBOL        L?0157
  C:4E7FH         SYMBOL        L?0158
  -------         PROC          L?0156
  -------         ENDPROC       L?0156
  C:4E7CH         SYMBOL        L?0157
  C:4E7FH         SYMBOL        L?0158
  -------         PROC          DELAY_35U
  -------         DO            
  D:0007H         SYMBOL        j
  -------         ENDDO         
  C:4E85H         LINE#         135
  C:4E85H         LINE#         137
  C:4E8CH         LINE#         138
  -------         ENDPROC       DELAY_35U
  -------         PROC          _LCD_UNIT_WRITE
  D:0006H         SYMBOL        d
  -------         DO            
  D:0005H         SYMBOL        i
  -------         ENDDO         
  C:4D8DH         LINE#         143
  C:4D8FH         LINE#         145
  C:4D91H         LINE#         146
  C:4D9AH         LINE#         147
  C:4D9DH         LINE#         148
  C:4D9DH         LINE#         149
  C:4D9DH         LINE#         150
  C:4D9DH         LINE#         151
  C:4DA0H         LINE#         152
  C:4DA4H         LINE#         153
  C:4DA9H         LINE#         154
  -------         ENDPROC       _LCD_UNIT_WRITE
  -------         PROC          LCD_GLASS_INIT
  C:4A46H         LINE#         158
  C:4A46H         LINE#         159
  C:4A49H         LINE#         160
  C:4A4CH         LINE#         161
  C:4A4FH         LINE#         162
  C:4A52H         LINE#         163
  C:4A55H         LINE#         165
  C:4A5AH         LINE#         167
  C:4A5DH         LINE#         168
  C:4A62H         LINE#         170
  C:4A64H         LINE#         171
  C:4A67H         LINE#         173
  C:4A69H         LINE#         174
  C:4A6CH         LINE#         176
  C:4A71H         LINE#         177
  C:4A74H         LINE#         179
  C:4A7AH         LINE#         182
BL51 BANKED LINKER/LOCATER V5.12                                                      09/22/2022  18:30:55  PAGE 11


  C:4A88H         LINE#         183
  -------         ENDPROC       LCD_GLASS_INIT
  C:4660H         SYMBOL        L?0153
  C:4661H         SYMBOL        L?0154
  C:4665H         SYMBOL        L?0155
  -------         PROC          L?0152
  -------         ENDPROC       L?0152
  C:4660H         SYMBOL        L?0153
  C:4661H         SYMBOL        L?0154
  C:4665H         SYMBOL        L?0155
  -------         PROC          WRITE_LCD
  X:00E4H         SYMBOL        Display
  -------         DO            
  D:0004H         SYMBOL        i
  D:0006H         SYMBOL        addr
  -------         ENDDO         
  C:4674H         LINE#         195
  C:4674H         LINE#         196
  C:4676H         LINE#         197
  C:4677H         LINE#         213
  C:467AH         LINE#         214
  C:467DH         LINE#         215
  C:4680H         LINE#         216
  C:4683H         LINE#         217
  C:4686H         LINE#         218
  C:4689H         LINE#         219
  C:4689H         LINE#         220
  C:4689H         LINE#         221
  C:4689H         LINE#         222
  C:468CH         LINE#         223
  C:468FH         LINE#         224
  C:468FH         LINE#         225
  C:468FH         LINE#         226
  C:468FH         LINE#         227
  C:4692H         LINE#         228
  C:4698H         LINE#         229
  C:469DH         LINE#         231
  C:46A0H         LINE#         232
  C:46A0H         LINE#         233
  C:46A0H         LINE#         234
  C:46A0H         LINE#         235
  C:46A3H         LINE#         237
  C:46A9H         LINE#         238
  C:46AFH         LINE#         239
  C:46AFH         LINE#         240
  C:46AFH         LINE#         241
  C:46AFH         LINE#         242
  C:46B2H         LINE#         243
  C:46B4H         LINE#         245
  C:46B4H         LINE#         246
  C:46B6H         LINE#         247
  C:46B7H         LINE#         248
  C:46BAH         LINE#         249
  C:46BEH         LINE#         250
  C:46C3H         LINE#         252
  C:46C6H         LINE#         253
  C:46C6H         LINE#         254
BL51 BANKED LINKER/LOCATER V5.12                                                      09/22/2022  18:30:55  PAGE 12


  C:46C6H         LINE#         255
  C:46C9H         LINE#         256
  C:46CDH         LINE#         257
  C:46D2H         LINE#         258
  C:46D4H         LINE#         259
  C:46F3H         LINE#         260
  C:46F3H         LINE#         261
  C:46F6H         LINE#         262
  C:46F9H         LINE#         263
  C:46FCH         LINE#         264
  -------         ENDPROC       WRITE_LCD
  -------         PROC          LCD_GLASS_DEINIT
  C:4BFFH         LINE#         271
  C:4BFFH         LINE#         272
  C:4C05H         LINE#         276
  C:4C13H         LINE#         277
  C:4C16H         LINE#         279
  C:4C1BH         LINE#         281
  C:4C1EH         LINE#         282
  C:4C21H         LINE#         284
  C:4C26H         LINE#         285
  -------         ENDPROC       LCD_GLASS_DEINIT
  -------         PROC          LCD_GLASS_CLEAR
  C:4CC6H         LINE#         291
  C:4CC6H         LINE#         292
  C:4CCCH         LINE#         293
  C:4CDAH         LINE#         294
  -------         ENDPROC       LCD_GLASS_CLEAR
  -------         PROC          LCD_GLASS_ALL_ON
  C:4CF0H         LINE#         299
  C:4CF0H         LINE#         300
  C:4CF6H         LINE#         301
  C:4D04H         LINE#         302
  -------         ENDPROC       LCD_GLASS_ALL_ON
  -------         PROC          L?0159
  -------         ENDPROC       L?0159
  -------         PROC          _LCD_SET_CHAR
  D:0007H         SYMBOL        cCaracter
  D:0005H         SYMBOL        cPosition_On_LCD
  D:0003H         SYMBOL        cPosition_Text
  -------         DO            
  D:0006H         SYMBOL        i
  -------         ENDDO         
  C:4BCDH         LINE#         307
  C:4BCDH         LINE#         308
  C:4BCDH         LINE#         309
  C:4BCFH         LINE#         311
  C:4BD3H         LINE#         312
  C:4BD9H         LINE#         313
  C:4BDEH         LINE#         319
  C:4BE4H         LINE#         320
  C:4BF1H         LINE#         321
  C:4BFEH         LINE#         323
  -------         ENDPROC       _LCD_SET_CHAR
  -------         PROC          _LCD_GLASS_DOT
  D:0004H         SYMBOL        iNumber_Dot
  D:0005H         SYMBOL        cPosition_On_LCD
BL51 BANKED LINKER/LOCATER V5.12                                                      09/22/2022  18:30:55  PAGE 13


  D:0003H         SYMBOL        cFLag_On
  C:43B7H         LINE#         326
  C:43B9H         LINE#         328
  C:43C9H         LINE#         329
  C:43C9H         LINE#         330
  C:43CDH         LINE#         331
  C:43D4H         LINE#         332
  C:43DAH         LINE#         334
  C:43DEH         LINE#         335
  C:43DEH         LINE#         336
  C:43E2H         LINE#         337
  C:43E9H         LINE#         338
  C:43EFH         LINE#         340
  C:43F3H         LINE#         342
  C:43F3H         LINE#         343
  C:43F8H         LINE#         344
  C:43FFH         LINE#         345
  C:4401H         LINE#         347
  C:4401H         LINE#         348
  C:4401H         LINE#         349
  C:4403H         LINE#         350
  C:4403H         LINE#         352
  C:4407H         LINE#         353
  C:440EH         LINE#         354
  C:4414H         LINE#         356
  C:4418H         LINE#         357
  C:4418H         LINE#         359
  C:441CH         LINE#         360
  C:4423H         LINE#         361
  C:4429H         LINE#         363
  C:442DH         LINE#         364
  C:442DH         LINE#         365
  C:4432H         LINE#         366
  C:4439H         LINE#         367
  C:443BH         LINE#         369
  C:443BH         LINE#         370
  C:443BH         LINE#         371
  C:443DH         LINE#         373
  C:443DH         LINE#         374
  C:4441H         LINE#         375
  C:4448H         LINE#         376
  C:444EH         LINE#         378
  C:4452H         LINE#         379
  C:4452H         LINE#         380
  C:4456H         LINE#         381
  C:445DH         LINE#         382
  C:4463H         LINE#         384
  C:4467H         LINE#         385
  C:4467H         LINE#         386
  C:4467H         LINE#         387
  C:4467H         LINE#         389
  -------         ENDPROC       _LCD_GLASS_DOT
  -------         PROC          _LCD_GLASS_SYMBOLS
  D:0007H         SYMBOL        cSymbol
  D:0005H         SYMBOL        cFlag_On
  C:3E8DH         LINE#         393
  C:3E8DH         LINE#         397
BL51 BANKED LINKER/LOCATER V5.12                                                      09/22/2022  18:30:55  PAGE 14


  C:3EC1H         LINE#         400
  C:3EC1H         LINE#         401
  C:3EC8H         LINE#         402
  C:3ECBH         LINE#         404
  C:3ECBH         LINE#         405
  C:3ECEH         LINE#         406
  C:3ECEH         LINE#         407
  C:3ED5H         LINE#         408
  C:3ED7H         LINE#         410
  C:3ED7H         LINE#         411
  C:3EDAH         LINE#         412
  C:3EDAH         LINE#         413
  C:3EE1H         LINE#         414
  C:3EE3H         LINE#         416
  C:3EE3H         LINE#         417
  C:3EE6H         LINE#         418
  C:3EE6H         LINE#         419
  C:3EEDH         LINE#         420
  C:3EEFH         LINE#         422
  C:3EEFH         LINE#         423
  C:3EF2H         LINE#         424
  C:3EF2H         LINE#         425
  C:3EF9H         LINE#         426
  C:3EFBH         LINE#         428
  C:3EFBH         LINE#         429
  C:3EFEH         LINE#         459
  C:3EFEH         LINE#         460
  C:3F05H         LINE#         461
  C:3F07H         LINE#         463
  C:3F07H         LINE#         464
  C:3F09H         LINE#         468
  C:3F09H         LINE#         469
  C:3F10H         LINE#         470
  C:3F12H         LINE#         472
  C:3F12H         LINE#         473
  C:3F14H         LINE#         475
  C:3F14H         LINE#         476
  C:3F1BH         LINE#         477
  C:3F1DH         LINE#         479
  C:3F1DH         LINE#         480
  C:3F1FH         LINE#         484
  C:3F1FH         LINE#         485
  C:3F27H         LINE#         487
  C:3F2BH         LINE#         488
  C:3F32H         LINE#         489
  C:3F39H         LINE#         490
  C:3F40H         LINE#         496
  C:3F47H         LINE#         497
  C:3F4EH         LINE#         498
  C:3F55H         LINE#         500
  C:3F57H         LINE#         501
  C:3F57H         LINE#         503
  C:3F5BH         LINE#         504
  C:3F62H         LINE#         505
  C:3F69H         LINE#         506
  C:3F70H         LINE#         512
  C:3F77H         LINE#         513
BL51 BANKED LINKER/LOCATER V5.12                                                      09/22/2022  18:30:55  PAGE 15


  C:3F7EH         LINE#         514
  C:3F85H         LINE#         515
  C:3F85H         LINE#         518
  C:3F85H         LINE#         520
  C:3F85H         LINE#         529
  C:3F8BH         LINE#         532
  -------         ENDPROC       _LCD_GLASS_SYMBOLS
  -------         PROC          _LCD_GLASS_FLOAT
  X:00D1H         SYMBOL        fNumber_To_LCD
  X:00D5H         SYMBOL        iNumber_Decimal
  X:00D6H         SYMBOL        cPosition_On_LCD
  -------         DO            
  X:00D7H         SYMBOL        strText_LCD
  -------         ENDDO         
  C:3D6EH         LINE#         546
  C:3D74H         LINE#         549
  C:3D7AH         LINE#         550
  C:3D81H         LINE#         551
  C:3D8BH         LINE#         552
  C:3D8DH         LINE#         553
  C:3DB5H         LINE#         555
  C:3DB5H         LINE#         556
  C:3DBDH         LINE#         557
  C:3DC4H         LINE#         559
  C:3DCFH         LINE#         560
  C:3DD1H         LINE#         561
  C:3DF9H         LINE#         563
  C:3DF9H         LINE#         564
  C:3E01H         LINE#         565
  C:3E08H         LINE#         566
  C:3E12H         LINE#         567
  C:3E14H         LINE#         568
  C:3E3CH         LINE#         570
  C:3E3CH         LINE#         571
  C:3E44H         LINE#         572
  C:3E4BH         LINE#         573
  C:3E55H         LINE#         574
  C:3E57H         LINE#         575
  C:3E7FH         LINE#         577
  C:3E7FH         LINE#         580
  -------         ENDPROC       _LCD_GLASS_FLOAT
  -------         PROC          _LCD_GLASS_STRING
  X:00DFH         SYMBOL        pCaracter
  D:0004H         SYMBOL        cPosition_On_LCD
  -------         DO            
  X:00E2H         SYMBOL        iIndex_Text
  X:00E3H         SYMBOL        iPosicion_Decimal
  -------         ENDDO         
  C:3500H         LINE#         593
  C:350DH         LINE#         594
  C:3511H         LINE#         595
  C:3514H         LINE#         609
  C:3523H         LINE#         610
  C:3527H         LINE#         612
  C:352EH         LINE#         614
  C:3538H         LINE#         615
  C:354DH         LINE#         617
BL51 BANKED LINKER/LOCATER V5.12                                                      09/22/2022  18:30:55  PAGE 16


  C:3561H         LINE#         619
  C:356CH         LINE#         620
  C:3579H         LINE#         621
  C:3579H         LINE#         623
  C:358AH         LINE#         624
  C:3590H         LINE#         625
  C:3590H         LINE#         627
  C:35A1H         LINE#         628
  C:35ADH         LINE#         629
  C:35B3H         LINE#         630
  C:35B3H         LINE#         632
  C:35CDH         LINE#         633
  C:35E3H         LINE#         634
  C:35E9H         LINE#         635
  C:35E9H         LINE#         637
  C:35FBH         LINE#         642
  C:3600H         LINE#         644
  C:3608H         LINE#         645
  C:360FH         LINE#         647
  C:3613H         LINE#         648
  C:361AH         LINE#         649
  C:3621H         LINE#         650
  C:3628H         LINE#         651
  C:3628H         LINE#         652
  C:362DH         LINE#         653
  C:3635H         LINE#         654
  C:363CH         LINE#         655
  C:3640H         LINE#         656
  C:3647H         LINE#         657
  C:364EH         LINE#         658
  C:3655H         LINE#         659
  C:3655H         LINE#         660
  C:3658H         LINE#         662
  C:3660H         LINE#         663
  C:3667H         LINE#         664
  C:366BH         LINE#         665
  C:3672H         LINE#         672
  C:3672H         LINE#         673
  C:3672H         LINE#         674
  C:3678H         LINE#         675
  C:3682H         LINE#         676
  C:3685H         LINE#         678
  C:368BH         LINE#         681
  -------         ENDPROC       _LCD_GLASS_STRING
  -------         PROC          LCD_GLASS_UPDATE
  C:4DFBH         LINE#         684
  C:4DFBH         LINE#         686
  C:4E01H         LINE#         694
  -------         ENDPROC       LCD_GLASS_UPDATE
  -------         ENDMOD        DVR_LCD_SDI1621

  -------         MODULE        KEYBOARD
  C:0000H         SYMBOL        _ICE_DUMMY_
  C:4E8DH         PUBLIC        vBeep_Key
  D:0080H         PUBLIC        P0
  D:0090H         PUBLIC        P1
  D:00A0H         PUBLIC        P2
BL51 BANKED LINKER/LOCATER V5.12                                                      09/22/2022  18:30:55  PAGE 17


  D:00B0H         PUBLIC        P3
  C:0003H         PUBLIC        vActionKey
  C:0006H         PUBLIC        vScan_Key
  D:00A8H         PUBLIC        IE
  D:00AAH         PUBLIC        WD_TA
  D:00B8H         PUBLIC        IP
  X:01B6H         PUBLIC        Key
  C:4E58H         PUBLIC        vSound_Saved_Param
  X:01B7H         PUBLIC        KeyState
  C:4D6BH         PUBLIC        _delay_ms
  D:0098H         PUBLIC        SCON
  D:0088H         PUBLIC        TCON
  B:0080H.1       PUBLIC        KEY_D0
  B:0080H.0       PUBLIC        KEY_D1
  B:0090H.0       PUBLIC        KEY_D2
  X:01B8H         PUBLIC        LastKey
  B:0090H.1       PUBLIC        KEY_D3
  B:0090H.2       PUBLIC        KEY_D4
  B:0080H.2       PUBLIC        KEY_K0
  B:00A0H.4       PUBLIC        KEY_K1
  B:00A0H.0       PUBLIC        KEY_K2
  B:0090H.6       PUBLIC        KEY_K3
  C:4164H         PUBLIC        key_scan
  X:01B9H         PUBLIC        strTimer
  D:00C8H         PUBLIC        T2CON
  D:00D0H         PUBLIC        PSW
  D:00A9H         PUBLIC        WDCON
  -------         PROC          _DELAY_MS
  D:0006H         SYMBOL        num
  -------         DO            
  D:0004H         SYMBOL        i
  D:0003H         SYMBOL        j
  -------         ENDDO         
  C:4D6BH         LINE#         36
  C:4D6BH         LINE#         37
  C:4D6BH         LINE#         40
  C:4D75H         LINE#         41
  C:4D7CH         LINE#         43
  C:4D85H         LINE#         44
  C:4D8CH         LINE#         46
  -------         ENDPROC       _DELAY_MS
  -------         PROC          KEY_SCAN
  -------         DO            
  D:0002H         SYMBOL        k
  -------         ENDDO         
  C:4164H         LINE#         48
  C:4164H         LINE#         49
  C:4166H         LINE#         50
  C:416AH         LINE#         52
  C:416AH         LINE#         53
  C:416CH         LINE#         54
  C:416EH         LINE#         55
  C:4170H         LINE#         56
  C:4172H         LINE#         57
  C:4174H         LINE#         58
  C:4179H         LINE#         59
  C:417FH         LINE#         60
BL51 BANKED LINKER/LOCATER V5.12                                                      09/22/2022  18:30:55  PAGE 18


  C:4185H         LINE#         61
  C:418BH         LINE#         62
  C:4191H         LINE#         63
  C:4198H         LINE#         64
  C:41A5H         LINE#         65
  C:41B3H         LINE#         66
  C:41C1H         LINE#         67
  C:41CFH         LINE#         68
  C:41D5H         LINE#         70
  C:41E2H         LINE#         71
  C:41E6H         LINE#         72
  C:41F3H         LINE#         73
  C:41F7H         LINE#         74
  C:4205H         LINE#         75
  C:4209H         LINE#         76
  C:4217H         LINE#         77
  C:4219H         LINE#         78
  C:4219H         LINE#         79
  C:4221H         LINE#         80
  C:422DH         LINE#         81
  C:4236H         LINE#         82
  -------         ENDPROC       KEY_SCAN
  -------         PROC          VBEEP_KEY
  C:4E8DH         LINE#         85
  C:4E8DH         LINE#         94
  C:4E92H         LINE#         95
  C:4E97H         LINE#         112
  -------         ENDPROC       VBEEP_KEY
  -------         PROC          VSCAN_KEY
  C:0006H         LINE#         114
  C:0006H         LINE#         115
  -------         ENDPROC       VSCAN_KEY
  -------         PROC          VACTIONKEY
  C:0003H         LINE#         117
  C:0003H         LINE#         134
  C:0005H         LINE#         135
  -------         ENDPROC       VACTIONKEY
  -------         PROC          VSOUND_SAVED_PARAM
  -------         DO            
  D:0002H         SYMBOL        i
  -------         ENDDO         
  C:4E58H         LINE#         137
  C:4E58H         LINE#         138
  C:4E5AH         LINE#         140
  C:4E5AH         LINE#         142
  C:4E5DH         LINE#         144
  C:4E64H         LINE#         145
  C:4E69H         LINE#         146
  -------         ENDPROC       VSOUND_SAVED_PARAM
  -------         ENDMOD        KEYBOARD

  -------         MODULE        DVR_HX712
  C:0000H         SYMBOL        _ICE_DUMMY_
  X:0115H         PUBLIC        fAverage_x
  D:0080H         PUBLIC        P0
  D:0090H         PUBLIC        P1
  D:00A0H         PUBLIC        P2
BL51 BANKED LINKER/LOCATER V5.12                                                      09/22/2022  18:30:55  PAGE 19


  D:00B0H         PUBLIC        P3
  X:0119H         PUBLIC        ValueCount
  D:00A8H         PUBLIC        IE
  X:011DH         PUBLIC        fBeforeValue_x
  D:00B8H         PUBLIC        IP
  X:0121H         PUBLIC        iValueOut
  C:0F71H         PUBLIC        _fFilter_Averaging
  B:0080H.4       PUBLIC        SCLK
  C:3F8EH         PUBLIC        _fRead_Adc
  D:0098H         PUBLIC        SCON
  D:0088H         PUBLIC        TCON
  B:0080H.3       PUBLIC        MISO
  C:494DH         PUBLIC        ReadHX712
  C:4C9AH         SYMBOL        _?ix1000
  C:4CC2H         SYMBOL        _?ix1001
  X:0122H         PUBLIC        iCountFailResponse
  D:00C8H         PUBLIC        T2CON
  X:0124H         PUBLIC        iCountFailRead
  X:0126H         PUBLIC        iSelectFrecuency
  X:0127H         PUBLIC        arfDataFilter_x
  D:00D0H         PUBLIC        PSW
  -------         PROC          _FFILTER_AVERAGING
  X:00D6H         SYMBOL        iActualWeight
  X:00DAH         SYMBOL        cFastFill
  -------         DO            
  X:00DBH         SYMBOL        arfLowestToHighest
  X:0103H         SYMBOL        fThreshold
  X:0107H         SYMBOL        fData_Vector
  X:010BH         SYMBOL        pfData_Filter
  X:010EH         SYMBOL        fActualWeight
  X:0112H         SYMBOL        iLenthData_x
  X:0113H         SYMBOL        i
  X:0114H         SYMBOL        j
  -------         ENDDO         
  C:0F71H         LINE#         27
  C:0F77H         LINE#         28
  C:0F8AH         LINE#         30
  C:0F94H         LINE#         31
  C:0F9EH         LINE#         33
  C:0FB6H         LINE#         34
  C:0FBCH         LINE#         35
  C:0FBFH         LINE#         36
  C:0FC1H         LINE#         38
  C:0FCEH         LINE#         40
  C:103AH         LINE#         41
  C:1047H         LINE#         42
  C:1049H         LINE#         43
  C:105CH         LINE#         44
  C:1085H         LINE#         45
  C:108DH         LINE#         46
  C:108DH         LINE#         47
  C:1090H         LINE#         48
  C:1090H         LINE#         49
  C:1098H         LINE#         50
  C:109CH         LINE#         51
  C:10AFH         LINE#         52
  C:10DCH         LINE#         53
BL51 BANKED LINKER/LOCATER V5.12                                                      09/22/2022  18:30:55  PAGE 20


  C:10E4H         LINE#         54
  C:10ECH         LINE#         55
  C:1100H         LINE#         56
  C:1139H         LINE#         57
  C:1141H         LINE#         58
  C:1141H         LINE#         59
  C:1146H         LINE#         60
  C:1157H         LINE#         61
  C:1190H         LINE#         62
  C:1198H         LINE#         63
  C:1198H         LINE#         66
  C:11DCH         LINE#         68
  C:11ECH         LINE#         69
  C:121BH         LINE#         70
  C:1223H         LINE#         73
  C:1238H         LINE#         74
  C:124DH         LINE#         75
  C:1289H         LINE#         76
  C:12ACH         LINE#         77
  C:12DAH         LINE#         78
  C:12F9H         LINE#         79
  C:12F9H         LINE#         80
  C:1302H         LINE#         81
  C:130BH         LINE#         83
  C:1315H         LINE#         85
  C:1328H         LINE#         86
  C:1358H         LINE#         87
  C:1360H         LINE#         89
  C:139EH         LINE#         91
  C:13B2H         LINE#         93
  C:13C0H         LINE#         94
  -------         ENDPROC       _FFILTER_AVERAGING
  -------         PROC          _FREAD_ADC
  X:00D1H         SYMBOL        cFillFilter
  -------         DO            
  X:00D2H         SYMBOL        iTemp_RA
  -------         ENDDO         
  C:3F8EH         LINE#         101
  C:3F93H         LINE#         102
  C:3F9BH         LINE#         104
  C:3FA1H         LINE#         108
  C:3FAAH         LINE#         112
  C:3FC3H         LINE#         117
  C:3FDEH         LINE#         118
  C:3FFDH         LINE#         119
  C:4011H         LINE#         120
  C:402DH         LINE#         121
  C:402FH         LINE#         122
  C:404BH         LINE#         123
  C:404BH         LINE#         127
  C:406AH         LINE#         131
  C:4078H         LINE#         132
  -------         ENDPROC       _FREAD_ADC
  -------         PROC          READHX712
  -------         DO            
  D:0004H         SYMBOL        i
  X:00D6H         SYMBOL        ptr
BL51 BANKED LINKER/LOCATER V5.12                                                      09/22/2022  18:30:55  PAGE 21


  X:00D9H         SYMBOL        dato
  -------         ENDDO         
  C:494DH         LINE#         134
  C:494DH         LINE#         137
  C:4960H         LINE#         138
  C:496EH         LINE#         140
  C:4971H         LINE#         141
  C:4974H         LINE#         142
  C:4974H         LINE#         143
  C:4976H         LINE#         144
  C:4991H         LINE#         145
  C:4993H         LINE#         146
  C:49A7H         LINE#         147
  C:49B2H         LINE#         149
  C:49C3H         LINE#         150
  C:49C5H         LINE#         152
  C:49D3H         LINE#         153
  -------         ENDPROC       READHX712
  -------         ENDMOD        DVR_HX712

  -------         MODULE        DATA_NVM_5219_VC_DEC09_13
  C:0000H         SYMBOL        _ICE_DUMMY_
  D:0090H         PUBLIC        P1
  D:00B0H         PUBLIC        P3
  B:00A8H.7       PUBLIC        EA
  C:4D1AH         PUBLIC        _flash_write_u8
  D:00A8H         PUBLIC        IE
  D:00B8H         PUBLIC        IP
  X:02B0H         PUBLIC        NRM_securty_a
  X:02B1H         PUBLIC        NRM_securty_b
  D:00C4H         PUBLIC        FLASH_ENA
  D:00C5H         PUBLIC        FLASH_ENB
  D:00C6H         PUBLIC        FLASH_ENC
  C:4AF6H         PUBLIC        _flash_read_u32
  C:3B0FH         PUBLIC        _ClearThisButAll
  C:4B82H         PUBLIC        _flash_read_u16
  D:00C7H         PUBLIC        FLASH_CON
  D:0098H         PUBLIC        SCON
  D:00C3H         PUBLIC        FLASH_ADDRH
  D:0088H         PUBLIC        TCON
  D:00C2H         PUBLIC        FLASH_ADDRL
  C:4A9EH         PUBLIC        _e2rom_erase
  C:45BAH         PUBLIC        _flash_write_u32
  C:48C3H         PUBLIC        _flash_write_u16
  C:0007H         PUBLIC        nop
  C:4B3CH         PUBLIC        _flash_read_float32
  C:49E8H         PUBLIC        _nvm_data_write_byte
  C:4514H         PUBLIC        _flash_write_float32
  D:00C8H         PUBLIC        T2CON
  D:00C1H         PUBLIC        FLASH_DATA
  D:00D0H         PUBLIC        PSW
  C:4E74H         PUBLIC        _flash_read_u8
  -------         PROC          NOP
  -------         DO            
  D:0006H         SYMBOL        x
  -------         ENDDO         
  C:0007H         LINE#         27
BL51 BANKED LINKER/LOCATER V5.12                                                      09/22/2022  18:30:55  PAGE 22


  C:0007H         LINE#         28
  C:0007H         LINE#         29
  C:0007H         LINE#         30
  -------         ENDPROC       NOP
  C:4E6AH         SYMBOL        L?0062
  -------         PROC          L?0061
  -------         ENDPROC       L?0061
  C:4E6AH         SYMBOL        L?0062
  -------         PROC          _FLASH_READ_U8
  D:0006H         SYMBOL        addr
  -------         DO            
  D:0007H         SYMBOL        val
  -------         ENDDO         
  C:4E74H         LINE#         32
  C:4E74H         LINE#         33
  C:4E74H         LINE#         35
  C:4E7BH         LINE#         36
  C:4E7BH         LINE#         37
  -------         ENDPROC       _FLASH_READ_U8
  -------         PROC          _FLASH_READ_U16
  X:0295H         SYMBOL        addr
  -------         DO            
  X:0297H         SYMBOL        val
  X:0299H         SYMBOL        ptr
  D:0005H         SYMBOL        i
  -------         ENDDO         
  C:4B82H         LINE#         39
  C:4B8AH         LINE#         40
  C:4B8AH         LINE#         45
  C:4B98H         LINE#         46
  C:4B9AH         LINE#         47
  C:4B9AH         LINE#         48
  C:4BB4H         LINE#         49
  C:4BB9H         LINE#         50
  C:4BC1H         LINE#         51
  -------         ENDPROC       _FLASH_READ_U16
  -------         PROC          _FLASH_READ_U32
  X:0259H         SYMBOL        addr
  -------         DO            
  X:025BH         SYMBOL        val
  X:025FH         SYMBOL        ptr
  D:0005H         SYMBOL        i
  -------         ENDDO         
  C:4AF6H         LINE#         53
  C:4AFEH         LINE#         54
  C:4AFEH         LINE#         59
  C:4B0CH         LINE#         60
  C:4B0EH         LINE#         61
  C:4B0EH         LINE#         62
  C:4B28H         LINE#         63
  C:4B2DH         LINE#         64
  C:4B3BH         LINE#         65
  -------         ENDPROC       _FLASH_READ_U32
  -------         PROC          _FLASH_READ_FLOAT32
  X:0262H         SYMBOL        addr
  -------         DO            
  X:0264H         SYMBOL        val
BL51 BANKED LINKER/LOCATER V5.12                                                      09/22/2022  18:30:55  PAGE 23


  X:0268H         SYMBOL        ptr
  D:0005H         SYMBOL        i
  -------         ENDDO         
  C:4B3CH         LINE#         67
  C:4B44H         LINE#         68
  C:4B44H         LINE#         73
  C:4B52H         LINE#         74
  C:4B54H         LINE#         75
  C:4B54H         LINE#         76
  C:4B6EH         LINE#         77
  C:4B73H         LINE#         78
  C:4B81H         LINE#         79
  -------         ENDPROC       _FLASH_READ_FLOAT32
  C:49D7H         SYMBOL        L?0058
  -------         PROC          L?0057
  -------         ENDPROC       L?0057
  C:49D7H         SYMBOL        L?0058
  -------         PROC          _NVM_DATA_WRITE_BYTE
  D:0006H         SYMBOL        addr
  D:0005H         SYMBOL        in_data
  -------         DO            
  X:02A4H         SYMBOL        flash_addr
  B:0021H.1       SYMBOL        ea_save
  X:02A6H         SYMBOL        i
  -------         ENDDO         
  C:49E8H         LINE#         82
  C:49E8H         LINE#         83
  C:49E8H         LINE#         86
  C:49EDH         LINE#         88
  C:49F5H         LINE#         89
  C:49F9H         LINE#         90
  C:49FBH         LINE#         92
  C:4A01H         LINE#         93
  C:4A05H         LINE#         94
  C:4A09H         LINE#         97
  C:4A0CH         LINE#         98
  C:4A0EH         LINE#         99
  C:4A10H         LINE#         101
  C:4A1CH         LINE#         102
  C:4A1FH         LINE#         103
  C:4A22H         LINE#         105
  C:4A25H         LINE#         106
  C:4A28H         LINE#         107
  C:4A2BH         LINE#         109
  C:4A37H         LINE#         110
  C:4A3AH         LINE#         112
  C:4A3DH         LINE#         113
  C:4A3FH         LINE#         114
  C:4A41H         LINE#         115
  C:4A45H         LINE#         116
  -------         ENDPROC       _NVM_DATA_WRITE_BYTE
  -------         PROC          _FLASH_WRITE_U8
  X:02A7H         SYMBOL        addr
  X:02A9H         SYMBOL        in_data
  C:4D1AH         LINE#         118
  C:4D27H         LINE#         119
  C:4D27H         LINE#         121
BL51 BANKED LINKER/LOCATER V5.12                                                      09/22/2022  18:30:55  PAGE 24


  C:4D2EH         LINE#         122
  C:4D36H         LINE#         124
  -------         ENDPROC       _FLASH_WRITE_U8
  -------         PROC          _FLASH_WRITE_U16
  X:026BH         SYMBOL        addr
  X:026DH         SYMBOL        in_data
  -------         DO            
  X:026FH         SYMBOL        ptr
  D:0004H         SYMBOL        i
  X:0272H         SYMBOL        aux
  -------         ENDDO         
  C:48C3H         LINE#         127
  C:48D3H         LINE#         128
  C:48D3H         LINE#         134
  C:48DEH         LINE#         135
  C:48ECH         LINE#         136
  C:4918H         LINE#         137
  C:4927H         LINE#         140
  C:4935H         LINE#         141
  C:4937H         LINE#         142
  C:4937H         LINE#         143
  C:4947H         LINE#         144
  C:494CH         LINE#         145
  -------         ENDPROC       _FLASH_WRITE_U16
  -------         PROC          _FLASH_WRITE_U32
  X:0229H         SYMBOL        addr
  X:022BH         SYMBOL        in_data
  -------         DO            
  X:022FH         SYMBOL        ptr
  D:0004H         SYMBOL        i
  X:0232H         SYMBOL        aux
  -------         ENDDO         
  C:45BAH         LINE#         147
  C:45C2H         LINE#         148
  C:45C2H         LINE#         154
  C:45CBH         LINE#         155
  C:45D9H         LINE#         156
  C:4631H         LINE#         157
  C:4637H         LINE#         160
  C:4645H         LINE#         161
  C:4647H         LINE#         162
  C:4647H         LINE#         163
  C:4657H         LINE#         164
  C:465CH         LINE#         165
  -------         ENDPROC       _FLASH_WRITE_U32
  -------         PROC          _FLASH_WRITE_FLOAT32
  X:0236H         SYMBOL        addr
  X:0238H         SYMBOL        in_data
  -------         DO            
  X:023CH         SYMBOL        ptr
  D:0004H         SYMBOL        i
  X:023FH         SYMBOL        aux
  -------         ENDDO         
  C:4514H         LINE#         167
  C:451CH         LINE#         168
  C:451CH         LINE#         174
  C:4525H         LINE#         175
BL51 BANKED LINKER/LOCATER V5.12                                                      09/22/2022  18:30:55  PAGE 25


  C:4533H         LINE#         176
  C:458BH         LINE#         177
  C:4591H         LINE#         180
  C:459FH         LINE#         181
  C:45A1H         LINE#         182
  C:45A1H         LINE#         183
  C:45B4H         LINE#         184
  C:45B9H         LINE#         185
  -------         ENDPROC       _FLASH_WRITE_FLOAT32
  -------         PROC          _E2ROM_ERASE
  D:0006H         SYMBOL        addr
  -------         DO            
  X:02AAH         SYMBOL        i
  X:02ABH         SYMBOL        flash_addr
  B:0021H.2       SYMBOL        ea_save
  -------         ENDDO         
  C:4A9EH         LINE#         192
  C:4A9EH         LINE#         193
  C:4AA3H         LINE#         196
  C:4AA9H         LINE#         197
  C:4AADH         LINE#         198
  C:4AAFH         LINE#         199
  C:4AB5H         LINE#         200
  C:4AB9H         LINE#         202
  C:4ABCH         LINE#         203
  C:4ABEH         LINE#         204
  C:4AC0H         LINE#         206
  C:4ACCH         LINE#         207
  C:4ACFH         LINE#         208
  C:4AD2H         LINE#         210
  C:4AD5H         LINE#         211
  C:4AD8H         LINE#         212
  C:4ADBH         LINE#         214
  C:4AE7H         LINE#         215
  C:4AEAH         LINE#         217
  C:4AEDH         LINE#         218
  C:4AEFH         LINE#         219
  C:4AF1H         LINE#         220
  C:4AF5H         LINE#         221
  -------         ENDPROC       _E2ROM_ERASE
  C:3B08H         SYMBOL        L?0060
  -------         PROC          L?0059
  -------         ENDPROC       L?0059
  C:3B08H         SYMBOL        L?0060
  -------         PROC          _CLEARTHISBUTALL
  X:0274H         SYMBOL        Address
  X:0276H         SYMBOL        IntCount
  -------         DO            
  X:0278H         SYMBOL        Aux
  X:0279H         SYMBOL        i
  D:0002H         SYMBOL        Page
  X:027BH         SYMBOL        SizePage
  -------         ENDDO         
  C:3B0FH         LINE#         223
  C:3B1FH         LINE#         224
  C:3B24H         LINE#         225
  C:3B28H         LINE#         227
BL51 BANKED LINKER/LOCATER V5.12                                                      09/22/2022  18:30:55  PAGE 26


  C:3B2FH         LINE#         230
  C:3B35H         LINE#         231
  C:3B40H         LINE#         235
  C:3B57H         LINE#         236
  C:3B65H         LINE#         237
  C:3B6CH         LINE#         238
  C:3B7CH         LINE#         242
  C:3B99H         LINE#         243
  C:3BABH         LINE#         244
  C:3BBDH         LINE#         245
  C:3BDFH         LINE#         246
  C:3BEFH         LINE#         250
  C:3BF6H         LINE#         254
  C:3C13H         LINE#         255
  C:3C2EH         LINE#         256
  C:3C3EH         LINE#         260
  -------         ENDPROC       _CLEARTHISBUTALL
  -------         ENDMOD        DATA_NVM_5219_VC_DEC09_13

  -------         MODULE        DVR_SCALE
  C:0000H         SYMBOL        _ICE_DUMMY_
  D:0080H         PUBLIC        P0
  D:0090H         PUBLIC        P1
  D:00A0H         PUBLIC        P2
  D:00B0H         PUBLIC        P3
  D:00A8H         PUBLIC        IE
  D:00AAH         PUBLIC        WD_TA
  X:0000H         PUBLIC        fWeightScaleBefore
  D:00B8H         PUBLIC        IP
  C:1B71H         PUBLIC        vWeight_Positive
  X:0004H         PUBLIC        iCounterZeroTracking
  C:1EC3H         PUBLIC        _cOnOffModeTara
  C:2202H         PUBLIC        _fStablePoint
  D:0098H         PUBLIC        SCON
  D:0088H         PUBLIC        TCON
  X:0006H         PUBLIC        fWeightScale
  C:368EH         PUBLIC        cSetZeroPoint
  C:42F6H         SYMBOL        _?ix1000
  C:42FCH         SYMBOL        _?ix1001
  C:2D8DH         PUBLIC        _cRun_Scale
  C:4C6BH         PUBLIC        vSetZero
  C:2AC1H         PUBLIC        _vSaveParamScale
  X:000AH         PUBLIC        stScaleParam
  X:0090H         PUBLIC        fWeightLight
  X:0094H         PUBLIC        srFlagScale
  C:27E5H         PUBLIC        vCalibrate_Scale
  C:3827H         PUBLIC        _vGetZeroTracking
  C:2FFBH         PUBLIC        vReadParamScale
  C:3369H         PUBLIC        vCalculate_Weight
  C:24FEH         PUBLIC        _vPreConfiguration
  D:00C8H         PUBLIC        T2CON
  C:17BFH         PUBLIC        fSleep_Run
  D:00D0H         PUBLIC        PSW
  C:4079H         PUBLIC        vWeight_Negative
  C:13F2H         PUBLIC        _fCuentasToPeso
  D:00A9H         PUBLIC        WDCON
  -------         PROC          VREADPARAMSCALE
BL51 BANKED LINKER/LOCATER V5.12                                                      09/22/2022  18:30:55  PAGE 27


  C:2FFBH         LINE#         106
  C:2FFBH         LINE#         107
  C:3008H         LINE#         108
  C:3015H         LINE#         109
  C:3022H         LINE#         110
  C:302CH         LINE#         112
  C:3038H         LINE#         113
  C:3044H         LINE#         114
  C:3050H         LINE#         115
  C:305CH         LINE#         116
  C:306BH         LINE#         117
  C:307AH         LINE#         118
  C:3089H         LINE#         119
  C:3098H         LINE#         120
  C:30A7H         LINE#         121
  C:30B3H         LINE#         122
  C:30BFH         LINE#         123
  C:30CBH         LINE#         125
  C:30D4H         LINE#         126
  C:30D7H         LINE#         127
  C:30D9H         LINE#         128
  C:30DCH         LINE#         129
  C:30DCH         LINE#         131
  C:30E8H         LINE#         133
  C:30EDH         LINE#         134
  C:30F0H         LINE#         135
  C:30F2H         LINE#         136
  C:30F5H         LINE#         137
  C:30F5H         LINE#         139
  C:3101H         LINE#         140
  C:3106H         LINE#         141
  C:3112H         LINE#         142
  C:311EH         LINE#         143
  C:312AH         LINE#         145
  C:3139H         LINE#         146
  C:3148H         LINE#         148
  C:3154H         LINE#         150
  C:3163H         LINE#         152
  C:316FH         LINE#         154
  C:317BH         LINE#         156
  C:318AH         LINE#         158
  C:3197H         LINE#         160
  C:31A3H         LINE#         162
  C:31AFH         LINE#         164
  C:31BBH         LINE#         166
  -------         ENDPROC       VREADPARAMSCALE
  -------         PROC          _VSAVEPARAMSCALE
  D:0007H         SYMBOL        cType_Parameter
  C:2AC1H         LINE#         176
  C:2AC1H         LINE#         178
  C:2AC7H         LINE#         179
  C:2ACDH         LINE#         181
  C:2AF6H         LINE#         183
  C:2AF6H         LINE#         184
  C:2AFFH         LINE#         185
  C:2B1AH         LINE#         186
  C:2B35H         LINE#         187
BL51 BANKED LINKER/LOCATER V5.12                                                      09/22/2022  18:30:55  PAGE 28


  C:2B50H         LINE#         188
  C:2B50H         LINE#         189
  C:2B52H         LINE#         191
  C:2B52H         LINE#         192
  C:2B5CH         LINE#         193
  C:2B5FH         LINE#         195
  C:2B5FH         LINE#         197
  C:2B6BH         LINE#         198
  C:2B77H         LINE#         199
  C:2B86H         LINE#         200
  C:2B95H         LINE#         201
  C:2BA4H         LINE#         202
  C:2BB3H         LINE#         203
  C:2BC2H         LINE#         204
  C:2BCEH         LINE#         205
  C:2BDAH         LINE#         206
  C:2BE6H         LINE#         207
  C:2BF2H         LINE#         208
  C:2BFEH         LINE#         209
  C:2C0AH         LINE#         210
  C:2C16H         LINE#         211
  C:2C22H         LINE#         212
  C:2C31H         LINE#         213
  C:2C3DH         LINE#         214
  C:2C49H         LINE#         215
  C:2C58H         LINE#         216
  C:2C73H         LINE#         217
  C:2C7FH         LINE#         218
  C:2C8BH         LINE#         219
  C:2C97H         LINE#         220
  C:2CA3H         LINE#         221
  C:2CAAH         LINE#         223
  C:2CADH         LINE#         225
  C:2CADH         LINE#         226
  C:2CB9H         LINE#         227
  C:2CBBH         LINE#         229
  C:2CBBH         LINE#         230
  C:2CD1H         LINE#         231
  C:2CD4H         LINE#         233
  C:2CD4H         LINE#         234
  C:2CE3H         LINE#         235
  C:2CE6H         LINE#         237
  C:2CE6H         LINE#         238
  C:2CF5H         LINE#         239
  C:2D0BH         LINE#         240
  C:2D0DH         LINE#         242
  C:2D0DH         LINE#         243
  C:2D28H         LINE#         244
  C:2D3EH         LINE#         245
  C:2D40H         LINE#         247
  C:2D40H         LINE#         248
  C:2D58H         LINE#         249
  C:2D5AH         LINE#         251
  C:2D5AH         LINE#         252
  C:2D75H         LINE#         253
  C:2D77H         LINE#         255
  C:2D77H         LINE#         256
BL51 BANKED LINKER/LOCATER V5.12                                                      09/22/2022  18:30:55  PAGE 29


  C:2D83H         LINE#         257
  C:2D83H         LINE#         258
  C:2D83H         LINE#         261
  C:2D88H         LINE#         262
  C:2D8CH         LINE#         263
  -------         ENDPROC       _VSAVEPARAMSCALE
  -------         PROC          L?0295
  -------         ENDPROC       L?0295
  -------         PROC          _FSTABLEPOINT
  X:0202H         SYMBOL        cSetCountBack
  X:0203H         SYMBOL        cShowCount
  X:0204H         SYMBOL        cRunStable
  -------         DO            
  X:0205H         SYMBOL        cCountReading
  X:0206H         SYMBOL        cNumber_Count
  X:0207H         SYMBOL        cCountBack
  X:020BH         SYMBOL        fActualWeightAdc
  X:020FH         SYMBOL        fWeightAdc
  X:0213H         SYMBOL        fLimitRange
  X:0217H         SYMBOL        i
  -------         ENDDO         
  C:2202H         LINE#         277
  C:220FH         LINE#         279
  C:2214H         LINE#         280
  C:2216H         LINE#         281
  C:221DH         LINE#         282
  C:2227H         LINE#         283
  C:2231H         LINE#         284
  C:2240H         LINE#         285
  C:2247H         LINE#         287
  C:224BH         LINE#         289
  C:2252H         LINE#         290
  C:2258H         LINE#         291
  C:2258H         LINE#         293
  C:2261H         LINE#         295
  C:227EH         LINE#         297
  C:2281H         LINE#         300
  C:228CH         LINE#         301
  C:22A0H         LINE#         302
  C:22ABH         LINE#         303
  C:22B6H         LINE#         304
  C:22C1H         LINE#         305
  C:22C3H         LINE#         306
  C:22EAH         LINE#         307
  C:2312H         LINE#         308
  C:2339H         LINE#         309
  C:2339H         LINE#         310
  C:2339H         LINE#         312
  C:2347H         LINE#         314
  C:234DH         LINE#         315
  C:234DH         LINE#         316
  C:2350H         LINE#         317
  C:2350H         LINE#         321
  C:23B6H         LINE#         322
  C:23B6H         LINE#         323
  C:23BCH         LINE#         327
  C:23CAH         LINE#         328
BL51 BANKED LINKER/LOCATER V5.12                                                      09/22/2022  18:30:55  PAGE 30


  C:23EEH         LINE#         329
  C:23F3H         LINE#         330
  C:23F3H         LINE#         331
  C:23F6H         LINE#         334
  C:2401H         LINE#         335
  C:2404H         LINE#         336
  C:240FH         LINE#         337
  C:241AH         LINE#         338
  C:2466H         LINE#         339
  C:24B2H         LINE#         340
  C:24B2H         LINE#         341
  C:24B7H         LINE#         342
  C:24C6H         LINE#         343
  C:24D4H         LINE#         345
  C:24DDH         LINE#         346
  C:24E2H         LINE#         347
  C:24E9H         LINE#         348
  C:24E9H         LINE#         349
  C:24E9H         LINE#         350
  C:24E9H         LINE#         352
  C:24EFH         LINE#         353
  C:24FDH         LINE#         354
  -------         ENDPROC       _FSTABLEPOINT
  -------         PROC          CSETZEROPOINT
  -------         DO            
  X:027DH         SYMBOL        fWeightPlate
  X:0281H         SYMBOL        fPointZero
  -------         ENDDO         
  C:368EH         LINE#         368
  C:368EH         LINE#         371
  C:3698H         LINE#         372
  C:36A2H         LINE#         374
  C:36AFH         LINE#         376
  C:36B5H         LINE#         377
  C:36B8H         LINE#         378
  C:36B8H         LINE#         381
  C:36DDH         LINE#         383
  C:36E6H         LINE#         385
  C:376AH         LINE#         386
  C:376AH         LINE#         389
  C:376DH         LINE#         390
  C:3778H         LINE#         391
  C:3783H         LINE#         395
  C:3783H         LINE#         396
  C:378CH         LINE#         397
  C:3798H         LINE#         398
  C:379BH         LINE#         399
  C:379BH         LINE#         400
  C:379BH         LINE#         401
  C:379BH         LINE#         402
  C:379BH         LINE#         404
  C:37DFH         LINE#         407
  C:37E2H         LINE#         408
  C:37EDH         LINE#         412
  C:37EDH         LINE#         413
  C:37F6H         LINE#         414
  C:3802H         LINE#         415
BL51 BANKED LINKER/LOCATER V5.12                                                      09/22/2022  18:30:55  PAGE 31


  C:3805H         LINE#         416
  C:3805H         LINE#         417
  C:3805H         LINE#         419
  C:3805H         LINE#         420
  C:3819H         LINE#         421
  C:3819H         LINE#         423
  C:381BH         LINE#         424
  -------         ENDPROC       CSETZEROPOINT
  -------         PROC          _CONOFFMODETARA
  X:01EAH         SYMBOL        fWeightTara
  -------         DO            
  X:01EEH         SYMBOL        fAdcCountTara
  X:01F2H         SYMBOL        fLimite_Inf
  X:01F6H         SYMBOL        fLimite_Sup
  X:01FAH         SYMBOL        fWeightZero
  X:01FEH         SYMBOL        AuxTara
  -------         ENDDO         
  C:1EC3H         LINE#         441
  C:1EC9H         LINE#         443
  C:1ED3H         LINE#         444
  C:1EDDH         LINE#         445
  C:1EE7H         LINE#         446
  C:1EF1H         LINE#         447
  C:1EFBH         LINE#         449
  C:1F04H         LINE#         451
  C:1F0FH         LINE#         453
  C:1F2BH         LINE#         454
  C:1F34H         LINE#         456
  C:1F3AH         LINE#         457
  C:1F77H         LINE#         458
  C:1F77H         LINE#         459
  C:1F77H         LINE#         460
  C:1F77H         LINE#         461
  C:1F79H         LINE#         462
  C:1F9AH         LINE#         463
  C:1FAEH         LINE#         464
  C:1FB4H         LINE#         465
  C:1FB4H         LINE#         466
  C:1FB4H         LINE#         467
  C:1FB5H         LINE#         468
  C:1FBBH         LINE#         469
  C:1FF8H         LINE#         470
  C:1FF8H         LINE#         471
  C:1FF8H         LINE#         472
  C:1FFAH         LINE#         473
  C:201DH         LINE#         474
  C:2031H         LINE#         475
  C:2031H         LINE#         476
  C:2031H         LINE#         477
  C:2031H         LINE#         478
  C:204CH         LINE#         480
  C:2055H         LINE#         481
  C:2073H         LINE#         483
  C:207EH         LINE#         484
  C:20ACH         LINE#         485
  C:20D7H         LINE#         486
  C:210AH         LINE#         487
BL51 BANKED LINKER/LOCATER V5.12                                                      09/22/2022  18:30:55  PAGE 32


  C:2116H         LINE#         488
  C:2120H         LINE#         489
  C:2123H         LINE#         490
  C:212CH         LINE#         491
  C:2136H         LINE#         492
  C:2136H         LINE#         493
  C:2138H         LINE#         494
  C:2141H         LINE#         495
  C:2173H         LINE#         496
  C:2173H         LINE#         498
  C:21B7H         LINE#         499
  C:21BEH         LINE#         500
  C:21C8H         LINE#         501
  C:21CDH         LINE#         502
  C:21E1H         LINE#         503
  C:21FBH         LINE#         504
  C:21FBH         LINE#         505
  C:21FBH         LINE#         506
  C:21FBH         LINE#         508
  C:21FBH         LINE#         509
  -------         ENDPROC       _CONOFFMODETARA
  -------         PROC          VSETZERO
  -------         DO            
  X:029CH         SYMBOL        fWeightZero
  -------         ENDDO         
  C:4C6BH         LINE#         518
  C:4C6BH         LINE#         519
  C:4C75H         LINE#         522
  C:4C7EH         LINE#         524
  C:4C85H         LINE#         525
  C:4C99H         LINE#         526
  C:4C99H         LINE#         527
  -------         ENDPROC       VSETZERO
  -------         PROC          L?0294
  -------         ENDPROC       L?0294
  -------         PROC          _VGETZEROTRACKING
  X:0285H         SYMBOL        fActualWeightScale
  -------         DO            
  X:0289H         SYMBOL        fValor_Limite
  -------         ENDDO         
  C:3827H         LINE#         536
  C:382DH         LINE#         537
  C:3837H         LINE#         540
  C:383EH         LINE#         541
  C:3869H         LINE#         542
  C:3896H         LINE#         543
  C:3898H         LINE#         544
  C:38ACH         LINE#         546
  C:38C9H         LINE#         548
  C:38E1H         LINE#         549
  C:38FFH         LINE#         550
  C:38FFH         LINE#         552
  C:3965H         LINE#         553
  C:3965H         LINE#         555
  C:3973H         LINE#         556
  C:3984H         LINE#         557
  C:3998H         LINE#         558
BL51 BANKED LINKER/LOCATER V5.12                                                      09/22/2022  18:30:55  PAGE 33


  C:3998H         LINE#         559
  C:3998H         LINE#         560
  C:399FH         LINE#         561
  C:399FH         LINE#         562
  -------         ENDPROC       _VGETZEROTRACKING
  -------         PROC          VCALIBRATE_SCALE
  -------         DO            
  X:0219H         SYMBOL        fAux_Value
  X:021DH         SYMBOL        fAuxCountAdcInicial
  X:0221H         SYMBOL        fAuxCountAdcFinal
  X:0225H         SYMBOL        fAuxCountDif
  -------         ENDDO         
  C:27E5H         LINE#         572
  C:27E5H         LINE#         573
  C:27EFH         LINE#         574
  C:27F9H         LINE#         575
  C:2803H         LINE#         576
  C:280DH         LINE#         578
  C:281BH         LINE#         581
  C:281EH         LINE#         583
  C:2829H         LINE#         584
  C:2834H         LINE#         585
  C:283FH         LINE#         594
  C:2851H         LINE#         604
  C:2865H         LINE#         605
  C:286CH         LINE#         607
  C:286FH         LINE#         609
  C:287AH         LINE#         610
  C:2885H         LINE#         611
  C:2890H         LINE#         619
  C:28A2H         LINE#         624
  C:28B6H         LINE#         626
  C:28D9H         LINE#         627
  C:2917H         LINE#         629
  C:293CH         LINE#         630
  C:297AH         LINE#         632
  C:298CH         LINE#         633
  C:299EH         LINE#         634
  C:29DFH         LINE#         635
  C:2A1AH         LINE#         636
  C:2A3FH         LINE#         638
  C:2A57H         LINE#         639
  C:2A75H         LINE#         640
  C:2A75H         LINE#         642
  C:2A78H         LINE#         644
  C:2A83H         LINE#         645
  C:2A8EH         LINE#         647
  C:2A97H         LINE#         648
  C:2AA2H         LINE#         670
  C:2AA5H         LINE#         671
  C:2AA8H         LINE#         673
  C:2AAEH         LINE#         674
  C:2AB3H         LINE#         676
  C:2ABEH         LINE#         678
  -------         ENDPROC       VCALIBRATE_SCALE
  -------         PROC          _VPRECONFIGURATION
  X:02ADH         SYMBOL        cPreConfiguration
BL51 BANKED LINKER/LOCATER V5.12                                                      09/22/2022  18:30:55  PAGE 34


  -------         DO            
  X:02AEH         SYMBOL        Value_Key_Press
  X:02AFH         SYMBOL        cIndex
  -------         ENDDO         
  C:24FEH         LINE#         690
  C:2503H         LINE#         693
  C:2508H         LINE#         695
  C:250DH         LINE#         697
  C:2510H         LINE#         699
  C:2516H         LINE#         700
  C:2518H         LINE#         702
  C:251EH         LINE#         703
  C:2525H         LINE#         704
  C:2525H         LINE#         705
  C:2525H         LINE#         706
  C:2525H         LINE#         707
  C:2525H         LINE#         708
  C:2525H         LINE#         709
  C:2525H         LINE#         710
  C:2525H         LINE#         711
  C:252EH         LINE#         712
  C:2536H         LINE#         713
  C:2536H         LINE#         714
[...]
  C:1CBCH         LINE#         1069
  C:1CBCH         LINE#         1071
  C:1CC2H         LINE#         1072
  C:1CC7H         LINE#         1073
  C:1CCDH         LINE#         1074
  C:1CD6H         LINE#         1075
  C:1CD8H         LINE#         1077
  C:1D0DH         LINE#         1078
BL51 BANKED LINKER/LOCATER V5.12                                                      09/22/2022  18:30:55  PAGE 39


  C:1D32H         LINE#         1079
  C:1D37H         LINE#         1080
  C:1D37H         LINE#         1084
  C:1D37H         LINE#         1085
  C:1D3CH         LINE#         1088
  C:1D59H         LINE#         1091
  C:1D5FH         LINE#         1092
  C:1D8FH         LINE#         1093
  C:1D99H         LINE#         1094
  C:1D9EH         LINE#         1095
  C:1DA2H         LINE#         1096
  C:1DA6H         LINE#         1097
  C:1DA6H         LINE#         1098
  C:1DA6H         LINE#         1100
  C:1DA6H         LINE#         1103
  C:1DA6H         LINE#         1105
  C:1DBAH         LINE#         1108
  C:1DDEH         LINE#         1109
  C:1DE0H         LINE#         1110
  C:1DE0H         LINE#         1112
  C:1DF8H         LINE#         1113
  C:1DFCH         LINE#         1114
  C:1DFEH         LINE#         1115
  C:1E0DH         LINE#         1116
  C:1E0DH         LINE#         1118
  C:1E32H         LINE#         1124
  C:1E74H         LINE#         1125
  C:1E7FH         LINE#         1126
  C:1E7FH         LINE#         1127
  C:1E99H         LINE#         1128
  C:1EB2H         LINE#         1129
  C:1EB4H         LINE#         1130
  C:1EC2H         LINE#         1131
  C:1EC2H         LINE#         1132
  C:1EC2H         LINE#         1133
  C:1EC2H         LINE#         1134
  -------         ENDPROC       VWEIGHT_POSITIVE
  -------         PROC          VWEIGHT_NEGATIVE
  C:4079H         LINE#         1144
  C:4079H         LINE#         1146
  C:407FH         LINE#         1147
  C:4084H         LINE#         1150
  C:40D4H         LINE#         1151
  C:40F1H         LINE#         1152
  C:40F3H         LINE#         1153
  C:40FEH         LINE#         1154
  C:40FEH         LINE#         1156
  C:4104H         LINE#         1157
  C:410AH         LINE#         1158
  C:410CH         LINE#         1159
  C:4116H         LINE#         1160
  C:411BH         LINE#         1161
  C:4125H         LINE#         1162
  C:4130H         LINE#         1163
  C:4130H         LINE#         1165
  C:4148H         LINE#         1166
  C:414CH         LINE#         1167
BL51 BANKED LINKER/LOCATER V5.12                                                      09/22/2022  18:30:55  PAGE 40


  C:414EH         LINE#         1168
  C:415DH         LINE#         1169
  C:415DH         LINE#         1172
  -------         ENDPROC       VWEIGHT_NEGATIVE
  -------         PROC          VCALCULATE_WEIGHT
  -------         DO            
  X:02B2H         SYMBOL        i
  X:02B3H         SYMBOL        cCountPrecioFijo
  -------         ENDDO         
  C:3369H         LINE#         1184
  C:3369H         LINE#         1189
  C:3370H         LINE#         1191
  C:3379H         LINE#         1192
  C:337CH         LINE#         1193
  C:337EH         LINE#         1194
  C:337EH         LINE#         1195
  C:3381H         LINE#         1196
  C:3381H         LINE#         1198
  C:339BH         LINE#         1199
  C:33A6H         LINE#         1200
  C:33AEH         LINE#         1202
  C:33BDH         LINE#         1203
  C:33C8H         LINE#         1205
  C:33C8H         LINE#         1208
  C:33D5H         LINE#         1209
  C:33DBH         LINE#         1210
  C:33DBH         LINE#         1212
  C:33EFH         LINE#         1214
  C:3403H         LINE#         1217
  C:3428H         LINE#         1218
  C:343CH         LINE#         1220
  C:3443H         LINE#         1221
  C:3446H         LINE#         1222
  C:3448H         LINE#         1224
  C:344FH         LINE#         1225
  C:3463H         LINE#         1226
  C:3488H         LINE#         1227
  C:348EH         LINE#         1228
  C:3495H         LINE#         1229
  C:3495H         LINE#         1230
  C:3495H         LINE#         1231
  C:34ACH         LINE#         1232
  C:34ACH         LINE#         1234
  C:34CAH         LINE#         1235
  C:34CFH         LINE#         1236
  C:34E9H         LINE#         1237
  C:34EDH         LINE#         1238
  C:34EDH         LINE#         1240
  C:34FFH         LINE#         1241
  -------         ENDPROC       VCALCULATE_WEIGHT
  C:13C4H         SYMBOL        L?0293
  -------         PROC          L?0292
  -------         ENDPROC       L?0292
  C:13C4H         SYMBOL        L?0293
  -------         PROC          _FCUENTASTOPESO
  X:01D1H         SYMBOL        fCountADC
  -------         DO            
BL51 BANKED LINKER/LOCATER V5.12                                                      09/22/2022  18:30:55  PAGE 41


  X:01D5H         SYMBOL        fAuxFactorC
  X:01D9H         SYMBOL        fPesoFinal
  X:01DDH         SYMBOL        fPesoAux
  X:01E1H         SYMBOL        iAuxPeso
  X:01E5H         SYMBOL        arfFactorMult
  X:01E9H         SYMBOL        cFlagNeg
  -------         ENDDO         
  C:13F2H         LINE#         1250
  C:13F8H         LINE#         1252
  C:1402H         LINE#         1253
  C:140CH         LINE#         1254
  C:1416H         LINE#         1255
  C:1420H         LINE#         1256
  C:142AH         LINE#         1257
  C:142FH         LINE#         1259
  C:1446H         LINE#         1260
  C:144CH         LINE#         1261
  C:146AH         LINE#         1262
  C:146AH         LINE#         1264
  C:1470H         LINE#         1265
  C:14AFH         LINE#         1266
  C:14BDH         LINE#         1267
  C:14C0H         LINE#         1268
  C:14F1H         LINE#         1269
  C:14FBH         LINE#         1270
  C:152CH         LINE#         1271
  C:156BH         LINE#         1272
  C:1592H         LINE#         1273
  C:1595H         LINE#         1274
  C:15C6H         LINE#         1275
  C:15F7H         LINE#         1276
  C:1636H         LINE#         1277
  C:165DH         LINE#         1278
  C:165FH         LINE#         1279
  C:165FH         LINE#         1280
  C:169EH         LINE#         1281
  C:16C3H         LINE#         1282
  C:16C3H         LINE#         1283
  C:16C3H         LINE#         1285
  C:16DAH         LINE#         1287
  C:1719H         LINE#         1288
  C:1763H         LINE#         1289
  C:178CH         LINE#         1291
  C:1792H         LINE#         1292
  C:17B0H         LINE#         1293
  C:17B0H         LINE#         1295
  C:17BEH         LINE#         1296
  -------         ENDPROC       _FCUENTASTOPESO
  -------         PROC          FSLEEP_RUN
  -------         DO            
  X:0187H         SYMBOL        fWeightScale
  X:018BH         SYMBOL        fValueReturn
  X:018FH         SYMBOL        fLimite
  X:0193H         SYMBOL        i
  X:0195H         SYMBOL        cFlag_Continue
  X:0196H         SYMBOL        strMsgSaveBatt
  X:01A6H         SYMBOL        strSave
BL51 BANKED LINKER/LOCATER V5.12                                                      09/22/2022  18:30:55  PAGE 42


  X:01ACH         SYMBOL        strBatt
  X:01B3H         SYMBOL        cDataTemp
  X:01B4H         SYMBOL        cDataTemp1
  X:01B5H         SYMBOL        bStatus_Battery
  -------         ENDDO         
  C:17BFH         LINE#         1303
  C:17BFH         LINE#         1305
  C:17C9H         LINE#         1306
  C:17D3H         LINE#         1307
  C:17DDH         LINE#         1308
  C:17E4H         LINE#         1309
  C:17E7H         LINE#         1313
  C:17F9H         LINE#         1314
  C:180CH         LINE#         1315
  C:1811H         LINE#         1316
  C:1813H         LINE#         1317
  C:1815H         LINE#         1320
  C:1824H         LINE#         1322
  C:183BH         LINE#         1324
  C:1846H         LINE#         1326
  C:185EH         LINE#         1327
  C:1869H         LINE#         1328
  C:1880H         LINE#         1329
  C:1893H         LINE#         1330
  C:18AFH         LINE#         1331
  C:18AFH         LINE#         1332
  C:18BFH         LINE#         1334
  C:18C7H         LINE#         1336
  C:18CDH         LINE#         1337
  C:18D8H         LINE#         1338
  C:18E3H         LINE#         1339
  C:18F6H         LINE#         1341
  C:18FFH         LINE#         1343
  C:1905H         LINE#         1344
  C:1909H         LINE#         1345
  C:1915H         LINE#         1347
  C:1920H         LINE#         1350
  C:192DH         LINE#         1351
  C:1933H         LINE#         1352
  C:1933H         LINE#         1354
  C:1947H         LINE#         1357
  C:196CH         LINE#         1358
  C:197EH         LINE#         1359
  C:1995H         LINE#         1361
  C:19E1H         LINE#         1362
  C:19E6H         LINE#         1363
  C:19EEH         LINE#         1364
  C:19F3H         LINE#         1365
  C:19F6H         LINE#         1366
  C:19F6H         LINE#         1368
  C:19FFH         LINE#         1371
  C:1A07H         LINE#         1373
  C:1A09H         LINE#         1374
  C:1A0CH         LINE#         1375
  C:1A0EH         LINE#         1376
  C:1A13H         LINE#         1377
  C:1A13H         LINE#         1379
BL51 BANKED LINKER/LOCATER V5.12                                                      09/22/2022  18:30:55  PAGE 43


  C:1A1CH         LINE#         1382
  C:1A24H         LINE#         1384
  C:1A2BH         LINE#         1385
  C:1A4AH         LINE#         1386
  C:1A64H         LINE#         1388
  C:1A6CH         LINE#         1390
  C:1A85H         LINE#         1391
  C:1A90H         LINE#         1392
  C:1AA7H         LINE#         1393
  C:1ABAH         LINE#         1394
  C:1AD6H         LINE#         1395
  C:1AD6H         LINE#         1396
  C:1AE6H         LINE#         1398
  C:1AF1H         LINE#         1399
  C:1AFCH         LINE#         1400
  C:1B07H         LINE#         1401
  C:1B07H         LINE#         1403
  C:1B12H         LINE#         1404
  C:1B12H         LINE#         1405
  C:1B1AH         LINE#         1406
  C:1B1FH         LINE#         1407
  C:1B22H         LINE#         1408
  C:1B22H         LINE#         1410
  C:1B28H         LINE#         1411
  C:1B2CH         LINE#         1412
  C:1B2CH         LINE#         1414
  C:1B42H         LINE#         1415
  C:1B46H         LINE#         1416
  C:1B4AH         LINE#         1417
  C:1B4AH         LINE#         1418
  C:1B4DH         LINE#         1420
  C:1B53H         LINE#         1421
  C:1B62H         LINE#         1422
  C:1B62H         LINE#         1428
  C:1B70H         LINE#         1429
  -------         ENDPROC       FSLEEP_RUN
  -------         ENDMOD        DVR_SCALE

  -------         MODULE        ?C?FPADD
  C:0015H         PUBLIC        ?C?FPADD
  C:0011H         PUBLIC        ?C?FPSUB
  -------         ENDMOD        ?C?FPADD

  -------         MODULE        ?C?FPMUL
  C:0106H         PUBLIC        ?C?FPMUL
  -------         ENDMOD        ?C?FPMUL

  -------         MODULE        ?C?FPDIV
  C:020FH         PUBLIC        ?C?FPDIV
  -------         ENDMOD        ?C?FPDIV

  -------         MODULE        ?C?FPCMP
  C:02AEH         PUBLIC        ?C?FPCMP
  C:02ACH         PUBLIC        ?C?FPCMP3
  -------         ENDMOD        ?C?FPCMP

  -------         MODULE        ?C?FCAST
BL51 BANKED LINKER/LOCATER V5.12                                                      09/22/2022  18:30:55  PAGE 44


  C:0323H         PUBLIC        ?C?FCASTC
  C:031EH         PUBLIC        ?C?FCASTI
  C:0319H         PUBLIC        ?C?FCASTL
  -------         ENDMOD        ?C?FCAST

  -------         MODULE        ?C?CASTF
  C:0357H         PUBLIC        ?C?CASTF
  -------         ENDMOD        ?C?CASTF

  -------         MODULE        PRINTF
  X:00DFH         PUBLIC        ?_PRINTF?BYTE
  X:00DFH         PUBLIC        ?_SPRINTF?BYTE
  C:0B59H         PUBLIC        _PRINTF
  C:0B53H         PUBLIC        _SPRINTF
  -------         ENDMOD        PRINTF

  -------         MODULE        POW
  X:024FH         PUBLIC        ?_pow?BYTE
  C:39A0H         PUBLIC        _pow
  -------         ENDMOD        POW

  -------         MODULE        ?C?CHKFLOAT
  C:03D8H         PUBLIC        ?C?CHKFLOAT
  -------         ENDMOD        ?C?CHKFLOAT

  -------         MODULE        ?C?FPNEG
  C:03F2H         PUBLIC        ?C?FPNEG
  -------         ENDMOD        ?C?FPNEG

  -------         MODULE        ?C?FPROUND
  C:0403H         PUBLIC        ?C?FPROUND
  -------         ENDMOD        ?C?FPROUND

  -------         MODULE        ?C?FPCONVERT
  C:0440H         PUBLIC        ?C?FPCONVERT
  -------         ENDMOD        ?C?FPCONVERT

  -------         MODULE        EXP
  C:47D5H         PUBLIC        _EXP
  -------         ENDMOD        EXP

  -------         MODULE        LOG
  C:3C79H         PUBLIC        _LOG
  C:3C75H         PUBLIC        _LOG10
  -------         ENDMOD        LOG

  -------         MODULE        ?C?FTNPWR
  C:0575H         PUBLIC        ?C?FTNPWR
  -------         ENDMOD        ?C?FTNPWR

  -------         MODULE        ?C?COPY
  C:06D2H         PUBLIC        ?C?COPY
  -------         ENDMOD        ?C?COPY

  -------         MODULE        ?C?CLDPTR
  C:06F8H         PUBLIC        ?C?CLDPTR
  -------         ENDMOD        ?C?CLDPTR
BL51 BANKED LINKER/LOCATER V5.12                                                      09/22/2022  18:30:55  PAGE 45



  -------         MODULE        ?C?CLDOPTR
  C:0711H         PUBLIC        ?C?CLDOPTR
  -------         ENDMOD        ?C?CLDOPTR

  -------         MODULE        ?C?CSTPTR
  C:073EH         PUBLIC        ?C?CSTPTR
  -------         ENDMOD        ?C?CSTPTR

  -------         MODULE        ?C?IMUL
  C:0750H         PUBLIC        ?C?IMUL
  -------         ENDMOD        ?C?IMUL

  -------         MODULE        ?C?UIDIV
  C:0762H         PUBLIC        ?C?UIDIV
  -------         ENDMOD        ?C?UIDIV

  -------         MODULE        ?C?IILDX
  C:07B7H         PUBLIC        ?C?IILDX
  -------         ENDMOD        ?C?IILDX

  -------         MODULE        ?C?ILDIX
  C:07CDH         PUBLIC        ?C?ILDIX
  -------         ENDMOD        ?C?ILDIX

  -------         MODULE        ?C?LMUL
  C:07E3H         PUBLIC        ?C?LMUL
  -------         ENDMOD        ?C?LMUL

  -------         MODULE        ?C?LNEG
  C:0832H         PUBLIC        ?C?LNEG
  -------         ENDMOD        ?C?LNEG

  -------         MODULE        ?C?SLCMP
  C:0840H         PUBLIC        ?C?SLCMP
  -------         ENDMOD        ?C?SLCMP

  -------         MODULE        ?C?ULCMP
  C:0856H         PUBLIC        ?C?ULCMP
  -------         ENDMOD        ?C?ULCMP

  -------         MODULE        ?C?ULSHR
  C:0867H         PUBLIC        ?C?ULSHR
  -------         ENDMOD        ?C?ULSHR

  -------         MODULE        ?C?LLDPTR
  C:087AH         PUBLIC        ?C?LLDPTR
  -------         ENDMOD        ?C?LLDPTR

  -------         MODULE        ?C?LLDOPTR
  C:089AH         PUBLIC        ?C?LLDOPTR
  -------         ENDMOD        ?C?LLDOPTR

  -------         MODULE        ?C?LSTOPTR
  C:08CAH         PUBLIC        ?C?LSTOPTR
  -------         ENDMOD        ?C?LSTOPTR

BL51 BANKED LINKER/LOCATER V5.12                                                      09/22/2022  18:30:55  PAGE 46


  -------         MODULE        ?C?LLDCODE
  C:08EEH         PUBLIC        ?C?LLDCODE
  -------         ENDMOD        ?C?LLDCODE

  -------         MODULE        ?C?LLDXDATA0
  C:08FEH         PUBLIC        ?C?LLDXDATA0
  -------         ENDMOD        ?C?LLDXDATA0

  -------         MODULE        ?C?LLDCODE0
  C:090AH         PUBLIC        ?C?LLDCODE0
  -------         ENDMOD        ?C?LLDCODE0

  -------         MODULE        ?C?LSTXDATA
  C:091AH         PUBLIC        ?C?LSTXDATA
  -------         ENDMOD        ?C?LSTXDATA

  -------         MODULE        ?C?LSTKXDATA
  C:0926H         PUBLIC        ?C?LSTKXDATA
  -------         ENDMOD        ?C?LSTKXDATA

  -------         MODULE        ?C?PLDIXDATA
  C:0957H         PUBLIC        ?C?PLDIXDATA
  -------         ENDMOD        ?C?PLDIXDATA

  -------         MODULE        ?C?PSTXDATA
  C:096EH         PUBLIC        ?C?PSTXDATA
  -------         ENDMOD        ?C?PSTXDATA

  -------         MODULE        ?C?CCASE
  C:0977H         PUBLIC        ?C?CCASE
  -------         ENDMOD        ?C?CCASE

  -------         MODULE        PUTCHAR
  C:4D44H         PUBLIC        _PUTCHAR
  -------         ENDMOD        PUTCHAR

  -------         MODULE        ?C?STRCPY
  C:0A69H         PUBLIC        ?C?STRCPY
  -------         ENDMOD        ?C?STRCPY

  -------         MODULE        ?C?MEMSET
  C:0A86H         PUBLIC        ?C?MEMSET
  -------         ENDMOD        ?C?MEMSET

  -------         MODULE        ?C?LLDIDATA
  C:0AB2H         PUBLIC        ?C?LLDIDATA
  -------         ENDMOD        ?C?LLDIDATA

  -------         MODULE        ?C?LLDXDATA
  C:0ABEH         PUBLIC        ?C?LLDXDATA
  -------         ENDMOD        ?C?LLDXDATA

  -------         MODULE        ?C?LLDPDATA
  C:0ACAH         PUBLIC        ?C?LLDPDATA
  -------         ENDMOD        ?C?LLDPDATA

  -------         MODULE        ?C?LSTIDATA
BL51 BANKED LINKER/LOCATER V5.12                                                      09/22/2022  18:30:55  PAGE 47


  C:0AD6H         PUBLIC        ?C?LSTIDATA
  -------         ENDMOD        ?C?LSTIDATA

  -------         MODULE        ?C?LSTPDATA
  C:0AE2H         PUBLIC        ?C?LSTPDATA
  -------         ENDMOD        ?C?LSTPDATA

*** WARNING L16: UNCALLED SEGMENT, IGNORED FOR OVERLAY PROCESS
    SEGMENT: ?PR?CONVERTIDORADC?MAIN

*** WARNING L16: UNCALLED SEGMENT, IGNORED FOR OVERLAY PROCESS
    SEGMENT: ?PR?TESTEEPROM?MAIN

*** WARNING L16: UNCALLED SEGMENT, IGNORED FOR OVERLAY PROCESS
    SEGMENT: ?PR?LCD_GLASS_DEINIT?DVR_LCD_SDI1621

*** WARNING L16: UNCALLED SEGMENT, IGNORED FOR OVERLAY PROCESS
    SEGMENT: ?PR?LCD_GLASS_ALL_ON?DVR_LCD_SDI1621

*** WARNING L16: UNCALLED SEGMENT, IGNORED FOR OVERLAY PROCESS
    SEGMENT: ?PR?_FLASH_WRITE_U32?DATA_NVM_5219_VC_DEC09_13

*** WARNING L16: UNCALLED SEGMENT, IGNORED FOR OVERLAY PROCESS
    SEGMENT: ?PR?VREADPARAMSCALE?DVR_SCALE

*** WARNING L16: UNCALLED SEGMENT, IGNORED FOR OVERLAY PROCESS
    SEGMENT: ?PR?CSETZEROPOINT?DVR_SCALE

*** WARNING L16: UNCALLED SEGMENT, IGNORED FOR OVERLAY PROCESS
    SEGMENT: ?PR?_CONOFFMODETARA?DVR_SCALE

*** WARNING L16: UNCALLED SEGMENT, IGNORED FOR OVERLAY PROCESS
    SEGMENT: ?PR?VSETZERO?DVR_SCALE

*** WARNING L16: UNCALLED SEGMENT, IGNORED FOR OVERLAY PROCESS
    SEGMENT: ?PR?VCALIBRATE_SCALE?DVR_SCALE

*** WARNING L16: UNCALLED SEGMENT, IGNORED FOR OVERLAY PROCESS
    SEGMENT: ?PR?_VPRECONFIGURATION?DVR_SCALE

*** WARNING L16: UNCALLED SEGMENT, IGNORED FOR OVERLAY PROCESS
    SEGMENT: ?PR?_CRUN_SCALE?DVR_SCALE

*** WARNING L16: UNCALLED SEGMENT, IGNORED FOR OVERLAY PROCESS
    SEGMENT: ?PR?VCALCULATE_WEIGHT?DVR_SCALE

*** WARNING L1: UNRESOLVED EXTERNAL SYMBOL
    SYMBOL:  UGET_STATUS_VOLT
    MODULE:  dvr_scale.obj (DVR_SCALE)

*** WARNING L1: UNRESOLVED EXTERNAL SYMBOL
    SYMBOL:  VGESTORBATERIA
    MODULE:  dvr_scale.obj (DVR_SCALE)

*** WARNING L2: REFERENCE MADE TO UNRESOLVED EXTERNAL
    SYMBOL:  VGESTORBATERIA
    MODULE:  dvr_scale.obj (DVR_SCALE)
BL51 BANKED LINKER/LOCATER V5.12                                                      09/22/2022  18:30:55  PAGE 48


    ADDRESS: 1C7AH

*** WARNING L2: REFERENCE MADE TO UNRESOLVED EXTERNAL
    SYMBOL:  UGET_STATUS_VOLT
    MODULE:  dvr_scale.obj (DVR_SCALE)
    ADDRESS: 1A00H

*** WARNING L2: REFERENCE MADE TO UNRESOLVED EXTERNAL
    SYMBOL:  VGESTORBATERIA
    MODULE:  dvr_scale.obj (DVR_SCALE)
    ADDRESS: 1A0AH

Program Size: data=15.4 xdata=692 code=20127
LINK/LOCATE RUN COMPLETE.  18 WARNING(S),  0 ERROR(S)
