BL51 BANKED LINKER/LOCATER V5.12                                                        09/22/2022  13:08:06  PAGE 1


BL51 BANKED LINKER/LOCATER V5.12, INVOKED BY:
C:\KEIL\C51\BIN\BL51.EXE main.obj, dvr_lcd_SDI1621.obj, keyboard.obj, dvr_HX712.obj, data_nvm_5219_Vc_Dec09_13.obj, dvr_
>> scale.obj TO solidic_proj RAMSIZE (256)


MEMORY MODEL: LARGE WITH FLOATING POINT ARITHMETIC


INPUT MODULES INCLUDED:
  main.obj (MAIN)
  dvr_lcd_SDI1621.obj (DVR_LCD_SDI1621)
  keyboard.obj (KEYBOARD)
  dvr_HX712.obj (DVR_HX712)
  data_nvm_5219_Vc_Dec09_13.obj (DATA_NVM_5219_VC_DEC09_13)
  dvr_scale.obj (DVR_SCALE)
  C:\KEIL\C51\LIB\C51FPL.LIB (?C?FPADD)
  C:\KEIL\C51\LIB\C51FPL.LIB (?C?FPMUL)
  C:\KEIL\C51\LIB\C51FPL.LIB (?C?FPDIV)
  C:\KEIL\C51\LIB\C51FPL.LIB (?C?FPCMP)
  C:\KEIL\C51\LIB\C51FPL.LIB (?C?FCAST)
  C:\KEIL\C51\LIB\C51FPL.LIB (?C?CASTF)
  C:\KEIL\C51\LIB\C51FPL.LIB (PRINTF)
  C:\KEIL\C51\LIB\C51FPL.LIB (POW)
  C:\KEIL\C51\LIB\C51FPL.LIB (?C?FPGETOPN)
  C:\KEIL\C51\LIB\C51FPL.LIB (?C?CHKFLOAT)
  C:\KEIL\C51\LIB\C51FPL.LIB (?C?FPNEG)
  C:\KEIL\C51\LIB\C51FPL.LIB (?C?FPROUND)
  C:\KEIL\C51\LIB\C51FPL.LIB (?C?FPCONVERT)
  C:\KEIL\C51\LIB\C51FPL.LIB (EXP)
  C:\KEIL\C51\LIB\C51FPL.LIB (LOG)
  C:\KEIL\C51\LIB\C51FPL.LIB (?C?FTNPWR)
  C:\KEIL\C51\LIB\C51FPL.LIB (?C?FPSERIES)
  C:\KEIL\C51\LIB\C51L.LIB (?C_STARTUP)
  C:\KEIL\C51\LIB\C51L.LIB (?C?COPY)
  C:\KEIL\C51\LIB\C51L.LIB (?C?CLDPTR)
  C:\KEIL\C51\LIB\C51L.LIB (?C?CLDOPTR)
  C:\KEIL\C51\LIB\C51L.LIB (?C?CSTPTR)
  C:\KEIL\C51\LIB\C51L.LIB (?C?IMUL)
  C:\KEIL\C51\LIB\C51L.LIB (?C?UIDIV)
  C:\KEIL\C51\LIB\C51L.LIB (?C?IILDX)
  C:\KEIL\C51\LIB\C51L.LIB (?C?ILDIX)
  C:\KEIL\C51\LIB\C51L.LIB (?C?LMUL)
  C:\KEIL\C51\LIB\C51L.LIB (?C?LNEG)
  C:\KEIL\C51\LIB\C51L.LIB (?C?SLCMP)
  C:\KEIL\C51\LIB\C51L.LIB (?C?ULCMP)
  C:\KEIL\C51\LIB\C51L.LIB (?C?ULSHR)
  C:\KEIL\C51\LIB\C51L.LIB (?C?LLDPTR)
  C:\KEIL\C51\LIB\C51L.LIB (?C?LLDOPTR)
  C:\KEIL\C51\LIB\C51L.LIB (?C?LSTOPTR)
  C:\KEIL\C51\LIB\C51L.LIB (?C?LLDCODE)
  C:\KEIL\C51\LIB\C51L.LIB (?C?LLDXDATA0)
  C:\KEIL\C51\LIB\C51L.LIB (?C?LLDCODE0)
  C:\KEIL\C51\LIB\C51L.LIB (?C?LSTXDATA)
  C:\KEIL\C51\LIB\C51L.LIB (?C?LSTKXDATA)
  C:\KEIL\C51\LIB\C51L.LIB (?C?PLDIXDATA)
  C:\KEIL\C51\LIB\C51L.LIB (?C?PSTXDATA)
  C:\KEIL\C51\LIB\C51L.LIB (?C?CCASE)
  C:\KEIL\C51\LIB\C51L.LIB (PUTCHAR)
BL51 BANKED LINKER/LOCATER V5.12                                                      09/22/2022  13:08:06  PAGE 2


  C:\KEIL\C51\LIB\C51L.LIB (?C?STRCPY)
  C:\KEIL\C51\LIB\C51L.LIB (?C?MEMSET)
  C:\KEIL\C51\LIB\C51L.LIB (?C_INIT)
  C:\KEIL\C51\LIB\C51L.LIB (?C?LLDIDATA)
  C:\KEIL\C51\LIB\C51L.LIB (?C?LLDXDATA)
  C:\KEIL\C51\LIB\C51L.LIB (?C?LLDPDATA)
  C:\KEIL\C51\LIB\C51L.LIB (?C?LSTIDATA)
  C:\KEIL\C51\LIB\C51L.LIB (?C?LSTPDATA)


LINK MAP OF MODULE:  solidic_proj (MAIN)


            TYPE    BASE      LENGTH    RELOCATION   SEGMENT NAME
            -----------------------------------------------------

            * * * * * * *   D A T A   M E M O R Y   * * * * * * *
            REG     0000H     0008H     ABSOLUTE     "REG BANK 0"
            DATA    0008H     0005H     UNIT         ?DT?PRINTF?PRINTF
                    000DH     0013H                  *** GAP ***
            BIT     0020H.0   0001H.1   UNIT         ?BI?PRINTF?PRINTF
            BIT     0021H.1   0000H.1   UNIT         ?BI?_NVM_DATA_WRITE_BYTE?DATA_NVM_5219_VC_DEC09_13
            BIT     0021H.2   0000H.1   UNIT         ?BI?_E2ROM_ERASE?DATA_NVM_5219_VC_DEC09_13
            BIT     0021H.3   0000H.1   UNIT         _BIT_GROUP_
                    0021H.4   0000H.4                *** GAP ***
            IDATA   0022H     0001H     UNIT         ?STACK

            * * * * * * *  X D A T A   M E M O R Y  * * * * * * *
            XDATA   0000H     00C5H     UNIT         ?XD?DVR_SCALE
            XDATA   00C5H     0059H     UNIT         ?XD?DVR_HX712
            XDATA   011EH     0038H     UNIT         ?XD?DVR_LCD_SDI1621
            XDATA   0156H     0030H     UNIT         ?XD?PRINTF?PRINTF
            XDATA   0186H     002FH     UNIT         ?XD?FSLEEP_RUN?DVR_SCALE
            XDATA   01B5H     0028H     UNIT         _XDATA_GROUP_
            XDATA   01DDH     001BH     UNIT         ?XD?KEYBOARD
            XDATA   01F8H     0019H     UNIT         ?XD?_FREAD_ADC?DVR_HX712
            XDATA   0211H     0019H     UNIT         ?XD?_FCUENTASTOPESO?DVR_SCALE
            XDATA   022AH     0018H     UNIT         ?XD?_CONOFFMODETARA?DVR_SCALE
            XDATA   0242H     0017H     UNIT         ?XD?_FFILTER_AVERAGING?DVR_HX712
            XDATA   0259H     0017H     UNIT         ?XD?_FSTABLEPOINT?DVR_SCALE
            XDATA   0270H     0016H     UNIT         ?XD?TESTEEPROM?MAIN
            XDATA   0286H     000EH     UNIT         ?XD?_LCD_GLASS_FLOAT?DVR_LCD_SDI1621
            XDATA   0294H     000DH     UNIT         ?XD?_FLASH_WRITE_U32?DATA_NVM_5219_VC_DEC09_13
            XDATA   02A1H     000DH     UNIT         ?XD?_FLASH_WRITE_FLOAT32?DATA_NVM_5219_VC_DEC09_13
            XDATA   02AEH     0009H     UNIT         ?XD?_FLASH_READ_U32?DATA_NVM_5219_VC_DEC09_13
            XDATA   02B7H     0009H     UNIT         ?XD?_FLASH_READ_FLOAT32?DATA_NVM_5219_VC_DEC09_13
            XDATA   02C0H     0009H     UNIT         ?XD?_FLASH_WRITE_U16?DATA_NVM_5219_VC_DEC09_13
            XDATA   02C9H     0009H     UNIT         ?XD?_CLEARTHISBUTALL?DATA_NVM_5219_VC_DEC09_13
            XDATA   02D2H     0008H     UNIT         ?XD?CSETZEROPOINT?DVR_SCALE
            XDATA   02DAH     0008H     UNIT         ?XD?_VGETZEROTRACKING?DVR_SCALE
            XDATA   02E2H     0008H     UNIT         ?XD?VWEIGHT_POSITIVE?DVR_SCALE
            XDATA   02EAH     0007H     UNIT         ?XD?READHX712?DVR_HX712
            XDATA   02F1H     0007H     UNIT         ?XD?_FLASH_READ_U16?DATA_NVM_5219_VC_DEC09_13
            XDATA   02F8H     0004H     UNIT         ?XD?VSETZERO?DVR_SCALE
            XDATA   02FCH     0003H     UNIT         ?XD?_NVM_DATA_WRITE_BYTE?DATA_NVM_5219_VC_DEC09_13
            XDATA   02FFH     0003H     UNIT         ?XD?_FLASH_WRITE_U8?DATA_NVM_5219_VC_DEC09_13
            XDATA   0302H     0003H     UNIT         ?XD?_E2ROM_ERASE?DATA_NVM_5219_VC_DEC09_13
BL51 BANKED LINKER/LOCATER V5.12                                                      09/22/2022  13:08:06  PAGE 3


            XDATA   0305H     0003H     UNIT         ?XD?_VPRECONFIGURATION?DVR_SCALE
            XDATA   0308H     0002H     UNIT         ?XD?DATA_NVM_5219_VC_DEC09_13
            XDATA   030AH     0002H     UNIT         ?XD?VCALCULATE_WEIGHT?DVR_SCALE

            * * * * * * *   C O D E   M E M O R Y   * * * * * * *
            CODE    0000H     0003H     ABSOLUTE     
            CODE    0003H     0003H     UNIT         ?PR?VACTIONKEY?KEYBOARD
            CODE    0006H     0001H     UNIT         ?PR?VSCAN_KEY?KEYBOARD
            CODE    0007H     0001H     UNIT         ?PR?NOP?DATA_NVM_5219_VC_DEC09_13
                    0008H     0003H                  *** GAP ***
            CODE    000BH     0003H     ABSOLUTE     
            CODE    000EH     0AE0H     UNIT         ?C?LIB_CODE
            CODE    0AEEH     0483H     UNIT         ?PR?PRINTF?PRINTF
            CODE    0F71H     0429H     UNIT         ?PR?_FFILTER_AVERAGING?DVR_HX712
            CODE    139AH     03FEH     UNIT         ?PR?_FCUENTASTOPESO?DVR_SCALE
            CODE    1798H     03B2H     UNIT         ?PR?FSLEEP_RUN?DVR_SCALE
            CODE    1B4AH     0352H     UNIT         ?PR?VWEIGHT_POSITIVE?DVR_SCALE
            CODE    1E9CH     0339H     UNIT         ?PR?_CONOFFMODETARA?DVR_SCALE
            CODE    21D5H     0302H     UNIT         ?PR?_FSTABLEPOINT?DVR_SCALE
            CODE    24D7H     02E7H     UNIT         ?PR?_VPRECONFIGURATION?DVR_SCALE
            CODE    27BEH     02DCH     UNIT         ?PR?VCALIBRATE_SCALE?DVR_SCALE
            CODE    2A9AH     02CCH     UNIT         ?PR?_VSAVEPARAMSCALE?DVR_SCALE
            CODE    2D66H     026EH     UNIT         ?PR?_CRUN_SCALE?DVR_SCALE
            CODE    2FD4H     0214H     UNIT         ?PR?TESTEEPROM?MAIN
            CODE    31E8H     01CDH     UNIT         ?PR?VREADPARAMSCALE?DVR_SCALE
            CODE    33B5H     019FH     UNIT         ?PR?_LCD_GLASS_STRING?DVR_LCD_SDI1621
            CODE    3554H     0197H     UNIT         ?PR?VCALCULATE_WEIGHT?DVR_SCALE
            CODE    36EBH     018EH     UNIT         ?PR?CSETZEROPOINT?DVR_SCALE
            CODE    3879H     0184H     UNIT         ?PR?_VGETZEROTRACKING?DVR_SCALE
            CODE    39FDH     0166H     UNIT         ?PR?_POW?POW
            CODE    3B63H     013FH     UNIT         ?PR?_CLEARTHISBUTALL?DATA_NVM_5219_VC_DEC09_13
            CODE    3CA2H     0129H     UNIT         ?PR?LOG?LOG
            CODE    3DCBH     011FH     UNIT         ?PR?_LCD_GLASS_FLOAT?DVR_LCD_SDI1621
            CODE    3EEAH     0101H     UNIT         ?PR?_LCD_GLASS_SYMBOLS?DVR_LCD_SDI1621
            CODE    3FEBH     00FEH     UNIT         ?PR?_FREAD_ADC?DVR_HX712
            CODE    40E9H     00EBH     UNIT         ?PR?VWEIGHT_NEGATIVE?DVR_SCALE
            CODE    41D4H     00D3H     UNIT         ?PR?KEY_SCAN?KEYBOARD
            CODE    42A7H     00CCH     UNIT         ?CO?DVR_SCALE
            CODE    4373H     00B5H     UNIT         ?C_INITSEG
            CODE    4428H     00B4H     UNIT         ?PR?TIMER0?MAIN
            CODE    44DCH     00B3H     UNIT         ?PR?_LCD_GLASS_DOT?DVR_LCD_SDI1621
            CODE    458FH     00A6H     UNIT         ?PR?_FLASH_WRITE_FLOAT32?DATA_NVM_5219_VC_DEC09_13
            CODE    4635H     00A3H     UNIT         ?PR?_FLASH_WRITE_U32?DATA_NVM_5219_VC_DEC09_13
            CODE    46D8H     00A2H     UNIT         ?PR?WRITE_LCD?DVR_LCD_SDI1621
            CODE    477AH     009AH     UNIT         ?PR?EXP?EXP
            CODE    4814H     008DH     UNIT         ?PR?READHX712?DVR_HX712
            CODE    48A1H     008CH     UNIT         ?C_C51STARTUP
            CODE    492DH     008AH     UNIT         ?PR?_FLASH_WRITE_U16?DATA_NVM_5219_VC_DEC09_13
            CODE    49B7H     0072H     UNIT         ?PR?_NVM_DATA_WRITE_BYTE?DATA_NVM_5219_VC_DEC09_13
            CODE    4A29H     0058H     UNIT         ?PR?LCD_GLASS_INIT?DVR_LCD_SDI1621
            CODE    4A81H     0058H     UNIT         ?PR?_E2ROM_ERASE?DATA_NVM_5219_VC_DEC09_13
            CODE    4AD9H     0048H     UNIT         ?PR?MAIN?MAIN
            CODE    4B21H     0046H     UNIT         ?PR?_FLASH_READ_U32?DATA_NVM_5219_VC_DEC09_13
            CODE    4B67H     0046H     UNIT         ?PR?_FLASH_READ_FLOAT32?DATA_NVM_5219_VC_DEC09_13
            CODE    4BADH     0043H     UNIT         ?PR?_LCD_SET_CHAR?DVR_LCD_SDI1621
            CODE    4BF0H     0040H     UNIT         ?PR?_FLASH_READ_U16?DATA_NVM_5219_VC_DEC09_13
            CODE    4C30H     003CH     UNIT         ?PR?LCD_GLASS_DEINIT?DVR_LCD_SDI1621
BL51 BANKED LINKER/LOCATER V5.12                                                      09/22/2022  13:08:06  PAGE 4


            CODE    4C6CH     0030H     UNIT         ?CO?DVR_LCD_SDI1621
            CODE    4C9CH     002FH     UNIT         ?PR?VSETZERO?DVR_SCALE
            CODE    4CCBH     002AH     UNIT         ?PR?LCD_GLASS_CLEAR?DVR_LCD_SDI1621
            CODE    4CF5H     002AH     UNIT         ?PR?LCD_GLASS_ALL_ON?DVR_LCD_SDI1621
            CODE    4D1FH     002AH     UNIT         ?PR?_FLASH_WRITE_U8?DATA_NVM_5219_VC_DEC09_13
            CODE    4D49H     0027H     UNIT         ?PR?PUTCHAR?PUTCHAR
            CODE    4D70H     0022H     UNIT         ?PR?_DELAY_MS?KEYBOARD
            CODE    4D92H     001DH     UNIT         ?PR?_LCD_UNIT_WRITE?DVR_LCD_SDI1621
            CODE    4DAFH     001CH     UNIT         ?PR?INIT_PWM?MAIN
            CODE    4DCBH     001BH     UNIT         ?PR?CONVERTIDORADC?MAIN
            CODE    4DE6H     001AH     UNIT         ?PR?GPIO_INIT?MAIN
            CODE    4E00H     001AH     UNIT         ?PR?LCD_GLASS_UPDATE?DVR_LCD_SDI1621
            CODE    4E1AH     0018H     UNIT         ?CO?DVR_HX712
            CODE    4E32H     0017H     UNIT         ?PR?WDT_INIT?MAIN
            CODE    4E49H     0015H     UNIT         ?PR?INIT_INT_TIMER0?MAIN
            CODE    4E5EH     0013H     UNIT         ?CO?MAIN
            CODE    4E71H     0012H     UNIT         ?PR?VSOUND_SAVED_PARAM?KEYBOARD
            CODE    4E83H     0012H     UNIT         ?PR?_FLASH_READ_U8?DATA_NVM_5219_VC_DEC09_13
            CODE    4E95H     0011H     UNIT         ?PR?DELAY_35U?DVR_LCD_SDI1621
            CODE    4EA6H     000EH     UNIT         ?PR?VBEEP_KEY?KEYBOARD
            CODE    4EB4H     000AH     UNIT         ?PR?ADC_INIT?MAIN



OVERLAY MAP OF MODULE:   solidic_proj (MAIN)


SEGMENT                                             BIT_GROUP          XDATA_GROUP
  +--> CALLED SEGMENT                            START    LENGTH     START    LENGTH
------------------------------------------------------------------------------------
?C_C51STARTUP                                    -----    -----      -----    -----
  +--> ?PR?MAIN?MAIN
  +--> ?C_INITSEG

?PR?MAIN?MAIN                                    -----    -----      -----    -----
  +--> ?PR?WDT_INIT?MAIN
  +--> ?PR?GPIO_INIT?MAIN
  +--> ?PR?ADC_INIT?MAIN
  +--> ?PR?INIT_PWM?MAIN
  +--> ?PR?INIT_INT_TIMER0?MAIN
  +--> ?PR?LCD_GLASS_INIT?DVR_LCD_SDI1621
  +--> ?CO?MAIN
  +--> ?PR?_LCD_GLASS_STRING?DVR_LCD_SDI1621
  +--> ?PR?_DELAY_MS?KEYBOARD
  +--> ?PR?LCD_GLASS_CLEAR?DVR_LCD_SDI1621
  +--> ?PR?VCALIBRATE_SCALE?DVR_SCALE
  +--> ?PR?KEY_SCAN?KEYBOARD

?PR?LCD_GLASS_INIT?DVR_LCD_SDI1621               -----    -----      -----    -----
  +--> ?PR?DELAY_35U?DVR_LCD_SDI1621
  +--> ?PR?WRITE_LCD?DVR_LCD_SDI1621

?PR?WRITE_LCD?DVR_LCD_SDI1621                    -----    -----      01CBH    0012H
  +--> ?PR?DELAY_35U?DVR_LCD_SDI1621
  +--> ?PR?_LCD_UNIT_WRITE?DVR_LCD_SDI1621

?PR?_LCD_UNIT_WRITE?DVR_LCD_SDI1621              -----    -----      -----    -----
BL51 BANKED LINKER/LOCATER V5.12                                                      09/22/2022  13:08:06  PAGE 5


  +--> ?PR?DELAY_35U?DVR_LCD_SDI1621

?PR?_LCD_GLASS_STRING?DVR_LCD_SDI1621            -----    -----      01C5H    0006H
  +--> ?PR?_LCD_SET_CHAR?DVR_LCD_SDI1621
  +--> ?PR?LCD_GLASS_UPDATE?DVR_LCD_SDI1621

?PR?LCD_GLASS_UPDATE?DVR_LCD_SDI1621             -----    -----      -----    -----
  +--> ?PR?WRITE_LCD?DVR_LCD_SDI1621

?PR?LCD_GLASS_CLEAR?DVR_LCD_SDI1621              -----    -----      -----    -----
  +--> ?PR?WRITE_LCD?DVR_LCD_SDI1621

?PR?VCALIBRATE_SCALE?DVR_SCALE                   -----    -----      01B5H    0010H
  +--> ?PR?LCD_GLASS_CLEAR?DVR_LCD_SDI1621
  +--> ?CO?DVR_SCALE
  +--> ?PR?_LCD_GLASS_STRING?DVR_LCD_SDI1621
  +--> ?PR?KEY_SCAN?KEYBOARD
  +--> ?PR?_DELAY_MS?KEYBOARD
  +--> ?PR?_POW?POW
  +--> ?PR?_LCD_GLASS_DOT?DVR_LCD_SDI1621
  +--> ?PR?VSOUND_SAVED_PARAM?KEYBOARD

?PR?KEY_SCAN?KEYBOARD                            -----    -----      -----    -----
  +--> ?PR?_DELAY_MS?KEYBOARD
  +--> ?PR?VBEEP_KEY?KEYBOARD

?PR?_POW?POW                                     -----    -----      01C5H    000AH
  +--> ?PR?LOG?LOG
  +--> ?PR?EXP?EXP

?PR?LOG?LOG                                      0021H.3  0000H.1    01CFH    0004H

?PR?_LCD_GLASS_DOT?DVR_LCD_SDI1621               -----    -----      -----    -----
  +--> ?PR?LCD_GLASS_UPDATE?DVR_LCD_SDI1621

?PR?VSOUND_SAVED_PARAM?KEYBOARD                  -----    -----      -----    -----
  +--> ?PR?VBEEP_KEY?KEYBOARD
  +--> ?PR?_DELAY_MS?KEYBOARD



UNRESOLVED EXTERNAL SYMBOLS:
   UGET_STATUS_VOLT
   VGESTORBATERIA



SYMBOL TABLE OF MODULE:  solidic_proj (MAIN)

  VALUE           TYPE          NAME
  ----------------------------------

  -------         MODULE        MAIN
  C:0000H         SYMBOL        _ICE_DUMMY_
  D:0094H         PUBLIC        P1M0
  D:0093H         PUBLIC        P0M1
  D:0096H         PUBLIC        P2M0
BL51 BANKED LINKER/LOCATER V5.12                                                      09/22/2022  13:08:06  PAGE 6


  D:0095H         PUBLIC        P1M1
  D:0080H         PUBLIC        P0
  C:4DCBH         PUBLIC        convertidorADC
  D:0097H         PUBLIC        P2M1
  D:0090H         PUBLIC        P1
  D:00A0H         PUBLIC        P2
  D:00ACH         PUBLIC        SARDATA
  D:00B0H         PUBLIC        P3
  B:00A8H.7       PUBLIC        EA
  D:00A8H         PUBLIC        IE
  D:00AAH         PUBLIC        WD_TA
  C:4E49H         PUBLIC        init_int_timer0
  D:00B8H         PUBLIC        IP
  D:009CH         PUBLIC        PWM0
  D:009DH         PUBLIC        PWM1
  C:4AD9H         PUBLIC        main
  D:0098H         PUBLIC        SCON
  D:0089H         PUBLIC        TMOD
  D:0088H         PUBLIC        TCON
  C:4EB4H         PUBLIC        adc_init
  C:4E67H         SYMBOL        _?ix1000
  C:4DE6H         PUBLIC        gpio_init
  D:00ABH         PUBLIC        SARCON
  D:008CH         PUBLIC        TH0
  D:008AH         PUBLIC        TL0
  C:4428H         SYMBOL        timer0
  D:009EH         PUBLIC        PWMCON
  D:009AH         PUBLIC        PWMF_H
  C:4E32H         PUBLIC        wdt_init
  D:009BH         PUBLIC        PWMF_L
  D:00C8H         PUBLIC        T2CON
  C:4DAFH         PUBLIC        init_pwm
  C:2FD4H         PUBLIC        TestEEPROM
  D:008EH         PUBLIC        CKCON
  D:00D0H         PUBLIC        PSW
  D:00A9H         PUBLIC        WDCON
  D:0092H         PUBLIC        P0M0
  -------         PROC          MAIN
  C:4AD9H         LINE#         24
  C:4AD9H         LINE#         25
  C:4AD9H         LINE#         27
  C:4ADCH         LINE#         28
  C:4ADFH         LINE#         29
  C:4AE2H         LINE#         30
  C:4AE5H         LINE#         35
  C:4AE8H         LINE#         37
  C:4AEBH         LINE#         38
  C:4AF6H         LINE#         39
  C:4B01H         LINE#         40
  C:4B0CH         LINE#         42
  C:4B13H         LINE#         43
  C:4B16H         LINE#         44
  C:4B19H         LINE#         45
  C:4B19H         LINE#         46
  C:4B1CH         LINE#         59
  C:4B1FH         LINE#         64
  -------         ENDPROC       MAIN
BL51 BANKED LINKER/LOCATER V5.12                                                      09/22/2022  13:08:06  PAGE 7


  -------         PROC          INIT_PWM
  C:4DAFH         LINE#         68
  C:4DAFH         LINE#         70
  C:4DB2H         LINE#         71
  C:4DB5H         LINE#         74
  C:4DB8H         LINE#         75
  C:4DBBH         LINE#         77
  C:4DBEH         LINE#         78
  C:4DC1H         LINE#         79
  C:4DC4H         LINE#         80
  C:4DC7H         LINE#         81
  C:4DCAH         LINE#         84
  -------         ENDPROC       INIT_PWM
  -------         PROC          WDT_INIT
  C:4E32H         LINE#         86
  C:4E32H         LINE#         87
  C:4E34H         LINE#         88
  C:4E37H         LINE#         89
  C:4E3AH         LINE#         90
  C:4E3DH         LINE#         91
  C:4E3FH         LINE#         92
  C:4E48H         LINE#         93
  -------         ENDPROC       WDT_INIT
  -------         PROC          GPIO_INIT
  C:4DE6H         LINE#         95
  C:4DE6H         LINE#         96
  C:4DE6H         LINE#         97
  C:4DE9H         LINE#         98
  C:4DECH         LINE#         99
  C:4DEFH         LINE#         101
  C:4DF2H         LINE#         102
  C:4DF5H         LINE#         103
  C:4DF8H         LINE#         104
  C:4DFAH         LINE#         105
  C:4DFDH         LINE#         106
  C:4DFFH         LINE#         107
  -------         ENDPROC       GPIO_INIT
  -------         PROC          ADC_INIT
  C:4EB4H         LINE#         109
  C:4EB4H         LINE#         110
  C:4EB4H         LINE#         112
  C:4EB7H         LINE#         113
  C:4EBAH         LINE#         115
  C:4EBDH         LINE#         116
  -------         ENDPROC       ADC_INIT
  -------         PROC          INIT_INT_TIMER0
  C:4E49H         LINE#         118
  C:4E49H         LINE#         119
  C:4E49H         LINE#         121
  C:4E4CH         LINE#         122
  C:4E4FH         LINE#         124
  C:4E52H         LINE#         125
  C:4E54H         LINE#         126
  C:4E57H         LINE#         127
  C:4E5AH         LINE#         129
  C:4E5DH         LINE#         130
  -------         ENDPROC       INIT_INT_TIMER0
BL51 BANKED LINKER/LOCATER V5.12                                                      09/22/2022  13:08:06  PAGE 8


  -------         PROC          CONVERTIDORADC
  -------         DO            
  D:0006H         SYMBOL        v
  -------         ENDDO         
  C:4DCBH         LINE#         132
  C:4DCBH         LINE#         134
  C:4DCEH         LINE#         135
  C:4DD1H         LINE#         136
  C:4DD6H         LINE#         137
  C:4DD6H         LINE#         138
  C:4DD9H         LINE#         139
  C:4DDEH         LINE#         140
  C:4DDEH         LINE#         141
  C:4DDEH         LINE#         142
  C:4DDEH         LINE#         143
  C:4DE2H         LINE#         144
  C:4DE5H         LINE#         145
  C:4DE5H         LINE#         147
  -------         ENDPROC       CONVERTIDORADC
  -------         PROC          TIMER0
  C:4428H         LINE#         150
  C:4430H         LINE#         154
  C:4436H         LINE#         155
  C:443FH         LINE#         157
  C:4445H         LINE#         158
  C:4448H         LINE#         159
  C:4448H         LINE#         162
  C:444EH         LINE#         163
  C:4458H         LINE#         164
  C:445DH         LINE#         165
  C:4460H         LINE#         166
  C:4463H         LINE#         167
  C:4463H         LINE#         171
  C:4469H         LINE#         178
  C:4470H         LINE#         179
  C:4472H         LINE#         180
  C:4475H         LINE#         181
  C:4475H         LINE#         182
  C:4486H         LINE#         183
  C:4492H         LINE#         184
  C:4494H         LINE#         185
  C:4499H         LINE#         186
  C:449CH         LINE#         187
  C:449FH         LINE#         189
  C:449FH         LINE#         190
  C:449FH         LINE#         193
  C:44A5H         LINE#         194
  C:44B4H         LINE#         195
  C:44C0H         LINE#         196
  C:44C2H         LINE#         197
  C:44C7H         LINE#         198
  C:44CAH         LINE#         199
  C:44CAH         LINE#         200
  C:44CAH         LINE#         203
  C:44CDH         LINE#         204
  C:44D0H         LINE#         205
  C:44D3H         LINE#         207
BL51 BANKED LINKER/LOCATER V5.12                                                      09/22/2022  13:08:06  PAGE 9


  -------         ENDPROC       TIMER0
  -------         PROC          TESTEEPROM
  -------         DO            
  X:0270H         SYMBOL        addr
  X:0272H         SYMBOL        val
  X:0276H         SYMBOL        txt
  X:0280H         SYMBOL        i
  X:0284H         SYMBOL        x
  -------         ENDDO         
  C:2FD4H         LINE#         210
  C:2FD4H         LINE#         211
  C:2FD4H         LINE#         212
  C:2FDDH         LINE#         214
  C:2FEFH         LINE#         215
  C:2FF9H         LINE#         217
  C:3000H         LINE#         219
  C:3006H         LINE#         220
  C:300CH         LINE#         222
  C:3021H         LINE#         223
  C:3044H         LINE#         225
  C:3044H         LINE#         226
  C:305CH         LINE#         227
  C:3092H         LINE#         229
  C:30BEH         LINE#         230
  C:30F4H         LINE#         232
  C:311AH         LINE#         233
  C:3150H         LINE#         235
  C:317CH         LINE#         236
  C:31B2H         LINE#         238
  C:31D0H         LINE#         239
  C:31D7H         LINE#         240
  -------         ENDPROC       TESTEEPROM
  -------         ENDMOD        MAIN

  -------         MODULE        DVR_LCD_SDI1621
  C:0000H         SYMBOL        _ICE_DUMMY_
  D:0090H         PUBLIC        P1
  D:00A0H         PUBLIC        P2
  D:00B0H         PUBLIC        P3
  X:011EH         PUBLIC        cNumber_LCD
  D:00A8H         PUBLIC        IE
  C:44DCH         PUBLIC        _LCD_GLASS_Dot
  D:00B8H         PUBLIC        IP
  C:4A29H         PUBLIC        LCD_GLASS_Init
  D:0098H         PUBLIC        SCON
  D:0088H         PUBLIC        TCON
  C:46EFH         PUBLIC        write_lcd
  C:4D92H         PUBLIC        _lcd_unit_write
  C:4CF5H         PUBLIC        LCD_GLASS_All_On
  C:4E9EH         PUBLIC        delay_35u
  C:4C30H         PUBLIC        LCD_GLASS_DeInit
  X:0128H         PUBLIC        Display
  X:013AH         PUBLIC        cABC_LCD
  C:3EEAH         PUBLIC        _LCD_GLASS_Symbols
  C:4BB9H         PUBLIC        _LCD_SET_Char
  D:00C8H         PUBLIC        T2CON
  C:3DCBH         PUBLIC        _LCD_GLASS_Float
BL51 BANKED LINKER/LOCATER V5.12                                                      09/22/2022  13:08:06  PAGE 10


  C:33B5H         PUBLIC        _LCD_GLASS_String
  C:4E00H         PUBLIC        LCD_GLASS_Update
  C:4CCBH         PUBLIC        LCD_GLASS_Clear
  D:00D0H         PUBLIC        PSW
  C:4E95H         SYMBOL        L?0157
  C:4E98H         SYMBOL        L?0158
  -------         PROC          L?0156
  -------         ENDPROC       L?0156
  C:4E95H         SYMBOL        L?0157
  C:4E98H         SYMBOL        L?0158
  -------         PROC          DELAY_35U
  -------         DO            
  D:0007H         SYMBOL        j
  -------         ENDDO         
  C:4E9EH         LINE#         135
  C:4E9EH         LINE#         137
  C:4EA5H         LINE#         138
  -------         ENDPROC       DELAY_35U
  -------         PROC          _LCD_UNIT_WRITE
  D:0006H         SYMBOL        d
  -------         DO            
  D:0005H         SYMBOL        i
  -------         ENDDO         
  C:4D92H         LINE#         143
  C:4D94H         LINE#         145
  C:4D96H         LINE#         146
  C:4D9FH         LINE#         147
  C:4DA2H         LINE#         148
  C:4DA2H         LINE#         149
  C:4DA2H         LINE#         150
  C:4DA2H         LINE#         151
  C:4DA5H         LINE#         152
  C:4DA9H         LINE#         153
  C:4DAEH         LINE#         154
  -------         ENDPROC       _LCD_UNIT_WRITE
  -------         PROC          LCD_GLASS_INIT
  C:4A29H         LINE#         158
  C:4A29H         LINE#         159
  C:4A2CH         LINE#         160
  C:4A2FH         LINE#         161
  C:4A32H         LINE#         162
  C:4A35H         LINE#         163
  C:4A38H         LINE#         165
  C:4A3DH         LINE#         167
  C:4A40H         LINE#         168
  C:4A45H         LINE#         170
  C:4A47H         LINE#         171
  C:4A4AH         LINE#         173
  C:4A4CH         LINE#         174
  C:4A4FH         LINE#         176
  C:4A54H         LINE#         177
  C:4A57H         LINE#         179
  C:4A5DH         LINE#         182
  C:4A6BH         LINE#         183
  -------         ENDPROC       LCD_GLASS_INIT
  C:46DBH         SYMBOL        L?0153
  C:46DCH         SYMBOL        L?0154
BL51 BANKED LINKER/LOCATER V5.12                                                      09/22/2022  13:08:06  PAGE 11


  C:46E0H         SYMBOL        L?0155
  -------         PROC          L?0152
  -------         ENDPROC       L?0152
  C:46DBH         SYMBOL        L?0153
  C:46DCH         SYMBOL        L?0154
  C:46E0H         SYMBOL        L?0155
  -------         PROC          WRITE_LCD
  X:01CBH         SYMBOL        Display
  -------         DO            
  D:0004H         SYMBOL        i
  D:0006H         SYMBOL        addr
  -------         ENDDO         
  C:46EFH         LINE#         195
  C:46EFH         LINE#         196
  C:46F1H         LINE#         197
  C:46F2H         LINE#         213
  C:46F5H         LINE#         214
  C:46F8H         LINE#         215
  C:46FBH         LINE#         216
  C:46FEH         LINE#         217
  C:4701H         LINE#         218
  C:4704H         LINE#         219
  C:4704H         LINE#         220
  C:4704H         LINE#         221
  C:4704H         LINE#         222
  C:4707H         LINE#         223
  C:470AH         LINE#         224
  C:470AH         LINE#         225
  C:470AH         LINE#         226
  C:470AH         LINE#         227
  C:470DH         LINE#         228
  C:4713H         LINE#         229
  C:4718H         LINE#         231
  C:471BH         LINE#         232
  C:471BH         LINE#         233
  C:471BH         LINE#         234
  C:471BH         LINE#         235
  C:471EH         LINE#         237
  C:4724H         LINE#         238
  C:472AH         LINE#         239
  C:472AH         LINE#         240
  C:472AH         LINE#         241
  C:472AH         LINE#         242
  C:472DH         LINE#         243
  C:472FH         LINE#         245
  C:472FH         LINE#         246
  C:4731H         LINE#         247
  C:4732H         LINE#         248
  C:4735H         LINE#         249
  C:4739H         LINE#         250
  C:473EH         LINE#         252
  C:4741H         LINE#         253
  C:4741H         LINE#         254
  C:4741H         LINE#         255
  C:4744H         LINE#         256
  C:4748H         LINE#         257
  C:474DH         LINE#         258
BL51 BANKED LINKER/LOCATER V5.12                                                      09/22/2022  13:08:06  PAGE 12


  C:474FH         LINE#         259
  C:476EH         LINE#         260
  C:476EH         LINE#         261
  C:4771H         LINE#         262
  C:4774H         LINE#         263
  C:4777H         LINE#         264
  -------         ENDPROC       WRITE_LCD
  -------         PROC          LCD_GLASS_DEINIT
  C:4C30H         LINE#         271
  C:4C30H         LINE#         272
  C:4C36H         LINE#         276
  C:4C44H         LINE#         277
  C:4C47H         LINE#         279
  C:4C4CH         LINE#         281
  C:4C4FH         LINE#         282
  C:4C52H         LINE#         284
  C:4C57H         LINE#         285
  -------         ENDPROC       LCD_GLASS_DEINIT
  -------         PROC          LCD_GLASS_CLEAR
  C:4CCBH         LINE#         291
  C:4CCBH         LINE#         292
  C:4CD1H         LINE#         293
  C:4CDFH         LINE#         294
  -------         ENDPROC       LCD_GLASS_CLEAR
  -------         PROC          LCD_GLASS_ALL_ON
  C:4CF5H         LINE#         299
  C:4CF5H         LINE#         300
  C:4CFBH         LINE#         301
  C:4D09H         LINE#         302
  -------         ENDPROC       LCD_GLASS_ALL_ON
  -------         PROC          L?0159
  -------         ENDPROC       L?0159
  -------         PROC          _LCD_SET_CHAR
  D:0007H         SYMBOL        cCaracter
  D:0005H         SYMBOL        cPosition_On_LCD
  D:0003H         SYMBOL        cPosition_Text
  -------         DO            
  D:0006H         SYMBOL        i
  -------         ENDDO         
  C:4BB9H         LINE#         307
  C:4BB9H         LINE#         308
  C:4BB9H         LINE#         309
  C:4BBBH         LINE#         311
  C:4BBFH         LINE#         312
  C:4BC5H         LINE#         313
  C:4BCAH         LINE#         319
  C:4BCFH         LINE#         320
  C:4BE2H         LINE#         321
  C:4BEFH         LINE#         323
  -------         ENDPROC       _LCD_SET_CHAR
  -------         PROC          _LCD_GLASS_DOT
  D:0004H         SYMBOL        iNumber_Dot
  D:0005H         SYMBOL        cPosition_On_LCD
  D:0003H         SYMBOL        cFLag_On
  C:44DCH         LINE#         326
  C:44DEH         LINE#         328
  C:44EEH         LINE#         329
BL51 BANKED LINKER/LOCATER V5.12                                                      09/22/2022  13:08:06  PAGE 13


  C:44EEH         LINE#         330
  C:44F2H         LINE#         331
  C:44F9H         LINE#         332
  C:44FFH         LINE#         334
  C:4503H         LINE#         335
  C:4503H         LINE#         336
  C:4507H         LINE#         337
  C:450EH         LINE#         338
  C:4514H         LINE#         340
  C:4518H         LINE#         342
  C:4518H         LINE#         343
  C:451DH         LINE#         344
  C:4524H         LINE#         345
  C:4526H         LINE#         347
  C:4526H         LINE#         348
  C:4526H         LINE#         349
  C:4528H         LINE#         350
  C:4528H         LINE#         352
  C:452CH         LINE#         353
  C:4533H         LINE#         354
  C:4539H         LINE#         356
  C:453DH         LINE#         357
  C:453DH         LINE#         359
  C:4541H         LINE#         360
  C:4548H         LINE#         361
  C:454EH         LINE#         363
  C:4552H         LINE#         364
  C:4552H         LINE#         365
  C:4557H         LINE#         366
  C:455EH         LINE#         367
  C:4560H         LINE#         369
  C:4560H         LINE#         370
  C:4560H         LINE#         371
  C:4562H         LINE#         373
  C:4562H         LINE#         374
  C:4566H         LINE#         375
  C:456DH         LINE#         376
  C:4573H         LINE#         378
  C:4577H         LINE#         379
  C:4577H         LINE#         380
  C:457BH         LINE#         381
  C:4582H         LINE#         382
  C:4588H         LINE#         384
  C:458CH         LINE#         385
  C:458CH         LINE#         386
  C:458CH         LINE#         387
  C:458CH         LINE#         389
  -------         ENDPROC       _LCD_GLASS_DOT
  -------         PROC          _LCD_GLASS_SYMBOLS
  D:0007H         SYMBOL        cSymbol
  D:0005H         SYMBOL        cFlag_On
  C:3EEAH         LINE#         393
  C:3EEAH         LINE#         397
  C:3F1EH         LINE#         400
  C:3F1EH         LINE#         401
  C:3F25H         LINE#         402
  C:3F28H         LINE#         404
BL51 BANKED LINKER/LOCATER V5.12                                                      09/22/2022  13:08:06  PAGE 14


  C:3F28H         LINE#         405
  C:3F2BH         LINE#         406
  C:3F2BH         LINE#         407
  C:3F32H         LINE#         408
  C:3F34H         LINE#         410
  C:3F34H         LINE#         411
  C:3F37H         LINE#         412
  C:3F37H         LINE#         413
  C:3F3EH         LINE#         414
  C:3F40H         LINE#         416
  C:3F40H         LINE#         417
  C:3F43H         LINE#         418
  C:3F43H         LINE#         419
  C:3F4AH         LINE#         420
  C:3F4CH         LINE#         422
  C:3F4CH         LINE#         423
  C:3F4FH         LINE#         424
  C:3F4FH         LINE#         425
  C:3F56H         LINE#         426
  C:3F58H         LINE#         428
  C:3F58H         LINE#         429
  C:3F5BH         LINE#         459
  C:3F5BH         LINE#         460
  C:3F62H         LINE#         461
  C:3F64H         LINE#         463
  C:3F64H         LINE#         464
  C:3F66H         LINE#         468
  C:3F66H         LINE#         469
  C:3F6DH         LINE#         470
  C:3F6FH         LINE#         472
  C:3F6FH         LINE#         473
  C:3F71H         LINE#         475
  C:3F71H         LINE#         476
  C:3F78H         LINE#         477
  C:3F7AH         LINE#         479
  C:3F7AH         LINE#         480
  C:3F7CH         LINE#         484
  C:3F7CH         LINE#         485
  C:3F84H         LINE#         487
  C:3F88H         LINE#         488
  C:3F8FH         LINE#         489
  C:3F96H         LINE#         490
  C:3F9DH         LINE#         496
  C:3FA4H         LINE#         497
  C:3FABH         LINE#         498
  C:3FB2H         LINE#         500
  C:3FB4H         LINE#         501
  C:3FB4H         LINE#         503
  C:3FB8H         LINE#         504
  C:3FBFH         LINE#         505
  C:3FC6H         LINE#         506
  C:3FCDH         LINE#         512
  C:3FD4H         LINE#         513
  C:3FDBH         LINE#         514
  C:3FE2H         LINE#         515
  C:3FE2H         LINE#         518
  C:3FE2H         LINE#         520
BL51 BANKED LINKER/LOCATER V5.12                                                      09/22/2022  13:08:06  PAGE 15


  C:3FE2H         LINE#         529
  C:3FE8H         LINE#         532
  -------         ENDPROC       _LCD_GLASS_SYMBOLS
  -------         PROC          _LCD_GLASS_FLOAT
  X:0286H         SYMBOL        fNumber_To_LCD
  X:028AH         SYMBOL        iNumber_Decimal
  X:028BH         SYMBOL        cPosition_On_LCD
  -------         DO            
  X:028CH         SYMBOL        strText_LCD
  -------         ENDDO         
  C:3DCBH         LINE#         560
  C:3DD1H         LINE#         563
  C:3DD7H         LINE#         564
  C:3DDEH         LINE#         565
  C:3DE8H         LINE#         566
  C:3DEAH         LINE#         567
  C:3E12H         LINE#         569
  C:3E12H         LINE#         570
  C:3E1AH         LINE#         571
  C:3E21H         LINE#         573
  C:3E2CH         LINE#         574
  C:3E2EH         LINE#         575
  C:3E56H         LINE#         577
  C:3E56H         LINE#         578
  C:3E5EH         LINE#         579
  C:3E65H         LINE#         580
  C:3E6FH         LINE#         581
  C:3E71H         LINE#         582
  C:3E99H         LINE#         584
  C:3E99H         LINE#         585
  C:3EA1H         LINE#         586
  C:3EA8H         LINE#         587
  C:3EB2H         LINE#         588
  C:3EB4H         LINE#         589
  C:3EDCH         LINE#         591
  C:3EDCH         LINE#         594
  -------         ENDPROC       _LCD_GLASS_FLOAT
  -------         PROC          _LCD_GLASS_STRING
  X:01C5H         SYMBOL        pCaracter
  X:01C8H         SYMBOL        cPosition_On_LCD
  -------         DO            
  X:01C9H         SYMBOL        iIndex_Text
  X:01CAH         SYMBOL        iPosicion_Decimal
  -------         ENDDO         
  C:33B5H         LINE#         618
  C:33C3H         LINE#         619
  C:33C7H         LINE#         620
  C:33CAH         LINE#         634
  C:33D9H         LINE#         635
  C:33E1H         LINE#         637
  C:33E8H         LINE#         639
  C:33F2H         LINE#         640
  C:3407H         LINE#         642
  C:341BH         LINE#         644
  C:3426H         LINE#         645
  C:3433H         LINE#         646
  C:3433H         LINE#         648
BL51 BANKED LINKER/LOCATER V5.12                                                      09/22/2022  13:08:06  PAGE 16


  C:3444H         LINE#         649
  C:344AH         LINE#         650
  C:344AH         LINE#         652
  C:345BH         LINE#         653
  C:3468H         LINE#         654
  C:346EH         LINE#         655
  C:346EH         LINE#         657
  C:3488H         LINE#         658
  C:349FH         LINE#         659
  C:34A5H         LINE#         660
  C:34A5H         LINE#         662
  C:34BAH         LINE#         667
  C:34C3H         LINE#         669
  C:34CBH         LINE#         670
  C:34D2H         LINE#         672
  C:34D6H         LINE#         673
  C:34DDH         LINE#         674
  C:34E4H         LINE#         675
  C:34EBH         LINE#         676
  C:34EBH         LINE#         677
  C:34F0H         LINE#         678
  C:34F8H         LINE#         679
  C:34FFH         LINE#         680
  C:3503H         LINE#         681
  C:350AH         LINE#         682
  C:3511H         LINE#         683
  C:3518H         LINE#         684
  C:3518H         LINE#         685
  C:351EH         LINE#         687
  C:3526H         LINE#         688
  C:352DH         LINE#         689
  C:3531H         LINE#         690
  C:3538H         LINE#         697
  C:3538H         LINE#         698
  C:3538H         LINE#         699
  C:353EH         LINE#         700
  C:3548H         LINE#         701
  C:354BH         LINE#         703
  C:3551H         LINE#         706
  -------         ENDPROC       _LCD_GLASS_STRING
  -------         PROC          LCD_GLASS_UPDATE
  C:4E00H         LINE#         709
  C:4E00H         LINE#         711
  C:4E06H         LINE#         719
  -------         ENDPROC       LCD_GLASS_UPDATE
  -------         ENDMOD        DVR_LCD_SDI1621

  -------         MODULE        KEYBOARD
  C:0000H         SYMBOL        _ICE_DUMMY_
  C:4EA6H         PUBLIC        vBeep_Key
  D:0080H         PUBLIC        P0
  D:0090H         PUBLIC        P1
  D:00A0H         PUBLIC        P2
  D:00B0H         PUBLIC        P3
  C:0003H         PUBLIC        vActionKey
  C:0006H         PUBLIC        vScan_Key
  D:00A8H         PUBLIC        IE
BL51 BANKED LINKER/LOCATER V5.12                                                      09/22/2022  13:08:06  PAGE 17


  D:00AAH         PUBLIC        WD_TA
  D:00B8H         PUBLIC        IP
  X:01DDH         PUBLIC        Key
  C:4E71H         PUBLIC        vSound_Saved_Param
  X:01DEH         PUBLIC        KeyState
  C:4D70H         PUBLIC        _delay_ms
  D:0098H         PUBLIC        SCON
  D:0088H         PUBLIC        TCON
  B:0080H.1       PUBLIC        KEY_D0
  B:0080H.0       PUBLIC        KEY_D1
  B:0090H.0       PUBLIC        KEY_D2
  X:01DFH         PUBLIC        LastKey
  B:0090H.1       PUBLIC        KEY_D3
  B:0090H.2       PUBLIC        KEY_D4
  B:0080H.2       PUBLIC        KEY_K0
  B:00A0H.4       PUBLIC        KEY_K1
  B:00A0H.0       PUBLIC        KEY_K2
  B:0090H.6       PUBLIC        KEY_K3
  C:41D4H         PUBLIC        key_scan
  X:01E0H         PUBLIC        strTimer
  D:00C8H         PUBLIC        T2CON
  D:00D0H         PUBLIC        PSW
  D:00A9H         PUBLIC        WDCON
  -------         PROC          _DELAY_MS
  D:0006H         SYMBOL        num
  -------         DO            
  D:0004H         SYMBOL        i
  D:0003H         SYMBOL        j
  -------         ENDDO         
  C:4D70H         LINE#         36
  C:4D70H         LINE#         37
  C:4D70H         LINE#         40
  C:4D7AH         LINE#         41
  C:4D81H         LINE#         43
  C:4D8AH         LINE#         44
  C:4D91H         LINE#         46
  -------         ENDPROC       _DELAY_MS
  -------         PROC          KEY_SCAN
  -------         DO            
  D:0002H         SYMBOL        k
  -------         ENDDO         
  C:41D4H         LINE#         48
  C:41D4H         LINE#         49
  C:41D6H         LINE#         50
  C:41DAH         LINE#         52
  C:41DAH         LINE#         53
  C:41DCH         LINE#         54
  C:41DEH         LINE#         55
  C:41E0H         LINE#         56
  C:41E2H         LINE#         57
  C:41E4H         LINE#         58
  C:41E9H         LINE#         59
  C:41EFH         LINE#         60
  C:41F5H         LINE#         61
  C:41FBH         LINE#         62
  C:4201H         LINE#         63
  C:4208H         LINE#         64
BL51 BANKED LINKER/LOCATER V5.12                                                      09/22/2022  13:08:06  PAGE 18


  C:4215H         LINE#         65
  C:4223H         LINE#         66
  C:4231H         LINE#         67
  C:423FH         LINE#         68
  C:4245H         LINE#         70
  C:4252H         LINE#         71
  C:4256H         LINE#         72
  C:4263H         LINE#         73
  C:4267H         LINE#         74
  C:4275H         LINE#         75
  C:4279H         LINE#         76
  C:4287H         LINE#         77
  C:4289H         LINE#         78
  C:4289H         LINE#         79
  C:4291H         LINE#         80
  C:429DH         LINE#         81
  C:42A6H         LINE#         82
  -------         ENDPROC       KEY_SCAN
  -------         PROC          VBEEP_KEY
  C:4EA6H         LINE#         85
  C:4EA6H         LINE#         93
  C:4EACH         LINE#         94
  C:4EAEH         LINE#         95
  C:4EB3H         LINE#         96
  C:4EB3H         LINE#         112
  -------         ENDPROC       VBEEP_KEY
  -------         PROC          VSCAN_KEY
  C:0006H         LINE#         114
  C:0006H         LINE#         115
  -------         ENDPROC       VSCAN_KEY
  -------         PROC          VACTIONKEY
  C:0003H         LINE#         117
  C:0003H         LINE#         134
  C:0005H         LINE#         135
  -------         ENDPROC       VACTIONKEY
  -------         PROC          VSOUND_SAVED_PARAM
  -------         DO            
  D:0002H         SYMBOL        i
  -------         ENDDO         
  C:4E71H         LINE#         137
  C:4E71H         LINE#         138
  C:4E73H         LINE#         140
  C:4E73H         LINE#         142
  C:4E76H         LINE#         144
  C:4E7DH         LINE#         145
  C:4E82H         LINE#         146
  -------         ENDPROC       VSOUND_SAVED_PARAM
  -------         ENDMOD        KEYBOARD

  -------         MODULE        DVR_HX712
  C:0000H         SYMBOL        _ICE_DUMMY_
  X:00C5H         PUBLIC        fAverage_x
  D:0080H         PUBLIC        P0
  D:0090H         PUBLIC        P1
  D:00B0H         PUBLIC        P3
  X:00C9H         PUBLIC        ValueCount
  D:00A8H         PUBLIC        IE
BL51 BANKED LINKER/LOCATER V5.12                                                      09/22/2022  13:08:06  PAGE 19


  D:00B8H         PUBLIC        IP
  X:00CDH         PUBLIC        iValueOut
  C:0F71H         PUBLIC        _fFilter_Averaging
  B:0080H.4       PUBLIC        SCLK
  C:3FEBH         PUBLIC        _fRead_Adc
  D:0098H         PUBLIC        SCON
  D:0088H         PUBLIC        TCON
  B:0080H.3       PUBLIC        MISO
  C:4814H         PUBLIC        ReadHX712
  C:4E1AH         SYMBOL        _?ix1000
  C:4E2EH         SYMBOL        _?ix1001
  X:00CEH         PUBLIC        arfLowestToHighest
  D:00C8H         PUBLIC        T2CON
  X:00F6H         PUBLIC        arfDataFilter_x
  D:00D0H         PUBLIC        PSW
  -------         PROC          _FFILTER_AVERAGING
  X:0242H         SYMBOL        iActualWeight
  X:0246H         SYMBOL        cFastFill
  -------         DO            
  X:0247H         SYMBOL        fThreshold
  X:024BH         SYMBOL        fData_Vector
  X:024FH         SYMBOL        pfData_Filter
  X:0252H         SYMBOL        fActualWeight
  X:0256H         SYMBOL        iLenthData_x
  X:0257H         SYMBOL        i
  X:0258H         SYMBOL        j
  -------         ENDDO         
  C:0F71H         LINE#         28
  C:0F77H         LINE#         31
  C:0F81H         LINE#         32
  C:0F8BH         LINE#         34
  C:0FA3H         LINE#         35
  C:0FA9H         LINE#         36
  C:0FACH         LINE#         37
  C:0FAEH         LINE#         39
  C:0FBBH         LINE#         41
  C:1027H         LINE#         42
  C:1034H         LINE#         43
  C:1036H         LINE#         44
  C:1049H         LINE#         45
  C:1072H         LINE#         46
  C:107AH         LINE#         47
  C:107AH         LINE#         48
  C:107DH         LINE#         49
  C:107DH         LINE#         50
  C:1085H         LINE#         51
  C:1089H         LINE#         52
  C:109CH         LINE#         53
  C:10C9H         LINE#         54
  C:10D1H         LINE#         55
  C:10D9H         LINE#         56
  C:10EDH         LINE#         57
  C:1126H         LINE#         58
  C:112EH         LINE#         59
  C:112EH         LINE#         60
  C:1133H         LINE#         61
  C:1144H         LINE#         62
BL51 BANKED LINKER/LOCATER V5.12                                                      09/22/2022  13:08:06  PAGE 20


  C:117DH         LINE#         63
  C:1185H         LINE#         64
  C:1185H         LINE#         67
  C:11C9H         LINE#         69
  C:11D9H         LINE#         70
  C:1208H         LINE#         71
  C:1210H         LINE#         74
  C:1225H         LINE#         75
  C:123AH         LINE#         76
  C:1276H         LINE#         77
  C:1299H         LINE#         78
  C:12C7H         LINE#         79
  C:12E6H         LINE#         80
  C:12E6H         LINE#         81
  C:12EFH         LINE#         82
  C:12F8H         LINE#         84
  C:1302H         LINE#         86
  C:1315H         LINE#         87
  C:1345H         LINE#         88
  C:134DH         LINE#         90
  C:138BH         LINE#         94
  C:1399H         LINE#         95
  -------         ENDPROC       _FFILTER_AVERAGING
  -------         PROC          _FREAD_ADC
  X:01F8H         SYMBOL        cFillFilter
  -------         DO            
  X:01F9H         SYMBOL        iTemp_RA
  X:01FDH         SYMBOL        txt
  -------         ENDDO         
  C:3FEBH         LINE#         102
  C:3FF0H         LINE#         103
  C:3FF8H         LINE#         104
  C:400BH         LINE#         106
  C:4011H         LINE#         110
  C:401AH         LINE#         114
  C:4033H         LINE#         119
  C:404EH         LINE#         120
  C:406DH         LINE#         121
  C:4081H         LINE#         122
  C:409DH         LINE#         123
  C:409FH         LINE#         124
  C:40BBH         LINE#         125
  C:40BBH         LINE#         129
  C:40DAH         LINE#         133
  C:40E8H         LINE#         134
  -------         ENDPROC       _FREAD_ADC
  -------         PROC          READHX712
  -------         DO            
  D:0004H         SYMBOL        i
  X:02EAH         SYMBOL        ptr
  X:02EDH         SYMBOL        dato
  -------         ENDDO         
  C:4814H         LINE#         136
  C:4814H         LINE#         139
  C:4827H         LINE#         140
  C:4835H         LINE#         142
  C:483EH         LINE#         143
BL51 BANKED LINKER/LOCATER V5.12                                                      09/22/2022  13:08:06  PAGE 21


  C:4841H         LINE#         144
  C:4841H         LINE#         145
  C:4843H         LINE#         146
  C:485EH         LINE#         147
  C:4860H         LINE#         148
  C:4874H         LINE#         149
  C:487FH         LINE#         151
  C:4890H         LINE#         152
  C:4892H         LINE#         154
  C:48A0H         LINE#         155
  -------         ENDPROC       READHX712
  -------         ENDMOD        DVR_HX712

  -------         MODULE        DATA_NVM_5219_VC_DEC09_13
  C:0000H         SYMBOL        _ICE_DUMMY_
  D:0090H         PUBLIC        P1
  D:00B0H         PUBLIC        P3
  B:00A8H.7       PUBLIC        EA
  C:4D1FH         PUBLIC        _flash_write_u8
  D:00A8H         PUBLIC        IE
  D:00B8H         PUBLIC        IP
  X:0308H         PUBLIC        NRM_securty_a
  X:0309H         PUBLIC        NRM_securty_b
  D:00C4H         PUBLIC        FLASH_ENA
  D:00C5H         PUBLIC        FLASH_ENB
  D:00C6H         PUBLIC        FLASH_ENC
  C:4B21H         PUBLIC        _flash_read_u32
  C:3B6CH         PUBLIC        _ClearThisButAll
  C:4BF0H         PUBLIC        _flash_read_u16
  D:00C7H         PUBLIC        FLASH_CON
  D:0098H         PUBLIC        SCON
  D:00C3H         PUBLIC        FLASH_ADDRH
  D:0088H         PUBLIC        TCON
  D:00C2H         PUBLIC        FLASH_ADDRL
  C:4A81H         PUBLIC        _e2rom_erase
  C:4635H         PUBLIC        _flash_write_u32
  C:492DH         PUBLIC        _flash_write_u16
  C:0007H         PUBLIC        nop
  C:4B67H         PUBLIC        _flash_read_float32
  C:49CBH         PUBLIC        _nvm_data_write_byte
  C:458FH         PUBLIC        _flash_write_float32
  D:00C8H         PUBLIC        T2CON
  D:00C1H         PUBLIC        FLASH_DATA
  D:00D0H         PUBLIC        PSW
  C:4E8DH         PUBLIC        _flash_read_u8
  -------         PROC          NOP
  -------         DO            
  D:0006H         SYMBOL        x
  -------         ENDDO         
  C:0007H         LINE#         27
  C:0007H         LINE#         28
  C:0007H         LINE#         29
  C:0007H         LINE#         30
  -------         ENDPROC       NOP
  C:4E83H         SYMBOL        L?0062
  -------         PROC          L?0061
  -------         ENDPROC       L?0061
BL51 BANKED LINKER/LOCATER V5.12                                                      09/22/2022  13:08:06  PAGE 22


  C:4E83H         SYMBOL        L?0062
  -------         PROC          _FLASH_READ_U8
  D:0006H         SYMBOL        addr
  -------         DO            
  D:0007H         SYMBOL        val
  -------         ENDDO         
  C:4E8DH         LINE#         32
  C:4E8DH         LINE#         33
  C:4E8DH         LINE#         35
  C:4E94H         LINE#         36
  C:4E94H         LINE#         37
  -------         ENDPROC       _FLASH_READ_U8
  -------         PROC          _FLASH_READ_U16
  X:02F1H         SYMBOL        addr
  -------         DO            
  X:02F3H         SYMBOL        val
  X:02F5H         SYMBOL        ptr
  D:0005H         SYMBOL        i
  -------         ENDDO         
  C:4BF0H         LINE#         39
  C:4BF8H         LINE#         40
  C:4BF8H         LINE#         45
  C:4C06H         LINE#         46
  C:4C08H         LINE#         47
  C:4C08H         LINE#         48
  C:4C22H         LINE#         49
  C:4C27H         LINE#         50
  C:4C2FH         LINE#         51
  -------         ENDPROC       _FLASH_READ_U16
  -------         PROC          _FLASH_READ_U32
  X:02AEH         SYMBOL        addr
  -------         DO            
  X:02B0H         SYMBOL        val
  X:02B4H         SYMBOL        ptr
  D:0005H         SYMBOL        i
  -------         ENDDO         
  C:4B21H         LINE#         53
  C:4B29H         LINE#         54
  C:4B29H         LINE#         59
  C:4B37H         LINE#         60
  C:4B39H         LINE#         61
  C:4B39H         LINE#         62
  C:4B53H         LINE#         63
  C:4B58H         LINE#         64
  C:4B66H         LINE#         65
  -------         ENDPROC       _FLASH_READ_U32
  -------         PROC          _FLASH_READ_FLOAT32
  X:02B7H         SYMBOL        addr
  -------         DO            
  X:02B9H         SYMBOL        val
  X:02BDH         SYMBOL        ptr
  D:0005H         SYMBOL        i
  -------         ENDDO         
  C:4B67H         LINE#         67
  C:4B6FH         LINE#         68
  C:4B6FH         LINE#         73
  C:4B7DH         LINE#         74
BL51 BANKED LINKER/LOCATER V5.12                                                      09/22/2022  13:08:06  PAGE 23


  C:4B7FH         LINE#         75
  C:4B7FH         LINE#         76
  C:4B99H         LINE#         77
  C:4B9EH         LINE#         78
  C:4BACH         LINE#         79
  -------         ENDPROC       _FLASH_READ_FLOAT32
  C:49BAH         SYMBOL        L?0058
  -------         PROC          L?0057
  -------         ENDPROC       L?0057
  C:49BAH         SYMBOL        L?0058
  -------         PROC          _NVM_DATA_WRITE_BYTE
  D:0006H         SYMBOL        addr
  D:0005H         SYMBOL        in_data
  -------         DO            
  X:02FCH         SYMBOL        flash_addr
  B:0021H.1       SYMBOL        ea_save
  X:02FEH         SYMBOL        i
  -------         ENDDO         
  C:49CBH         LINE#         82
  C:49CBH         LINE#         83
  C:49CBH         LINE#         86
  C:49D0H         LINE#         88
  C:49D8H         LINE#         89
  C:49DCH         LINE#         90
  C:49DEH         LINE#         92
  C:49E4H         LINE#         93
  C:49E8H         LINE#         94
  C:49ECH         LINE#         97
  C:49EFH         LINE#         98
  C:49F1H         LINE#         99
  C:49F3H         LINE#         101
  C:49FFH         LINE#         102
  C:4A02H         LINE#         103
  C:4A05H         LINE#         105
  C:4A08H         LINE#         106
  C:4A0BH         LINE#         107
  C:4A0EH         LINE#         109
  C:4A1AH         LINE#         110
  C:4A1DH         LINE#         112
  C:4A20H         LINE#         113
  C:4A22H         LINE#         114
  C:4A24H         LINE#         115
  C:4A28H         LINE#         116
  -------         ENDPROC       _NVM_DATA_WRITE_BYTE
  -------         PROC          _FLASH_WRITE_U8
  X:02FFH         SYMBOL        addr
  X:0301H         SYMBOL        in_data
  C:4D1FH         LINE#         118
  C:4D2CH         LINE#         119
  C:4D2CH         LINE#         121
  C:4D33H         LINE#         122
  C:4D3BH         LINE#         124
  -------         ENDPROC       _FLASH_WRITE_U8
  -------         PROC          _FLASH_WRITE_U16
  X:02C0H         SYMBOL        addr
  X:02C2H         SYMBOL        in_data
  -------         DO            
BL51 BANKED LINKER/LOCATER V5.12                                                      09/22/2022  13:08:06  PAGE 24


  X:02C4H         SYMBOL        ptr
  D:0004H         SYMBOL        i
  X:02C7H         SYMBOL        aux
  -------         ENDDO         
  C:492DH         LINE#         127
  C:493DH         LINE#         128
  C:493DH         LINE#         134
  C:4948H         LINE#         135
  C:4956H         LINE#         136
  C:4982H         LINE#         137
  C:4991H         LINE#         140
  C:499FH         LINE#         141
  C:49A1H         LINE#         142
  C:49A1H         LINE#         143
  C:49B1H         LINE#         144
  C:49B6H         LINE#         145
  -------         ENDPROC       _FLASH_WRITE_U16
  -------         PROC          _FLASH_WRITE_U32
  X:0294H         SYMBOL        addr
  X:0296H         SYMBOL        in_data
  -------         DO            
  X:029AH         SYMBOL        ptr
  D:0004H         SYMBOL        i
  X:029DH         SYMBOL        aux
  -------         ENDDO         
  C:4635H         LINE#         147
  C:463DH         LINE#         148
  C:463DH         LINE#         154
  C:4646H         LINE#         155
  C:4654H         LINE#         156
  C:46ACH         LINE#         157
  C:46B2H         LINE#         160
  C:46C0H         LINE#         161
  C:46C2H         LINE#         162
  C:46C2H         LINE#         163
  C:46D2H         LINE#         164
  C:46D7H         LINE#         165
  -------         ENDPROC       _FLASH_WRITE_U32
  -------         PROC          _FLASH_WRITE_FLOAT32
  X:02A1H         SYMBOL        addr
  X:02A3H         SYMBOL        in_data
  -------         DO            
  X:02A7H         SYMBOL        ptr
  D:0004H         SYMBOL        i
  X:02AAH         SYMBOL        aux
  -------         ENDDO         
  C:458FH         LINE#         167
  C:4597H         LINE#         168
  C:4597H         LINE#         174
  C:45A0H         LINE#         175
  C:45AEH         LINE#         176
  C:4606H         LINE#         177
  C:460CH         LINE#         180
  C:461AH         LINE#         181
  C:461CH         LINE#         182
  C:461CH         LINE#         183
  C:462FH         LINE#         184
BL51 BANKED LINKER/LOCATER V5.12                                                      09/22/2022  13:08:06  PAGE 25


  C:4634H         LINE#         185
  -------         ENDPROC       _FLASH_WRITE_FLOAT32
  -------         PROC          _E2ROM_ERASE
  D:0006H         SYMBOL        addr
  -------         DO            
  X:0302H         SYMBOL        i
  X:0303H         SYMBOL        flash_addr
  B:0021H.2       SYMBOL        ea_save
  -------         ENDDO         
  C:4A81H         LINE#         192
  C:4A81H         LINE#         193
  C:4A86H         LINE#         196
  C:4A8CH         LINE#         197
  C:4A90H         LINE#         198
  C:4A92H         LINE#         199
  C:4A98H         LINE#         200
  C:4A9CH         LINE#         202
  C:4A9FH         LINE#         203
  C:4AA1H         LINE#         204
  C:4AA3H         LINE#         206
  C:4AAFH         LINE#         207
  C:4AB2H         LINE#         208
  C:4AB5H         LINE#         210
  C:4AB8H         LINE#         211
  C:4ABBH         LINE#         212
  C:4ABEH         LINE#         214
  C:4ACAH         LINE#         215
  C:4ACDH         LINE#         217
  C:4AD0H         LINE#         218
  C:4AD2H         LINE#         219
  C:4AD4H         LINE#         220
  C:4AD8H         LINE#         221
  -------         ENDPROC       _E2ROM_ERASE
  C:3B65H         SYMBOL        L?0060
  -------         PROC          L?0059
  -------         ENDPROC       L?0059
  C:3B65H         SYMBOL        L?0060
  -------         PROC          _CLEARTHISBUTALL
  X:02C9H         SYMBOL        Address
  X:02CBH         SYMBOL        IntCount
  -------         DO            
  X:02CDH         SYMBOL        Aux
  X:02CEH         SYMBOL        i
  D:0002H         SYMBOL        Page
  X:02D0H         SYMBOL        SizePage
  -------         ENDDO         
  C:3B6CH         LINE#         223
  C:3B7CH         LINE#         224
  C:3B81H         LINE#         225
  C:3B85H         LINE#         227
  C:3B8CH         LINE#         230
  C:3B92H         LINE#         231
  C:3B9DH         LINE#         235
  C:3BB4H         LINE#         236
  C:3BC2H         LINE#         237
  C:3BC9H         LINE#         238
  C:3BD9H         LINE#         242
BL51 BANKED LINKER/LOCATER V5.12                                                      09/22/2022  13:08:06  PAGE 26


  C:3BF6H         LINE#         243
  C:3C08H         LINE#         244
  C:3C1AH         LINE#         245
  C:3C3CH         LINE#         246
  C:3C4CH         LINE#         250
  C:3C53H         LINE#         254
  C:3C70H         LINE#         255
  C:3C8BH         LINE#         256
  C:3C9BH         LINE#         260
  -------         ENDPROC       _CLEARTHISBUTALL
  -------         ENDMOD        DATA_NVM_5219_VC_DEC09_13

  -------         MODULE        DVR_SCALE
  C:0000H         SYMBOL        _ICE_DUMMY_
  D:0080H         PUBLIC        P0
  D:0090H         PUBLIC        P1
  D:00A0H         PUBLIC        P2
  D:00B0H         PUBLIC        P3
  D:00A8H         PUBLIC        IE
  D:00AAH         PUBLIC        WD_TA
  X:0000H         PUBLIC        fWeightScaleBefore
  D:00B8H         PUBLIC        IP
  C:1B4AH         PUBLIC        vWeight_Positive
  X:0004H         PUBLIC        iCounterZeroTracking
  C:1E9CH         PUBLIC        _cOnOffModeTara
  C:21DBH         PUBLIC        _fStablePoint
  D:0098H         PUBLIC        SCON
  D:0088H         PUBLIC        TCON
  X:0006H         PUBLIC        fWeightScale
  C:36EBH         PUBLIC        cSetZeroPoint
  C:4366H         SYMBOL        _?ix1000
  C:436CH         SYMBOL        _?ix1001
  C:2D66H         PUBLIC        _cRun_Scale
  C:4C9CH         PUBLIC        vSetZero
  C:2A9AH         PUBLIC        _vSaveParamScale
  X:000AH         PUBLIC        stScaleParam
  X:0090H         PUBLIC        fWeightLight
  X:0094H         PUBLIC        srFlagScale
  C:27BEH         PUBLIC        vCalibrate_Scale
  C:3884H         PUBLIC        _vGetZeroTracking
  C:31E8H         PUBLIC        vReadParamScale
  C:3554H         PUBLIC        vCalculate_Weight
  C:24D7H         PUBLIC        _vPreConfiguration
  D:00C8H         PUBLIC        T2CON
  C:1798H         PUBLIC        fSleep_Run
  D:00D0H         PUBLIC        PSW
  C:40E9H         PUBLIC        vWeight_Negative
  C:13CBH         PUBLIC        _fCuentasToPeso
  D:00A9H         PUBLIC        WDCON
  -------         PROC          VREADPARAMSCALE
  C:31E8H         LINE#         106
  C:31E8H         LINE#         107
  C:31F5H         LINE#         108
  C:3202H         LINE#         109
  C:320FH         LINE#         110
  C:3219H         LINE#         112
  C:3225H         LINE#         113
BL51 BANKED LINKER/LOCATER V5.12                                                      09/22/2022  13:08:06  PAGE 27


  C:3231H         LINE#         114
  C:323DH         LINE#         115
  C:3249H         LINE#         116
  C:3258H         LINE#         117
  C:3267H         LINE#         118
  C:3276H         LINE#         119
  C:3285H         LINE#         120
  C:3294H         LINE#         121
  C:32A0H         LINE#         122
  C:32ACH         LINE#         123
  C:32B8H         LINE#         125
  C:32C1H         LINE#         126
  C:32C4H         LINE#         127
  C:32C6H         LINE#         128
  C:32C9H         LINE#         129
  C:32C9H         LINE#         131
  C:32D5H         LINE#         133
  C:32DAH         LINE#         134
  C:32DDH         LINE#         135
  C:32DFH         LINE#         136
  C:32E2H         LINE#         137
  C:32E2H         LINE#         139
  C:32EEH         LINE#         140
  C:32F3H         LINE#         141
  C:32FFH         LINE#         142
  C:330BH         LINE#         143
  C:3317H         LINE#         145
  C:3326H         LINE#         146
  C:3335H         LINE#         148
  C:3341H         LINE#         150
  C:3350H         LINE#         152
  C:335CH         LINE#         154
  C:3368H         LINE#         156
  C:3377H         LINE#         158
  C:3384H         LINE#         160
  C:3390H         LINE#         162
  C:339CH         LINE#         164
  C:33A8H         LINE#         166
  -------         ENDPROC       VREADPARAMSCALE
  -------         PROC          _VSAVEPARAMSCALE
  D:0007H         SYMBOL        cType_Parameter
  C:2A9AH         LINE#         176
  C:2A9AH         LINE#         178
  C:2AA0H         LINE#         179
  C:2AA6H         LINE#         181
  C:2ACFH         LINE#         183
  C:2ACFH         LINE#         184
  C:2AD8H         LINE#         185
  C:2AF3H         LINE#         186
  C:2B0EH         LINE#         187
  C:2B29H         LINE#         188
  C:2B29H         LINE#         189
  C:2B2BH         LINE#         191
  C:2B2BH         LINE#         192
  C:2B35H         LINE#         193
  C:2B38H         LINE#         195
  C:2B38H         LINE#         197
BL51 BANKED LINKER/LOCATER V5.12                                                      09/22/2022  13:08:06  PAGE 28


  C:2B44H         LINE#         198
  C:2B50H         LINE#         199
  C:2B5FH         LINE#         200
  C:2B6EH         LINE#         201
  C:2B7DH         LINE#         202
  C:2B8CH         LINE#         203
  C:2B9BH         LINE#         204
  C:2BA7H         LINE#         205
  C:2BB3H         LINE#         206
  C:2BBFH         LINE#         207
  C:2BCBH         LINE#         208
  C:2BD7H         LINE#         209
  C:2BE3H         LINE#         210
  C:2BEFH         LINE#         211
  C:2BFBH         LINE#         212
  C:2C0AH         LINE#         213
  C:2C16H         LINE#         214
  C:2C22H         LINE#         215
  C:2C31H         LINE#         216
  C:2C4CH         LINE#         217
  C:2C58H         LINE#         218
  C:2C64H         LINE#         219
  C:2C70H         LINE#         220
  C:2C7CH         LINE#         221
  C:2C83H         LINE#         223
  C:2C86H         LINE#         225
  C:2C86H         LINE#         226
  C:2C92H         LINE#         227
  C:2C94H         LINE#         229
  C:2C94H         LINE#         230
  C:2CAAH         LINE#         231
  C:2CADH         LINE#         233
  C:2CADH         LINE#         234
  C:2CBCH         LINE#         235
  C:2CBFH         LINE#         237
  C:2CBFH         LINE#         238
  C:2CCEH         LINE#         239
  C:2CE4H         LINE#         240
  C:2CE6H         LINE#         242
  C:2CE6H         LINE#         243
  C:2D01H         LINE#         244
  C:2D17H         LINE#         245
  C:2D19H         LINE#         247
  C:2D19H         LINE#         248
  C:2D31H         LINE#         249
  C:2D33H         LINE#         251
  C:2D33H         LINE#         252
  C:2D4EH         LINE#         253
  C:2D50H         LINE#         255
  C:2D50H         LINE#         256
  C:2D5CH         LINE#         257
  C:2D5CH         LINE#         258
  C:2D5CH         LINE#         261
  C:2D61H         LINE#         262
  C:2D65H         LINE#         263
  -------         ENDPROC       _VSAVEPARAMSCALE
  -------         PROC          L?0295
BL51 BANKED LINKER/LOCATER V5.12                                                      09/22/2022  13:08:06  PAGE 29


  -------         ENDPROC       L?0295
  -------         PROC          _FSTABLEPOINT
  X:0259H         SYMBOL        cSetCountBack
  X:025AH         SYMBOL        cShowCount
  X:025BH         SYMBOL        cRunStable
  -------         DO            
  X:025CH         SYMBOL        cCountReading
  X:025DH         SYMBOL        cNumber_Count
  X:025EH         SYMBOL        cCountBack
  X:0262H         SYMBOL        fActualWeightAdc
  X:0266H         SYMBOL        fWeightAdc
  X:026AH         SYMBOL        fLimitRange
  X:026EH         SYMBOL        i
  -------         ENDDO         
  C:21DBH         LINE#         277
  C:21E8H         LINE#         279
  C:21EDH         LINE#         280
  C:21EFH         LINE#         281
  C:21F6H         LINE#         282
  C:2200H         LINE#         283
  C:220AH         LINE#         284
  C:2219H         LINE#         285
  C:2220H         LINE#         287
  C:2224H         LINE#         289
  C:222BH         LINE#         290
  C:2231H         LINE#         291
  C:2231H         LINE#         293
  C:223AH         LINE#         295
  C:2257H         LINE#         297
  C:225AH         LINE#         300
  C:2265H         LINE#         301
  C:2279H         LINE#         302
  C:2284H         LINE#         303
  C:228FH         LINE#         304
  C:229AH         LINE#         305
  C:229CH         LINE#         306
  C:22C3H         LINE#         307
  C:22EBH         LINE#         308
  C:2312H         LINE#         309
  C:2312H         LINE#         310
  C:2312H         LINE#         312
  C:2320H         LINE#         314
  C:2326H         LINE#         315
  C:2326H         LINE#         316
  C:2329H         LINE#         317
  C:2329H         LINE#         321
  C:238FH         LINE#         322
  C:238FH         LINE#         323
  C:2395H         LINE#         327
  C:23A3H         LINE#         328
  C:23C7H         LINE#         329
  C:23CCH         LINE#         330
  C:23CCH         LINE#         331
  C:23CFH         LINE#         334
  C:23DAH         LINE#         335
  C:23DDH         LINE#         336
  C:23E8H         LINE#         337
BL51 BANKED LINKER/LOCATER V5.12                                                      09/22/2022  13:08:06  PAGE 30


  C:23F3H         LINE#         338
  C:243FH         LINE#         339
  C:248BH         LINE#         340
  C:248BH         LINE#         341
  C:2490H         LINE#         342
  C:249FH         LINE#         343
  C:24ADH         LINE#         345
  C:24B6H         LINE#         346
  C:24BBH         LINE#         347
  C:24C2H         LINE#         348
  C:24C2H         LINE#         349
  C:24C2H         LINE#         350
  C:24C2H         LINE#         352
  C:24C8H         LINE#         353
  C:24D6H         LINE#         354
  -------         ENDPROC       _FSTABLEPOINT
  -------         PROC          CSETZEROPOINT
  -------         DO            
  X:02D2H         SYMBOL        fWeightPlate
  X:02D6H         SYMBOL        fPointZero
  -------         ENDDO         
  C:36EBH         LINE#         368
  C:36EBH         LINE#         371
  C:36F5H         LINE#         372
  C:36FFH         LINE#         374
  C:370CH         LINE#         376
  C:3712H         LINE#         377
  C:3715H         LINE#         378
  C:3715H         LINE#         381
  C:373AH         LINE#         383
  C:3743H         LINE#         385
  C:37C7H         LINE#         386
  C:37C7H         LINE#         389
  C:37CAH         LINE#         390
  C:37D5H         LINE#         391
  C:37E0H         LINE#         395
  C:37E0H         LINE#         396
  C:37E9H         LINE#         397
  C:37F5H         LINE#         398
  C:37F8H         LINE#         399
  C:37F8H         LINE#         400
  C:37F8H         LINE#         401
  C:37F8H         LINE#         402
  C:37F8H         LINE#         404
  C:383CH         LINE#         407
  C:383FH         LINE#         408
  C:384AH         LINE#         412
  C:384AH         LINE#         413
  C:3853H         LINE#         414
  C:385FH         LINE#         415
  C:3862H         LINE#         416
  C:3862H         LINE#         417
  C:3862H         LINE#         419
  C:3862H         LINE#         420
  C:3876H         LINE#         421
  C:3876H         LINE#         423
  C:3878H         LINE#         424
BL51 BANKED LINKER/LOCATER V5.12                                                      09/22/2022  13:08:06  PAGE 31


  -------         ENDPROC       CSETZEROPOINT
  -------         PROC          _CONOFFMODETARA
  X:022AH         SYMBOL        fWeightTara
  -------         DO            
  X:022EH         SYMBOL        fAdcCountTara
  X:0232H         SYMBOL        fLimite_Inf
  X:0236H         SYMBOL        fLimite_Sup
  X:023AH         SYMBOL        fWeightZero
  X:023EH         SYMBOL        AuxTara
  -------         ENDDO         
  C:1E9CH         LINE#         441
  C:1EA2H         LINE#         443
  C:1EACH         LINE#         444
  C:1EB6H         LINE#         445
  C:1EC0H         LINE#         446
  C:1ECAH         LINE#         447
  C:1ED4H         LINE#         449
  C:1EDDH         LINE#         451
  C:1EE8H         LINE#         453
  C:1F04H         LINE#         454
  C:1F0DH         LINE#         456
  C:1F13H         LINE#         457
  C:1F50H         LINE#         458
  C:1F50H         LINE#         459
  C:1F50H         LINE#         460
  C:1F50H         LINE#         461
  C:1F52H         LINE#         462
  C:1F73H         LINE#         463
  C:1F87H         LINE#         464
  C:1F8DH         LINE#         465
  C:1F8DH         LINE#         466
  C:1F8DH         LINE#         467
  C:1F8EH         LINE#         468
  C:1F94H         LINE#         469
  C:1FD1H         LINE#         470
  C:1FD1H         LINE#         471
  C:1FD1H         LINE#         472
  C:1FD3H         LINE#         473
  C:1FF6H         LINE#         474
  C:200AH         LINE#         475
  C:200AH         LINE#         476
  C:200AH         LINE#         477
  C:200AH         LINE#         478
  C:2025H         LINE#         480
  C:202EH         LINE#         481
  C:204CH         LINE#         483
  C:2057H         LINE#         484
  C:2085H         LINE#         485
  C:20B0H         LINE#         486
  C:20E3H         LINE#         487
  C:20EFH         LINE#         488
  C:20F9H         LINE#         489
  C:20FCH         LINE#         490
  C:2105H         LINE#         491
  C:210FH         LINE#         492
  C:210FH         LINE#         493
  C:2111H         LINE#         494
BL51 BANKED LINKER/LOCATER V5.12                                                      09/22/2022  13:08:06  PAGE 32


  C:211AH         LINE#         495
  C:214CH         LINE#         496
  C:214CH         LINE#         498
  C:2190H         LINE#         499
  C:2197H         LINE#         500
  C:21A1H         LINE#         501
  C:21A6H         LINE#         502
  C:21BAH         LINE#         503
  C:21D4H         LINE#         504
  C:21D4H         LINE#         505
  C:21D4H         LINE#         506
  C:21D4H         LINE#         508
  C:21D4H         LINE#         509
  -------         ENDPROC       _CONOFFMODETARA
  -------         PROC          VSETZERO
  -------         DO            
  X:02F8H         SYMBOL        fWeightZero
  -------         ENDDO         
  C:4C9CH         LINE#         518
  C:4C9CH         LINE#         519
  C:4CA6H         LINE#         522
  C:4CAFH         LINE#         524
  C:4CB6H         LINE#         525
  C:4CCAH         LINE#         526
  C:4CCAH         LINE#         527
  -------         ENDPROC       VSETZERO
  -------         PROC          L?0294
  -------         ENDPROC       L?0294
  -------         PROC          _VGETZEROTRACKING
  X:02DAH         SYMBOL        fActualWeightScale
  -------         DO            
  X:02DEH         SYMBOL        fValor_Limite
  -------         ENDDO         
  C:3884H         LINE#         536
  C:388AH         LINE#         537
  C:3894H         LINE#         540
  C:389BH         LINE#         541
  C:38C6H         LINE#         542
  C:38F3H         LINE#         543
  C:38F5H         LINE#         544
  C:3909H         LINE#         546
  C:3926H         LINE#         548
  C:393EH         LINE#         549
  C:395CH         LINE#         550
  C:395CH         LINE#         552
  C:39C2H         LINE#         553
  C:39C2H         LINE#         555
  C:39D0H         LINE#         556
  C:39E1H         LINE#         557
  C:39F5H         LINE#         558
  C:39F5H         LINE#         559
  C:39F5H         LINE#         560
  C:39FCH         LINE#         561
  C:39FCH         LINE#         562
  -------         ENDPROC       _VGETZEROTRACKING
  -------         PROC          VCALIBRATE_SCALE
  -------         DO            
BL51 BANKED LINKER/LOCATER V5.12                                                      09/22/2022  13:08:06  PAGE 33


  X:01B5H         SYMBOL        fAux_Value
  X:01B9H         SYMBOL        fAuxCountAdcInicial
  X:01BDH         SYMBOL        fAuxCountAdcFinal
  X:01C1H         SYMBOL        fAuxCountDif
  -------         ENDDO         
  C:27BEH         LINE#         572
  C:27BEH         LINE#         573
  C:27C8H         LINE#         574
  C:27D2H         LINE#         575
  C:27DCH         LINE#         576
  C:27E6H         LINE#         578
  C:27F4H         LINE#         581
  C:27F7H         LINE#         583
  C:2802H         LINE#         584
  C:280DH         LINE#         585
  C:2818H         LINE#         594
  C:282AH         LINE#         604
  C:283EH         LINE#         605
  C:2845H         LINE#         607
  C:2848H         LINE#         609
  C:2853H         LINE#         610
  C:285EH         LINE#         611
  C:2869H         LINE#         619
  C:287BH         LINE#         624
  C:288FH         LINE#         626
  C:28B2H         LINE#         627
  C:28F0H         LINE#         629
  C:2915H         LINE#         630
  C:2953H         LINE#         632
  C:2965H         LINE#         633
  C:2977H         LINE#         634
  C:29B8H         LINE#         635
  C:29F3H         LINE#         636
  C:2A18H         LINE#         638
  C:2A30H         LINE#         639
  C:2A4EH         LINE#         640
  C:2A4EH         LINE#         642
  C:2A51H         LINE#         644
  C:2A5CH         LINE#         645
  C:2A67H         LINE#         647
  C:2A70H         LINE#         648
  C:2A7BH         LINE#         670
  C:2A7EH         LINE#         671
  C:2A81H         LINE#         673
  C:2A87H         LINE#         674
  C:2A8CH         LINE#         676
  C:2A97H         LINE#         678
  -------         ENDPROC       VCALIBRATE_SCALE
  -------         PROC          _VPRECONFIGURATION
  X:0305H         SYMBOL        cPreConfiguration
  -------         DO            
  X:0306H         SYMBOL        Value_Key_Press
  X:0307H         SYMBOL        cIndex
  -------         ENDDO         
  C:24D7H         LINE#         690
  C:24DCH         LINE#         693
  C:24E1H         LINE#         695
BL51 BANKED LINKER/LOCATER V5.12                                                      09/22/2022  13:08:06  PAGE 34


  C:24E6H         LINE#         697
  C:24E9H         LINE#         699
  C:24EFH         LINE#         700
  C:24F1H         LINE#         702
  C:24F7H         LINE#         703
  C:24FEH         LINE#         704
  C:24FEH         LINE#         705
  C:24FEH         LINE#         706
  C:24FEH         LINE#         707
  C:24FEH         LINE#         708
  C:24FEH         LINE#         709
  C:24FEH         LINE#         710
  C:24FEH         LINE#         711
  C:2507H         LINE#         712
  C:250FH         LINE#         713
  C:250FH         LINE#         714
  C:250FH         LINE#         715
  C:250FH         LINE#         716
  C:250FH         LINE#         717
  C:250FH         LINE#         718
  C:250FH         LINE#         719
  C:250FH         LINE#         720
  C:2518H         LINE#         721
  C:2520H         LINE#         722
  C:2520H         LINE#         723
  C:2520H         LINE#         724
  C:2520H         LINE#         725
  C:2520H         LINE#         726
  C:2520H         LINE#         727
  C:2520H         LINE#         728
[...]
  C:1C7FH         LINE#         1066
  C:1C81H         LINE#         1067
  C:1C8AH         LINE#         1068
  C:1C95H         LINE#         1069
  C:1C95H         LINE#         1071
  C:1C9BH         LINE#         1072
  C:1CA0H         LINE#         1073
  C:1CA6H         LINE#         1074
  C:1CAFH         LINE#         1075
  C:1CB1H         LINE#         1077
  C:1CE6H         LINE#         1078
  C:1D0BH         LINE#         1079
  C:1D10H         LINE#         1080
  C:1D10H         LINE#         1084
  C:1D10H         LINE#         1085
  C:1D15H         LINE#         1088
  C:1D32H         LINE#         1091
  C:1D38H         LINE#         1092
BL51 BANKED LINKER/LOCATER V5.12                                                      09/22/2022  13:08:06  PAGE 39


  C:1D68H         LINE#         1093
  C:1D72H         LINE#         1094
  C:1D77H         LINE#         1095
  C:1D7BH         LINE#         1096
  C:1D7FH         LINE#         1097
  C:1D7FH         LINE#         1098
  C:1D7FH         LINE#         1100
  C:1D7FH         LINE#         1103
  C:1D7FH         LINE#         1105
  C:1D93H         LINE#         1108
  C:1DB7H         LINE#         1109
  C:1DB9H         LINE#         1110
  C:1DB9H         LINE#         1112
  C:1DD1H         LINE#         1113
  C:1DD5H         LINE#         1114
  C:1DD7H         LINE#         1115
  C:1DE6H         LINE#         1116
  C:1DE6H         LINE#         1118
  C:1E0BH         LINE#         1124
  C:1E4DH         LINE#         1125
  C:1E58H         LINE#         1126
  C:1E58H         LINE#         1127
  C:1E72H         LINE#         1128
  C:1E8BH         LINE#         1129
  C:1E8DH         LINE#         1130
  C:1E9BH         LINE#         1131
  C:1E9BH         LINE#         1132
  C:1E9BH         LINE#         1133
  C:1E9BH         LINE#         1134
  -------         ENDPROC       VWEIGHT_POSITIVE
  -------         PROC          VWEIGHT_NEGATIVE
  C:40E9H         LINE#         1144
  C:40E9H         LINE#         1146
  C:40EFH         LINE#         1147
  C:40F4H         LINE#         1150
  C:4144H         LINE#         1151
  C:4161H         LINE#         1152
  C:4163H         LINE#         1153
  C:416EH         LINE#         1154
  C:416EH         LINE#         1156
  C:4174H         LINE#         1157
  C:417AH         LINE#         1158
  C:417CH         LINE#         1159
  C:4186H         LINE#         1160
  C:418BH         LINE#         1161
  C:4195H         LINE#         1162
  C:41A0H         LINE#         1163
  C:41A0H         LINE#         1165
  C:41B8H         LINE#         1166
  C:41BCH         LINE#         1167
  C:41BEH         LINE#         1168
  C:41CDH         LINE#         1169
  C:41CDH         LINE#         1172
  -------         ENDPROC       VWEIGHT_NEGATIVE
  -------         PROC          VCALCULATE_WEIGHT
  -------         DO            
  X:030AH         SYMBOL        i
BL51 BANKED LINKER/LOCATER V5.12                                                      09/22/2022  13:08:06  PAGE 40


  X:030BH         SYMBOL        cCountPrecioFijo
  -------         ENDDO         
  C:3554H         LINE#         1184
  C:3554H         LINE#         1189
  C:355BH         LINE#         1191
  C:3564H         LINE#         1192
  C:3567H         LINE#         1193
  C:3569H         LINE#         1194
  C:3569H         LINE#         1195
  C:356CH         LINE#         1196
  C:356CH         LINE#         1198
  C:3586H         LINE#         1199
  C:3591H         LINE#         1200
  C:3599H         LINE#         1202
  C:35A8H         LINE#         1203
  C:35B3H         LINE#         1205
  C:35B3H         LINE#         1208
  C:35C0H         LINE#         1209
  C:35C6H         LINE#         1210
  C:35C6H         LINE#         1212
  C:35DAH         LINE#         1214
  C:35EEH         LINE#         1217
  C:3613H         LINE#         1218
  C:3627H         LINE#         1220
  C:362EH         LINE#         1221
  C:3631H         LINE#         1222
  C:3633H         LINE#         1224
  C:363AH         LINE#         1225
  C:364EH         LINE#         1226
  C:3673H         LINE#         1227
  C:3679H         LINE#         1228
  C:3680H         LINE#         1229
  C:3680H         LINE#         1230
  C:3680H         LINE#         1231
  C:3697H         LINE#         1232
  C:3697H         LINE#         1234
  C:36B5H         LINE#         1235
  C:36BAH         LINE#         1236
  C:36D4H         LINE#         1237
  C:36D8H         LINE#         1238
  C:36D8H         LINE#         1240
  C:36EAH         LINE#         1241
  -------         ENDPROC       VCALCULATE_WEIGHT
  C:139DH         SYMBOL        L?0293
  -------         PROC          L?0292
  -------         ENDPROC       L?0292
  C:139DH         SYMBOL        L?0293
  -------         PROC          _FCUENTASTOPESO
  X:0211H         SYMBOL        fCountADC
  -------         DO            
  X:0215H         SYMBOL        fAuxFactorC
  X:0219H         SYMBOL        fPesoFinal
  X:021DH         SYMBOL        fPesoAux
  X:0221H         SYMBOL        iAuxPeso
  X:0225H         SYMBOL        arfFactorMult
  X:0229H         SYMBOL        cFlagNeg
  -------         ENDDO         
BL51 BANKED LINKER/LOCATER V5.12                                                      09/22/2022  13:08:06  PAGE 41


  C:13CBH         LINE#         1250
  C:13D1H         LINE#         1252
  C:13DBH         LINE#         1253
  C:13E5H         LINE#         1254
  C:13EFH         LINE#         1255
  C:13F9H         LINE#         1256
  C:1403H         LINE#         1257
  C:1408H         LINE#         1259
  C:141FH         LINE#         1260
  C:1425H         LINE#         1261
  C:1443H         LINE#         1262
  C:1443H         LINE#         1264
  C:1449H         LINE#         1265
  C:1488H         LINE#         1266
  C:1496H         LINE#         1267
  C:1499H         LINE#         1268
  C:14CAH         LINE#         1269
  C:14D4H         LINE#         1270
  C:1505H         LINE#         1271
  C:1544H         LINE#         1272
  C:156BH         LINE#         1273
  C:156EH         LINE#         1274
  C:159FH         LINE#         1275
  C:15D0H         LINE#         1276
  C:160FH         LINE#         1277
  C:1636H         LINE#         1278
  C:1638H         LINE#         1279
  C:1638H         LINE#         1280
  C:1677H         LINE#         1281
  C:169CH         LINE#         1282
  C:169CH         LINE#         1283
  C:169CH         LINE#         1285
  C:16B3H         LINE#         1287
  C:16F2H         LINE#         1288
  C:173CH         LINE#         1289
  C:1765H         LINE#         1291
  C:176BH         LINE#         1292
  C:1789H         LINE#         1293
  C:1789H         LINE#         1295
  C:1797H         LINE#         1296
  -------         ENDPROC       _FCUENTASTOPESO
  -------         PROC          FSLEEP_RUN
  -------         DO            
  X:0186H         SYMBOL        fWeightScale
  X:018AH         SYMBOL        fValueReturn
  X:018EH         SYMBOL        fLimite
  X:0192H         SYMBOL        i
  X:0194H         SYMBOL        cFlag_Continue
  X:0195H         SYMBOL        strMsgSaveBatt
  X:01A5H         SYMBOL        strSave
  X:01ABH         SYMBOL        strBatt
  X:01B2H         SYMBOL        cDataTemp
  X:01B3H         SYMBOL        cDataTemp1
  X:01B4H         SYMBOL        bStatus_Battery
  -------         ENDDO         
  C:1798H         LINE#         1303
  C:1798H         LINE#         1305
BL51 BANKED LINKER/LOCATER V5.12                                                      09/22/2022  13:08:06  PAGE 42


  C:17A2H         LINE#         1306
  C:17ACH         LINE#         1307
  C:17B6H         LINE#         1308
  C:17BDH         LINE#         1309
  C:17C0H         LINE#         1313
  C:17D2H         LINE#         1314
  C:17E5H         LINE#         1315
  C:17EAH         LINE#         1316
  C:17ECH         LINE#         1317
  C:17EEH         LINE#         1320
  C:17FDH         LINE#         1322
  C:1814H         LINE#         1324
  C:181FH         LINE#         1326
  C:1837H         LINE#         1327
  C:1842H         LINE#         1328
  C:1859H         LINE#         1329
  C:186CH         LINE#         1330
  C:1888H         LINE#         1331
  C:1888H         LINE#         1332
  C:1898H         LINE#         1334
  C:18A0H         LINE#         1336
  C:18A6H         LINE#         1337
  C:18B1H         LINE#         1338
  C:18BCH         LINE#         1339
  C:18CFH         LINE#         1341
  C:18D8H         LINE#         1343
  C:18DEH         LINE#         1344
  C:18E2H         LINE#         1345
  C:18EEH         LINE#         1347
  C:18F9H         LINE#         1350
  C:1906H         LINE#         1351
  C:190CH         LINE#         1352
  C:190CH         LINE#         1354
  C:1920H         LINE#         1357
  C:1945H         LINE#         1358
  C:1957H         LINE#         1359
  C:196EH         LINE#         1361
  C:19BAH         LINE#         1362
  C:19BFH         LINE#         1363
  C:19C7H         LINE#         1364
  C:19CCH         LINE#         1365
  C:19CFH         LINE#         1366
  C:19CFH         LINE#         1368
  C:19D8H         LINE#         1371
  C:19E0H         LINE#         1373
  C:19E2H         LINE#         1374
  C:19E5H         LINE#         1375
  C:19E7H         LINE#         1376
  C:19ECH         LINE#         1377
  C:19ECH         LINE#         1379
  C:19F5H         LINE#         1382
  C:19FDH         LINE#         1384
  C:1A04H         LINE#         1385
  C:1A23H         LINE#         1386
  C:1A3DH         LINE#         1388
  C:1A45H         LINE#         1390
  C:1A5EH         LINE#         1391
BL51 BANKED LINKER/LOCATER V5.12                                                      09/22/2022  13:08:06  PAGE 43


  C:1A69H         LINE#         1392
  C:1A80H         LINE#         1393
  C:1A93H         LINE#         1394
  C:1AAFH         LINE#         1395
  C:1AAFH         LINE#         1396
  C:1ABFH         LINE#         1398
  C:1ACAH         LINE#         1399
  C:1AD5H         LINE#         1400
  C:1AE0H         LINE#         1401
  C:1AE0H         LINE#         1403
  C:1AEBH         LINE#         1404
  C:1AEBH         LINE#         1405
  C:1AF3H         LINE#         1406
  C:1AF8H         LINE#         1407
  C:1AFBH         LINE#         1408
  C:1AFBH         LINE#         1410
  C:1B01H         LINE#         1411
  C:1B05H         LINE#         1412
  C:1B05H         LINE#         1414
  C:1B1BH         LINE#         1415
  C:1B1FH         LINE#         1416
  C:1B23H         LINE#         1417
  C:1B23H         LINE#         1418
  C:1B26H         LINE#         1420
  C:1B2CH         LINE#         1421
  C:1B3BH         LINE#         1422
  C:1B3BH         LINE#         1428
  C:1B49H         LINE#         1429
  -------         ENDPROC       FSLEEP_RUN
  -------         ENDMOD        DVR_SCALE

  -------         MODULE        ?C?FPADD
  C:0015H         PUBLIC        ?C?FPADD
  C:0011H         PUBLIC        ?C?FPSUB
  -------         ENDMOD        ?C?FPADD

  -------         MODULE        ?C?FPMUL
  C:0106H         PUBLIC        ?C?FPMUL
  -------         ENDMOD        ?C?FPMUL

  -------         MODULE        ?C?FPDIV
  C:020FH         PUBLIC        ?C?FPDIV
  -------         ENDMOD        ?C?FPDIV

  -------         MODULE        ?C?FPCMP
  C:02AEH         PUBLIC        ?C?FPCMP
  C:02ACH         PUBLIC        ?C?FPCMP3
  -------         ENDMOD        ?C?FPCMP

  -------         MODULE        ?C?FCAST
  C:0323H         PUBLIC        ?C?FCASTC
  C:031EH         PUBLIC        ?C?FCASTI
  C:0319H         PUBLIC        ?C?FCASTL
  -------         ENDMOD        ?C?FCAST

  -------         MODULE        ?C?CASTF
  C:0357H         PUBLIC        ?C?CASTF
BL51 BANKED LINKER/LOCATER V5.12                                                      09/22/2022  13:08:06  PAGE 44


  -------         ENDMOD        ?C?CASTF

  -------         MODULE        PRINTF
  X:0156H         PUBLIC        ?_PRINTF?BYTE
  X:0156H         PUBLIC        ?_SPRINTF?BYTE
  C:0B59H         PUBLIC        _PRINTF
  C:0B53H         PUBLIC        _SPRINTF
  -------         ENDMOD        PRINTF

  -------         MODULE        POW
  X:01C5H         PUBLIC        ?_pow?BYTE
  C:39FDH         PUBLIC        _pow
  -------         ENDMOD        POW

  -------         MODULE        ?C?CHKFLOAT
  C:03D8H         PUBLIC        ?C?CHKFLOAT
  -------         ENDMOD        ?C?CHKFLOAT

  -------         MODULE        ?C?FPNEG
  C:03F2H         PUBLIC        ?C?FPNEG
  -------         ENDMOD        ?C?FPNEG

  -------         MODULE        ?C?FPROUND
  C:0403H         PUBLIC        ?C?FPROUND
  -------         ENDMOD        ?C?FPROUND

  -------         MODULE        ?C?FPCONVERT
  C:0440H         PUBLIC        ?C?FPCONVERT
  -------         ENDMOD        ?C?FPCONVERT

  -------         MODULE        EXP
  C:47B2H         PUBLIC        _EXP
  -------         ENDMOD        EXP

  -------         MODULE        LOG
  C:3CD6H         PUBLIC        _LOG
  C:3CD2H         PUBLIC        _LOG10
  -------         ENDMOD        LOG

  -------         MODULE        ?C?FTNPWR
  C:0575H         PUBLIC        ?C?FTNPWR
  -------         ENDMOD        ?C?FTNPWR

  -------         MODULE        ?C?COPY
  C:06D2H         PUBLIC        ?C?COPY
  -------         ENDMOD        ?C?COPY

  -------         MODULE        ?C?CLDPTR
  C:06F8H         PUBLIC        ?C?CLDPTR
  -------         ENDMOD        ?C?CLDPTR

  -------         MODULE        ?C?CLDOPTR
  C:0711H         PUBLIC        ?C?CLDOPTR
  -------         ENDMOD        ?C?CLDOPTR

  -------         MODULE        ?C?CSTPTR
  C:073EH         PUBLIC        ?C?CSTPTR
BL51 BANKED LINKER/LOCATER V5.12                                                      09/22/2022  13:08:06  PAGE 45


  -------         ENDMOD        ?C?CSTPTR

  -------         MODULE        ?C?IMUL
  C:0750H         PUBLIC        ?C?IMUL
  -------         ENDMOD        ?C?IMUL

  -------         MODULE        ?C?UIDIV
  C:0762H         PUBLIC        ?C?UIDIV
  -------         ENDMOD        ?C?UIDIV

  -------         MODULE        ?C?IILDX
  C:07B7H         PUBLIC        ?C?IILDX
  -------         ENDMOD        ?C?IILDX

  -------         MODULE        ?C?ILDIX
  C:07CDH         PUBLIC        ?C?ILDIX
  -------         ENDMOD        ?C?ILDIX

  -------         MODULE        ?C?LMUL
  C:07E3H         PUBLIC        ?C?LMUL
  -------         ENDMOD        ?C?LMUL

  -------         MODULE        ?C?LNEG
  C:0832H         PUBLIC        ?C?LNEG
  -------         ENDMOD        ?C?LNEG

  -------         MODULE        ?C?SLCMP
  C:0840H         PUBLIC        ?C?SLCMP
  -------         ENDMOD        ?C?SLCMP

  -------         MODULE        ?C?ULCMP
  C:0856H         PUBLIC        ?C?ULCMP
  -------         ENDMOD        ?C?ULCMP

  -------         MODULE        ?C?ULSHR
  C:0867H         PUBLIC        ?C?ULSHR
  -------         ENDMOD        ?C?ULSHR

  -------         MODULE        ?C?LLDPTR
  C:087AH         PUBLIC        ?C?LLDPTR
  -------         ENDMOD        ?C?LLDPTR

  -------         MODULE        ?C?LLDOPTR
  C:089AH         PUBLIC        ?C?LLDOPTR
  -------         ENDMOD        ?C?LLDOPTR

  -------         MODULE        ?C?LSTOPTR
  C:08CAH         PUBLIC        ?C?LSTOPTR
  -------         ENDMOD        ?C?LSTOPTR

  -------         MODULE        ?C?LLDCODE
  C:08EEH         PUBLIC        ?C?LLDCODE
  -------         ENDMOD        ?C?LLDCODE

  -------         MODULE        ?C?LLDXDATA0
  C:08FEH         PUBLIC        ?C?LLDXDATA0
  -------         ENDMOD        ?C?LLDXDATA0
BL51 BANKED LINKER/LOCATER V5.12                                                      09/22/2022  13:08:06  PAGE 46



  -------         MODULE        ?C?LLDCODE0
  C:090AH         PUBLIC        ?C?LLDCODE0
  -------         ENDMOD        ?C?LLDCODE0

  -------         MODULE        ?C?LSTXDATA
  C:091AH         PUBLIC        ?C?LSTXDATA
  -------         ENDMOD        ?C?LSTXDATA

  -------         MODULE        ?C?LSTKXDATA
  C:0926H         PUBLIC        ?C?LSTKXDATA
  -------         ENDMOD        ?C?LSTKXDATA

  -------         MODULE        ?C?PLDIXDATA
  C:0957H         PUBLIC        ?C?PLDIXDATA
  -------         ENDMOD        ?C?PLDIXDATA

  -------         MODULE        ?C?PSTXDATA
  C:096EH         PUBLIC        ?C?PSTXDATA
  -------         ENDMOD        ?C?PSTXDATA

  -------         MODULE        ?C?CCASE
  C:0977H         PUBLIC        ?C?CCASE
  -------         ENDMOD        ?C?CCASE

  -------         MODULE        PUTCHAR
  C:4D49H         PUBLIC        _PUTCHAR
  -------         ENDMOD        PUTCHAR

  -------         MODULE        ?C?STRCPY
  C:0A69H         PUBLIC        ?C?STRCPY
  -------         ENDMOD        ?C?STRCPY

  -------         MODULE        ?C?MEMSET
  C:0A86H         PUBLIC        ?C?MEMSET
  -------         ENDMOD        ?C?MEMSET

  -------         MODULE        ?C?LLDIDATA
  C:0AB2H         PUBLIC        ?C?LLDIDATA
  -------         ENDMOD        ?C?LLDIDATA

  -------         MODULE        ?C?LLDXDATA
  C:0ABEH         PUBLIC        ?C?LLDXDATA
  -------         ENDMOD        ?C?LLDXDATA

  -------         MODULE        ?C?LLDPDATA
  C:0ACAH         PUBLIC        ?C?LLDPDATA
  -------         ENDMOD        ?C?LLDPDATA

  -------         MODULE        ?C?LSTIDATA
  C:0AD6H         PUBLIC        ?C?LSTIDATA
  -------         ENDMOD        ?C?LSTIDATA

  -------         MODULE        ?C?LSTPDATA
  C:0AE2H         PUBLIC        ?C?LSTPDATA
  -------         ENDMOD        ?C?LSTPDATA

BL51 BANKED LINKER/LOCATER V5.12                                                      09/22/2022  13:08:06  PAGE 47


*** WARNING L16: UNCALLED SEGMENT, IGNORED FOR OVERLAY PROCESS
    SEGMENT: ?PR?CONVERTIDORADC?MAIN

*** WARNING L16: UNCALLED SEGMENT, IGNORED FOR OVERLAY PROCESS
    SEGMENT: ?PR?TESTEEPROM?MAIN

*** WARNING L16: UNCALLED SEGMENT, IGNORED FOR OVERLAY PROCESS
    SEGMENT: ?PR?LCD_GLASS_DEINIT?DVR_LCD_SDI1621

*** WARNING L16: UNCALLED SEGMENT, IGNORED FOR OVERLAY PROCESS
    SEGMENT: ?PR?LCD_GLASS_ALL_ON?DVR_LCD_SDI1621

*** WARNING L16: UNCALLED SEGMENT, IGNORED FOR OVERLAY PROCESS
    SEGMENT: ?PR?_FLASH_WRITE_U32?DATA_NVM_5219_VC_DEC09_13

*** WARNING L16: UNCALLED SEGMENT, IGNORED FOR OVERLAY PROCESS
    SEGMENT: ?PR?VREADPARAMSCALE?DVR_SCALE

*** WARNING L16: UNCALLED SEGMENT, IGNORED FOR OVERLAY PROCESS
    SEGMENT: ?PR?CSETZEROPOINT?DVR_SCALE

*** WARNING L16: UNCALLED SEGMENT, IGNORED FOR OVERLAY PROCESS
    SEGMENT: ?PR?_CONOFFMODETARA?DVR_SCALE

*** WARNING L16: UNCALLED SEGMENT, IGNORED FOR OVERLAY PROCESS
    SEGMENT: ?PR?VSETZERO?DVR_SCALE

*** WARNING L16: UNCALLED SEGMENT, IGNORED FOR OVERLAY PROCESS
    SEGMENT: ?PR?_VPRECONFIGURATION?DVR_SCALE

*** WARNING L16: UNCALLED SEGMENT, IGNORED FOR OVERLAY PROCESS
    SEGMENT: ?PR?_CRUN_SCALE?DVR_SCALE

*** WARNING L16: UNCALLED SEGMENT, IGNORED FOR OVERLAY PROCESS
    SEGMENT: ?PR?VCALCULATE_WEIGHT?DVR_SCALE

*** WARNING L1: UNRESOLVED EXTERNAL SYMBOL
    SYMBOL:  UGET_STATUS_VOLT
    MODULE:  dvr_scale.obj (DVR_SCALE)

*** WARNING L1: UNRESOLVED EXTERNAL SYMBOL
    SYMBOL:  VGESTORBATERIA
    MODULE:  dvr_scale.obj (DVR_SCALE)

*** WARNING L2: REFERENCE MADE TO UNRESOLVED EXTERNAL
    SYMBOL:  VGESTORBATERIA
    MODULE:  dvr_scale.obj (DVR_SCALE)
    ADDRESS: 1C53H

*** WARNING L2: REFERENCE MADE TO UNRESOLVED EXTERNAL
    SYMBOL:  UGET_STATUS_VOLT
    MODULE:  dvr_scale.obj (DVR_SCALE)
    ADDRESS: 19D9H

*** WARNING L2: REFERENCE MADE TO UNRESOLVED EXTERNAL
    SYMBOL:  VGESTORBATERIA
    MODULE:  dvr_scale.obj (DVR_SCALE)
BL51 BANKED LINKER/LOCATER V5.12                                                      09/22/2022  13:08:06  PAGE 48


    ADDRESS: 19E3H

Program Size: data=15.4 xdata=780 code=20155
LINK/LOCATE RUN COMPLETE.  17 WARNING(S),  0 ERROR(S)
