BL51 BANKED LINKER/LOCATER V5.12                                                        09/21/2022  15:46:03  PAGE 1


BL51 BANKED LINKER/LOCATER V5.12, INVOKED BY:
C:\KEIL\C51\BIN\BL51.EXE main.obj, dvr_lcd_SDI1621.obj, keyboard.obj, dvr_HX712.obj, data_nvm_5219_Vc_Dec09_13.obj, dvr_
>> scale.obj TO solidic_proj RAMSIZE (256)


MEMORY MODEL: LARGE WITH FLOATING POINT ARITHMETIC


INPUT MODULES INCLUDED:
  main.obj (MAIN)
  dvr_lcd_SDI1621.obj (DVR_LCD_SDI1621)
  keyboard.obj (KEYBOARD)
  dvr_HX712.obj (DVR_HX712)
  data_nvm_5219_Vc_Dec09_13.obj (DATA_NVM_5219_VC_DEC09_13)
  dvr_scale.obj (DVR_SCALE)
  C:\KEIL\C51\LIB\C51FPL.LIB (?C?FPADD)
  C:\KEIL\C51\LIB\C51FPL.LIB (?C?FPMUL)
  C:\KEIL\C51\LIB\C51FPL.LIB (?C?FPDIV)
  C:\KEIL\C51\LIB\C51FPL.LIB (?C?FPCMP)
  C:\KEIL\C51\LIB\C51FPL.LIB (?C?FCAST)
  C:\KEIL\C51\LIB\C51FPL.LIB (?C?CASTF)
  C:\KEIL\C51\LIB\C51FPL.LIB (PRINTF)
  C:\KEIL\C51\LIB\C51FPL.LIB (POW)
  C:\KEIL\C51\LIB\C51FPL.LIB (?C?FPGETOPN)
  C:\KEIL\C51\LIB\C51FPL.LIB (?C?CHKFLOAT)
  C:\KEIL\C51\LIB\C51FPL.LIB (?C?FPNEG)
  C:\KEIL\C51\LIB\C51FPL.LIB (?C?FPROUND)
  C:\KEIL\C51\LIB\C51FPL.LIB (?C?FPCONVERT)
  C:\KEIL\C51\LIB\C51FPL.LIB (EXP)
  C:\KEIL\C51\LIB\C51FPL.LIB (LOG)
  C:\KEIL\C51\LIB\C51FPL.LIB (?C?FTNPWR)
  C:\KEIL\C51\LIB\C51FPL.LIB (?C?FPSERIES)
  C:\KEIL\C51\LIB\C51L.LIB (?C_STARTUP)
  C:\KEIL\C51\LIB\C51L.LIB (?C?COPY)
  C:\KEIL\C51\LIB\C51L.LIB (?C?CLDPTR)
  C:\KEIL\C51\LIB\C51L.LIB (?C?CLDOPTR)
  C:\KEIL\C51\LIB\C51L.LIB (?C?CSTPTR)
  C:\KEIL\C51\LIB\C51L.LIB (?C?IMUL)
  C:\KEIL\C51\LIB\C51L.LIB (?C?UIDIV)
  C:\KEIL\C51\LIB\C51L.LIB (?C?IILDX)
  C:\KEIL\C51\LIB\C51L.LIB (?C?ILDIX)
  C:\KEIL\C51\LIB\C51L.LIB (?C?LMUL)
  C:\KEIL\C51\LIB\C51L.LIB (?C?LNEG)
  C:\KEIL\C51\LIB\C51L.LIB (?C?SLCMP)
  C:\KEIL\C51\LIB\C51L.LIB (?C?ULCMP)
  C:\KEIL\C51\LIB\C51L.LIB (?C?ULSHR)
  C:\KEIL\C51\LIB\C51L.LIB (?C?LLDPTR)
  C:\KEIL\C51\LIB\C51L.LIB (?C?LLDOPTR)
  C:\KEIL\C51\LIB\C51L.LIB (?C?LSTOPTR)
  C:\KEIL\C51\LIB\C51L.LIB (?C?LLDCODE)
  C:\KEIL\C51\LIB\C51L.LIB (?C?LLDXDATA0)
  C:\KEIL\C51\LIB\C51L.LIB (?C?LLDCODE0)
  C:\KEIL\C51\LIB\C51L.LIB (?C?LSTXDATA)
  C:\KEIL\C51\LIB\C51L.LIB (?C?LSTKXDATA)
  C:\KEIL\C51\LIB\C51L.LIB (?C?PLDIXDATA)
  C:\KEIL\C51\LIB\C51L.LIB (?C?PSTXDATA)
  C:\KEIL\C51\LIB\C51L.LIB (?C?CCASE)
  C:\KEIL\C51\LIB\C51L.LIB (PUTCHAR)
BL51 BANKED LINKER/LOCATER V5.12                                                      09/21/2022  15:46:03  PAGE 2


  C:\KEIL\C51\LIB\C51L.LIB (?C?STRCPY)
  C:\KEIL\C51\LIB\C51L.LIB (?C?MEMSET)
  C:\KEIL\C51\LIB\C51L.LIB (?C_INIT)
  C:\KEIL\C51\LIB\C51L.LIB (?C?LLDIDATA)
  C:\KEIL\C51\LIB\C51L.LIB (?C?LLDXDATA)
  C:\KEIL\C51\LIB\C51L.LIB (?C?LLDPDATA)
  C:\KEIL\C51\LIB\C51L.LIB (?C?LSTIDATA)
  C:\KEIL\C51\LIB\C51L.LIB (?C?LSTPDATA)


LINK MAP OF MODULE:  solidic_proj (MAIN)


            TYPE    BASE      LENGTH    RELOCATION   SEGMENT NAME
            -----------------------------------------------------

            * * * * * * *   D A T A   M E M O R Y   * * * * * * *
            REG     0000H     0008H     ABSOLUTE     "REG BANK 0"
            DATA    0008H     0005H     UNIT         _DATA_GROUP_
                    000DH     0013H                  *** GAP ***
            BIT     0020H.0   0001H.1   UNIT         _BIT_GROUP_
            BIT     0021H.1   0000H.1   UNIT         ?BI?_NVM_DATA_WRITE_BYTE?DATA_NVM_5219_VC_DEC09_13
            BIT     0021H.2   0000H.1   UNIT         ?BI?_E2ROM_ERASE?DATA_NVM_5219_VC_DEC09_13
                    0021H.3   0000H.5                *** GAP ***
            IDATA   0022H     0001H     UNIT         ?STACK

            * * * * * * *  X D A T A   M E M O R Y  * * * * * * *
            XDATA   0000H     00C5H     UNIT         ?XD?DVR_SCALE
            XDATA   00C5H     0059H     UNIT         ?XD?DVR_HX712
            XDATA   011EH     004FH     UNIT         _XDATA_GROUP_
            XDATA   016DH     003AH     UNIT         ?XD?DVR_LCD_SDI1621
            XDATA   01A7H     002FH     UNIT         ?XD?FSLEEP_RUN?DVR_SCALE
            XDATA   01D6H     001BH     UNIT         ?XD?KEYBOARD
            XDATA   01F1H     0019H     UNIT         ?XD?_FCUENTASTOPESO?DVR_SCALE
            XDATA   020AH     0018H     UNIT         ?XD?_CONOFFMODETARA?DVR_SCALE
            XDATA   0222H     0017H     UNIT         ?XD?_FSTABLEPOINT?DVR_SCALE
            XDATA   0239H     0016H     UNIT         ?XD?TESTEEPROM?MAIN
            XDATA   024FH     000DH     UNIT         ?XD?MAIN
            XDATA   025CH     000DH     UNIT         ?XD?_FLASH_WRITE_U32?DATA_NVM_5219_VC_DEC09_13
            XDATA   0269H     000DH     UNIT         ?XD?_FLASH_WRITE_FLOAT32?DATA_NVM_5219_VC_DEC09_13
            XDATA   0276H     0009H     UNIT         ?XD?_FLASH_READ_U32?DATA_NVM_5219_VC_DEC09_13
            XDATA   027FH     0009H     UNIT         ?XD?_FLASH_READ_FLOAT32?DATA_NVM_5219_VC_DEC09_13
            XDATA   0288H     0009H     UNIT         ?XD?_FLASH_WRITE_U16?DATA_NVM_5219_VC_DEC09_13
            XDATA   0291H     0009H     UNIT         ?XD?_CLEARTHISBUTALL?DATA_NVM_5219_VC_DEC09_13
            XDATA   029AH     0008H     UNIT         ?XD?CSETZEROPOINT?DVR_SCALE
            XDATA   02A2H     0008H     UNIT         ?XD?_VGETZEROTRACKING?DVR_SCALE
            XDATA   02AAH     0008H     UNIT         ?XD?VWEIGHT_POSITIVE?DVR_SCALE
            XDATA   02B2H     0007H     UNIT         ?XD?_FLASH_READ_U16?DATA_NVM_5219_VC_DEC09_13
            XDATA   02B9H     0004H     UNIT         ?XD?VSETZERO?DVR_SCALE
            XDATA   02BDH     0003H     UNIT         ?XD?_NVM_DATA_WRITE_BYTE?DATA_NVM_5219_VC_DEC09_13
            XDATA   02C0H     0003H     UNIT         ?XD?_FLASH_WRITE_U8?DATA_NVM_5219_VC_DEC09_13
            XDATA   02C3H     0003H     UNIT         ?XD?_E2ROM_ERASE?DATA_NVM_5219_VC_DEC09_13
            XDATA   02C6H     0003H     UNIT         ?XD?_VPRECONFIGURATION?DVR_SCALE
            XDATA   02C9H     0002H     UNIT         ?XD?DATA_NVM_5219_VC_DEC09_13
            XDATA   02CBH     0002H     UNIT         ?XD?VCALCULATE_WEIGHT?DVR_SCALE

            * * * * * * *   C O D E   M E M O R Y   * * * * * * *
BL51 BANKED LINKER/LOCATER V5.12                                                      09/21/2022  15:46:03  PAGE 3


            CODE    0000H     0003H     ABSOLUTE     
            CODE    0003H     0008H     UNIT         ?PR?ILCD_GLASS_CLEAR?DVR_LCD_SDI1621
            CODE    000BH     0003H     ABSOLUTE     
            CODE    000EH     0AE0H     UNIT         ?C?LIB_CODE
            CODE    0AEEH     0483H     UNIT         ?PR?PRINTF?PRINTF
            CODE    0F71H     0429H     UNIT         ?PR?_FFILTER_AVERAGING?DVR_HX712
            CODE    139AH     03FEH     UNIT         ?PR?_FCUENTASTOPESO?DVR_SCALE
            CODE    1798H     03B2H     UNIT         ?PR?FSLEEP_RUN?DVR_SCALE
            CODE    1B4AH     0352H     UNIT         ?PR?VWEIGHT_POSITIVE?DVR_SCALE
            CODE    1E9CH     0339H     UNIT         ?PR?_CONOFFMODETARA?DVR_SCALE
            CODE    21D5H     0302H     UNIT         ?PR?_FSTABLEPOINT?DVR_SCALE
            CODE    24D7H     02E7H     UNIT         ?PR?_VPRECONFIGURATION?DVR_SCALE
            CODE    27BEH     02DCH     UNIT         ?PR?VCALIBRATE_SCALE?DVR_SCALE
            CODE    2A9AH     02CCH     UNIT         ?PR?_VSAVEPARAMSCALE?DVR_SCALE
            CODE    2D66H     026EH     UNIT         ?PR?_CRUN_SCALE?DVR_SCALE
            CODE    2FD4H     0214H     UNIT         ?PR?TESTEEPROM?MAIN
            CODE    31E8H     01CDH     UNIT         ?PR?VREADPARAMSCALE?DVR_SCALE
            CODE    33B5H     01BAH     UNIT         ?PR?_LCD_GLASS_STRING?DVR_LCD_SDI1621
            CODE    356FH     0197H     UNIT         ?PR?VCALCULATE_WEIGHT?DVR_SCALE
            CODE    3706H     018EH     UNIT         ?PR?CSETZEROPOINT?DVR_SCALE
            CODE    3894H     0184H     UNIT         ?PR?_VGETZEROTRACKING?DVR_SCALE
            CODE    3A18H     0166H     UNIT         ?PR?_POW?POW
            CODE    3B7EH     013FH     UNIT         ?PR?_CLEARTHISBUTALL?DATA_NVM_5219_VC_DEC09_13
            CODE    3CBDH     013CH     UNIT         ?PR?MAIN?MAIN
            CODE    3DF9H     0129H     UNIT         ?PR?LOG?LOG
            CODE    3F22H     011FH     UNIT         ?PR?_LCD_GLASS_FLOAT?DVR_LCD_SDI1621
            CODE    4041H     010AH     UNIT         ?PR?_LCD_GLASS_SYMBOLS?DVR_LCD_SDI1621
            CODE    414BH     00FEH     UNIT         ?PR?_FREAD_ADC?DVR_HX712
            CODE    4249H     00EBH     UNIT         ?PR?VWEIGHT_NEGATIVE?DVR_SCALE
            CODE    4334H     00D3H     UNIT         ?PR?KEY_SCAN?KEYBOARD
            CODE    4407H     00CEH     UNIT         ?C_INITSEG
            CODE    44D5H     00CCH     UNIT         ?CO?DVR_SCALE
            CODE    45A1H     00C3H     UNIT         ?PR?WRITE_LCD?DVR_LCD_SDI1621
            CODE    4664H     00B4H     UNIT         ?PR?TIMER0?MAIN
            CODE    4718H     00B3H     UNIT         ?PR?_LCD_GLASS_DOT?DVR_LCD_SDI1621
            CODE    47CBH     00A6H     UNIT         ?PR?_FLASH_WRITE_FLOAT32?DATA_NVM_5219_VC_DEC09_13
            CODE    4871H     00A3H     UNIT         ?PR?_FLASH_WRITE_U32?DATA_NVM_5219_VC_DEC09_13
            CODE    4914H     009AH     UNIT         ?PR?EXP?EXP
            CODE    49AEH     008DH     UNIT         ?PR?READHX712?DVR_HX712
            CODE    4A3BH     008CH     UNIT         ?C_C51STARTUP
            CODE    4AC7H     008AH     UNIT         ?PR?_FLASH_WRITE_U16?DATA_NVM_5219_VC_DEC09_13
            CODE    4B51H     0072H     UNIT         ?PR?_NVM_DATA_WRITE_BYTE?DATA_NVM_5219_VC_DEC09_13
            CODE    4BC3H     0058H     UNIT         ?PR?_E2ROM_ERASE?DATA_NVM_5219_VC_DEC09_13
            CODE    4C1BH     0048H     UNIT         ?PR?ILCD_GLASS_INIT?DVR_LCD_SDI1621
            CODE    4C63H     0046H     UNIT         ?PR?_FLASH_READ_U32?DATA_NVM_5219_VC_DEC09_13
            CODE    4CA9H     0046H     UNIT         ?PR?_FLASH_READ_FLOAT32?DATA_NVM_5219_VC_DEC09_13
            CODE    4CEFH     0043H     UNIT         ?PR?_LCD_SET_CHAR?DVR_LCD_SDI1621
            CODE    4D32H     0040H     UNIT         ?PR?_FLASH_READ_U16?DATA_NVM_5219_VC_DEC09_13
            CODE    4D72H     0030H     UNIT         ?CO?DVR_LCD_SDI1621
            CODE    4DA2H     002FH     UNIT         ?PR?VSETZERO?DVR_SCALE
            CODE    4DD1H     002DH     UNIT         ?CO?MAIN
            CODE    4DFEH     002AH     UNIT         ?PR?_FLASH_WRITE_U8?DATA_NVM_5219_VC_DEC09_13
            CODE    4E28H     0029H     UNIT         ?PR?_DELAY_MS?KEYBOARD
            CODE    4E51H     0027H     UNIT         ?PR?PUTCHAR?PUTCHAR
            CODE    4E78H     001DH     UNIT         ?PR?_LCD_UNIT_WRITE?DVR_LCD_SDI1621
            CODE    4E95H     001DH     UNIT         ?PR?ILCD_GLASS_DEINIT?DVR_LCD_SDI1621
            CODE    4EB2H     001CH     UNIT         ?PR?INIT_PWM?MAIN
BL51 BANKED LINKER/LOCATER V5.12                                                      09/21/2022  15:46:03  PAGE 4


            CODE    4ECEH     001BH     UNIT         ?PR?CONVERTIDORADC?MAIN
            CODE    4EE9H     001AH     UNIT         ?PR?GPIO_INIT?MAIN
            CODE    4F03H     001AH     UNIT         ?PR?LCD_GLASS_UPDATE?DVR_LCD_SDI1621
            CODE    4F1DH     0019H     UNIT         ?PR?ILCD_GLASS_ALL_ON?DVR_LCD_SDI1621
            CODE    4F36H     0018H     UNIT         ?PR?DELAY_35U?DVR_LCD_SDI1621
            CODE    4F4EH     0018H     UNIT         ?CO?DVR_HX712
            CODE    4F66H     0017H     UNIT         ?PR?WDT_INIT?MAIN
            CODE    4F7DH     0015H     UNIT         ?PR?INIT_INT_TIMER0?MAIN
            CODE    4F92H     0012H     UNIT         ?PR?VSOUND_SAVED_PARAM?KEYBOARD
            CODE    4FA4H     0012H     UNIT         ?PR?_FLASH_READ_U8?DATA_NVM_5219_VC_DEC09_13
            CODE    4FB6H     000EH     UNIT         ?PR?VBEEP_KEY?KEYBOARD
            CODE    4FC4H     000AH     UNIT         ?PR?ADC_INIT?MAIN
            CODE    4FCEH     0003H     UNIT         ?PR?VACTIONKEY?KEYBOARD
            CODE    4FD1H     0001H     UNIT         ?PR?VSCAN_KEY?KEYBOARD
            CODE    4FD2H     0001H     UNIT         ?PR?NOP?DATA_NVM_5219_VC_DEC09_13



OVERLAY MAP OF MODULE:   solidic_proj (MAIN)


SEGMENT                                             BIT_GROUP          DATA_GROUP          XDATA_GROUP
  +--> CALLED SEGMENT                            START    LENGTH     START    LENGTH     START    LENGTH
--------------------------------------------------------------------------------------------------------
?C_C51STARTUP                                    -----    -----      -----    -----      -----    -----
  +--> ?PR?MAIN?MAIN
  +--> ?C_INITSEG

?PR?MAIN?MAIN                                    -----    -----      -----    -----      011EH    0011H
  +--> ?CO?MAIN
  +--> ?PR?WDT_INIT?MAIN
  +--> ?PR?GPIO_INIT?MAIN
  +--> ?PR?ADC_INIT?MAIN
  +--> ?PR?INIT_PWM?MAIN
  +--> ?PR?INIT_INT_TIMER0?MAIN
  +--> ?PR?ILCD_GLASS_INIT?DVR_LCD_SDI1621
  +--> ?PR?_LCD_GLASS_STRING?DVR_LCD_SDI1621
  +--> ?PR?VSOUND_SAVED_PARAM?KEYBOARD
  +--> ?PR?_DELAY_MS?KEYBOARD
  +--> ?PR?ILCD_GLASS_CLEAR?DVR_LCD_SDI1621
  +--> ?PR?VCALIBRATE_SCALE?DVR_SCALE
  +--> ?PR?KEY_SCAN?KEYBOARD
  +--> ?PR?PRINTF?PRINTF
  +--> ?PR?_FREAD_ADC?DVR_HX712
  +--> ?PR?CONVERTIDORADC?MAIN
  +--> ?PR?_LCD_GLASS_FLOAT?DVR_LCD_SDI1621

?PR?ILCD_GLASS_INIT?DVR_LCD_SDI1621              -----    -----      -----    -----      -----    -----
  +--> ?PR?DELAY_35U?DVR_LCD_SDI1621
  +--> ?PR?WRITE_LCD?DVR_LCD_SDI1621

?PR?WRITE_LCD?DVR_LCD_SDI1621                    -----    -----      -----    -----      0145H    0014H
  +--> ?PR?DELAY_35U?DVR_LCD_SDI1621
  +--> ?PR?_LCD_UNIT_WRITE?DVR_LCD_SDI1621

?PR?_LCD_UNIT_WRITE?DVR_LCD_SDI1621              -----    -----      -----    -----      -----    -----
  +--> ?PR?DELAY_35U?DVR_LCD_SDI1621
BL51 BANKED LINKER/LOCATER V5.12                                                      09/21/2022  15:46:03  PAGE 5



?PR?_LCD_GLASS_STRING?DVR_LCD_SDI1621            -----    -----      -----    -----      013FH    0006H
  +--> ?PR?_LCD_SET_CHAR?DVR_LCD_SDI1621
  +--> ?PR?LCD_GLASS_UPDATE?DVR_LCD_SDI1621

?PR?LCD_GLASS_UPDATE?DVR_LCD_SDI1621             -----    -----      -----    -----      -----    -----
  +--> ?PR?WRITE_LCD?DVR_LCD_SDI1621

?PR?VSOUND_SAVED_PARAM?KEYBOARD                  -----    -----      -----    -----      -----    -----
  +--> ?PR?VBEEP_KEY?KEYBOARD
  +--> ?PR?_DELAY_MS?KEYBOARD

?PR?ILCD_GLASS_CLEAR?DVR_LCD_SDI1621             -----    -----      -----    -----      -----    -----
  +--> ?PR?WRITE_LCD?DVR_LCD_SDI1621

?PR?VCALIBRATE_SCALE?DVR_SCALE                   -----    -----      -----    -----      012FH    0010H
  +--> ?PR?ILCD_GLASS_CLEAR?DVR_LCD_SDI1621
  +--> ?CO?DVR_SCALE
  +--> ?PR?_LCD_GLASS_STRING?DVR_LCD_SDI1621
  +--> ?PR?KEY_SCAN?KEYBOARD
  +--> ?PR?_DELAY_MS?KEYBOARD
  +--> ?PR?_POW?POW
  +--> ?PR?_LCD_GLASS_DOT?DVR_LCD_SDI1621
  +--> ?PR?VSOUND_SAVED_PARAM?KEYBOARD

?PR?KEY_SCAN?KEYBOARD                            -----    -----      -----    -----      -----    -----
  +--> ?PR?_DELAY_MS?KEYBOARD
  +--> ?PR?VBEEP_KEY?KEYBOARD

?PR?_POW?POW                                     -----    -----      -----    -----      013FH    000AH
  +--> ?PR?LOG?LOG
  +--> ?PR?EXP?EXP

?PR?LOG?LOG                                      0020H.0  0000H.1    -----    -----      0149H    0004H

?PR?_LCD_GLASS_DOT?DVR_LCD_SDI1621               -----    -----      -----    -----      -----    -----
  +--> ?PR?LCD_GLASS_UPDATE?DVR_LCD_SDI1621

?PR?PRINTF?PRINTF                                0020H.0  0001H.1    0008H    0005H      013DH    0030H
  +--> ?PR?PUTCHAR?PUTCHAR

?PR?_FREAD_ADC?DVR_HX712                         -----    -----      -----    -----      012FH    0019H
  +--> ?CO?DVR_HX712
  +--> ?PR?READHX712?DVR_HX712
  +--> ?PR?_FFILTER_AVERAGING?DVR_HX712

?PR?READHX712?DVR_HX712                          -----    -----      -----    -----      0148H    0007H
  +--> ?CO?DVR_HX712

?PR?_FFILTER_AVERAGING?DVR_HX712                 -----    -----      -----    -----      0148H    0017H

?PR?_LCD_GLASS_FLOAT?DVR_LCD_SDI1621             -----    -----      -----    -----      012FH    000EH
  +--> ?CO?DVR_LCD_SDI1621
  +--> ?PR?PRINTF?PRINTF
  +--> ?PR?_LCD_GLASS_STRING?DVR_LCD_SDI1621


BL51 BANKED LINKER/LOCATER V5.12                                                      09/21/2022  15:46:03  PAGE 6



UNRESOLVED EXTERNAL SYMBOLS:
   UGET_STATUS_VOLT
   VGESTORBATERIA



SYMBOL TABLE OF MODULE:  solidic_proj (MAIN)

  VALUE           TYPE          NAME
  ----------------------------------

  -------         MODULE        MAIN
  C:0000H         SYMBOL        _ICE_DUMMY_
  D:0094H         PUBLIC        P1M0
  D:0093H         PUBLIC        P0M1
  D:0096H         PUBLIC        P2M0
  D:0095H         PUBLIC        P1M1
  D:0080H         PUBLIC        P0
  C:4ECEH         PUBLIC        convertidorADC
  D:0097H         PUBLIC        P2M1
  D:0090H         PUBLIC        P1
  D:00A0H         PUBLIC        P2
  D:00ACH         PUBLIC        SARDATA
  D:00B0H         PUBLIC        P3
  B:00A8H.7       PUBLIC        EA
  D:00A8H         PUBLIC        IE
  D:00AAH         PUBLIC        WD_TA
  C:4F7DH         PUBLIC        init_int_timer0
  D:00B8H         PUBLIC        IP
  D:009CH         PUBLIC        PWM0
  D:009DH         PUBLIC        PWM1
  C:3CBDH         PUBLIC        main
  D:0098H         PUBLIC        SCON
  D:0089H         PUBLIC        TMOD
  D:0088H         PUBLIC        TCON
  X:024FH         SYMBOL        cont
  X:0250H         PUBLIC        peso
  X:0254H         PUBLIC        lecturaADC
  C:4FC4H         PUBLIC        adc_init
  C:4DEDH         SYMBOL        _?ix1000
  C:4DF4H         SYMBOL        _?ix1001
  C:4EE9H         PUBLIC        gpio_init
  D:00ABH         PUBLIC        SARCON
  D:008CH         PUBLIC        TH0
  D:008AH         PUBLIC        TL0
  C:4664H         SYMBOL        timer0
  D:009EH         PUBLIC        PWMCON
  D:009AH         PUBLIC        PWMF_H
  C:4F66H         PUBLIC        wdt_init
  D:009BH         PUBLIC        PWMF_L
  D:00C8H         PUBLIC        T2CON
  C:4EB2H         PUBLIC        init_pwm
  C:2FD4H         PUBLIC        TestEEPROM
  D:008EH         PUBLIC        CKCON
  X:0258H         PUBLIC        voltaje
  D:00D0H         PUBLIC        PSW
BL51 BANKED LINKER/LOCATER V5.12                                                      09/21/2022  15:46:03  PAGE 7


  D:00A9H         PUBLIC        WDCON
  D:0092H         PUBLIC        P0M0
  -------         PROC          MAIN
  -------         DO            
  X:011EH         SYMBOL        txt
  X:0125H         SYMBOL        peso
  X:0129H         SYMBOL        voltaje
  X:012DH         SYMBOL        i
  -------         ENDDO         
  C:3CBDH         LINE#         26
  C:3CBDH         LINE#         27
  C:3CBDH         LINE#         28
  C:3CD0H         LINE#         29
  C:3CE4H         LINE#         30
  C:3CEBH         LINE#         32
  C:3CEEH         LINE#         33
  C:3CF1H         LINE#         34
  C:3CF4H         LINE#         35
  C:3CF7H         LINE#         40
  C:3CFAH         LINE#         41
  C:3CFDH         LINE#         43
  C:3D00H         LINE#         44
  C:3D0EH         LINE#         45
  C:3D15H         LINE#         46
  C:3D20H         LINE#         47
  C:3D2BH         LINE#         48
  C:3D32H         LINE#         49
  C:3D35H         LINE#         50
  C:3D38H         LINE#         51
  C:3D38H         LINE#         52
  C:3D3BH         LINE#         53
  C:3D5FH         LINE#         54
  C:3D6AH         LINE#         57
  C:3D75H         LINE#         60
  C:3D7CH         LINE#         62
  C:3D87H         LINE#         63
  C:3DBDH         LINE#         65
  C:3DC0H         LINE#         66
  C:3DDCH         LINE#         67
  C:3DF6H         LINE#         70
  -------         ENDPROC       MAIN
  -------         PROC          INIT_PWM
  C:4EB2H         LINE#         74
  C:4EB2H         LINE#         76
  C:4EB5H         LINE#         77
  C:4EB8H         LINE#         80
  C:4EBBH         LINE#         81
  C:4EBEH         LINE#         83
  C:4EC1H         LINE#         84
  C:4EC4H         LINE#         85
  C:4EC7H         LINE#         86
  C:4ECAH         LINE#         87
  C:4ECDH         LINE#         90
  -------         ENDPROC       INIT_PWM
  -------         PROC          WDT_INIT
  C:4F66H         LINE#         92
  C:4F66H         LINE#         93
BL51 BANKED LINKER/LOCATER V5.12                                                      09/21/2022  15:46:03  PAGE 8


  C:4F68H         LINE#         94
  C:4F6BH         LINE#         95
  C:4F6EH         LINE#         96
  C:4F71H         LINE#         97
  C:4F73H         LINE#         98
  C:4F7CH         LINE#         99
  -------         ENDPROC       WDT_INIT
  -------         PROC          GPIO_INIT
  C:4EE9H         LINE#         101
  C:4EE9H         LINE#         102
  C:4EE9H         LINE#         103
  C:4EECH         LINE#         104
  C:4EEFH         LINE#         105
  C:4EF2H         LINE#         107
  C:4EF5H         LINE#         108
  C:4EF8H         LINE#         109
  C:4EFBH         LINE#         110
  C:4EFDH         LINE#         111
  C:4F00H         LINE#         112
  C:4F02H         LINE#         113
  -------         ENDPROC       GPIO_INIT
  -------         PROC          ADC_INIT
  C:4FC4H         LINE#         115
  C:4FC4H         LINE#         116
  C:4FC4H         LINE#         118
  C:4FC7H         LINE#         119
  C:4FCAH         LINE#         121
  C:4FCDH         LINE#         122
  -------         ENDPROC       ADC_INIT
  -------         PROC          INIT_INT_TIMER0
  C:4F7DH         LINE#         124
  C:4F7DH         LINE#         125
  C:4F7DH         LINE#         127
  C:4F80H         LINE#         128
  C:4F83H         LINE#         130
  C:4F86H         LINE#         131
  C:4F88H         LINE#         132
  C:4F8BH         LINE#         133
  C:4F8EH         LINE#         135
  C:4F91H         LINE#         136
  -------         ENDPROC       INIT_INT_TIMER0
  -------         PROC          CONVERTIDORADC
  -------         DO            
  D:0006H         SYMBOL        v
  -------         ENDDO         
  C:4ECEH         LINE#         138
  C:4ECEH         LINE#         140
  C:4ED1H         LINE#         141
  C:4ED4H         LINE#         142
  C:4ED9H         LINE#         143
  C:4ED9H         LINE#         144
  C:4EDCH         LINE#         145
  C:4EE1H         LINE#         146
  C:4EE1H         LINE#         147
  C:4EE1H         LINE#         148
  C:4EE1H         LINE#         149
  C:4EE5H         LINE#         150
BL51 BANKED LINKER/LOCATER V5.12                                                      09/21/2022  15:46:03  PAGE 9


  C:4EE8H         LINE#         151
  C:4EE8H         LINE#         153
  -------         ENDPROC       CONVERTIDORADC
  -------         PROC          TIMER0
  C:4664H         LINE#         156
  C:466CH         LINE#         160
  C:4672H         LINE#         161
  C:467BH         LINE#         163
  C:4681H         LINE#         164
  C:4684H         LINE#         165
  C:4684H         LINE#         168
  C:468AH         LINE#         169
  C:4694H         LINE#         170
  C:4699H         LINE#         171
  C:469CH         LINE#         172
  C:469FH         LINE#         173
  C:469FH         LINE#         177
  C:46A5H         LINE#         184
  C:46ACH         LINE#         185
  C:46AEH         LINE#         186
  C:46B1H         LINE#         187
  C:46B1H         LINE#         188
  C:46C2H         LINE#         189
  C:46CEH         LINE#         190
  C:46D0H         LINE#         191
  C:46D5H         LINE#         192
  C:46D8H         LINE#         193
  C:46DBH         LINE#         195
  C:46DBH         LINE#         196
  C:46DBH         LINE#         199
  C:46E1H         LINE#         200
  C:46F0H         LINE#         201
  C:46FCH         LINE#         202
  C:46FEH         LINE#         203
  C:4703H         LINE#         204
  C:4706H         LINE#         205
  C:4706H         LINE#         206
  C:4706H         LINE#         209
  C:4709H         LINE#         210
  C:470CH         LINE#         211
  C:470FH         LINE#         213
  -------         ENDPROC       TIMER0
  -------         PROC          TESTEEPROM
  -------         DO            
  X:0239H         SYMBOL        addr
  X:023BH         SYMBOL        val
  X:023FH         SYMBOL        txt
  X:0249H         SYMBOL        i
  X:024DH         SYMBOL        x
  -------         ENDDO         
  C:2FD4H         LINE#         216
  C:2FD4H         LINE#         217
  C:2FD4H         LINE#         218
  C:2FDDH         LINE#         220
  C:2FEFH         LINE#         221
  C:2FF9H         LINE#         223
  C:3000H         LINE#         225
BL51 BANKED LINKER/LOCATER V5.12                                                      09/21/2022  15:46:03  PAGE 10


  C:3006H         LINE#         226
  C:300CH         LINE#         228
  C:3021H         LINE#         229
  C:3044H         LINE#         231
  C:3044H         LINE#         232
  C:305CH         LINE#         233
  C:3092H         LINE#         235
  C:30BEH         LINE#         236
  C:30F4H         LINE#         238
  C:311AH         LINE#         239
  C:3150H         LINE#         241
  C:317CH         LINE#         242
  C:31B2H         LINE#         244
  C:31D0H         LINE#         245
  C:31D7H         LINE#         246
  -------         ENDPROC       TESTEEPROM
  -------         ENDMOD        MAIN

  -------         MODULE        DVR_LCD_SDI1621
  C:0000H         SYMBOL        _ICE_DUMMY_
  D:0090H         PUBLIC        P1
  D:00A0H         PUBLIC        P2
  D:00B0H         PUBLIC        P3
  X:016DH         PUBLIC        cNumber_LCD
  D:00A8H         PUBLIC        IE
  C:4C1BH         PUBLIC        iLCD_GLASS_Init
  C:4718H         PUBLIC        _LCD_GLASS_Dot
  D:00B8H         PUBLIC        IP
  C:4F1DH         PUBLIC        iLCD_GLASS_All_On
  D:0098H         PUBLIC        SCON
  D:0088H         PUBLIC        TCON
  C:4E95H         PUBLIC        iLCD_GLASS_DeInit
  C:45D1H         PUBLIC        write_lcd
  C:4E78H         PUBLIC        _lcd_unit_write
  C:4F3FH         PUBLIC        delay_35u
  X:0177H         PUBLIC        Display
  X:018BH         PUBLIC        cABC_LCD
  C:4041H         PUBLIC        _LCD_GLASS_Symbols
  C:4CFBH         PUBLIC        _LCD_SET_Char
  C:0003H         PUBLIC        iLCD_GLASS_Clear
  D:00C8H         PUBLIC        T2CON
  C:3F22H         PUBLIC        _LCD_GLASS_Float
  C:33B5H         PUBLIC        _LCD_GLASS_String
  C:4F03H         PUBLIC        LCD_GLASS_Update
  D:00D0H         PUBLIC        PSW
  C:4F36H         SYMBOL        L?0160
  C:4F39H         SYMBOL        L?0161
  -------         PROC          L?0159
  -------         ENDPROC       L?0159
  C:4F36H         SYMBOL        L?0160
  C:4F39H         SYMBOL        L?0161
  -------         PROC          DELAY_35U
  -------         DO            
  D:0006H         SYMBOL        j
  -------         ENDDO         
  C:4F3FH         LINE#         135
  C:4F3FH         LINE#         137
BL51 BANKED LINKER/LOCATER V5.12                                                      09/21/2022  15:46:03  PAGE 11


  C:4F4DH         LINE#         138
  -------         ENDPROC       DELAY_35U
  -------         PROC          _LCD_UNIT_WRITE
  D:0005H         SYMBOL        d
  -------         DO            
  D:0004H         SYMBOL        i
  -------         ENDDO         
  C:4E78H         LINE#         143
  C:4E7AH         LINE#         145
  C:4E7CH         LINE#         146
  C:4E85H         LINE#         147
  C:4E88H         LINE#         148
  C:4E88H         LINE#         149
  C:4E88H         LINE#         150
  C:4E88H         LINE#         151
  C:4E8BH         LINE#         152
  C:4E8FH         LINE#         153
  C:4E94H         LINE#         154
  -------         ENDPROC       _LCD_UNIT_WRITE
  -------         PROC          ILCD_GLASS_INIT
  C:4C1BH         LINE#         158
  C:4C1BH         LINE#         159
  C:4C1EH         LINE#         160
  C:4C21H         LINE#         161
  C:4C24H         LINE#         162
  C:4C27H         LINE#         163
  C:4C2AH         LINE#         165
  C:4C2FH         LINE#         167
  C:4C32H         LINE#         168
  C:4C41H         LINE#         170
  C:4C47H         LINE#         171
  C:4C4AH         LINE#         173
  C:4C50H         LINE#         174
  C:4C53H         LINE#         176
  C:4C59H         LINE#         177
  C:4C5CH         LINE#         179
  C:4C5CH         LINE#         180
  C:4C5CH         LINE#         181
  C:4C5CH         LINE#         182
  C:4C5CH         LINE#         183
  C:4C5FH         LINE#         185
  C:4C62H         LINE#         186
  -------         ENDPROC       ILCD_GLASS_INIT
  C:45A1H         SYMBOL        L?0154
  C:45B2H         SYMBOL        L?0155
  C:45BEH         SYMBOL        L?0156
  C:45C0H         SYMBOL        L?0157
  C:45CCH         SYMBOL        L?0158
  -------         PROC          L?0153
  -------         ENDPROC       L?0153
  C:45A1H         SYMBOL        L?0154
  C:45B2H         SYMBOL        L?0155
  C:45BEH         SYMBOL        L?0156
  C:45C0H         SYMBOL        L?0157
  C:45CCH         SYMBOL        L?0158
  -------         PROC          WRITE_LCD
  X:0145H         SYMBOL        Display
BL51 BANKED LINKER/LOCATER V5.12                                                      09/21/2022  15:46:03  PAGE 12


  -------         DO            
  D:0003H         SYMBOL        i
  -------         ENDDO         
  C:45D1H         LINE#         197
  C:45D1H         LINE#         198
  C:45D3H         LINE#         214
  C:45D6H         LINE#         215
  C:45D9H         LINE#         216
  C:45DCH         LINE#         217
  C:45DFH         LINE#         218
  C:45E2H         LINE#         219
  C:45E5H         LINE#         220
  C:45E5H         LINE#         221
  C:45E5H         LINE#         222
  C:45E5H         LINE#         223
  C:45E8H         LINE#         224
  C:45EBH         LINE#         225
  C:45EBH         LINE#         226
  C:45EBH         LINE#         227
  C:45EBH         LINE#         228
  C:45EEH         LINE#         229
  C:45F4H         LINE#         230
  C:45F9H         LINE#         232
  C:45FCH         LINE#         233
  C:45FCH         LINE#         234
  C:45FCH         LINE#         235
  C:45FCH         LINE#         236
  C:45FFH         LINE#         238
  C:4605H         LINE#         239
  C:460BH         LINE#         240
  C:460BH         LINE#         241
  C:460BH         LINE#         242
  C:460BH         LINE#         243
  C:460EH         LINE#         244
  C:4610H         LINE#         246
  C:4610H         LINE#         247
  C:4615H         LINE#         248
  C:4616H         LINE#         249
  C:4619H         LINE#         250
  C:4620H         LINE#         251
  C:4625H         LINE#         253
  C:4628H         LINE#         254
  C:4628H         LINE#         255
  C:4628H         LINE#         256
  C:462BH         LINE#         257
  C:4632H         LINE#         258
  C:4637H         LINE#         259
  C:4639H         LINE#         260
  C:4658H         LINE#         261
  C:4658H         LINE#         262
  C:465BH         LINE#         263
  C:465EH         LINE#         264
  C:4661H         LINE#         265
  -------         ENDPROC       WRITE_LCD
  -------         PROC          ILCD_GLASS_DEINIT
  C:4E95H         LINE#         272
  C:4E95H         LINE#         273
BL51 BANKED LINKER/LOCATER V5.12                                                      09/21/2022  15:46:03  PAGE 13


  C:4E95H         LINE#         274
  C:4E95H         LINE#         275
  C:4E95H         LINE#         277
  C:4E95H         LINE#         278
  C:4E98H         LINE#         280
  C:4E9DH         LINE#         282
  C:4EA1H         LINE#         283
  C:4EA4H         LINE#         285
  C:4EA9H         LINE#         286
  C:4EADH         LINE#         288
  C:4EB1H         LINE#         289
  -------         ENDPROC       ILCD_GLASS_DEINIT
  -------         PROC          ILCD_GLASS_CLEAR
  C:0003H         LINE#         293
  C:0003H         LINE#         294
  C:0003H         LINE#         295
  C:0003H         LINE#         296
  C:0003H         LINE#         297
  C:0003H         LINE#         298
  C:0006H         LINE#         299
  C:000AH         LINE#         300
  -------         ENDPROC       ILCD_GLASS_CLEAR
  -------         PROC          ILCD_GLASS_ALL_ON
  C:4F1DH         LINE#         304
  C:4F1DH         LINE#         305
  C:4F23H         LINE#         306
  C:4F28H         LINE#         307
  C:4F2CH         LINE#         308
  C:4F2EH         LINE#         309
  C:4F31H         LINE#         310
  C:4F35H         LINE#         311
  -------         ENDPROC       ILCD_GLASS_ALL_ON
  -------         PROC          L?0162
  -------         ENDPROC       L?0162
  -------         PROC          _LCD_SET_CHAR
  D:0007H         SYMBOL        cCaracter
  D:0005H         SYMBOL        cPosition_On_LCD
  D:0003H         SYMBOL        cPosition_Text
  -------         DO            
  D:0006H         SYMBOL        i
  -------         ENDDO         
  C:4CFBH         LINE#         315
  C:4CFBH         LINE#         316
  C:4CFBH         LINE#         317
  C:4CFDH         LINE#         319
  C:4D01H         LINE#         320
  C:4D07H         LINE#         321
  C:4D0CH         LINE#         327
  C:4D11H         LINE#         328
  C:4D24H         LINE#         329
  C:4D31H         LINE#         331
  -------         ENDPROC       _LCD_SET_CHAR
  -------         PROC          _LCD_GLASS_DOT
  D:0004H         SYMBOL        iNumber_Dot
  D:0005H         SYMBOL        cPosition_On_LCD
  D:0003H         SYMBOL        cFLag_On
  C:4718H         LINE#         334
BL51 BANKED LINKER/LOCATER V5.12                                                      09/21/2022  15:46:03  PAGE 14


  C:471AH         LINE#         336
  C:472AH         LINE#         337
  C:472AH         LINE#         338
  C:472EH         LINE#         339
  C:4735H         LINE#         340
  C:473BH         LINE#         342
  C:473FH         LINE#         343
  C:473FH         LINE#         344
  C:4743H         LINE#         345
  C:474AH         LINE#         346
  C:4750H         LINE#         348
  C:4754H         LINE#         350
  C:4754H         LINE#         351
  C:4759H         LINE#         352
  C:4760H         LINE#         353
  C:4762H         LINE#         355
  C:4762H         LINE#         356
  C:4762H         LINE#         357
  C:4764H         LINE#         358
  C:4764H         LINE#         360
  C:4768H         LINE#         361
  C:476FH         LINE#         362
  C:4775H         LINE#         364
  C:4779H         LINE#         365
  C:4779H         LINE#         367
  C:477DH         LINE#         368
  C:4784H         LINE#         369
  C:478AH         LINE#         371
  C:478EH         LINE#         372
  C:478EH         LINE#         373
  C:4793H         LINE#         374
  C:479AH         LINE#         375
  C:479CH         LINE#         377
  C:479CH         LINE#         378
  C:479CH         LINE#         379
  C:479EH         LINE#         381
  C:479EH         LINE#         382
  C:47A2H         LINE#         383
  C:47A9H         LINE#         384
  C:47AFH         LINE#         386
  C:47B3H         LINE#         387
  C:47B3H         LINE#         388
  C:47B7H         LINE#         389
  C:47BEH         LINE#         390
  C:47C4H         LINE#         392
  C:47C8H         LINE#         393
  C:47C8H         LINE#         394
  C:47C8H         LINE#         395
  C:47C8H         LINE#         397
  -------         ENDPROC       _LCD_GLASS_DOT
  -------         PROC          _LCD_GLASS_SYMBOLS
  D:0007H         SYMBOL        cSymbol
  D:0005H         SYMBOL        cFlag_On
  C:4041H         LINE#         401
  C:4041H         LINE#         405
  C:4075H         LINE#         408
  C:4075H         LINE#         409
BL51 BANKED LINKER/LOCATER V5.12                                                      09/21/2022  15:46:03  PAGE 15


  C:407CH         LINE#         410
  C:407FH         LINE#         412
  C:407FH         LINE#         413
  C:4082H         LINE#         414
  C:4082H         LINE#         415
  C:4089H         LINE#         416
  C:408BH         LINE#         418
  C:408BH         LINE#         419
  C:408EH         LINE#         420
  C:408EH         LINE#         421
  C:4095H         LINE#         422
  C:4097H         LINE#         424
  C:4097H         LINE#         425
  C:409AH         LINE#         426
  C:409AH         LINE#         427
  C:40A1H         LINE#         428
  C:40A3H         LINE#         430
  C:40A3H         LINE#         431
  C:40A6H         LINE#         432
  C:40A6H         LINE#         433
  C:40ADH         LINE#         434
  C:40AFH         LINE#         436
  C:40AFH         LINE#         437
  C:40B2H         LINE#         467
  C:40B2H         LINE#         468
  C:40B9H         LINE#         469
  C:40BBH         LINE#         471
  C:40BBH         LINE#         472
  C:40BDH         LINE#         476
  C:40BDH         LINE#         477
  C:40C4H         LINE#         478
  C:40C6H         LINE#         480
  C:40C6H         LINE#         481
  C:40C8H         LINE#         483
  C:40C8H         LINE#         484
  C:40CFH         LINE#         485
  C:40D1H         LINE#         487
  C:40D1H         LINE#         488
  C:40D3H         LINE#         492
  C:40D3H         LINE#         493
  C:40DBH         LINE#         495
  C:40DFH         LINE#         496
  C:40E6H         LINE#         497
  C:40EDH         LINE#         498
  C:40F4H         LINE#         504
  C:40FBH         LINE#         505
  C:4102H         LINE#         506
  C:4109H         LINE#         508
  C:410BH         LINE#         509
  C:410BH         LINE#         511
  C:410FH         LINE#         512
  C:4116H         LINE#         513
  C:411DH         LINE#         514
  C:4124H         LINE#         520
  C:412BH         LINE#         521
  C:4132H         LINE#         522
  C:4139H         LINE#         523
BL51 BANKED LINKER/LOCATER V5.12                                                      09/21/2022  15:46:03  PAGE 16


  C:4139H         LINE#         526
  C:4139H         LINE#         528
  C:4139H         LINE#         537
  C:413FH         LINE#         538
  C:4144H         LINE#         539
  C:4148H         LINE#         540
  -------         ENDPROC       _LCD_GLASS_SYMBOLS
  -------         PROC          _LCD_GLASS_FLOAT
  X:012FH         SYMBOL        fNumber_To_LCD
  X:0133H         SYMBOL        iNumber_Decimal
  X:0134H         SYMBOL        cPosition_On_LCD
  -------         DO            
  X:0135H         SYMBOL        strText_LCD
  -------         ENDDO         
  C:3F22H         LINE#         568
  C:3F28H         LINE#         571
  C:3F2EH         LINE#         572
  C:3F35H         LINE#         573
  C:3F3FH         LINE#         574
  C:3F41H         LINE#         575
  C:3F69H         LINE#         577
  C:3F69H         LINE#         578
  C:3F71H         LINE#         579
  C:3F78H         LINE#         581
  C:3F83H         LINE#         582
  C:3F85H         LINE#         583
  C:3FADH         LINE#         585
  C:3FADH         LINE#         586
  C:3FB5H         LINE#         587
  C:3FBCH         LINE#         588
  C:3FC6H         LINE#         589
  C:3FC8H         LINE#         590
  C:3FF0H         LINE#         592
  C:3FF0H         LINE#         593
  C:3FF8H         LINE#         594
  C:3FFFH         LINE#         595
  C:4009H         LINE#         596
  C:400BH         LINE#         597
  C:4033H         LINE#         599
  C:4033H         LINE#         602
  -------         ENDPROC       _LCD_GLASS_FLOAT
  -------         PROC          _LCD_GLASS_STRING
  X:013FH         SYMBOL        pCaracter
  X:0142H         SYMBOL        cPosition_On_LCD
  -------         DO            
  X:0143H         SYMBOL        iIndex_Text
  X:0144H         SYMBOL        iPosicion_Decimal
  -------         ENDDO         
  C:33B5H         LINE#         627
  C:33C3H         LINE#         628
  C:33C7H         LINE#         629
  C:33CAH         LINE#         643
  C:33D9H         LINE#         644
  C:33E1H         LINE#         646
  C:33E8H         LINE#         648
  C:33F2H         LINE#         649
  C:3407H         LINE#         651
BL51 BANKED LINKER/LOCATER V5.12                                                      09/21/2022  15:46:03  PAGE 17


  C:341BH         LINE#         653
  C:342AH         LINE#         654
  C:343CH         LINE#         655
  C:343CH         LINE#         657
  C:344DH         LINE#         658
  C:3453H         LINE#         659
  C:3453H         LINE#         661
  C:3464H         LINE#         662
  C:3471H         LINE#         663
  C:3477H         LINE#         664
  C:3477H         LINE#         666
  C:3495H         LINE#         667
  C:34B1H         LINE#         668
  C:34B7H         LINE#         669
  C:34B7H         LINE#         671
  C:34CCH         LINE#         676
  C:34D5H         LINE#         678
  C:34DDH         LINE#         679
  C:34E4H         LINE#         681
  C:34E8H         LINE#         682
  C:34EFH         LINE#         683
  C:34F6H         LINE#         684
  C:34FDH         LINE#         685
  C:34FDH         LINE#         686
  C:3502H         LINE#         687
  C:350AH         LINE#         688
  C:3511H         LINE#         689
  C:3515H         LINE#         690
  C:351CH         LINE#         691
  C:3523H         LINE#         692
  C:352AH         LINE#         693
  C:352AH         LINE#         694
  C:3530H         LINE#         696
  C:3538H         LINE#         697
  C:353FH         LINE#         698
  C:3543H         LINE#         699
  C:354AH         LINE#         706
  C:354AH         LINE#         707
  C:354AH         LINE#         708
  C:3550H         LINE#         709
  C:355AH         LINE#         710
  C:355DH         LINE#         712
  C:3563H         LINE#         713
  C:3568H         LINE#         714
  C:356CH         LINE#         715
  -------         ENDPROC       _LCD_GLASS_STRING
  -------         PROC          LCD_GLASS_UPDATE
  C:4F03H         LINE#         718
  C:4F03H         LINE#         720
  C:4F09H         LINE#         728
  -------         ENDPROC       LCD_GLASS_UPDATE
  -------         ENDMOD        DVR_LCD_SDI1621

  -------         MODULE        KEYBOARD
  C:0000H         SYMBOL        _ICE_DUMMY_
  C:4FB6H         PUBLIC        vBeep_Key
  D:0080H         PUBLIC        P0
BL51 BANKED LINKER/LOCATER V5.12                                                      09/21/2022  15:46:03  PAGE 18


  D:0090H         PUBLIC        P1
  D:00A0H         PUBLIC        P2
  D:00B0H         PUBLIC        P3
  C:4FCEH         PUBLIC        vActionKey
  C:4FD1H         PUBLIC        vScan_Key
  D:00A8H         PUBLIC        IE
  D:00AAH         PUBLIC        WD_TA
  D:00B8H         PUBLIC        IP
  X:01D6H         PUBLIC        Key
  C:4F92H         PUBLIC        vSound_Saved_Param
  X:01D7H         PUBLIC        KeyState
  C:4E28H         PUBLIC        _delay_ms
  D:0098H         PUBLIC        SCON
  D:0088H         PUBLIC        TCON
  B:0080H.1       PUBLIC        KEY_D0
  B:0080H.0       PUBLIC        KEY_D1
  B:0090H.0       PUBLIC        KEY_D2
  X:01D8H         PUBLIC        LastKey
  B:0090H.1       PUBLIC        KEY_D3
  B:0090H.2       PUBLIC        KEY_D4
  B:0080H.2       PUBLIC        KEY_K0
  B:00A0H.4       PUBLIC        KEY_K1
  B:00A0H.0       PUBLIC        KEY_K2
  B:0090H.6       PUBLIC        KEY_K3
  C:4334H         PUBLIC        key_scan
  X:01D9H         PUBLIC        strTimer
  D:00C8H         PUBLIC        T2CON
  D:00D0H         PUBLIC        PSW
  D:00A9H         PUBLIC        WDCON
  -------         PROC          _DELAY_MS
  D:0006H         SYMBOL        num
  -------         DO            
  D:0004H         SYMBOL        i
  D:0002H         SYMBOL        j
  -------         ENDDO         
  C:4E28H         LINE#         36
  C:4E28H         LINE#         37
  C:4E28H         LINE#         39
  C:4E32H         LINE#         40
  C:4E40H         LINE#         42
  C:4E49H         LINE#         43
  C:4E50H         LINE#         45
  -------         ENDPROC       _DELAY_MS
  -------         PROC          KEY_SCAN
  -------         DO            
  D:0001H         SYMBOL        k
  -------         ENDDO         
  C:4334H         LINE#         47
  C:4334H         LINE#         48
  C:4336H         LINE#         49
  C:433AH         LINE#         51
  C:433AH         LINE#         52
  C:433CH         LINE#         53
  C:433EH         LINE#         54
  C:4340H         LINE#         55
  C:4342H         LINE#         56
  C:4344H         LINE#         57
BL51 BANKED LINKER/LOCATER V5.12                                                      09/21/2022  15:46:03  PAGE 19


  C:4349H         LINE#         58
  C:434FH         LINE#         59
  C:4355H         LINE#         60
  C:435BH         LINE#         61
  C:4361H         LINE#         62
  C:4368H         LINE#         63
  C:4375H         LINE#         64
  C:4383H         LINE#         65
  C:4391H         LINE#         66
  C:439FH         LINE#         67
  C:43A5H         LINE#         69
  C:43B2H         LINE#         70
  C:43B6H         LINE#         71
  C:43C3H         LINE#         72
  C:43C7H         LINE#         73
  C:43D5H         LINE#         74
  C:43D9H         LINE#         75
  C:43E7H         LINE#         76
  C:43E9H         LINE#         77
  C:43E9H         LINE#         78
  C:43F1H         LINE#         79
  C:43FDH         LINE#         80
  C:4406H         LINE#         81
  -------         ENDPROC       KEY_SCAN
  -------         PROC          VBEEP_KEY
  C:4FB6H         LINE#         84
  C:4FB6H         LINE#         92
  C:4FBCH         LINE#         93
  C:4FBEH         LINE#         94
  C:4FC3H         LINE#         95
  C:4FC3H         LINE#         111
  -------         ENDPROC       VBEEP_KEY
  -------         PROC          VSCAN_KEY
  C:4FD1H         LINE#         113
  C:4FD1H         LINE#         114
  -------         ENDPROC       VSCAN_KEY
  -------         PROC          VACTIONKEY
  C:4FCEH         LINE#         116
  C:4FCEH         LINE#         133
  C:4FD0H         LINE#         134
  -------         ENDPROC       VACTIONKEY
  -------         PROC          VSOUND_SAVED_PARAM
  -------         DO            
  D:0001H         SYMBOL        i
  -------         ENDDO         
  C:4F92H         LINE#         136
  C:4F92H         LINE#         137
  C:4F94H         LINE#         139
  C:4F94H         LINE#         141
  C:4F97H         LINE#         143
  C:4F9EH         LINE#         144
  C:4FA3H         LINE#         145
  -------         ENDPROC       VSOUND_SAVED_PARAM
  -------         ENDMOD        KEYBOARD

  -------         MODULE        DVR_HX712
  C:0000H         SYMBOL        _ICE_DUMMY_
BL51 BANKED LINKER/LOCATER V5.12                                                      09/21/2022  15:46:03  PAGE 20


  X:00C5H         PUBLIC        fAverage_x
  D:0080H         PUBLIC        P0
  D:0090H         PUBLIC        P1
  D:00B0H         PUBLIC        P3
  X:00C9H         PUBLIC        ValueCount
  D:00A8H         PUBLIC        IE
  D:00B8H         PUBLIC        IP
  X:00CDH         PUBLIC        iValueOut
  C:0F71H         PUBLIC        _fFilter_Averaging
  B:0080H.4       PUBLIC        SCLK
  C:414BH         PUBLIC        _fRead_Adc
  D:0098H         PUBLIC        SCON
  D:0088H         PUBLIC        TCON
  B:0080H.3       PUBLIC        MISO
  C:49AEH         PUBLIC        ReadHX712
  C:4F4EH         SYMBOL        _?ix1000
  C:4F62H         SYMBOL        _?ix1001
  X:00CEH         PUBLIC        arfLowestToHighest
  D:00C8H         PUBLIC        T2CON
  X:00F6H         PUBLIC        arfDataFilter_x
  D:00D0H         PUBLIC        PSW
  -------         PROC          _FFILTER_AVERAGING
  X:0148H         SYMBOL        iActualWeight
  X:014CH         SYMBOL        cFastFill
  -------         DO            
  X:014DH         SYMBOL        fThreshold
  X:0151H         SYMBOL        fData_Vector
  X:0155H         SYMBOL        pfData_Filter
  X:0158H         SYMBOL        fActualWeight
  X:015CH         SYMBOL        iLenthData_x
  X:015DH         SYMBOL        i
  X:015EH         SYMBOL        j
  -------         ENDDO         
  C:0F71H         LINE#         28
  C:0F77H         LINE#         31
  C:0F81H         LINE#         32
  C:0F8BH         LINE#         34
  C:0FA3H         LINE#         35
  C:0FA9H         LINE#         36
  C:0FACH         LINE#         37
  C:0FAEH         LINE#         39
  C:0FBBH         LINE#         41
  C:1027H         LINE#         42
  C:1034H         LINE#         43
  C:1036H         LINE#         44
  C:1049H         LINE#         45
  C:1072H         LINE#         46
  C:107AH         LINE#         47
  C:107AH         LINE#         48
  C:107DH         LINE#         49
  C:107DH         LINE#         50
  C:1085H         LINE#         51
  C:1089H         LINE#         52
  C:109CH         LINE#         53
  C:10C9H         LINE#         54
  C:10D1H         LINE#         55
  C:10D9H         LINE#         56
BL51 BANKED LINKER/LOCATER V5.12                                                      09/21/2022  15:46:03  PAGE 21


  C:10EDH         LINE#         57
  C:1126H         LINE#         58
  C:112EH         LINE#         59
  C:112EH         LINE#         60
  C:1133H         LINE#         61
  C:1144H         LINE#         62
  C:117DH         LINE#         63
  C:1185H         LINE#         64
  C:1185H         LINE#         67
  C:11C9H         LINE#         69
  C:11D9H         LINE#         70
  C:1208H         LINE#         71
  C:1210H         LINE#         74
  C:1225H         LINE#         75
  C:123AH         LINE#         76
  C:1276H         LINE#         77
  C:1299H         LINE#         78
  C:12C7H         LINE#         79
  C:12E6H         LINE#         80
  C:12E6H         LINE#         81
  C:12EFH         LINE#         82
  C:12F8H         LINE#         84
  C:1302H         LINE#         86
  C:1315H         LINE#         87
  C:1345H         LINE#         88
  C:134DH         LINE#         90
  C:138BH         LINE#         94
  C:1399H         LINE#         95
  -------         ENDPROC       _FFILTER_AVERAGING
  -------         PROC          _FREAD_ADC
  X:012FH         SYMBOL        cFillFilter
  -------         DO            
  X:0130H         SYMBOL        iTemp_RA
  X:0134H         SYMBOL        txt
  -------         ENDDO         
  C:414BH         LINE#         102
  C:4150H         LINE#         103
  C:4158H         LINE#         104
  C:416BH         LINE#         106
  C:4171H         LINE#         110
  C:417AH         LINE#         114
  C:4193H         LINE#         119
  C:41AEH         LINE#         120
  C:41CDH         LINE#         121
  C:41E1H         LINE#         122
  C:41FDH         LINE#         123
  C:41FFH         LINE#         124
  C:421BH         LINE#         125
  C:421BH         LINE#         129
  C:423AH         LINE#         133
  C:4248H         LINE#         134
  -------         ENDPROC       _FREAD_ADC
  -------         PROC          READHX712
  -------         DO            
  D:0004H         SYMBOL        i
  X:0148H         SYMBOL        ptr
  X:014BH         SYMBOL        dato
BL51 BANKED LINKER/LOCATER V5.12                                                      09/21/2022  15:46:03  PAGE 22


  -------         ENDDO         
  C:49AEH         LINE#         136
  C:49AEH         LINE#         139
  C:49C1H         LINE#         140
  C:49CFH         LINE#         142
  C:49D8H         LINE#         143
  C:49DBH         LINE#         144
  C:49DBH         LINE#         145
  C:49DDH         LINE#         146
  C:49F8H         LINE#         147
  C:49FAH         LINE#         148
  C:4A0EH         LINE#         149
  C:4A19H         LINE#         151
  C:4A2AH         LINE#         152
  C:4A2CH         LINE#         154
  C:4A3AH         LINE#         155
  -------         ENDPROC       READHX712
  -------         ENDMOD        DVR_HX712

  -------         MODULE        DATA_NVM_5219_VC_DEC09_13
  C:0000H         SYMBOL        _ICE_DUMMY_
  D:0090H         PUBLIC        P1
  D:00B0H         PUBLIC        P3
  B:00A8H.7       PUBLIC        EA
  C:4DFEH         PUBLIC        _flash_write_u8
  D:00A8H         PUBLIC        IE
  D:00B8H         PUBLIC        IP
  X:02C9H         PUBLIC        NRM_securty_a
  X:02CAH         PUBLIC        NRM_securty_b
  D:00C4H         PUBLIC        FLASH_ENA
  D:00C5H         PUBLIC        FLASH_ENB
  D:00C6H         PUBLIC        FLASH_ENC
  C:4C63H         PUBLIC        _flash_read_u32
  C:3B87H         PUBLIC        _ClearThisButAll
  C:4D32H         PUBLIC        _flash_read_u16
  D:00C7H         PUBLIC        FLASH_CON
  D:0098H         PUBLIC        SCON
  D:00C3H         PUBLIC        FLASH_ADDRH
  D:0088H         PUBLIC        TCON
  D:00C2H         PUBLIC        FLASH_ADDRL
  C:4BC3H         PUBLIC        _e2rom_erase
  C:4871H         PUBLIC        _flash_write_u32
  C:4AC7H         PUBLIC        _flash_write_u16
  C:4FD2H         PUBLIC        nop
  C:4CA9H         PUBLIC        _flash_read_float32
  C:4B65H         PUBLIC        _nvm_data_write_byte
  C:47CBH         PUBLIC        _flash_write_float32
  D:00C8H         PUBLIC        T2CON
  D:00C1H         PUBLIC        FLASH_DATA
  D:00D0H         PUBLIC        PSW
  C:4FAEH         PUBLIC        _flash_read_u8
  -------         PROC          NOP
  -------         DO            
  D:0006H         SYMBOL        x
  -------         ENDDO         
  C:4FD2H         LINE#         27
  C:4FD2H         LINE#         28
BL51 BANKED LINKER/LOCATER V5.12                                                      09/21/2022  15:46:03  PAGE 23


  C:4FD2H         LINE#         29
  C:4FD2H         LINE#         30
  -------         ENDPROC       NOP
  C:4FA4H         SYMBOL        L?0062
  -------         PROC          L?0061
  -------         ENDPROC       L?0061
  C:4FA4H         SYMBOL        L?0062
  -------         PROC          _FLASH_READ_U8
  D:0006H         SYMBOL        addr
  -------         DO            
  D:0007H         SYMBOL        val
  -------         ENDDO         
  C:4FAEH         LINE#         32
  C:4FAEH         LINE#         33
  C:4FAEH         LINE#         35
  C:4FB5H         LINE#         36
  C:4FB5H         LINE#         37
  -------         ENDPROC       _FLASH_READ_U8
  -------         PROC          _FLASH_READ_U16
  X:02B2H         SYMBOL        addr
  -------         DO            
  X:02B4H         SYMBOL        val
  X:02B6H         SYMBOL        ptr
  D:0005H         SYMBOL        i
  -------         ENDDO         
  C:4D32H         LINE#         39
  C:4D3AH         LINE#         40
  C:4D3AH         LINE#         45
  C:4D48H         LINE#         46
  C:4D4AH         LINE#         47
  C:4D4AH         LINE#         48
  C:4D64H         LINE#         49
  C:4D69H         LINE#         50
  C:4D71H         LINE#         51
  -------         ENDPROC       _FLASH_READ_U16
  -------         PROC          _FLASH_READ_U32
  X:0276H         SYMBOL        addr
  -------         DO            
  X:0278H         SYMBOL        val
  X:027CH         SYMBOL        ptr
  D:0005H         SYMBOL        i
  -------         ENDDO         
  C:4C63H         LINE#         53
  C:4C6BH         LINE#         54
  C:4C6BH         LINE#         59
  C:4C79H         LINE#         60
  C:4C7BH         LINE#         61
  C:4C7BH         LINE#         62
  C:4C95H         LINE#         63
  C:4C9AH         LINE#         64
  C:4CA8H         LINE#         65
  -------         ENDPROC       _FLASH_READ_U32
  -------         PROC          _FLASH_READ_FLOAT32
  X:027FH         SYMBOL        addr
  -------         DO            
  X:0281H         SYMBOL        val
  X:0285H         SYMBOL        ptr
BL51 BANKED LINKER/LOCATER V5.12                                                      09/21/2022  15:46:03  PAGE 24


  D:0005H         SYMBOL        i
  -------         ENDDO         
  C:4CA9H         LINE#         67
  C:4CB1H         LINE#         68
  C:4CB1H         LINE#         73
  C:4CBFH         LINE#         74
  C:4CC1H         LINE#         75
  C:4CC1H         LINE#         76
  C:4CDBH         LINE#         77
  C:4CE0H         LINE#         78
  C:4CEEH         LINE#         79
  -------         ENDPROC       _FLASH_READ_FLOAT32
  C:4B54H         SYMBOL        L?0058
  -------         PROC          L?0057
  -------         ENDPROC       L?0057
  C:4B54H         SYMBOL        L?0058
  -------         PROC          _NVM_DATA_WRITE_BYTE
  D:0006H         SYMBOL        addr
  D:0005H         SYMBOL        in_data
  -------         DO            
  X:02BDH         SYMBOL        flash_addr
  B:0021H.1       SYMBOL        ea_save
  X:02BFH         SYMBOL        i
  -------         ENDDO         
  C:4B65H         LINE#         82
  C:4B65H         LINE#         83
  C:4B65H         LINE#         86
  C:4B6AH         LINE#         88
  C:4B72H         LINE#         89
  C:4B76H         LINE#         90
  C:4B78H         LINE#         92
  C:4B7EH         LINE#         93
  C:4B82H         LINE#         94
  C:4B86H         LINE#         97
  C:4B89H         LINE#         98
  C:4B8BH         LINE#         99
  C:4B8DH         LINE#         101
  C:4B99H         LINE#         102
  C:4B9CH         LINE#         103
  C:4B9FH         LINE#         105
  C:4BA2H         LINE#         106
  C:4BA5H         LINE#         107
  C:4BA8H         LINE#         109
  C:4BB4H         LINE#         110
  C:4BB7H         LINE#         112
  C:4BBAH         LINE#         113
  C:4BBCH         LINE#         114
  C:4BBEH         LINE#         115
  C:4BC2H         LINE#         116
  -------         ENDPROC       _NVM_DATA_WRITE_BYTE
  -------         PROC          _FLASH_WRITE_U8
  X:02C0H         SYMBOL        addr
  X:02C2H         SYMBOL        in_data
  C:4DFEH         LINE#         118
  C:4E0BH         LINE#         119
  C:4E0BH         LINE#         121
  C:4E12H         LINE#         122
BL51 BANKED LINKER/LOCATER V5.12                                                      09/21/2022  15:46:03  PAGE 25


  C:4E1AH         LINE#         124
  -------         ENDPROC       _FLASH_WRITE_U8
  -------         PROC          _FLASH_WRITE_U16
  X:0288H         SYMBOL        addr
  X:028AH         SYMBOL        in_data
  -------         DO            
  X:028CH         SYMBOL        ptr
  D:0004H         SYMBOL        i
  X:028FH         SYMBOL        aux
  -------         ENDDO         
  C:4AC7H         LINE#         127
  C:4AD7H         LINE#         128
  C:4AD7H         LINE#         134
  C:4AE2H         LINE#         135
  C:4AF0H         LINE#         136
  C:4B1CH         LINE#         137
  C:4B2BH         LINE#         140
  C:4B39H         LINE#         141
  C:4B3BH         LINE#         142
  C:4B3BH         LINE#         143
  C:4B4BH         LINE#         144
  C:4B50H         LINE#         145
  -------         ENDPROC       _FLASH_WRITE_U16
  -------         PROC          _FLASH_WRITE_U32
  X:025CH         SYMBOL        addr
  X:025EH         SYMBOL        in_data
  -------         DO            
  X:0262H         SYMBOL        ptr
  D:0004H         SYMBOL        i
  X:0265H         SYMBOL        aux
  -------         ENDDO         
  C:4871H         LINE#         147
  C:4879H         LINE#         148
  C:4879H         LINE#         154
  C:4882H         LINE#         155
  C:4890H         LINE#         156
  C:48E8H         LINE#         157
  C:48EEH         LINE#         160
  C:48FCH         LINE#         161
  C:48FEH         LINE#         162
  C:48FEH         LINE#         163
  C:490EH         LINE#         164
  C:4913H         LINE#         165
  -------         ENDPROC       _FLASH_WRITE_U32
  -------         PROC          _FLASH_WRITE_FLOAT32
  X:0269H         SYMBOL        addr
  X:026BH         SYMBOL        in_data
  -------         DO            
  X:026FH         SYMBOL        ptr
  D:0004H         SYMBOL        i
  X:0272H         SYMBOL        aux
  -------         ENDDO         
  C:47CBH         LINE#         167
  C:47D3H         LINE#         168
  C:47D3H         LINE#         174
  C:47DCH         LINE#         175
  C:47EAH         LINE#         176
BL51 BANKED LINKER/LOCATER V5.12                                                      09/21/2022  15:46:03  PAGE 26


  C:4842H         LINE#         177
  C:4848H         LINE#         180
  C:4856H         LINE#         181
  C:4858H         LINE#         182
  C:4858H         LINE#         183
  C:486BH         LINE#         184
  C:4870H         LINE#         185
  -------         ENDPROC       _FLASH_WRITE_FLOAT32
  -------         PROC          _E2ROM_ERASE
  D:0006H         SYMBOL        addr
  -------         DO            
  X:02C3H         SYMBOL        i
  X:02C4H         SYMBOL        flash_addr
  B:0021H.2       SYMBOL        ea_save
  -------         ENDDO         
  C:4BC3H         LINE#         192
  C:4BC3H         LINE#         193
  C:4BC8H         LINE#         196
  C:4BCEH         LINE#         197
  C:4BD2H         LINE#         198
  C:4BD4H         LINE#         199
  C:4BDAH         LINE#         200
  C:4BDEH         LINE#         202
  C:4BE1H         LINE#         203
  C:4BE3H         LINE#         204
  C:4BE5H         LINE#         206
  C:4BF1H         LINE#         207
  C:4BF4H         LINE#         208
  C:4BF7H         LINE#         210
  C:4BFAH         LINE#         211
  C:4BFDH         LINE#         212
  C:4C00H         LINE#         214
  C:4C0CH         LINE#         215
  C:4C0FH         LINE#         217
  C:4C12H         LINE#         218
  C:4C14H         LINE#         219
  C:4C16H         LINE#         220
  C:4C1AH         LINE#         221
  -------         ENDPROC       _E2ROM_ERASE
  C:3B80H         SYMBOL        L?0060
  -------         PROC          L?0059
  -------         ENDPROC       L?0059
  C:3B80H         SYMBOL        L?0060
  -------         PROC          _CLEARTHISBUTALL
  X:0291H         SYMBOL        Address
  X:0293H         SYMBOL        IntCount
  -------         DO            
  X:0295H         SYMBOL        Aux
  X:0296H         SYMBOL        i
  D:0002H         SYMBOL        Page
  X:0298H         SYMBOL        SizePage
  -------         ENDDO         
  C:3B87H         LINE#         223
  C:3B97H         LINE#         224
  C:3B9CH         LINE#         225
  C:3BA0H         LINE#         227
  C:3BA7H         LINE#         230
BL51 BANKED LINKER/LOCATER V5.12                                                      09/21/2022  15:46:03  PAGE 27


  C:3BADH         LINE#         231
  C:3BB8H         LINE#         235
  C:3BCFH         LINE#         236
  C:3BDDH         LINE#         237
  C:3BE4H         LINE#         238
  C:3BF4H         LINE#         242
  C:3C11H         LINE#         243
  C:3C23H         LINE#         244
  C:3C35H         LINE#         245
  C:3C57H         LINE#         246
  C:3C67H         LINE#         250
  C:3C6EH         LINE#         254
  C:3C8BH         LINE#         255
  C:3CA6H         LINE#         256
  C:3CB6H         LINE#         260
  -------         ENDPROC       _CLEARTHISBUTALL
  -------         ENDMOD        DATA_NVM_5219_VC_DEC09_13

  -------         MODULE        DVR_SCALE
  C:0000H         SYMBOL        _ICE_DUMMY_
  D:0080H         PUBLIC        P0
  D:0090H         PUBLIC        P1
  D:00A0H         PUBLIC        P2
  D:00B0H         PUBLIC        P3
  D:00A8H         PUBLIC        IE
  D:00AAH         PUBLIC        WD_TA
  X:0000H         PUBLIC        fWeightScaleBefore
  D:00B8H         PUBLIC        IP
  C:1B4AH         PUBLIC        vWeight_Positive
  X:0004H         PUBLIC        iCounterZeroTracking
  C:1E9CH         PUBLIC        _cOnOffModeTara
  C:21DBH         PUBLIC        _fStablePoint
  D:0098H         PUBLIC        SCON
  D:0088H         PUBLIC        TCON
  X:0006H         PUBLIC        fWeightScale
  C:3706H         PUBLIC        cSetZeroPoint
  C:4594H         SYMBOL        _?ix1000
  C:459AH         SYMBOL        _?ix1001
  C:2D66H         PUBLIC        _cRun_Scale
  C:4DA2H         PUBLIC        vSetZero
  C:2A9AH         PUBLIC        _vSaveParamScale
  X:000AH         PUBLIC        stScaleParam
  X:0090H         PUBLIC        fWeightLight
  X:0094H         PUBLIC        srFlagScale
  C:27BEH         PUBLIC        vCalibrate_Scale
  C:389FH         PUBLIC        _vGetZeroTracking
  C:31E8H         PUBLIC        vReadParamScale
  C:356FH         PUBLIC        vCalculate_Weight
  C:24D7H         PUBLIC        _vPreConfiguration
  D:00C8H         PUBLIC        T2CON
  C:1798H         PUBLIC        fSleep_Run
  D:00D0H         PUBLIC        PSW
  C:4249H         PUBLIC        vWeight_Negative
  C:13CBH         PUBLIC        _fCuentasToPeso
  D:00A9H         PUBLIC        WDCON
  -------         PROC          VREADPARAMSCALE
  C:31E8H         LINE#         106
BL51 BANKED LINKER/LOCATER V5.12                                                      09/21/2022  15:46:03  PAGE 28


  C:31E8H         LINE#         107
  C:31F5H         LINE#         108
  C:3202H         LINE#         109
  C:320FH         LINE#         110
  C:3219H         LINE#         112
  C:3225H         LINE#         113
  C:3231H         LINE#         114
  C:323DH         LINE#         115
  C:3249H         LINE#         116
  C:3258H         LINE#         117
  C:3267H         LINE#         118
  C:3276H         LINE#         119
  C:3285H         LINE#         120
  C:3294H         LINE#         121
  C:32A0H         LINE#         122
  C:32ACH         LINE#         123
  C:32B8H         LINE#         125
  C:32C1H         LINE#         126
  C:32C4H         LINE#         127
  C:32C6H         LINE#         128
  C:32C9H         LINE#         129
  C:32C9H         LINE#         131
  C:32D5H         LINE#         133
  C:32DAH         LINE#         134
  C:32DDH         LINE#         135
  C:32DFH         LINE#         136
  C:32E2H         LINE#         137
  C:32E2H         LINE#         139
  C:32EEH         LINE#         140
  C:32F3H         LINE#         141
  C:32FFH         LINE#         142
  C:330BH         LINE#         143
  C:3317H         LINE#         145
  C:3326H         LINE#         146
  C:3335H         LINE#         148
  C:3341H         LINE#         150
  C:3350H         LINE#         152
  C:335CH         LINE#         154
  C:3368H         LINE#         156
  C:3377H         LINE#         158
  C:3384H         LINE#         160
  C:3390H         LINE#         162
  C:339CH         LINE#         164
  C:33A8H         LINE#         166
  -------         ENDPROC       VREADPARAMSCALE
  -------         PROC          _VSAVEPARAMSCALE
  D:0007H         SYMBOL        cType_Parameter
  C:2A9AH         LINE#         176
  C:2A9AH         LINE#         178
  C:2AA0H         LINE#         179
  C:2AA6H         LINE#         181
  C:2ACFH         LINE#         183
  C:2ACFH         LINE#         184
  C:2AD8H         LINE#         185
  C:2AF3H         LINE#         186
  C:2B0EH         LINE#         187
  C:2B29H         LINE#         188
BL51 BANKED LINKER/LOCATER V5.12                                                      09/21/2022  15:46:03  PAGE 29


  C:2B29H         LINE#         189
  C:2B2BH         LINE#         191
  C:2B2BH         LINE#         192
  C:2B35H         LINE#         193
  C:2B38H         LINE#         195
  C:2B38H         LINE#         197
  C:2B44H         LINE#         198
  C:2B50H         LINE#         199
  C:2B5FH         LINE#         200
  C:2B6EH         LINE#         201
  C:2B7DH         LINE#         202
  C:2B8CH         LINE#         203
  C:2B9BH         LINE#         204
  C:2BA7H         LINE#         205
  C:2BB3H         LINE#         206
  C:2BBFH         LINE#         207
  C:2BCBH         LINE#         208
  C:2BD7H         LINE#         209
  C:2BE3H         LINE#         210
  C:2BEFH         LINE#         211
  C:2BFBH         LINE#         212
  C:2C0AH         LINE#         213
  C:2C16H         LINE#         214
  C:2C22H         LINE#         215
  C:2C31H         LINE#         216
  C:2C4CH         LINE#         217
  C:2C58H         LINE#         218
  C:2C64H         LINE#         219
  C:2C70H         LINE#         220
  C:2C7CH         LINE#         221
  C:2C83H         LINE#         223
  C:2C86H         LINE#         225
  C:2C86H         LINE#         226
  C:2C92H         LINE#         227
  C:2C94H         LINE#         229
  C:2C94H         LINE#         230
  C:2CAAH         LINE#         231
  C:2CADH         LINE#         233
  C:2CADH         LINE#         234
  C:2CBCH         LINE#         235
  C:2CBFH         LINE#         237
  C:2CBFH         LINE#         238
  C:2CCEH         LINE#         239
  C:2CE4H         LINE#         240
  C:2CE6H         LINE#         242
  C:2CE6H         LINE#         243
  C:2D01H         LINE#         244
  C:2D17H         LINE#         245
  C:2D19H         LINE#         247
  C:2D19H         LINE#         248
  C:2D31H         LINE#         249
  C:2D33H         LINE#         251
  C:2D33H         LINE#         252
  C:2D4EH         LINE#         253
  C:2D50H         LINE#         255
  C:2D50H         LINE#         256
  C:2D5CH         LINE#         257
BL51 BANKED LINKER/LOCATER V5.12                                                      09/21/2022  15:46:03  PAGE 30


  C:2D5CH         LINE#         258
  C:2D5CH         LINE#         261
  C:2D61H         LINE#         262
  C:2D65H         LINE#         263
  -------         ENDPROC       _VSAVEPARAMSCALE
  -------         PROC          L?0295
  -------         ENDPROC       L?0295
  -------         PROC          _FSTABLEPOINT
  X:0222H         SYMBOL        cSetCountBack
  X:0223H         SYMBOL        cShowCount
  X:0224H         SYMBOL        cRunStable
  -------         DO            
  X:0225H         SYMBOL        cCountReading
  X:0226H         SYMBOL        cNumber_Count
  X:0227H         SYMBOL        cCountBack
  X:022BH         SYMBOL        fActualWeightAdc
  X:022FH         SYMBOL        fWeightAdc
  X:0233H         SYMBOL        fLimitRange
  X:0237H         SYMBOL        i
  -------         ENDDO         
  C:21DBH         LINE#         277
  C:21E8H         LINE#         279
  C:21EDH         LINE#         280
  C:21EFH         LINE#         281
  C:21F6H         LINE#         282
  C:2200H         LINE#         283
  C:220AH         LINE#         284
  C:2219H         LINE#         285
  C:2220H         LINE#         287
  C:2224H         LINE#         289
  C:222BH         LINE#         290
  C:2231H         LINE#         291
  C:2231H         LINE#         293
  C:223AH         LINE#         295
  C:2257H         LINE#         297
  C:225AH         LINE#         300
  C:2265H         LINE#         301
  C:2279H         LINE#         302
  C:2284H         LINE#         303
  C:228FH         LINE#         304
  C:229AH         LINE#         305
  C:229CH         LINE#         306
  C:22C3H         LINE#         307
  C:22EBH         LINE#         308
  C:2312H         LINE#         309
  C:2312H         LINE#         310
  C:2312H         LINE#         312
  C:2320H         LINE#         314
  C:2326H         LINE#         315
  C:2326H         LINE#         316
  C:2329H         LINE#         317
  C:2329H         LINE#         321
  C:238FH         LINE#         322
  C:238FH         LINE#         323
  C:2395H         LINE#         327
  C:23A3H         LINE#         328
  C:23C7H         LINE#         329
BL51 BANKED LINKER/LOCATER V5.12                                                      09/21/2022  15:46:03  PAGE 31


  C:23CCH         LINE#         330
  C:23CCH         LINE#         331
  C:23CFH         LINE#         334
  C:23DAH         LINE#         335
  C:23DDH         LINE#         336
  C:23E8H         LINE#         337
  C:23F3H         LINE#         338
  C:243FH         LINE#         339
  C:248BH         LINE#         340
  C:248BH         LINE#         341
  C:2490H         LINE#         342
  C:249FH         LINE#         343
  C:24ADH         LINE#         345
  C:24B6H         LINE#         346
  C:24BBH         LINE#         347
  C:24C2H         LINE#         348
  C:24C2H         LINE#         349
  C:24C2H         LINE#         350
  C:24C2H         LINE#         352
  C:24C8H         LINE#         353
  C:24D6H         LINE#         354
  -------         ENDPROC       _FSTABLEPOINT
  -------         PROC          CSETZEROPOINT
  -------         DO            
  X:029AH         SYMBOL        fWeightPlate
  X:029EH         SYMBOL        fPointZero
  -------         ENDDO         
  C:3706H         LINE#         368
  C:3706H         LINE#         371
  C:3710H         LINE#         372
  C:371AH         LINE#         374
  C:3727H         LINE#         376
  C:372DH         LINE#         377
  C:3730H         LINE#         378
  C:3730H         LINE#         381
  C:3755H         LINE#         383
  C:375EH         LINE#         385
  C:37E2H         LINE#         386
  C:37E2H         LINE#         389
  C:37E5H         LINE#         390
  C:37F0H         LINE#         391
  C:37FBH         LINE#         395
  C:37FBH         LINE#         396
  C:3804H         LINE#         397
  C:3810H         LINE#         398
  C:3813H         LINE#         399
  C:3813H         LINE#         400
  C:3813H         LINE#         401
  C:3813H         LINE#         402
  C:3813H         LINE#         404
  C:3857H         LINE#         407
  C:385AH         LINE#         408
  C:3865H         LINE#         412
  C:3865H         LINE#         413
  C:386EH         LINE#         414
  C:387AH         LINE#         415
  C:387DH         LINE#         416
BL51 BANKED LINKER/LOCATER V5.12                                                      09/21/2022  15:46:03  PAGE 32


  C:387DH         LINE#         417
  C:387DH         LINE#         419
  C:387DH         LINE#         420
  C:3891H         LINE#         421
  C:3891H         LINE#         423
  C:3893H         LINE#         424
  -------         ENDPROC       CSETZEROPOINT
  -------         PROC          _CONOFFMODETARA
  X:020AH         SYMBOL        fWeightTara
  -------         DO            
  X:020EH         SYMBOL        fAdcCountTara
  X:0212H         SYMBOL        fLimite_Inf
  X:0216H         SYMBOL        fLimite_Sup
  X:021AH         SYMBOL        fWeightZero
  X:021EH         SYMBOL        AuxTara
  -------         ENDDO         
  C:1E9CH         LINE#         441
  C:1EA2H         LINE#         443
  C:1EACH         LINE#         444
  C:1EB6H         LINE#         445
  C:1EC0H         LINE#         446
  C:1ECAH         LINE#         447
  C:1ED4H         LINE#         449
  C:1EDDH         LINE#         451
  C:1EE8H         LINE#         453
  C:1F04H         LINE#         454
  C:1F0DH         LINE#         456
  C:1F13H         LINE#         457
  C:1F50H         LINE#         458
  C:1F50H         LINE#         459
  C:1F50H         LINE#         460
  C:1F50H         LINE#         461
  C:1F52H         LINE#         462
  C:1F73H         LINE#         463
  C:1F87H         LINE#         464
  C:1F8DH         LINE#         465
  C:1F8DH         LINE#         466
  C:1F8DH         LINE#         467
  C:1F8EH         LINE#         468
  C:1F94H         LINE#         469
  C:1FD1H         LINE#         470
  C:1FD1H         LINE#         471
  C:1FD1H         LINE#         472
  C:1FD3H         LINE#         473
  C:1FF6H         LINE#         474
  C:200AH         LINE#         475
  C:200AH         LINE#         476
  C:200AH         LINE#         477
  C:200AH         LINE#         478
  C:2025H         LINE#         480
  C:202EH         LINE#         481
  C:204CH         LINE#         483
  C:2057H         LINE#         484
  C:2085H         LINE#         485
  C:20B0H         LINE#         486
  C:20E3H         LINE#         487
  C:20EFH         LINE#         488
BL51 BANKED LINKER/LOCATER V5.12                                                      09/21/2022  15:46:03  PAGE 33


  C:20F9H         LINE#         489
  C:20FCH         LINE#         490
  C:2105H         LINE#         491
  C:210FH         LINE#         492
  C:210FH         LINE#         493
  C:2111H         LINE#         494
  C:211AH         LINE#         495
  C:214CH         LINE#         496
  C:214CH         LINE#         498
  C:2190H         LINE#         499
  C:2197H         LINE#         500
  C:21A1H         LINE#         501
  C:21A6H         LINE#         502
  C:21BAH         LINE#         503
  C:21D4H         LINE#         504
  C:21D4H         LINE#         505
  C:21D4H         LINE#         506
  C:21D4H         LINE#         508
  C:21D4H         LINE#         509
  -------         ENDPROC       _CONOFFMODETARA
  -------         PROC          VSETZERO
  -------         DO            
  X:02B9H         SYMBOL        fWeightZero
  -------         ENDDO         
  C:4DA2H         LINE#         518
  C:4DA2H         LINE#         519
  C:4DACH         LINE#         522
  C:4DB5H         LINE#         524
  C:4DBCH         LINE#         525
  C:4DD0H         LINE#         526
  C:4DD0H         LINE#         527
  -------         ENDPROC       VSETZERO
  -------         PROC          L?0294
  -------         ENDPROC       L?0294
  -------         PROC          _VGETZEROTRACKING
  X:02A2H         SYMBOL        fActualWeightScale
  -------         DO            
  X:02A6H         SYMBOL        fValor_Limite
  -------         ENDDO         
  C:389FH         LINE#         536
  C:38A5H         LINE#         537
  C:38AFH         LINE#         540
  C:38B6H         LINE#         541
  C:38E1H         LINE#         542
  C:390EH         LINE#         543
  C:3910H         LINE#         544
  C:3924H         LINE#         546
  C:3941H         LINE#         548
  C:3959H         LINE#         549
  C:3977H         LINE#         550
  C:3977H         LINE#         552
  C:39DDH         LINE#         553
  C:39DDH         LINE#         555
  C:39EBH         LINE#         556
  C:39FCH         LINE#         557
  C:3A10H         LINE#         558
  C:3A10H         LINE#         559
BL51 BANKED LINKER/LOCATER V5.12                                                      09/21/2022  15:46:03  PAGE 34


  C:3A10H         LINE#         560
  C:3A17H         LINE#         561
  C:3A17H         LINE#         562
  -------         ENDPROC       _VGETZEROTRACKING
  -------         PROC          VCALIBRATE_SCALE
  -------         DO            
  X:012FH         SYMBOL        fAux_Value
  X:0133H         SYMBOL        fAuxCountAdcInicial
  X:0137H         SYMBOL        fAuxCountAdcFinal
  X:013BH         SYMBOL        fAuxCountDif
  -------         ENDDO         
  C:27BEH         LINE#         572
  C:27BEH         LINE#         573
  C:27C8H         LINE#         574
  C:27D2H         LINE#         575
  C:27DCH         LINE#         576
  C:27E6H         LINE#         578
  C:27F4H         LINE#         581
  C:27F7H         LINE#         583
  C:2802H         LINE#         584
  C:280DH         LINE#         585
  C:2818H         LINE#         594
  C:282AH         LINE#         604
  C:283EH         LINE#         605
  C:2845H         LINE#         607
  C:2848H         LINE#         609
[...]
  C:1C67H         LINE#         1063
  C:1C70H         LINE#         1064
  C:1C79H         LINE#         1065
  C:1C7FH         LINE#         1066
  C:1C81H         LINE#         1067
  C:1C8AH         LINE#         1068
  C:1C95H         LINE#         1069
  C:1C95H         LINE#         1071
  C:1C9BH         LINE#         1072
  C:1CA0H         LINE#         1073
  C:1CA6H         LINE#         1074
  C:1CAFH         LINE#         1075
  C:1CB1H         LINE#         1077
  C:1CE6H         LINE#         1078
  C:1D0BH         LINE#         1079
BL51 BANKED LINKER/LOCATER V5.12                                                      09/21/2022  15:46:03  PAGE 40


  C:1D10H         LINE#         1080
  C:1D10H         LINE#         1084
  C:1D10H         LINE#         1085
  C:1D15H         LINE#         1088
  C:1D32H         LINE#         1091
  C:1D38H         LINE#         1092
  C:1D68H         LINE#         1093
  C:1D72H         LINE#         1094
  C:1D77H         LINE#         1095
  C:1D7BH         LINE#         1096
  C:1D7FH         LINE#         1097
  C:1D7FH         LINE#         1098
  C:1D7FH         LINE#         1100
  C:1D7FH         LINE#         1103
  C:1D7FH         LINE#         1105
  C:1D93H         LINE#         1108
  C:1DB7H         LINE#         1109
  C:1DB9H         LINE#         1110
  C:1DB9H         LINE#         1112
  C:1DD1H         LINE#         1113
  C:1DD5H         LINE#         1114
  C:1DD7H         LINE#         1115
  C:1DE6H         LINE#         1116
  C:1DE6H         LINE#         1118
  C:1E0BH         LINE#         1124
  C:1E4DH         LINE#         1125
  C:1E58H         LINE#         1126
  C:1E58H         LINE#         1127
  C:1E72H         LINE#         1128
  C:1E8BH         LINE#         1129
  C:1E8DH         LINE#         1130
  C:1E9BH         LINE#         1131
  C:1E9BH         LINE#         1132
  C:1E9BH         LINE#         1133
  C:1E9BH         LINE#         1134
  -------         ENDPROC       VWEIGHT_POSITIVE
  -------         PROC          VWEIGHT_NEGATIVE
  C:4249H         LINE#         1144
  C:4249H         LINE#         1146
  C:424FH         LINE#         1147
  C:4254H         LINE#         1150
  C:42A4H         LINE#         1151
  C:42C1H         LINE#         1152
  C:42C3H         LINE#         1153
  C:42CEH         LINE#         1154
  C:42CEH         LINE#         1156
  C:42D4H         LINE#         1157
  C:42DAH         LINE#         1158
  C:42DCH         LINE#         1159
  C:42E6H         LINE#         1160
  C:42EBH         LINE#         1161
  C:42F5H         LINE#         1162
  C:4300H         LINE#         1163
  C:4300H         LINE#         1165
  C:4318H         LINE#         1166
  C:431CH         LINE#         1167
  C:431EH         LINE#         1168
BL51 BANKED LINKER/LOCATER V5.12                                                      09/21/2022  15:46:03  PAGE 41


  C:432DH         LINE#         1169
  C:432DH         LINE#         1172
  -------         ENDPROC       VWEIGHT_NEGATIVE
  -------         PROC          VCALCULATE_WEIGHT
  -------         DO            
  X:02CBH         SYMBOL        i
  X:02CCH         SYMBOL        cCountPrecioFijo
  -------         ENDDO         
  C:356FH         LINE#         1184
  C:356FH         LINE#         1189
  C:3576H         LINE#         1191
  C:357FH         LINE#         1192
  C:3582H         LINE#         1193
  C:3584H         LINE#         1194
  C:3584H         LINE#         1195
  C:3587H         LINE#         1196
  C:3587H         LINE#         1198
  C:35A1H         LINE#         1199
  C:35ACH         LINE#         1200
  C:35B4H         LINE#         1202
  C:35C3H         LINE#         1203
  C:35CEH         LINE#         1205
  C:35CEH         LINE#         1208
  C:35DBH         LINE#         1209
  C:35E1H         LINE#         1210
  C:35E1H         LINE#         1212
  C:35F5H         LINE#         1214
  C:3609H         LINE#         1217
  C:362EH         LINE#         1218
  C:3642H         LINE#         1220
  C:3649H         LINE#         1221
  C:364CH         LINE#         1222
  C:364EH         LINE#         1224
  C:3655H         LINE#         1225
  C:3669H         LINE#         1226
  C:368EH         LINE#         1227
  C:3694H         LINE#         1228
  C:369BH         LINE#         1229
  C:369BH         LINE#         1230
  C:369BH         LINE#         1231
  C:36B2H         LINE#         1232
  C:36B2H         LINE#         1234
  C:36D0H         LINE#         1235
  C:36D5H         LINE#         1236
  C:36EFH         LINE#         1237
  C:36F3H         LINE#         1238
  C:36F3H         LINE#         1240
  C:3705H         LINE#         1241
  -------         ENDPROC       VCALCULATE_WEIGHT
  C:139DH         SYMBOL        L?0293
  -------         PROC          L?0292
  -------         ENDPROC       L?0292
  C:139DH         SYMBOL        L?0293
  -------         PROC          _FCUENTASTOPESO
  X:01F1H         SYMBOL        fCountADC
  -------         DO            
  X:01F5H         SYMBOL        fAuxFactorC
BL51 BANKED LINKER/LOCATER V5.12                                                      09/21/2022  15:46:03  PAGE 42


  X:01F9H         SYMBOL        fPesoFinal
  X:01FDH         SYMBOL        fPesoAux
  X:0201H         SYMBOL        iAuxPeso
  X:0205H         SYMBOL        arfFactorMult
  X:0209H         SYMBOL        cFlagNeg
  -------         ENDDO         
  C:13CBH         LINE#         1250
  C:13D1H         LINE#         1252
  C:13DBH         LINE#         1253
  C:13E5H         LINE#         1254
  C:13EFH         LINE#         1255
  C:13F9H         LINE#         1256
  C:1403H         LINE#         1257
  C:1408H         LINE#         1259
  C:141FH         LINE#         1260
  C:1425H         LINE#         1261
  C:1443H         LINE#         1262
  C:1443H         LINE#         1264
  C:1449H         LINE#         1265
  C:1488H         LINE#         1266
  C:1496H         LINE#         1267
  C:1499H         LINE#         1268
  C:14CAH         LINE#         1269
  C:14D4H         LINE#         1270
  C:1505H         LINE#         1271
  C:1544H         LINE#         1272
  C:156BH         LINE#         1273
  C:156EH         LINE#         1274
  C:159FH         LINE#         1275
  C:15D0H         LINE#         1276
  C:160FH         LINE#         1277
  C:1636H         LINE#         1278
  C:1638H         LINE#         1279
  C:1638H         LINE#         1280
  C:1677H         LINE#         1281
  C:169CH         LINE#         1282
  C:169CH         LINE#         1283
  C:169CH         LINE#         1285
  C:16B3H         LINE#         1287
  C:16F2H         LINE#         1288
  C:173CH         LINE#         1289
  C:1765H         LINE#         1291
  C:176BH         LINE#         1292
  C:1789H         LINE#         1293
  C:1789H         LINE#         1295
  C:1797H         LINE#         1296
  -------         ENDPROC       _FCUENTASTOPESO
  -------         PROC          FSLEEP_RUN
  -------         DO            
  X:01A7H         SYMBOL        fWeightScale
  X:01ABH         SYMBOL        fValueReturn
  X:01AFH         SYMBOL        fLimite
  X:01B3H         SYMBOL        i
  X:01B5H         SYMBOL        cFlag_Continue
  X:01B6H         SYMBOL        strMsgSaveBatt
  X:01C6H         SYMBOL        strSave
  X:01CCH         SYMBOL        strBatt
BL51 BANKED LINKER/LOCATER V5.12                                                      09/21/2022  15:46:03  PAGE 43


  X:01D3H         SYMBOL        cDataTemp
  X:01D4H         SYMBOL        cDataTemp1
  X:01D5H         SYMBOL        bStatus_Battery
  -------         ENDDO         
  C:1798H         LINE#         1303
  C:1798H         LINE#         1305
  C:17A2H         LINE#         1306
  C:17ACH         LINE#         1307
  C:17B6H         LINE#         1308
  C:17BDH         LINE#         1309
  C:17C0H         LINE#         1313
  C:17D2H         LINE#         1314
  C:17E5H         LINE#         1315
  C:17EAH         LINE#         1316
  C:17ECH         LINE#         1317
  C:17EEH         LINE#         1320
  C:17FDH         LINE#         1322
  C:1814H         LINE#         1324
  C:181FH         LINE#         1326
  C:1837H         LINE#         1327
  C:1842H         LINE#         1328
  C:1859H         LINE#         1329
  C:186CH         LINE#         1330
  C:1888H         LINE#         1331
  C:1888H         LINE#         1332
  C:1898H         LINE#         1334
  C:18A0H         LINE#         1336
  C:18A6H         LINE#         1337
  C:18B1H         LINE#         1338
  C:18BCH         LINE#         1339
  C:18CFH         LINE#         1341
  C:18D8H         LINE#         1343
  C:18DEH         LINE#         1344
  C:18E2H         LINE#         1345
  C:18EEH         LINE#         1347
  C:18F9H         LINE#         1350
  C:1906H         LINE#         1351
  C:190CH         LINE#         1352
  C:190CH         LINE#         1354
  C:1920H         LINE#         1357
  C:1945H         LINE#         1358
  C:1957H         LINE#         1359
  C:196EH         LINE#         1361
  C:19BAH         LINE#         1362
  C:19BFH         LINE#         1363
  C:19C7H         LINE#         1364
  C:19CCH         LINE#         1365
  C:19CFH         LINE#         1366
  C:19CFH         LINE#         1368
  C:19D8H         LINE#         1371
  C:19E0H         LINE#         1373
  C:19E2H         LINE#         1374
  C:19E5H         LINE#         1375
  C:19E7H         LINE#         1376
  C:19ECH         LINE#         1377
  C:19ECH         LINE#         1379
  C:19F5H         LINE#         1382
BL51 BANKED LINKER/LOCATER V5.12                                                      09/21/2022  15:46:03  PAGE 44


  C:19FDH         LINE#         1384
  C:1A04H         LINE#         1385
  C:1A23H         LINE#         1386
  C:1A3DH         LINE#         1388
  C:1A45H         LINE#         1390
  C:1A5EH         LINE#         1391
  C:1A69H         LINE#         1392
  C:1A80H         LINE#         1393
  C:1A93H         LINE#         1394
  C:1AAFH         LINE#         1395
  C:1AAFH         LINE#         1396
  C:1ABFH         LINE#         1398
  C:1ACAH         LINE#         1399
  C:1AD5H         LINE#         1400
  C:1AE0H         LINE#         1401
  C:1AE0H         LINE#         1403
  C:1AEBH         LINE#         1404
  C:1AEBH         LINE#         1405
  C:1AF3H         LINE#         1406
  C:1AF8H         LINE#         1407
  C:1AFBH         LINE#         1408
  C:1AFBH         LINE#         1410
  C:1B01H         LINE#         1411
  C:1B05H         LINE#         1412
  C:1B05H         LINE#         1414
  C:1B1BH         LINE#         1415
  C:1B1FH         LINE#         1416
  C:1B23H         LINE#         1417
  C:1B23H         LINE#         1418
  C:1B26H         LINE#         1420
  C:1B2CH         LINE#         1421
  C:1B3BH         LINE#         1422
  C:1B3BH         LINE#         1428
  C:1B49H         LINE#         1429
  -------         ENDPROC       FSLEEP_RUN
  -------         ENDMOD        DVR_SCALE

  -------         MODULE        ?C?FPADD
  C:0015H         PUBLIC        ?C?FPADD
  C:0011H         PUBLIC        ?C?FPSUB
  -------         ENDMOD        ?C?FPADD

  -------         MODULE        ?C?FPMUL
  C:0106H         PUBLIC        ?C?FPMUL
  -------         ENDMOD        ?C?FPMUL

  -------         MODULE        ?C?FPDIV
  C:020FH         PUBLIC        ?C?FPDIV
  -------         ENDMOD        ?C?FPDIV

  -------         MODULE        ?C?FPCMP
  C:02AEH         PUBLIC        ?C?FPCMP
  C:02ACH         PUBLIC        ?C?FPCMP3
  -------         ENDMOD        ?C?FPCMP

  -------         MODULE        ?C?FCAST
  C:0323H         PUBLIC        ?C?FCASTC
BL51 BANKED LINKER/LOCATER V5.12                                                      09/21/2022  15:46:03  PAGE 45


  C:031EH         PUBLIC        ?C?FCASTI
  C:0319H         PUBLIC        ?C?FCASTL
  -------         ENDMOD        ?C?FCAST

  -------         MODULE        ?C?CASTF
  C:0357H         PUBLIC        ?C?CASTF
  -------         ENDMOD        ?C?CASTF

  -------         MODULE        PRINTF
  X:013DH         PUBLIC        ?_PRINTF?BYTE
  X:013DH         PUBLIC        ?_SPRINTF?BYTE
  C:0B59H         PUBLIC        _PRINTF
  C:0B53H         PUBLIC        _SPRINTF
  -------         ENDMOD        PRINTF

  -------         MODULE        POW
  X:013FH         PUBLIC        ?_pow?BYTE
  C:3A18H         PUBLIC        _pow
  -------         ENDMOD        POW

  -------         MODULE        ?C?CHKFLOAT
  C:03D8H         PUBLIC        ?C?CHKFLOAT
  -------         ENDMOD        ?C?CHKFLOAT

  -------         MODULE        ?C?FPNEG
  C:03F2H         PUBLIC        ?C?FPNEG
  -------         ENDMOD        ?C?FPNEG

  -------         MODULE        ?C?FPROUND
  C:0403H         PUBLIC        ?C?FPROUND
  -------         ENDMOD        ?C?FPROUND

  -------         MODULE        ?C?FPCONVERT
  C:0440H         PUBLIC        ?C?FPCONVERT
  -------         ENDMOD        ?C?FPCONVERT

  -------         MODULE        EXP
  C:494CH         PUBLIC        _EXP
  -------         ENDMOD        EXP

  -------         MODULE        LOG
  C:3E2DH         PUBLIC        _LOG
  C:3E29H         PUBLIC        _LOG10
  -------         ENDMOD        LOG

  -------         MODULE        ?C?FTNPWR
  C:0575H         PUBLIC        ?C?FTNPWR
  -------         ENDMOD        ?C?FTNPWR

  -------         MODULE        ?C?COPY
  C:06D2H         PUBLIC        ?C?COPY
  -------         ENDMOD        ?C?COPY

  -------         MODULE        ?C?CLDPTR
  C:06F8H         PUBLIC        ?C?CLDPTR
  -------         ENDMOD        ?C?CLDPTR

BL51 BANKED LINKER/LOCATER V5.12                                                      09/21/2022  15:46:03  PAGE 46


  -------         MODULE        ?C?CLDOPTR
  C:0711H         PUBLIC        ?C?CLDOPTR
  -------         ENDMOD        ?C?CLDOPTR

  -------         MODULE        ?C?CSTPTR
  C:073EH         PUBLIC        ?C?CSTPTR
  -------         ENDMOD        ?C?CSTPTR

  -------         MODULE        ?C?IMUL
  C:0750H         PUBLIC        ?C?IMUL
  -------         ENDMOD        ?C?IMUL

  -------         MODULE        ?C?UIDIV
  C:0762H         PUBLIC        ?C?UIDIV
  -------         ENDMOD        ?C?UIDIV

  -------         MODULE        ?C?IILDX
  C:07B7H         PUBLIC        ?C?IILDX
  -------         ENDMOD        ?C?IILDX

  -------         MODULE        ?C?ILDIX
  C:07CDH         PUBLIC        ?C?ILDIX
  -------         ENDMOD        ?C?ILDIX

  -------         MODULE        ?C?LMUL
  C:07E3H         PUBLIC        ?C?LMUL
  -------         ENDMOD        ?C?LMUL

  -------         MODULE        ?C?LNEG
  C:0832H         PUBLIC        ?C?LNEG
  -------         ENDMOD        ?C?LNEG

  -------         MODULE        ?C?SLCMP
  C:0840H         PUBLIC        ?C?SLCMP
  -------         ENDMOD        ?C?SLCMP

  -------         MODULE        ?C?ULCMP
  C:0856H         PUBLIC        ?C?ULCMP
  -------         ENDMOD        ?C?ULCMP

  -------         MODULE        ?C?ULSHR
  C:0867H         PUBLIC        ?C?ULSHR
  -------         ENDMOD        ?C?ULSHR

  -------         MODULE        ?C?LLDPTR
  C:087AH         PUBLIC        ?C?LLDPTR
  -------         ENDMOD        ?C?LLDPTR

  -------         MODULE        ?C?LLDOPTR
  C:089AH         PUBLIC        ?C?LLDOPTR
  -------         ENDMOD        ?C?LLDOPTR

  -------         MODULE        ?C?LSTOPTR
  C:08CAH         PUBLIC        ?C?LSTOPTR
  -------         ENDMOD        ?C?LSTOPTR

  -------         MODULE        ?C?LLDCODE
BL51 BANKED LINKER/LOCATER V5.12                                                      09/21/2022  15:46:03  PAGE 47


  C:08EEH         PUBLIC        ?C?LLDCODE
  -------         ENDMOD        ?C?LLDCODE

  -------         MODULE        ?C?LLDXDATA0
  C:08FEH         PUBLIC        ?C?LLDXDATA0
  -------         ENDMOD        ?C?LLDXDATA0

  -------         MODULE        ?C?LLDCODE0
  C:090AH         PUBLIC        ?C?LLDCODE0
  -------         ENDMOD        ?C?LLDCODE0

  -------         MODULE        ?C?LSTXDATA
  C:091AH         PUBLIC        ?C?LSTXDATA
  -------         ENDMOD        ?C?LSTXDATA

  -------         MODULE        ?C?LSTKXDATA
  C:0926H         PUBLIC        ?C?LSTKXDATA
  -------         ENDMOD        ?C?LSTKXDATA

  -------         MODULE        ?C?PLDIXDATA
  C:0957H         PUBLIC        ?C?PLDIXDATA
  -------         ENDMOD        ?C?PLDIXDATA

  -------         MODULE        ?C?PSTXDATA
  C:096EH         PUBLIC        ?C?PSTXDATA
  -------         ENDMOD        ?C?PSTXDATA

  -------         MODULE        ?C?CCASE
  C:0977H         PUBLIC        ?C?CCASE
  -------         ENDMOD        ?C?CCASE

  -------         MODULE        PUTCHAR
  C:4E51H         PUBLIC        _PUTCHAR
  -------         ENDMOD        PUTCHAR

  -------         MODULE        ?C?STRCPY
  C:0A69H         PUBLIC        ?C?STRCPY
  -------         ENDMOD        ?C?STRCPY

  -------         MODULE        ?C?MEMSET
  C:0A86H         PUBLIC        ?C?MEMSET
  -------         ENDMOD        ?C?MEMSET

  -------         MODULE        ?C?LLDIDATA
  C:0AB2H         PUBLIC        ?C?LLDIDATA
  -------         ENDMOD        ?C?LLDIDATA

  -------         MODULE        ?C?LLDXDATA
  C:0ABEH         PUBLIC        ?C?LLDXDATA
  -------         ENDMOD        ?C?LLDXDATA

  -------         MODULE        ?C?LLDPDATA
  C:0ACAH         PUBLIC        ?C?LLDPDATA
  -------         ENDMOD        ?C?LLDPDATA

  -------         MODULE        ?C?LSTIDATA
  C:0AD6H         PUBLIC        ?C?LSTIDATA
BL51 BANKED LINKER/LOCATER V5.12                                                      09/21/2022  15:46:03  PAGE 48


  -------         ENDMOD        ?C?LSTIDATA

  -------         MODULE        ?C?LSTPDATA
  C:0AE2H         PUBLIC        ?C?LSTPDATA
  -------         ENDMOD        ?C?LSTPDATA

*** WARNING L16: UNCALLED SEGMENT, IGNORED FOR OVERLAY PROCESS
    SEGMENT: ?PR?TESTEEPROM?MAIN

*** WARNING L16: UNCALLED SEGMENT, IGNORED FOR OVERLAY PROCESS
    SEGMENT: ?PR?ILCD_GLASS_DEINIT?DVR_LCD_SDI1621

*** WARNING L16: UNCALLED SEGMENT, IGNORED FOR OVERLAY PROCESS
    SEGMENT: ?PR?ILCD_GLASS_ALL_ON?DVR_LCD_SDI1621

*** WARNING L16: UNCALLED SEGMENT, IGNORED FOR OVERLAY PROCESS
    SEGMENT: ?PR?_FLASH_WRITE_U32?DATA_NVM_5219_VC_DEC09_13

*** WARNING L16: UNCALLED SEGMENT, IGNORED FOR OVERLAY PROCESS
    SEGMENT: ?PR?VREADPARAMSCALE?DVR_SCALE

*** WARNING L16: UNCALLED SEGMENT, IGNORED FOR OVERLAY PROCESS
    SEGMENT: ?PR?CSETZEROPOINT?DVR_SCALE

*** WARNING L16: UNCALLED SEGMENT, IGNORED FOR OVERLAY PROCESS
    SEGMENT: ?PR?_CONOFFMODETARA?DVR_SCALE

*** WARNING L16: UNCALLED SEGMENT, IGNORED FOR OVERLAY PROCESS
    SEGMENT: ?PR?VSETZERO?DVR_SCALE

*** WARNING L16: UNCALLED SEGMENT, IGNORED FOR OVERLAY PROCESS
    SEGMENT: ?PR?_VPRECONFIGURATION?DVR_SCALE

*** WARNING L16: UNCALLED SEGMENT, IGNORED FOR OVERLAY PROCESS
    SEGMENT: ?PR?_CRUN_SCALE?DVR_SCALE

*** WARNING L16: UNCALLED SEGMENT, IGNORED FOR OVERLAY PROCESS
    SEGMENT: ?PR?VCALCULATE_WEIGHT?DVR_SCALE

*** WARNING L1: UNRESOLVED EXTERNAL SYMBOL
    SYMBOL:  UGET_STATUS_VOLT
    MODULE:  dvr_scale.obj (DVR_SCALE)

*** WARNING L1: UNRESOLVED EXTERNAL SYMBOL
    SYMBOL:  VGESTORBATERIA
    MODULE:  dvr_scale.obj (DVR_SCALE)

*** WARNING L2: REFERENCE MADE TO UNRESOLVED EXTERNAL
    SYMBOL:  VGESTORBATERIA
    MODULE:  dvr_scale.obj (DVR_SCALE)
    ADDRESS: 1C53H

*** WARNING L2: REFERENCE MADE TO UNRESOLVED EXTERNAL
    SYMBOL:  UGET_STATUS_VOLT
    MODULE:  dvr_scale.obj (DVR_SCALE)
    ADDRESS: 19D9H

BL51 BANKED LINKER/LOCATER V5.12                                                      09/21/2022  15:46:03  PAGE 49


*** WARNING L2: REFERENCE MADE TO UNRESOLVED EXTERNAL
    SYMBOL:  VGESTORBATERIA
    MODULE:  dvr_scale.obj (DVR_SCALE)
    ADDRESS: 19E3H

Program Size: data=15.3 xdata=717 code=20435
LINK/LOCATE RUN COMPLETE.  16 WARNING(S),  0 ERROR(S)
