BL51 BANKED LINKER/LOCATER V5.12                                                        09/21/2022  15:33:31  PAGE 1


BL51 BANKED LINKER/LOCATER V5.12, INVOKED BY:
C:\KEIL\C51\BIN\BL51.EXE main.obj, dvr_lcd_SDI1621.obj, keyboard.obj, dvr_HX712.obj, data_nvm_5219_Vc_Dec09_13.obj, dvr_
>> scale.obj TO solidic_proj RAMSIZE (256)


MEMORY MODEL: LARGE WITH FLOATING POINT ARITHMETIC


INPUT MODULES INCLUDED:
  main.obj (MAIN)
  dvr_lcd_SDI1621.obj (DVR_LCD_SDI1621)
  keyboard.obj (KEYBOARD)
  dvr_HX712.obj (DVR_HX712)
  data_nvm_5219_Vc_Dec09_13.obj (DATA_NVM_5219_VC_DEC09_13)
  dvr_scale.obj (DVR_SCALE)
  C:\KEIL\C51\LIB\C51FPL.LIB (?C?FPADD)
  C:\KEIL\C51\LIB\C51FPL.LIB (?C?FPMUL)
  C:\KEIL\C51\LIB\C51FPL.LIB (?C?FPDIV)
  C:\KEIL\C51\LIB\C51FPL.LIB (?C?FPCMP)
  C:\KEIL\C51\LIB\C51FPL.LIB (?C?FCAST)
  C:\KEIL\C51\LIB\C51FPL.LIB (?C?CASTF)
  C:\KEIL\C51\LIB\C51FPL.LIB (PRINTF)
  C:\KEIL\C51\LIB\C51FPL.LIB (POW)
  C:\KEIL\C51\LIB\C51FPL.LIB (?C?FPGETOPN)
  C:\KEIL\C51\LIB\C51FPL.LIB (?C?CHKFLOAT)
  C:\KEIL\C51\LIB\C51FPL.LIB (?C?FPNEG)
  C:\KEIL\C51\LIB\C51FPL.LIB (?C?FPROUND)
  C:\KEIL\C51\LIB\C51FPL.LIB (?C?FPCONVERT)
  C:\KEIL\C51\LIB\C51FPL.LIB (EXP)
  C:\KEIL\C51\LIB\C51FPL.LIB (LOG)
  C:\KEIL\C51\LIB\C51FPL.LIB (?C?FTNPWR)
  C:\KEIL\C51\LIB\C51FPL.LIB (?C?FPSERIES)
  C:\KEIL\C51\LIB\C51L.LIB (?C_STARTUP)
  C:\KEIL\C51\LIB\C51L.LIB (?C?COPY)
  C:\KEIL\C51\LIB\C51L.LIB (?C?CLDPTR)
  C:\KEIL\C51\LIB\C51L.LIB (?C?CLDOPTR)
  C:\KEIL\C51\LIB\C51L.LIB (?C?CSTPTR)
  C:\KEIL\C51\LIB\C51L.LIB (?C?IMUL)
  C:\KEIL\C51\LIB\C51L.LIB (?C?UIDIV)
  C:\KEIL\C51\LIB\C51L.LIB (?C?IILDX)
  C:\KEIL\C51\LIB\C51L.LIB (?C?ILDIX)
  C:\KEIL\C51\LIB\C51L.LIB (?C?LMUL)
  C:\KEIL\C51\LIB\C51L.LIB (?C?LNEG)
  C:\KEIL\C51\LIB\C51L.LIB (?C?SLCMP)
  C:\KEIL\C51\LIB\C51L.LIB (?C?ULCMP)
  C:\KEIL\C51\LIB\C51L.LIB (?C?ULSHR)
  C:\KEIL\C51\LIB\C51L.LIB (?C?LLDPTR)
  C:\KEIL\C51\LIB\C51L.LIB (?C?LLDOPTR)
  C:\KEIL\C51\LIB\C51L.LIB (?C?LSTOPTR)
  C:\KEIL\C51\LIB\C51L.LIB (?C?LLDCODE)
  C:\KEIL\C51\LIB\C51L.LIB (?C?LLDXDATA0)
  C:\KEIL\C51\LIB\C51L.LIB (?C?LLDCODE0)
  C:\KEIL\C51\LIB\C51L.LIB (?C?LSTXDATA)
  C:\KEIL\C51\LIB\C51L.LIB (?C?LSTKXDATA)
  C:\KEIL\C51\LIB\C51L.LIB (?C?PLDIXDATA)
  C:\KEIL\C51\LIB\C51L.LIB (?C?PSTXDATA)
  C:\KEIL\C51\LIB\C51L.LIB (?C?CCASE)
  C:\KEIL\C51\LIB\C51L.LIB (PUTCHAR)
BL51 BANKED LINKER/LOCATER V5.12                                                      09/21/2022  15:33:31  PAGE 2


  C:\KEIL\C51\LIB\C51L.LIB (?C?STRCPY)
  C:\KEIL\C51\LIB\C51L.LIB (?C?MEMSET)
  C:\KEIL\C51\LIB\C51L.LIB (?C_INIT)
  C:\KEIL\C51\LIB\C51L.LIB (?C?LLDIDATA)
  C:\KEIL\C51\LIB\C51L.LIB (?C?LLDXDATA)
  C:\KEIL\C51\LIB\C51L.LIB (?C?LLDPDATA)
  C:\KEIL\C51\LIB\C51L.LIB (?C?LSTIDATA)
  C:\KEIL\C51\LIB\C51L.LIB (?C?LSTPDATA)


LINK MAP OF MODULE:  solidic_proj (MAIN)


            TYPE    BASE      LENGTH    RELOCATION   SEGMENT NAME
            -----------------------------------------------------

            * * * * * * *   D A T A   M E M O R Y   * * * * * * *
            REG     0000H     0008H     ABSOLUTE     "REG BANK 0"
            DATA    0008H     0005H     UNIT         _DATA_GROUP_
                    000DH     0013H                  *** GAP ***
            BIT     0020H.0   0001H.1   UNIT         _BIT_GROUP_
            BIT     0021H.1   0000H.1   UNIT         ?BI?_NVM_DATA_WRITE_BYTE?DATA_NVM_5219_VC_DEC09_13
            BIT     0021H.2   0000H.1   UNIT         ?BI?_E2ROM_ERASE?DATA_NVM_5219_VC_DEC09_13
            BIT     0021H.3   0000H.1   UNIT         ?BI?LOG?LOG
                    0021H.4   0000H.4                *** GAP ***
            IDATA   0022H     0001H     UNIT         ?STACK

            * * * * * * *  X D A T A   M E M O R Y  * * * * * * *
            XDATA   0000H     00C5H     UNIT         ?XD?DVR_SCALE
            XDATA   00C5H     0059H     UNIT         ?XD?DVR_HX712
            XDATA   011EH     004FH     UNIT         _XDATA_GROUP_
            XDATA   016DH     003AH     UNIT         ?XD?DVR_LCD_SDI1621
            XDATA   01A7H     002FH     UNIT         ?XD?FSLEEP_RUN?DVR_SCALE
            XDATA   01D6H     001BH     UNIT         ?XD?KEYBOARD
            XDATA   01F1H     0019H     UNIT         ?XD?_FCUENTASTOPESO?DVR_SCALE
            XDATA   020AH     0018H     UNIT         ?XD?_CONOFFMODETARA?DVR_SCALE
            XDATA   0222H     0017H     UNIT         ?XD?_FSTABLEPOINT?DVR_SCALE
            XDATA   0239H     0016H     UNIT         ?XD?TESTEEPROM?MAIN
            XDATA   024FH     000DH     UNIT         ?XD?MAIN
            XDATA   025CH     000DH     UNIT         ?XD?_FLASH_WRITE_U32?DATA_NVM_5219_VC_DEC09_13
            XDATA   0269H     000DH     UNIT         ?XD?_FLASH_WRITE_FLOAT32?DATA_NVM_5219_VC_DEC09_13
            XDATA   0276H     000AH     UNIT         ?XD?_POW?POW
            XDATA   0280H     0009H     UNIT         ?XD?_FLASH_READ_U32?DATA_NVM_5219_VC_DEC09_13
            XDATA   0289H     0009H     UNIT         ?XD?_FLASH_READ_FLOAT32?DATA_NVM_5219_VC_DEC09_13
            XDATA   0292H     0009H     UNIT         ?XD?_FLASH_WRITE_U16?DATA_NVM_5219_VC_DEC09_13
            XDATA   029BH     0009H     UNIT         ?XD?_CLEARTHISBUTALL?DATA_NVM_5219_VC_DEC09_13
            XDATA   02A4H     0008H     UNIT         ?XD?CSETZEROPOINT?DVR_SCALE
            XDATA   02ACH     0008H     UNIT         ?XD?_VGETZEROTRACKING?DVR_SCALE
            XDATA   02B4H     0008H     UNIT         ?XD?VWEIGHT_POSITIVE?DVR_SCALE
            XDATA   02BCH     0007H     UNIT         ?XD?_FLASH_READ_U16?DATA_NVM_5219_VC_DEC09_13
            XDATA   02C3H     0004H     UNIT         ?XD?VSETZERO?DVR_SCALE
            XDATA   02C7H     0004H     UNIT         ?XD?LOG?LOG
            XDATA   02CBH     0003H     UNIT         ?XD?_NVM_DATA_WRITE_BYTE?DATA_NVM_5219_VC_DEC09_13
            XDATA   02CEH     0003H     UNIT         ?XD?_FLASH_WRITE_U8?DATA_NVM_5219_VC_DEC09_13
            XDATA   02D1H     0003H     UNIT         ?XD?_E2ROM_ERASE?DATA_NVM_5219_VC_DEC09_13
            XDATA   02D4H     0003H     UNIT         ?XD?_VPRECONFIGURATION?DVR_SCALE
            XDATA   02D7H     0002H     UNIT         ?XD?DATA_NVM_5219_VC_DEC09_13
BL51 BANKED LINKER/LOCATER V5.12                                                      09/21/2022  15:33:31  PAGE 3


            XDATA   02D9H     0002H     UNIT         ?XD?VCALCULATE_WEIGHT?DVR_SCALE

            * * * * * * *   C O D E   M E M O R Y   * * * * * * *
            CODE    0000H     0003H     ABSOLUTE     
            CODE    0003H     0008H     UNIT         ?PR?ILCD_GLASS_CLEAR?DVR_LCD_SDI1621
            CODE    000BH     0003H     ABSOLUTE     
            CODE    000EH     0AE0H     UNIT         ?C?LIB_CODE
            CODE    0AEEH     0483H     UNIT         ?PR?PRINTF?PRINTF
            CODE    0F71H     0429H     UNIT         ?PR?_FFILTER_AVERAGING?DVR_HX712
            CODE    139AH     03FEH     UNIT         ?PR?_FCUENTASTOPESO?DVR_SCALE
            CODE    1798H     03B2H     UNIT         ?PR?FSLEEP_RUN?DVR_SCALE
            CODE    1B4AH     0352H     UNIT         ?PR?VWEIGHT_POSITIVE?DVR_SCALE
            CODE    1E9CH     0339H     UNIT         ?PR?_CONOFFMODETARA?DVR_SCALE
            CODE    21D5H     0302H     UNIT         ?PR?_FSTABLEPOINT?DVR_SCALE
            CODE    24D7H     02E7H     UNIT         ?PR?_VPRECONFIGURATION?DVR_SCALE
            CODE    27BEH     02CCH     UNIT         ?PR?_VSAVEPARAMSCALE?DVR_SCALE
            CODE    2A8AH     026EH     UNIT         ?PR?_CRUN_SCALE?DVR_SCALE
            CODE    2CF8H     0214H     UNIT         ?PR?TESTEEPROM?MAIN
            CODE    2F0CH     01CDH     UNIT         ?PR?VREADPARAMSCALE?DVR_SCALE
            CODE    30D9H     01BAH     UNIT         ?PR?_LCD_GLASS_STRING?DVR_LCD_SDI1621
            CODE    3293H     0197H     UNIT         ?PR?VCALCULATE_WEIGHT?DVR_SCALE
            CODE    342AH     018EH     UNIT         ?PR?CSETZEROPOINT?DVR_SCALE
            CODE    35B8H     0184H     UNIT         ?PR?_VGETZEROTRACKING?DVR_SCALE
            CODE    373CH     0166H     UNIT         ?PR?_POW?POW
            CODE    38A2H     013FH     UNIT         ?PR?_CLEARTHISBUTALL?DATA_NVM_5219_VC_DEC09_13
            CODE    39E1H     0131H     UNIT         ?PR?MAIN?MAIN
            CODE    3B12H     0129H     UNIT         ?PR?LOG?LOG
            CODE    3C3BH     011FH     UNIT         ?PR?_LCD_GLASS_FLOAT?DVR_LCD_SDI1621
            CODE    3D5AH     010AH     UNIT         ?PR?_LCD_GLASS_SYMBOLS?DVR_LCD_SDI1621
            CODE    3E64H     00FFH     UNIT         ?PR?VCALIBRATE_SCALE?DVR_SCALE
            CODE    3F63H     00FEH     UNIT         ?PR?_FREAD_ADC?DVR_HX712
            CODE    4061H     00EBH     UNIT         ?PR?VWEIGHT_NEGATIVE?DVR_SCALE
            CODE    414CH     00D3H     UNIT         ?PR?KEY_SCAN?KEYBOARD
            CODE    421FH     00CEH     UNIT         ?C_INITSEG
            CODE    42EDH     00CCH     UNIT         ?CO?DVR_SCALE
            CODE    43B9H     00C3H     UNIT         ?PR?WRITE_LCD?DVR_LCD_SDI1621
            CODE    447CH     00B4H     UNIT         ?PR?TIMER0?MAIN
            CODE    4530H     00B3H     UNIT         ?PR?_LCD_GLASS_DOT?DVR_LCD_SDI1621
            CODE    45E3H     00A6H     UNIT         ?PR?_FLASH_WRITE_FLOAT32?DATA_NVM_5219_VC_DEC09_13
            CODE    4689H     00A3H     UNIT         ?PR?_FLASH_WRITE_U32?DATA_NVM_5219_VC_DEC09_13
            CODE    472CH     009AH     UNIT         ?PR?EXP?EXP
            CODE    47C6H     008DH     UNIT         ?PR?READHX712?DVR_HX712
            CODE    4853H     008CH     UNIT         ?C_C51STARTUP
            CODE    48DFH     008AH     UNIT         ?PR?_FLASH_WRITE_U16?DATA_NVM_5219_VC_DEC09_13
            CODE    4969H     0072H     UNIT         ?PR?_NVM_DATA_WRITE_BYTE?DATA_NVM_5219_VC_DEC09_13
            CODE    49DBH     0058H     UNIT         ?PR?_E2ROM_ERASE?DATA_NVM_5219_VC_DEC09_13
            CODE    4A33H     0048H     UNIT         ?PR?ILCD_GLASS_INIT?DVR_LCD_SDI1621
            CODE    4A7BH     0046H     UNIT         ?PR?_FLASH_READ_U32?DATA_NVM_5219_VC_DEC09_13
            CODE    4AC1H     0046H     UNIT         ?PR?_FLASH_READ_FLOAT32?DATA_NVM_5219_VC_DEC09_13
            CODE    4B07H     0043H     UNIT         ?PR?_LCD_SET_CHAR?DVR_LCD_SDI1621
            CODE    4B4AH     0040H     UNIT         ?PR?_FLASH_READ_U16?DATA_NVM_5219_VC_DEC09_13
            CODE    4B8AH     0030H     UNIT         ?CO?DVR_LCD_SDI1621
            CODE    4BBAH     002FH     UNIT         ?PR?VSETZERO?DVR_SCALE
            CODE    4BE9H     002AH     UNIT         ?PR?_FLASH_WRITE_U8?DATA_NVM_5219_VC_DEC09_13
            CODE    4C13H     0029H     UNIT         ?PR?_DELAY_MS?KEYBOARD
            CODE    4C3CH     0027H     UNIT         ?CO?MAIN
            CODE    4C63H     0027H     UNIT         ?PR?PUTCHAR?PUTCHAR
BL51 BANKED LINKER/LOCATER V5.12                                                      09/21/2022  15:33:31  PAGE 4


            CODE    4C8AH     001DH     UNIT         ?PR?_LCD_UNIT_WRITE?DVR_LCD_SDI1621
            CODE    4CA7H     001DH     UNIT         ?PR?ILCD_GLASS_DEINIT?DVR_LCD_SDI1621
            CODE    4CC4H     001CH     UNIT         ?PR?INIT_PWM?MAIN
            CODE    4CE0H     001BH     UNIT         ?PR?CONVERTIDORADC?MAIN
            CODE    4CFBH     001AH     UNIT         ?PR?GPIO_INIT?MAIN
            CODE    4D15H     001AH     UNIT         ?PR?LCD_GLASS_UPDATE?DVR_LCD_SDI1621
            CODE    4D2FH     0019H     UNIT         ?PR?ILCD_GLASS_ALL_ON?DVR_LCD_SDI1621
            CODE    4D48H     0018H     UNIT         ?PR?DELAY_35U?DVR_LCD_SDI1621
            CODE    4D60H     0018H     UNIT         ?CO?DVR_HX712
            CODE    4D78H     0017H     UNIT         ?PR?WDT_INIT?MAIN
            CODE    4D8FH     0015H     UNIT         ?PR?INIT_INT_TIMER0?MAIN
            CODE    4DA4H     0012H     UNIT         ?PR?VSOUND_SAVED_PARAM?KEYBOARD
            CODE    4DB6H     0012H     UNIT         ?PR?_FLASH_READ_U8?DATA_NVM_5219_VC_DEC09_13
            CODE    4DC8H     000EH     UNIT         ?PR?VBEEP_KEY?KEYBOARD
            CODE    4DD6H     000AH     UNIT         ?PR?ADC_INIT?MAIN
            CODE    4DE0H     0003H     UNIT         ?PR?VACTIONKEY?KEYBOARD
            CODE    4DE3H     0001H     UNIT         ?PR?VSCAN_KEY?KEYBOARD
            CODE    4DE4H     0001H     UNIT         ?PR?NOP?DATA_NVM_5219_VC_DEC09_13



OVERLAY MAP OF MODULE:   solidic_proj (MAIN)


SEGMENT                                             BIT_GROUP          DATA_GROUP          XDATA_GROUP
  +--> CALLED SEGMENT                            START    LENGTH     START    LENGTH     START    LENGTH
--------------------------------------------------------------------------------------------------------
?C_C51STARTUP                                    -----    -----      -----    -----      -----    -----
  +--> ?PR?MAIN?MAIN
  +--> ?C_INITSEG

?PR?MAIN?MAIN                                    -----    -----      -----    -----      011EH    0011H
  +--> ?CO?MAIN
  +--> ?PR?WDT_INIT?MAIN
  +--> ?PR?GPIO_INIT?MAIN
  +--> ?PR?ADC_INIT?MAIN
  +--> ?PR?INIT_PWM?MAIN
  +--> ?PR?INIT_INT_TIMER0?MAIN
  +--> ?PR?ILCD_GLASS_INIT?DVR_LCD_SDI1621
  +--> ?PR?_LCD_GLASS_STRING?DVR_LCD_SDI1621
  +--> ?PR?VSOUND_SAVED_PARAM?KEYBOARD
  +--> ?PR?_DELAY_MS?KEYBOARD
  +--> ?PR?ILCD_GLASS_CLEAR?DVR_LCD_SDI1621
  +--> ?PR?VCALIBRATE_SCALE?DVR_SCALE
  +--> ?PR?KEY_SCAN?KEYBOARD
  +--> ?PR?PRINTF?PRINTF
  +--> ?PR?_FREAD_ADC?DVR_HX712
  +--> ?PR?CONVERTIDORADC?MAIN
  +--> ?PR?_LCD_GLASS_FLOAT?DVR_LCD_SDI1621

?PR?ILCD_GLASS_INIT?DVR_LCD_SDI1621              -----    -----      -----    -----      -----    -----
  +--> ?PR?DELAY_35U?DVR_LCD_SDI1621
  +--> ?PR?WRITE_LCD?DVR_LCD_SDI1621

?PR?WRITE_LCD?DVR_LCD_SDI1621                    -----    -----      -----    -----      0145H    0014H
  +--> ?PR?DELAY_35U?DVR_LCD_SDI1621
  +--> ?PR?_LCD_UNIT_WRITE?DVR_LCD_SDI1621
BL51 BANKED LINKER/LOCATER V5.12                                                      09/21/2022  15:33:31  PAGE 5



?PR?_LCD_UNIT_WRITE?DVR_LCD_SDI1621              -----    -----      -----    -----      -----    -----
  +--> ?PR?DELAY_35U?DVR_LCD_SDI1621

?PR?_LCD_GLASS_STRING?DVR_LCD_SDI1621            -----    -----      -----    -----      013FH    0006H
  +--> ?PR?_LCD_SET_CHAR?DVR_LCD_SDI1621
  +--> ?PR?LCD_GLASS_UPDATE?DVR_LCD_SDI1621

?PR?LCD_GLASS_UPDATE?DVR_LCD_SDI1621             -----    -----      -----    -----      -----    -----
  +--> ?PR?WRITE_LCD?DVR_LCD_SDI1621

?PR?VSOUND_SAVED_PARAM?KEYBOARD                  -----    -----      -----    -----      -----    -----
  +--> ?PR?VBEEP_KEY?KEYBOARD
  +--> ?PR?_DELAY_MS?KEYBOARD

?PR?ILCD_GLASS_CLEAR?DVR_LCD_SDI1621             -----    -----      -----    -----      -----    -----
  +--> ?PR?WRITE_LCD?DVR_LCD_SDI1621

?PR?VCALIBRATE_SCALE?DVR_SCALE                   -----    -----      -----    -----      012FH    0010H
  +--> ?PR?ILCD_GLASS_CLEAR?DVR_LCD_SDI1621
  +--> ?CO?DVR_SCALE
  +--> ?PR?_LCD_GLASS_STRING?DVR_LCD_SDI1621
  +--> ?PR?KEY_SCAN?KEYBOARD
  +--> ?PR?_DELAY_MS?KEYBOARD
  +--> ?PR?_LCD_GLASS_DOT?DVR_LCD_SDI1621
  +--> ?PR?VSOUND_SAVED_PARAM?KEYBOARD

?PR?KEY_SCAN?KEYBOARD                            -----    -----      -----    -----      -----    -----
  +--> ?PR?_DELAY_MS?KEYBOARD
  +--> ?PR?VBEEP_KEY?KEYBOARD

?PR?_LCD_GLASS_DOT?DVR_LCD_SDI1621               -----    -----      -----    -----      -----    -----
  +--> ?PR?LCD_GLASS_UPDATE?DVR_LCD_SDI1621

?PR?PRINTF?PRINTF                                0020H.0  0001H.1    0008H    0005H      013DH    0030H
  +--> ?PR?PUTCHAR?PUTCHAR

?PR?_FREAD_ADC?DVR_HX712                         -----    -----      -----    -----      012FH    0019H
  +--> ?CO?DVR_HX712
  +--> ?PR?READHX712?DVR_HX712
  +--> ?PR?_FFILTER_AVERAGING?DVR_HX712

?PR?READHX712?DVR_HX712                          -----    -----      -----    -----      0148H    0007H
  +--> ?CO?DVR_HX712

?PR?_FFILTER_AVERAGING?DVR_HX712                 -----    -----      -----    -----      0148H    0017H

?PR?_LCD_GLASS_FLOAT?DVR_LCD_SDI1621             -----    -----      -----    -----      012FH    000EH
  +--> ?CO?DVR_LCD_SDI1621
  +--> ?PR?PRINTF?PRINTF
  +--> ?PR?_LCD_GLASS_STRING?DVR_LCD_SDI1621



UNRESOLVED EXTERNAL SYMBOLS:
   UGET_STATUS_VOLT
   VGESTORBATERIA
BL51 BANKED LINKER/LOCATER V5.12                                                      09/21/2022  15:33:31  PAGE 6





SYMBOL TABLE OF MODULE:  solidic_proj (MAIN)

  VALUE           TYPE          NAME
  ----------------------------------

  -------         MODULE        MAIN
  C:0000H         SYMBOL        _ICE_DUMMY_
  D:0094H         PUBLIC        P1M0
  D:0093H         PUBLIC        P0M1
  D:0096H         PUBLIC        P2M0
  D:0095H         PUBLIC        P1M1
  D:0080H         PUBLIC        P0
  C:4CE0H         PUBLIC        convertidorADC
  D:0097H         PUBLIC        P2M1
  D:0090H         PUBLIC        P1
  D:00A0H         PUBLIC        P2
  D:00ACH         PUBLIC        SARDATA
  D:00B0H         PUBLIC        P3
  B:00A8H.7       PUBLIC        EA
  D:00A8H         PUBLIC        IE
  D:00AAH         PUBLIC        WD_TA
  C:4D8FH         PUBLIC        init_int_timer0
  D:00B8H         PUBLIC        IP
  D:009CH         PUBLIC        PWM0
  D:009DH         PUBLIC        PWM1
  C:39E1H         PUBLIC        main
  D:0098H         PUBLIC        SCON
  D:0089H         PUBLIC        TMOD
  D:0088H         PUBLIC        TCON
  X:024FH         SYMBOL        cont
  X:0250H         PUBLIC        peso
  X:0254H         PUBLIC        lecturaADC
  C:4DD6H         PUBLIC        adc_init
  C:4C52H         SYMBOL        _?ix1000
  C:4C59H         SYMBOL        _?ix1001
  C:4CFBH         PUBLIC        gpio_init
  D:00ABH         PUBLIC        SARCON
  D:008CH         PUBLIC        TH0
  D:008AH         PUBLIC        TL0
  C:447CH         SYMBOL        timer0
  D:009EH         PUBLIC        PWMCON
  D:009AH         PUBLIC        PWMF_H
  C:4D78H         PUBLIC        wdt_init
  D:009BH         PUBLIC        PWMF_L
  D:00C8H         PUBLIC        T2CON
  C:4CC4H         PUBLIC        init_pwm
  C:2CF8H         PUBLIC        TestEEPROM
  D:008EH         PUBLIC        CKCON
  X:0258H         PUBLIC        voltaje
  D:00D0H         PUBLIC        PSW
  D:00A9H         PUBLIC        WDCON
  D:0092H         PUBLIC        P0M0
  -------         PROC          MAIN
  -------         DO            
BL51 BANKED LINKER/LOCATER V5.12                                                      09/21/2022  15:33:31  PAGE 7


  X:011EH         SYMBOL        txt
  X:0125H         SYMBOL        peso
  X:0129H         SYMBOL        voltaje
  X:012DH         SYMBOL        i
  -------         ENDDO         
  C:39E1H         LINE#         26
  C:39E1H         LINE#         27
  C:39E1H         LINE#         28
  C:39F4H         LINE#         29
  C:3A08H         LINE#         30
  C:3A0FH         LINE#         32
  C:3A12H         LINE#         33
  C:3A15H         LINE#         34
  C:3A18H         LINE#         35
  C:3A1BH         LINE#         40
  C:3A1EH         LINE#         41
  C:3A21H         LINE#         43
  C:3A24H         LINE#         44
  C:3A32H         LINE#         45
  C:3A39H         LINE#         46
  C:3A44H         LINE#         47
  C:3A4BH         LINE#         48
  C:3A4EH         LINE#         49
  C:3A51H         LINE#         50
  C:3A51H         LINE#         51
  C:3A54H         LINE#         52
  C:3A78H         LINE#         53
  C:3A83H         LINE#         56
  C:3A8EH         LINE#         59
  C:3A95H         LINE#         61
  C:3AA0H         LINE#         62
  C:3AD6H         LINE#         64
  C:3AD9H         LINE#         65
  C:3AF5H         LINE#         66
  C:3B0FH         LINE#         69
  -------         ENDPROC       MAIN
  -------         PROC          INIT_PWM
  C:4CC4H         LINE#         73
  C:4CC4H         LINE#         75
  C:4CC7H         LINE#         76
  C:4CCAH         LINE#         79
  C:4CCDH         LINE#         80
  C:4CD0H         LINE#         82
  C:4CD3H         LINE#         83
  C:4CD6H         LINE#         84
  C:4CD9H         LINE#         85
  C:4CDCH         LINE#         86
  C:4CDFH         LINE#         89
  -------         ENDPROC       INIT_PWM
  -------         PROC          WDT_INIT
  C:4D78H         LINE#         91
  C:4D78H         LINE#         92
  C:4D7AH         LINE#         93
  C:4D7DH         LINE#         94
  C:4D80H         LINE#         95
  C:4D83H         LINE#         96
  C:4D85H         LINE#         97
BL51 BANKED LINKER/LOCATER V5.12                                                      09/21/2022  15:33:31  PAGE 8


  C:4D8EH         LINE#         98
  -------         ENDPROC       WDT_INIT
  -------         PROC          GPIO_INIT
  C:4CFBH         LINE#         100
  C:4CFBH         LINE#         101
  C:4CFBH         LINE#         102
  C:4CFEH         LINE#         103
  C:4D01H         LINE#         104
  C:4D04H         LINE#         106
  C:4D07H         LINE#         107
  C:4D0AH         LINE#         108
  C:4D0DH         LINE#         109
  C:4D0FH         LINE#         110
  C:4D12H         LINE#         111
  C:4D14H         LINE#         112
  -------         ENDPROC       GPIO_INIT
  -------         PROC          ADC_INIT
  C:4DD6H         LINE#         114
  C:4DD6H         LINE#         115
  C:4DD6H         LINE#         117
  C:4DD9H         LINE#         118
  C:4DDCH         LINE#         120
  C:4DDFH         LINE#         121
  -------         ENDPROC       ADC_INIT
  -------         PROC          INIT_INT_TIMER0
  C:4D8FH         LINE#         123
  C:4D8FH         LINE#         124
  C:4D8FH         LINE#         126
  C:4D92H         LINE#         127
  C:4D95H         LINE#         129
  C:4D98H         LINE#         130
  C:4D9AH         LINE#         131
  C:4D9DH         LINE#         132
  C:4DA0H         LINE#         134
  C:4DA3H         LINE#         135
  -------         ENDPROC       INIT_INT_TIMER0
  -------         PROC          CONVERTIDORADC
  -------         DO            
  D:0006H         SYMBOL        v
  -------         ENDDO         
  C:4CE0H         LINE#         137
  C:4CE0H         LINE#         139
  C:4CE3H         LINE#         140
  C:4CE6H         LINE#         141
  C:4CEBH         LINE#         142
  C:4CEBH         LINE#         143
  C:4CEEH         LINE#         144
  C:4CF3H         LINE#         145
  C:4CF3H         LINE#         146
  C:4CF3H         LINE#         147
  C:4CF3H         LINE#         148
  C:4CF7H         LINE#         149
  C:4CFAH         LINE#         150
  C:4CFAH         LINE#         152
  -------         ENDPROC       CONVERTIDORADC
  -------         PROC          TIMER0
  C:447CH         LINE#         155
BL51 BANKED LINKER/LOCATER V5.12                                                      09/21/2022  15:33:31  PAGE 9


  C:4484H         LINE#         159
  C:448AH         LINE#         160
  C:4493H         LINE#         162
  C:4499H         LINE#         163
  C:449CH         LINE#         164
  C:449CH         LINE#         167
  C:44A2H         LINE#         168
  C:44ACH         LINE#         169
  C:44B1H         LINE#         170
  C:44B4H         LINE#         171
  C:44B7H         LINE#         172
  C:44B7H         LINE#         176
  C:44BDH         LINE#         183
  C:44C4H         LINE#         184
  C:44C6H         LINE#         185
  C:44C9H         LINE#         186
  C:44C9H         LINE#         187
  C:44DAH         LINE#         188
  C:44E6H         LINE#         189
  C:44E8H         LINE#         190
  C:44EDH         LINE#         191
  C:44F0H         LINE#         192
  C:44F3H         LINE#         194
  C:44F3H         LINE#         195
  C:44F3H         LINE#         198
  C:44F9H         LINE#         199
  C:4508H         LINE#         200
  C:4514H         LINE#         201
  C:4516H         LINE#         202
  C:451BH         LINE#         203
  C:451EH         LINE#         204
  C:451EH         LINE#         205
  C:451EH         LINE#         208
  C:4521H         LINE#         209
  C:4524H         LINE#         210
  C:4527H         LINE#         212
  -------         ENDPROC       TIMER0
  -------         PROC          TESTEEPROM
  -------         DO            
  X:0239H         SYMBOL        addr
  X:023BH         SYMBOL        val
  X:023FH         SYMBOL        txt
  X:0249H         SYMBOL        i
  X:024DH         SYMBOL        x
  -------         ENDDO         
  C:2CF8H         LINE#         215
  C:2CF8H         LINE#         216
  C:2CF8H         LINE#         217
  C:2D01H         LINE#         219
  C:2D13H         LINE#         220
  C:2D1DH         LINE#         222
  C:2D24H         LINE#         224
  C:2D2AH         LINE#         225
  C:2D30H         LINE#         227
  C:2D45H         LINE#         228
  C:2D68H         LINE#         230
  C:2D68H         LINE#         231
BL51 BANKED LINKER/LOCATER V5.12                                                      09/21/2022  15:33:31  PAGE 10


  C:2D80H         LINE#         232
  C:2DB6H         LINE#         234
  C:2DE2H         LINE#         235
  C:2E18H         LINE#         237
  C:2E3EH         LINE#         238
  C:2E74H         LINE#         240
  C:2EA0H         LINE#         241
  C:2ED6H         LINE#         243
  C:2EF4H         LINE#         244
  C:2EFBH         LINE#         245
  -------         ENDPROC       TESTEEPROM
  -------         ENDMOD        MAIN

  -------         MODULE        DVR_LCD_SDI1621
  C:0000H         SYMBOL        _ICE_DUMMY_
  D:0090H         PUBLIC        P1
  D:00A0H         PUBLIC        P2
  D:00B0H         PUBLIC        P3
  X:016DH         PUBLIC        cNumber_LCD
  D:00A8H         PUBLIC        IE
  C:4A33H         PUBLIC        iLCD_GLASS_Init
  C:4530H         PUBLIC        _LCD_GLASS_Dot
  D:00B8H         PUBLIC        IP
  C:4D2FH         PUBLIC        iLCD_GLASS_All_On
  D:0098H         PUBLIC        SCON
  D:0088H         PUBLIC        TCON
  C:4CA7H         PUBLIC        iLCD_GLASS_DeInit
  C:43E9H         PUBLIC        write_lcd
  C:4C8AH         PUBLIC        _lcd_unit_write
  C:4D51H         PUBLIC        delay_35u
  X:0177H         PUBLIC        Display
  X:018BH         PUBLIC        cABC_LCD
  C:3D5AH         PUBLIC        _LCD_GLASS_Symbols
  C:4B13H         PUBLIC        _LCD_SET_Char
  C:0003H         PUBLIC        iLCD_GLASS_Clear
  D:00C8H         PUBLIC        T2CON
  C:3C3BH         PUBLIC        _LCD_GLASS_Float
  C:30D9H         PUBLIC        _LCD_GLASS_String
  C:4D15H         PUBLIC        LCD_GLASS_Update
  D:00D0H         PUBLIC        PSW
  C:4D48H         SYMBOL        L?0160
  C:4D4BH         SYMBOL        L?0161
  -------         PROC          L?0159
  -------         ENDPROC       L?0159
  C:4D48H         SYMBOL        L?0160
  C:4D4BH         SYMBOL        L?0161
  -------         PROC          DELAY_35U
  -------         DO            
  D:0006H         SYMBOL        j
  -------         ENDDO         
  C:4D51H         LINE#         135
  C:4D51H         LINE#         137
  C:4D5FH         LINE#         138
  -------         ENDPROC       DELAY_35U
  -------         PROC          _LCD_UNIT_WRITE
  D:0005H         SYMBOL        d
  -------         DO            
BL51 BANKED LINKER/LOCATER V5.12                                                      09/21/2022  15:33:31  PAGE 11


  D:0004H         SYMBOL        i
  -------         ENDDO         
  C:4C8AH         LINE#         143
  C:4C8CH         LINE#         145
  C:4C8EH         LINE#         146
  C:4C97H         LINE#         147
  C:4C9AH         LINE#         148
  C:4C9AH         LINE#         149
  C:4C9AH         LINE#         150
  C:4C9AH         LINE#         151
  C:4C9DH         LINE#         152
  C:4CA1H         LINE#         153
  C:4CA6H         LINE#         154
  -------         ENDPROC       _LCD_UNIT_WRITE
  -------         PROC          ILCD_GLASS_INIT
  C:4A33H         LINE#         158
  C:4A33H         LINE#         159
  C:4A36H         LINE#         160
  C:4A39H         LINE#         161
  C:4A3CH         LINE#         162
  C:4A3FH         LINE#         163
  C:4A42H         LINE#         165
  C:4A47H         LINE#         167
  C:4A4AH         LINE#         168
  C:4A59H         LINE#         170
  C:4A5FH         LINE#         171
  C:4A62H         LINE#         173
  C:4A68H         LINE#         174
  C:4A6BH         LINE#         176
  C:4A71H         LINE#         177
  C:4A74H         LINE#         179
  C:4A74H         LINE#         180
  C:4A74H         LINE#         181
  C:4A74H         LINE#         182
  C:4A74H         LINE#         183
  C:4A77H         LINE#         185
  C:4A7AH         LINE#         186
  -------         ENDPROC       ILCD_GLASS_INIT
  C:43B9H         SYMBOL        L?0154
  C:43CAH         SYMBOL        L?0155
  C:43D6H         SYMBOL        L?0156
  C:43D8H         SYMBOL        L?0157
  C:43E4H         SYMBOL        L?0158
  -------         PROC          L?0153
  -------         ENDPROC       L?0153
  C:43B9H         SYMBOL        L?0154
  C:43CAH         SYMBOL        L?0155
  C:43D6H         SYMBOL        L?0156
  C:43D8H         SYMBOL        L?0157
  C:43E4H         SYMBOL        L?0158
  -------         PROC          WRITE_LCD
  X:0145H         SYMBOL        Display
  -------         DO            
  D:0003H         SYMBOL        i
  -------         ENDDO         
  C:43E9H         LINE#         197
  C:43E9H         LINE#         198
BL51 BANKED LINKER/LOCATER V5.12                                                      09/21/2022  15:33:31  PAGE 12


  C:43EBH         LINE#         214
  C:43EEH         LINE#         215
  C:43F1H         LINE#         216
  C:43F4H         LINE#         217
  C:43F7H         LINE#         218
  C:43FAH         LINE#         219
  C:43FDH         LINE#         220
  C:43FDH         LINE#         221
  C:43FDH         LINE#         222
  C:43FDH         LINE#         223
  C:4400H         LINE#         224
  C:4403H         LINE#         225
  C:4403H         LINE#         226
  C:4403H         LINE#         227
  C:4403H         LINE#         228
  C:4406H         LINE#         229
  C:440CH         LINE#         230
  C:4411H         LINE#         232
  C:4414H         LINE#         233
  C:4414H         LINE#         234
  C:4414H         LINE#         235
  C:4414H         LINE#         236
  C:4417H         LINE#         238
  C:441DH         LINE#         239
  C:4423H         LINE#         240
  C:4423H         LINE#         241
  C:4423H         LINE#         242
  C:4423H         LINE#         243
  C:4426H         LINE#         244
  C:4428H         LINE#         246
  C:4428H         LINE#         247
  C:442DH         LINE#         248
  C:442EH         LINE#         249
  C:4431H         LINE#         250
  C:4438H         LINE#         251
  C:443DH         LINE#         253
  C:4440H         LINE#         254
  C:4440H         LINE#         255
  C:4440H         LINE#         256
  C:4443H         LINE#         257
  C:444AH         LINE#         258
  C:444FH         LINE#         259
  C:4451H         LINE#         260
  C:4470H         LINE#         261
  C:4470H         LINE#         262
  C:4473H         LINE#         263
  C:4476H         LINE#         264
  C:4479H         LINE#         265
  -------         ENDPROC       WRITE_LCD
  -------         PROC          ILCD_GLASS_DEINIT
  C:4CA7H         LINE#         272
  C:4CA7H         LINE#         273
  C:4CA7H         LINE#         274
  C:4CA7H         LINE#         275
  C:4CA7H         LINE#         277
  C:4CA7H         LINE#         278
  C:4CAAH         LINE#         280
BL51 BANKED LINKER/LOCATER V5.12                                                      09/21/2022  15:33:31  PAGE 13


  C:4CAFH         LINE#         282
  C:4CB3H         LINE#         283
  C:4CB6H         LINE#         285
  C:4CBBH         LINE#         286
  C:4CBFH         LINE#         288
  C:4CC3H         LINE#         289
  -------         ENDPROC       ILCD_GLASS_DEINIT
  -------         PROC          ILCD_GLASS_CLEAR
  C:0003H         LINE#         293
  C:0003H         LINE#         294
  C:0003H         LINE#         295
  C:0003H         LINE#         296
  C:0003H         LINE#         297
  C:0003H         LINE#         298
  C:0006H         LINE#         299
  C:000AH         LINE#         300
  -------         ENDPROC       ILCD_GLASS_CLEAR
  -------         PROC          ILCD_GLASS_ALL_ON
  C:4D2FH         LINE#         304
  C:4D2FH         LINE#         305
  C:4D35H         LINE#         306
  C:4D3AH         LINE#         307
  C:4D3EH         LINE#         308
  C:4D40H         LINE#         309
  C:4D43H         LINE#         310
  C:4D47H         LINE#         311
  -------         ENDPROC       ILCD_GLASS_ALL_ON
  -------         PROC          L?0162
  -------         ENDPROC       L?0162
  -------         PROC          _LCD_SET_CHAR
  D:0007H         SYMBOL        cCaracter
  D:0005H         SYMBOL        cPosition_On_LCD
  D:0003H         SYMBOL        cPosition_Text
  -------         DO            
  D:0006H         SYMBOL        i
  -------         ENDDO         
  C:4B13H         LINE#         315
  C:4B13H         LINE#         316
  C:4B13H         LINE#         317
  C:4B15H         LINE#         319
  C:4B19H         LINE#         320
  C:4B1FH         LINE#         321
  C:4B24H         LINE#         327
  C:4B29H         LINE#         328
  C:4B3CH         LINE#         329
  C:4B49H         LINE#         331
  -------         ENDPROC       _LCD_SET_CHAR
  -------         PROC          _LCD_GLASS_DOT
  D:0004H         SYMBOL        iNumber_Dot
  D:0005H         SYMBOL        cPosition_On_LCD
  D:0003H         SYMBOL        cFLag_On
  C:4530H         LINE#         334
  C:4532H         LINE#         336
  C:4542H         LINE#         337
  C:4542H         LINE#         338
  C:4546H         LINE#         339
  C:454DH         LINE#         340
BL51 BANKED LINKER/LOCATER V5.12                                                      09/21/2022  15:33:31  PAGE 14


  C:4553H         LINE#         342
  C:4557H         LINE#         343
  C:4557H         LINE#         344
  C:455BH         LINE#         345
  C:4562H         LINE#         346
  C:4568H         LINE#         348
  C:456CH         LINE#         350
  C:456CH         LINE#         351
  C:4571H         LINE#         352
  C:4578H         LINE#         353
  C:457AH         LINE#         355
  C:457AH         LINE#         356
  C:457AH         LINE#         357
  C:457CH         LINE#         358
  C:457CH         LINE#         360
  C:4580H         LINE#         361
  C:4587H         LINE#         362
  C:458DH         LINE#         364
  C:4591H         LINE#         365
  C:4591H         LINE#         367
  C:4595H         LINE#         368
  C:459CH         LINE#         369
  C:45A2H         LINE#         371
  C:45A6H         LINE#         372
  C:45A6H         LINE#         373
  C:45ABH         LINE#         374
  C:45B2H         LINE#         375
  C:45B4H         LINE#         377
  C:45B4H         LINE#         378
  C:45B4H         LINE#         379
  C:45B6H         LINE#         381
  C:45B6H         LINE#         382
  C:45BAH         LINE#         383
  C:45C1H         LINE#         384
  C:45C7H         LINE#         386
  C:45CBH         LINE#         387
  C:45CBH         LINE#         388
  C:45CFH         LINE#         389
  C:45D6H         LINE#         390
  C:45DCH         LINE#         392
  C:45E0H         LINE#         393
  C:45E0H         LINE#         394
  C:45E0H         LINE#         395
  C:45E0H         LINE#         397
  -------         ENDPROC       _LCD_GLASS_DOT
  -------         PROC          _LCD_GLASS_SYMBOLS
  D:0007H         SYMBOL        cSymbol
  D:0005H         SYMBOL        cFlag_On
  C:3D5AH         LINE#         401
  C:3D5AH         LINE#         405
  C:3D8EH         LINE#         408
  C:3D8EH         LINE#         409
  C:3D95H         LINE#         410
  C:3D98H         LINE#         412
  C:3D98H         LINE#         413
  C:3D9BH         LINE#         414
  C:3D9BH         LINE#         415
BL51 BANKED LINKER/LOCATER V5.12                                                      09/21/2022  15:33:31  PAGE 15


  C:3DA2H         LINE#         416
  C:3DA4H         LINE#         418
  C:3DA4H         LINE#         419
  C:3DA7H         LINE#         420
  C:3DA7H         LINE#         421
  C:3DAEH         LINE#         422
  C:3DB0H         LINE#         424
  C:3DB0H         LINE#         425
  C:3DB3H         LINE#         426
  C:3DB3H         LINE#         427
  C:3DBAH         LINE#         428
  C:3DBCH         LINE#         430
  C:3DBCH         LINE#         431
  C:3DBFH         LINE#         432
  C:3DBFH         LINE#         433
  C:3DC6H         LINE#         434
  C:3DC8H         LINE#         436
  C:3DC8H         LINE#         437
  C:3DCBH         LINE#         467
  C:3DCBH         LINE#         468
  C:3DD2H         LINE#         469
  C:3DD4H         LINE#         471
  C:3DD4H         LINE#         472
  C:3DD6H         LINE#         476
  C:3DD6H         LINE#         477
  C:3DDDH         LINE#         478
  C:3DDFH         LINE#         480
  C:3DDFH         LINE#         481
  C:3DE1H         LINE#         483
  C:3DE1H         LINE#         484
  C:3DE8H         LINE#         485
  C:3DEAH         LINE#         487
  C:3DEAH         LINE#         488
  C:3DECH         LINE#         492
  C:3DECH         LINE#         493
  C:3DF4H         LINE#         495
  C:3DF8H         LINE#         496
  C:3DFFH         LINE#         497
  C:3E06H         LINE#         498
  C:3E0DH         LINE#         504
  C:3E14H         LINE#         505
  C:3E1BH         LINE#         506
  C:3E22H         LINE#         508
  C:3E24H         LINE#         509
  C:3E24H         LINE#         511
  C:3E28H         LINE#         512
  C:3E2FH         LINE#         513
  C:3E36H         LINE#         514
  C:3E3DH         LINE#         520
  C:3E44H         LINE#         521
  C:3E4BH         LINE#         522
  C:3E52H         LINE#         523
  C:3E52H         LINE#         526
  C:3E52H         LINE#         528
  C:3E52H         LINE#         537
  C:3E58H         LINE#         538
  C:3E5DH         LINE#         539
BL51 BANKED LINKER/LOCATER V5.12                                                      09/21/2022  15:33:31  PAGE 16


  C:3E61H         LINE#         540
  -------         ENDPROC       _LCD_GLASS_SYMBOLS
  -------         PROC          _LCD_GLASS_FLOAT
  X:012FH         SYMBOL        fNumber_To_LCD
  X:0133H         SYMBOL        iNumber_Decimal
  X:0134H         SYMBOL        cPosition_On_LCD
  -------         DO            
  X:0135H         SYMBOL        strText_LCD
  -------         ENDDO         
  C:3C3BH         LINE#         568
  C:3C41H         LINE#         571
  C:3C47H         LINE#         572
  C:3C4EH         LINE#         573
  C:3C58H         LINE#         574
  C:3C5AH         LINE#         575
  C:3C82H         LINE#         577
  C:3C82H         LINE#         578
  C:3C8AH         LINE#         579
  C:3C91H         LINE#         581
  C:3C9CH         LINE#         582
  C:3C9EH         LINE#         583
  C:3CC6H         LINE#         585
  C:3CC6H         LINE#         586
  C:3CCEH         LINE#         587
  C:3CD5H         LINE#         588
  C:3CDFH         LINE#         589
  C:3CE1H         LINE#         590
  C:3D09H         LINE#         592
  C:3D09H         LINE#         593
  C:3D11H         LINE#         594
  C:3D18H         LINE#         595
  C:3D22H         LINE#         596
  C:3D24H         LINE#         597
  C:3D4CH         LINE#         599
  C:3D4CH         LINE#         602
  -------         ENDPROC       _LCD_GLASS_FLOAT
  -------         PROC          _LCD_GLASS_STRING
  X:013FH         SYMBOL        pCaracter
  X:0142H         SYMBOL        cPosition_On_LCD
  -------         DO            
  X:0143H         SYMBOL        iIndex_Text
  X:0144H         SYMBOL        iPosicion_Decimal
  -------         ENDDO         
  C:30D9H         LINE#         627
  C:30E7H         LINE#         628
  C:30EBH         LINE#         629
  C:30EEH         LINE#         643
  C:30FDH         LINE#         644
  C:3105H         LINE#         646
  C:310CH         LINE#         648
  C:3116H         LINE#         649
  C:312BH         LINE#         651
  C:313FH         LINE#         653
  C:314EH         LINE#         654
  C:3160H         LINE#         655
  C:3160H         LINE#         657
  C:3171H         LINE#         658
BL51 BANKED LINKER/LOCATER V5.12                                                      09/21/2022  15:33:31  PAGE 17


  C:3177H         LINE#         659
  C:3177H         LINE#         661
  C:3188H         LINE#         662
  C:3195H         LINE#         663
  C:319BH         LINE#         664
  C:319BH         LINE#         666
  C:31B9H         LINE#         667
  C:31D5H         LINE#         668
  C:31DBH         LINE#         669
  C:31DBH         LINE#         671
  C:31F0H         LINE#         676
  C:31F9H         LINE#         678
  C:3201H         LINE#         679
  C:3208H         LINE#         681
  C:320CH         LINE#         682
  C:3213H         LINE#         683
  C:321AH         LINE#         684
  C:3221H         LINE#         685
  C:3221H         LINE#         686
  C:3226H         LINE#         687
  C:322EH         LINE#         688
  C:3235H         LINE#         689
  C:3239H         LINE#         690
  C:3240H         LINE#         691
  C:3247H         LINE#         692
  C:324EH         LINE#         693
  C:324EH         LINE#         694
  C:3254H         LINE#         696
  C:325CH         LINE#         697
  C:3263H         LINE#         698
  C:3267H         LINE#         699
  C:326EH         LINE#         706
  C:326EH         LINE#         707
  C:326EH         LINE#         708
  C:3274H         LINE#         709
  C:327EH         LINE#         710
  C:3281H         LINE#         712
  C:3287H         LINE#         713
  C:328CH         LINE#         714
  C:3290H         LINE#         715
  -------         ENDPROC       _LCD_GLASS_STRING
  -------         PROC          LCD_GLASS_UPDATE
  C:4D15H         LINE#         718
  C:4D15H         LINE#         720
  C:4D1BH         LINE#         728
  -------         ENDPROC       LCD_GLASS_UPDATE
  -------         ENDMOD        DVR_LCD_SDI1621

  -------         MODULE        KEYBOARD
  C:0000H         SYMBOL        _ICE_DUMMY_
  C:4DC8H         PUBLIC        vBeep_Key
  D:0080H         PUBLIC        P0
  D:0090H         PUBLIC        P1
  D:00A0H         PUBLIC        P2
  D:00B0H         PUBLIC        P3
  C:4DE0H         PUBLIC        vActionKey
  C:4DE3H         PUBLIC        vScan_Key
BL51 BANKED LINKER/LOCATER V5.12                                                      09/21/2022  15:33:31  PAGE 18


  D:00A8H         PUBLIC        IE
  D:00AAH         PUBLIC        WD_TA
  D:00B8H         PUBLIC        IP
  X:01D6H         PUBLIC        Key
  C:4DA4H         PUBLIC        vSound_Saved_Param
  X:01D7H         PUBLIC        KeyState
  C:4C13H         PUBLIC        _delay_ms
  D:0098H         PUBLIC        SCON
  D:0088H         PUBLIC        TCON
  B:0080H.1       PUBLIC        KEY_D0
  B:0080H.0       PUBLIC        KEY_D1
  B:0090H.0       PUBLIC        KEY_D2
  X:01D8H         PUBLIC        LastKey
  B:0090H.1       PUBLIC        KEY_D3
  B:0090H.2       PUBLIC        KEY_D4
  B:0080H.2       PUBLIC        KEY_K0
  B:00A0H.4       PUBLIC        KEY_K1
  B:00A0H.0       PUBLIC        KEY_K2
  B:0090H.6       PUBLIC        KEY_K3
  C:414CH         PUBLIC        key_scan
  X:01D9H         PUBLIC        strTimer
  D:00C8H         PUBLIC        T2CON
  D:00D0H         PUBLIC        PSW
  D:00A9H         PUBLIC        WDCON
  -------         PROC          _DELAY_MS
  D:0006H         SYMBOL        num
  -------         DO            
  D:0004H         SYMBOL        i
  D:0002H         SYMBOL        j
  -------         ENDDO         
  C:4C13H         LINE#         36
  C:4C13H         LINE#         37
  C:4C13H         LINE#         39
  C:4C1DH         LINE#         40
  C:4C2BH         LINE#         42
  C:4C34H         LINE#         43
  C:4C3BH         LINE#         45
  -------         ENDPROC       _DELAY_MS
  -------         PROC          KEY_SCAN
  -------         DO            
  D:0001H         SYMBOL        k
  -------         ENDDO         
  C:414CH         LINE#         47
  C:414CH         LINE#         48
  C:414EH         LINE#         49
  C:4152H         LINE#         51
  C:4152H         LINE#         52
  C:4154H         LINE#         53
  C:4156H         LINE#         54
  C:4158H         LINE#         55
  C:415AH         LINE#         56
  C:415CH         LINE#         57
  C:4161H         LINE#         58
  C:4167H         LINE#         59
  C:416DH         LINE#         60
  C:4173H         LINE#         61
  C:4179H         LINE#         62
BL51 BANKED LINKER/LOCATER V5.12                                                      09/21/2022  15:33:31  PAGE 19


  C:4180H         LINE#         63
  C:418DH         LINE#         64
  C:419BH         LINE#         65
  C:41A9H         LINE#         66
  C:41B7H         LINE#         67
  C:41BDH         LINE#         69
  C:41CAH         LINE#         70
  C:41CEH         LINE#         71
  C:41DBH         LINE#         72
  C:41DFH         LINE#         73
  C:41EDH         LINE#         74
  C:41F1H         LINE#         75
  C:41FFH         LINE#         76
  C:4201H         LINE#         77
  C:4201H         LINE#         78
  C:4209H         LINE#         79
  C:4215H         LINE#         80
  C:421EH         LINE#         81
  -------         ENDPROC       KEY_SCAN
  -------         PROC          VBEEP_KEY
  C:4DC8H         LINE#         84
  C:4DC8H         LINE#         92
  C:4DCEH         LINE#         93
  C:4DD0H         LINE#         94
  C:4DD5H         LINE#         95
  C:4DD5H         LINE#         111
  -------         ENDPROC       VBEEP_KEY
  -------         PROC          VSCAN_KEY
  C:4DE3H         LINE#         113
  C:4DE3H         LINE#         114
  -------         ENDPROC       VSCAN_KEY
  -------         PROC          VACTIONKEY
  C:4DE0H         LINE#         116
  C:4DE0H         LINE#         133
  C:4DE2H         LINE#         134
  -------         ENDPROC       VACTIONKEY
  -------         PROC          VSOUND_SAVED_PARAM
  -------         DO            
  D:0001H         SYMBOL        i
  -------         ENDDO         
  C:4DA4H         LINE#         136
  C:4DA4H         LINE#         137
  C:4DA6H         LINE#         139
  C:4DA6H         LINE#         141
  C:4DA9H         LINE#         143
  C:4DB0H         LINE#         144
  C:4DB5H         LINE#         145
  -------         ENDPROC       VSOUND_SAVED_PARAM
  -------         ENDMOD        KEYBOARD

  -------         MODULE        DVR_HX712
  C:0000H         SYMBOL        _ICE_DUMMY_
  X:00C5H         PUBLIC        fAverage_x
  D:0080H         PUBLIC        P0
  D:0090H         PUBLIC        P1
  D:00B0H         PUBLIC        P3
  X:00C9H         PUBLIC        ValueCount
BL51 BANKED LINKER/LOCATER V5.12                                                      09/21/2022  15:33:31  PAGE 20


  D:00A8H         PUBLIC        IE
  D:00B8H         PUBLIC        IP
  X:00CDH         PUBLIC        iValueOut
  C:0F71H         PUBLIC        _fFilter_Averaging
  B:0080H.4       PUBLIC        SCLK
  C:3F63H         PUBLIC        _fRead_Adc
  D:0098H         PUBLIC        SCON
  D:0088H         PUBLIC        TCON
  B:0080H.3       PUBLIC        MISO
  C:47C6H         PUBLIC        ReadHX712
  C:4D60H         SYMBOL        _?ix1000
  C:4D74H         SYMBOL        _?ix1001
  X:00CEH         PUBLIC        arfLowestToHighest
  D:00C8H         PUBLIC        T2CON
  X:00F6H         PUBLIC        arfDataFilter_x
  D:00D0H         PUBLIC        PSW
  -------         PROC          _FFILTER_AVERAGING
  X:0148H         SYMBOL        iActualWeight
  X:014CH         SYMBOL        cFastFill
  -------         DO            
  X:014DH         SYMBOL        fThreshold
  X:0151H         SYMBOL        fData_Vector
  X:0155H         SYMBOL        pfData_Filter
  X:0158H         SYMBOL        fActualWeight
  X:015CH         SYMBOL        iLenthData_x
  X:015DH         SYMBOL        i
  X:015EH         SYMBOL        j
  -------         ENDDO         
  C:0F71H         LINE#         28
  C:0F77H         LINE#         31
  C:0F81H         LINE#         32
  C:0F8BH         LINE#         34
  C:0FA3H         LINE#         35
  C:0FA9H         LINE#         36
  C:0FACH         LINE#         37
  C:0FAEH         LINE#         39
  C:0FBBH         LINE#         41
  C:1027H         LINE#         42
  C:1034H         LINE#         43
  C:1036H         LINE#         44
  C:1049H         LINE#         45
  C:1072H         LINE#         46
  C:107AH         LINE#         47
  C:107AH         LINE#         48
  C:107DH         LINE#         49
  C:107DH         LINE#         50
  C:1085H         LINE#         51
  C:1089H         LINE#         52
  C:109CH         LINE#         53
  C:10C9H         LINE#         54
  C:10D1H         LINE#         55
  C:10D9H         LINE#         56
  C:10EDH         LINE#         57
  C:1126H         LINE#         58
  C:112EH         LINE#         59
  C:112EH         LINE#         60
  C:1133H         LINE#         61
BL51 BANKED LINKER/LOCATER V5.12                                                      09/21/2022  15:33:31  PAGE 21


  C:1144H         LINE#         62
  C:117DH         LINE#         63
  C:1185H         LINE#         64
  C:1185H         LINE#         67
  C:11C9H         LINE#         69
  C:11D9H         LINE#         70
  C:1208H         LINE#         71
  C:1210H         LINE#         74
  C:1225H         LINE#         75
  C:123AH         LINE#         76
  C:1276H         LINE#         77
  C:1299H         LINE#         78
  C:12C7H         LINE#         79
  C:12E6H         LINE#         80
  C:12E6H         LINE#         81
  C:12EFH         LINE#         82
  C:12F8H         LINE#         84
  C:1302H         LINE#         86
  C:1315H         LINE#         87
  C:1345H         LINE#         88
  C:134DH         LINE#         90
  C:138BH         LINE#         94
  C:1399H         LINE#         95
  -------         ENDPROC       _FFILTER_AVERAGING
  -------         PROC          _FREAD_ADC
  X:012FH         SYMBOL        cFillFilter
  -------         DO            
  X:0130H         SYMBOL        iTemp_RA
  X:0134H         SYMBOL        txt
  -------         ENDDO         
  C:3F63H         LINE#         102
  C:3F68H         LINE#         103
  C:3F70H         LINE#         104
  C:3F83H         LINE#         106
  C:3F89H         LINE#         110
  C:3F92H         LINE#         114
  C:3FABH         LINE#         119
  C:3FC6H         LINE#         120
  C:3FE5H         LINE#         121
  C:3FF9H         LINE#         122
  C:4015H         LINE#         123
  C:4017H         LINE#         124
  C:4033H         LINE#         125
  C:4033H         LINE#         129
  C:4052H         LINE#         133
  C:4060H         LINE#         134
  -------         ENDPROC       _FREAD_ADC
  -------         PROC          READHX712
  -------         DO            
  D:0004H         SYMBOL        i
  X:0148H         SYMBOL        ptr
  X:014BH         SYMBOL        dato
  -------         ENDDO         
  C:47C6H         LINE#         136
  C:47C6H         LINE#         139
  C:47D9H         LINE#         140
  C:47E7H         LINE#         142
BL51 BANKED LINKER/LOCATER V5.12                                                      09/21/2022  15:33:31  PAGE 22


  C:47F0H         LINE#         143
  C:47F3H         LINE#         144
  C:47F3H         LINE#         145
  C:47F5H         LINE#         146
  C:4810H         LINE#         147
  C:4812H         LINE#         148
  C:4826H         LINE#         149
  C:4831H         LINE#         151
  C:4842H         LINE#         152
  C:4844H         LINE#         154
  C:4852H         LINE#         155
  -------         ENDPROC       READHX712
  -------         ENDMOD        DVR_HX712

  -------         MODULE        DATA_NVM_5219_VC_DEC09_13
  C:0000H         SYMBOL        _ICE_DUMMY_
  D:0090H         PUBLIC        P1
  D:00B0H         PUBLIC        P3
  B:00A8H.7       PUBLIC        EA
  C:4BE9H         PUBLIC        _flash_write_u8
  D:00A8H         PUBLIC        IE
  D:00B8H         PUBLIC        IP
  X:02D7H         PUBLIC        NRM_securty_a
  X:02D8H         PUBLIC        NRM_securty_b
  D:00C4H         PUBLIC        FLASH_ENA
  D:00C5H         PUBLIC        FLASH_ENB
  D:00C6H         PUBLIC        FLASH_ENC
  C:4A7BH         PUBLIC        _flash_read_u32
  C:38ABH         PUBLIC        _ClearThisButAll
  C:4B4AH         PUBLIC        _flash_read_u16
  D:00C7H         PUBLIC        FLASH_CON
  D:0098H         PUBLIC        SCON
  D:00C3H         PUBLIC        FLASH_ADDRH
  D:0088H         PUBLIC        TCON
  D:00C2H         PUBLIC        FLASH_ADDRL
  C:49DBH         PUBLIC        _e2rom_erase
  C:4689H         PUBLIC        _flash_write_u32
  C:48DFH         PUBLIC        _flash_write_u16
  C:4DE4H         PUBLIC        nop
  C:4AC1H         PUBLIC        _flash_read_float32
  C:497DH         PUBLIC        _nvm_data_write_byte
  C:45E3H         PUBLIC        _flash_write_float32
  D:00C8H         PUBLIC        T2CON
  D:00C1H         PUBLIC        FLASH_DATA
  D:00D0H         PUBLIC        PSW
  C:4DC0H         PUBLIC        _flash_read_u8
  -------         PROC          NOP
  -------         DO            
  D:0006H         SYMBOL        x
  -------         ENDDO         
  C:4DE4H         LINE#         27
  C:4DE4H         LINE#         28
  C:4DE4H         LINE#         29
  C:4DE4H         LINE#         30
  -------         ENDPROC       NOP
  C:4DB6H         SYMBOL        L?0062
  -------         PROC          L?0061
BL51 BANKED LINKER/LOCATER V5.12                                                      09/21/2022  15:33:31  PAGE 23


  -------         ENDPROC       L?0061
  C:4DB6H         SYMBOL        L?0062
  -------         PROC          _FLASH_READ_U8
  D:0006H         SYMBOL        addr
  -------         DO            
  D:0007H         SYMBOL        val
  -------         ENDDO         
  C:4DC0H         LINE#         32
  C:4DC0H         LINE#         33
  C:4DC0H         LINE#         35
  C:4DC7H         LINE#         36
  C:4DC7H         LINE#         37
  -------         ENDPROC       _FLASH_READ_U8
  -------         PROC          _FLASH_READ_U16
  X:02BCH         SYMBOL        addr
  -------         DO            
  X:02BEH         SYMBOL        val
  X:02C0H         SYMBOL        ptr
  D:0005H         SYMBOL        i
  -------         ENDDO         
  C:4B4AH         LINE#         39
  C:4B52H         LINE#         40
  C:4B52H         LINE#         45
  C:4B60H         LINE#         46
  C:4B62H         LINE#         47
  C:4B62H         LINE#         48
  C:4B7CH         LINE#         49
  C:4B81H         LINE#         50
  C:4B89H         LINE#         51
  -------         ENDPROC       _FLASH_READ_U16
  -------         PROC          _FLASH_READ_U32
  X:0280H         SYMBOL        addr
  -------         DO            
  X:0282H         SYMBOL        val
  X:0286H         SYMBOL        ptr
  D:0005H         SYMBOL        i
  -------         ENDDO         
  C:4A7BH         LINE#         53
  C:4A83H         LINE#         54
  C:4A83H         LINE#         59
  C:4A91H         LINE#         60
  C:4A93H         LINE#         61
  C:4A93H         LINE#         62
  C:4AADH         LINE#         63
  C:4AB2H         LINE#         64
  C:4AC0H         LINE#         65
  -------         ENDPROC       _FLASH_READ_U32
  -------         PROC          _FLASH_READ_FLOAT32
  X:0289H         SYMBOL        addr
  -------         DO            
  X:028BH         SYMBOL        val
  X:028FH         SYMBOL        ptr
  D:0005H         SYMBOL        i
  -------         ENDDO         
  C:4AC1H         LINE#         67
  C:4AC9H         LINE#         68
  C:4AC9H         LINE#         73
BL51 BANKED LINKER/LOCATER V5.12                                                      09/21/2022  15:33:31  PAGE 24


  C:4AD7H         LINE#         74
  C:4AD9H         LINE#         75
  C:4AD9H         LINE#         76
  C:4AF3H         LINE#         77
  C:4AF8H         LINE#         78
  C:4B06H         LINE#         79
  -------         ENDPROC       _FLASH_READ_FLOAT32
  C:496CH         SYMBOL        L?0058
  -------         PROC          L?0057
  -------         ENDPROC       L?0057
  C:496CH         SYMBOL        L?0058
  -------         PROC          _NVM_DATA_WRITE_BYTE
  D:0006H         SYMBOL        addr
  D:0005H         SYMBOL        in_data
  -------         DO            
  X:02CBH         SYMBOL        flash_addr
  B:0021H.1       SYMBOL        ea_save
  X:02CDH         SYMBOL        i
  -------         ENDDO         
  C:497DH         LINE#         82
  C:497DH         LINE#         83
  C:497DH         LINE#         86
  C:4982H         LINE#         88
  C:498AH         LINE#         89
  C:498EH         LINE#         90
  C:4990H         LINE#         92
  C:4996H         LINE#         93
  C:499AH         LINE#         94
  C:499EH         LINE#         97
  C:49A1H         LINE#         98
  C:49A3H         LINE#         99
  C:49A5H         LINE#         101
  C:49B1H         LINE#         102
  C:49B4H         LINE#         103
  C:49B7H         LINE#         105
  C:49BAH         LINE#         106
  C:49BDH         LINE#         107
  C:49C0H         LINE#         109
  C:49CCH         LINE#         110
  C:49CFH         LINE#         112
  C:49D2H         LINE#         113
  C:49D4H         LINE#         114
  C:49D6H         LINE#         115
  C:49DAH         LINE#         116
  -------         ENDPROC       _NVM_DATA_WRITE_BYTE
  -------         PROC          _FLASH_WRITE_U8
  X:02CEH         SYMBOL        addr
  X:02D0H         SYMBOL        in_data
  C:4BE9H         LINE#         118
  C:4BF6H         LINE#         119
  C:4BF6H         LINE#         121
  C:4BFDH         LINE#         122
  C:4C05H         LINE#         124
  -------         ENDPROC       _FLASH_WRITE_U8
  -------         PROC          _FLASH_WRITE_U16
  X:0292H         SYMBOL        addr
  X:0294H         SYMBOL        in_data
BL51 BANKED LINKER/LOCATER V5.12                                                      09/21/2022  15:33:31  PAGE 25


  -------         DO            
  X:0296H         SYMBOL        ptr
  D:0004H         SYMBOL        i
  X:0299H         SYMBOL        aux
  -------         ENDDO         
  C:48DFH         LINE#         127
  C:48EFH         LINE#         128
  C:48EFH         LINE#         134
  C:48FAH         LINE#         135
  C:4908H         LINE#         136
  C:4934H         LINE#         137
  C:4943H         LINE#         140
  C:4951H         LINE#         141
  C:4953H         LINE#         142
  C:4953H         LINE#         143
  C:4963H         LINE#         144
  C:4968H         LINE#         145
  -------         ENDPROC       _FLASH_WRITE_U16
  -------         PROC          _FLASH_WRITE_U32
  X:025CH         SYMBOL        addr
  X:025EH         SYMBOL        in_data
  -------         DO            
  X:0262H         SYMBOL        ptr
  D:0004H         SYMBOL        i
  X:0265H         SYMBOL        aux
  -------         ENDDO         
  C:4689H         LINE#         147
  C:4691H         LINE#         148
  C:4691H         LINE#         154
  C:469AH         LINE#         155
  C:46A8H         LINE#         156
  C:4700H         LINE#         157
  C:4706H         LINE#         160
  C:4714H         LINE#         161
  C:4716H         LINE#         162
  C:4716H         LINE#         163
  C:4726H         LINE#         164
  C:472BH         LINE#         165
  -------         ENDPROC       _FLASH_WRITE_U32
  -------         PROC          _FLASH_WRITE_FLOAT32
  X:0269H         SYMBOL        addr
  X:026BH         SYMBOL        in_data
  -------         DO            
  X:026FH         SYMBOL        ptr
  D:0004H         SYMBOL        i
  X:0272H         SYMBOL        aux
  -------         ENDDO         
  C:45E3H         LINE#         167
  C:45EBH         LINE#         168
  C:45EBH         LINE#         174
  C:45F4H         LINE#         175
  C:4602H         LINE#         176
  C:465AH         LINE#         177
  C:4660H         LINE#         180
  C:466EH         LINE#         181
  C:4670H         LINE#         182
  C:4670H         LINE#         183
BL51 BANKED LINKER/LOCATER V5.12                                                      09/21/2022  15:33:31  PAGE 26


  C:4683H         LINE#         184
  C:4688H         LINE#         185
  -------         ENDPROC       _FLASH_WRITE_FLOAT32
  -------         PROC          _E2ROM_ERASE
  D:0006H         SYMBOL        addr
  -------         DO            
  X:02D1H         SYMBOL        i
  X:02D2H         SYMBOL        flash_addr
  B:0021H.2       SYMBOL        ea_save
  -------         ENDDO         
  C:49DBH         LINE#         192
  C:49DBH         LINE#         193
  C:49E0H         LINE#         196
  C:49E6H         LINE#         197
  C:49EAH         LINE#         198
  C:49ECH         LINE#         199
  C:49F2H         LINE#         200
  C:49F6H         LINE#         202
  C:49F9H         LINE#         203
  C:49FBH         LINE#         204
  C:49FDH         LINE#         206
  C:4A09H         LINE#         207
  C:4A0CH         LINE#         208
  C:4A0FH         LINE#         210
  C:4A12H         LINE#         211
  C:4A15H         LINE#         212
  C:4A18H         LINE#         214
  C:4A24H         LINE#         215
  C:4A27H         LINE#         217
  C:4A2AH         LINE#         218
  C:4A2CH         LINE#         219
  C:4A2EH         LINE#         220
  C:4A32H         LINE#         221
  -------         ENDPROC       _E2ROM_ERASE
  C:38A4H         SYMBOL        L?0060
  -------         PROC          L?0059
  -------         ENDPROC       L?0059
  C:38A4H         SYMBOL        L?0060
  -------         PROC          _CLEARTHISBUTALL
  X:029BH         SYMBOL        Address
  X:029DH         SYMBOL        IntCount
  -------         DO            
  X:029FH         SYMBOL        Aux
  X:02A0H         SYMBOL        i
  D:0002H         SYMBOL        Page
  X:02A2H         SYMBOL        SizePage
  -------         ENDDO         
  C:38ABH         LINE#         223
  C:38BBH         LINE#         224
  C:38C0H         LINE#         225
  C:38C4H         LINE#         227
  C:38CBH         LINE#         230
  C:38D1H         LINE#         231
  C:38DCH         LINE#         235
  C:38F3H         LINE#         236
  C:3901H         LINE#         237
  C:3908H         LINE#         238
BL51 BANKED LINKER/LOCATER V5.12                                                      09/21/2022  15:33:31  PAGE 27


  C:3918H         LINE#         242
  C:3935H         LINE#         243
  C:3947H         LINE#         244
  C:3959H         LINE#         245
  C:397BH         LINE#         246
  C:398BH         LINE#         250
  C:3992H         LINE#         254
  C:39AFH         LINE#         255
  C:39CAH         LINE#         256
  C:39DAH         LINE#         260
  -------         ENDPROC       _CLEARTHISBUTALL
  -------         ENDMOD        DATA_NVM_5219_VC_DEC09_13

  -------         MODULE        DVR_SCALE
  C:0000H         SYMBOL        _ICE_DUMMY_
  D:0080H         PUBLIC        P0
  D:0090H         PUBLIC        P1
  D:00A0H         PUBLIC        P2
  D:00B0H         PUBLIC        P3
  D:00A8H         PUBLIC        IE
  D:00AAH         PUBLIC        WD_TA
  X:0000H         PUBLIC        fWeightScaleBefore
  D:00B8H         PUBLIC        IP
  C:1B4AH         PUBLIC        vWeight_Positive
  X:0004H         PUBLIC        iCounterZeroTracking
  C:1E9CH         PUBLIC        _cOnOffModeTara
  C:21DBH         PUBLIC        _fStablePoint
  D:0098H         PUBLIC        SCON
  D:0088H         PUBLIC        TCON
  X:0006H         PUBLIC        fWeightScale
  C:342AH         PUBLIC        cSetZeroPoint
  C:43ACH         SYMBOL        _?ix1000
  C:43B2H         SYMBOL        _?ix1001
  C:2A8AH         PUBLIC        _cRun_Scale
  C:4BBAH         PUBLIC        vSetZero
  C:27BEH         PUBLIC        _vSaveParamScale
  X:000AH         PUBLIC        stScaleParam
  X:0090H         PUBLIC        fWeightLight
  X:0094H         PUBLIC        srFlagScale
  C:3E64H         PUBLIC        vCalibrate_Scale
  C:35C3H         PUBLIC        _vGetZeroTracking
  C:2F0CH         PUBLIC        vReadParamScale
  C:3293H         PUBLIC        vCalculate_Weight
  C:24D7H         PUBLIC        _vPreConfiguration
  D:00C8H         PUBLIC        T2CON
  C:1798H         PUBLIC        fSleep_Run
  D:00D0H         PUBLIC        PSW
  C:4061H         PUBLIC        vWeight_Negative
  C:13CBH         PUBLIC        _fCuentasToPeso
  D:00A9H         PUBLIC        WDCON
  -------         PROC          VREADPARAMSCALE
  C:2F0CH         LINE#         106
  C:2F0CH         LINE#         107
  C:2F19H         LINE#         108
  C:2F26H         LINE#         109
  C:2F33H         LINE#         110
  C:2F3DH         LINE#         112
BL51 BANKED LINKER/LOCATER V5.12                                                      09/21/2022  15:33:31  PAGE 28


  C:2F49H         LINE#         113
  C:2F55H         LINE#         114
  C:2F61H         LINE#         115
  C:2F6DH         LINE#         116
  C:2F7CH         LINE#         117
  C:2F8BH         LINE#         118
  C:2F9AH         LINE#         119
  C:2FA9H         LINE#         120
  C:2FB8H         LINE#         121
  C:2FC4H         LINE#         122
  C:2FD0H         LINE#         123
  C:2FDCH         LINE#         125
  C:2FE5H         LINE#         126
  C:2FE8H         LINE#         127
  C:2FEAH         LINE#         128
  C:2FEDH         LINE#         129
  C:2FEDH         LINE#         131
  C:2FF9H         LINE#         133
  C:2FFEH         LINE#         134
  C:3001H         LINE#         135
  C:3003H         LINE#         136
  C:3006H         LINE#         137
  C:3006H         LINE#         139
  C:3012H         LINE#         140
  C:3017H         LINE#         141
  C:3023H         LINE#         142
  C:302FH         LINE#         143
  C:303BH         LINE#         145
  C:304AH         LINE#         146
  C:3059H         LINE#         148
  C:3065H         LINE#         150
  C:3074H         LINE#         152
  C:3080H         LINE#         154
  C:308CH         LINE#         156
  C:309BH         LINE#         158
  C:30A8H         LINE#         160
  C:30B4H         LINE#         162
  C:30C0H         LINE#         164
  C:30CCH         LINE#         166
  -------         ENDPROC       VREADPARAMSCALE
  -------         PROC          _VSAVEPARAMSCALE
  D:0007H         SYMBOL        cType_Parameter
  C:27BEH         LINE#         176
  C:27BEH         LINE#         178
  C:27C4H         LINE#         179
  C:27CAH         LINE#         181
  C:27F3H         LINE#         183
  C:27F3H         LINE#         184
  C:27FCH         LINE#         185
  C:2817H         LINE#         186
  C:2832H         LINE#         187
  C:284DH         LINE#         188
  C:284DH         LINE#         189
  C:284FH         LINE#         191
  C:284FH         LINE#         192
  C:2859H         LINE#         193
  C:285CH         LINE#         195
BL51 BANKED LINKER/LOCATER V5.12                                                      09/21/2022  15:33:31  PAGE 29


  C:285CH         LINE#         197
  C:2868H         LINE#         198
  C:2874H         LINE#         199
  C:2883H         LINE#         200
  C:2892H         LINE#         201
  C:28A1H         LINE#         202
  C:28B0H         LINE#         203
  C:28BFH         LINE#         204
  C:28CBH         LINE#         205
  C:28D7H         LINE#         206
  C:28E3H         LINE#         207
  C:28EFH         LINE#         208
  C:28FBH         LINE#         209
  C:2907H         LINE#         210
  C:2913H         LINE#         211
  C:291FH         LINE#         212
  C:292EH         LINE#         213
  C:293AH         LINE#         214
  C:2946H         LINE#         215
  C:2955H         LINE#         216
  C:2970H         LINE#         217
  C:297CH         LINE#         218
  C:2988H         LINE#         219
  C:2994H         LINE#         220
  C:29A0H         LINE#         221
  C:29A7H         LINE#         223
  C:29AAH         LINE#         225
  C:29AAH         LINE#         226
  C:29B6H         LINE#         227
  C:29B8H         LINE#         229
  C:29B8H         LINE#         230
  C:29CEH         LINE#         231
  C:29D1H         LINE#         233
  C:29D1H         LINE#         234
  C:29E0H         LINE#         235
  C:29E3H         LINE#         237
  C:29E3H         LINE#         238
  C:29F2H         LINE#         239
  C:2A08H         LINE#         240
  C:2A0AH         LINE#         242
  C:2A0AH         LINE#         243
  C:2A25H         LINE#         244
  C:2A3BH         LINE#         245
  C:2A3DH         LINE#         247
  C:2A3DH         LINE#         248
  C:2A55H         LINE#         249
  C:2A57H         LINE#         251
  C:2A57H         LINE#         252
  C:2A72H         LINE#         253
  C:2A74H         LINE#         255
  C:2A74H         LINE#         256
  C:2A80H         LINE#         257
  C:2A80H         LINE#         258
  C:2A80H         LINE#         261
  C:2A85H         LINE#         262
  C:2A89H         LINE#         263
  -------         ENDPROC       _VSAVEPARAMSCALE
BL51 BANKED LINKER/LOCATER V5.12                                                      09/21/2022  15:33:31  PAGE 30


  -------         PROC          L?0294
  -------         ENDPROC       L?0294
  -------         PROC          _FSTABLEPOINT
  X:0222H         SYMBOL        cSetCountBack
  X:0223H         SYMBOL        cShowCount
  X:0224H         SYMBOL        cRunStable
  -------         DO            
  X:0225H         SYMBOL        cCountReading
  X:0226H         SYMBOL        cNumber_Count
  X:0227H         SYMBOL        cCountBack
  X:022BH         SYMBOL        fActualWeightAdc
  X:022FH         SYMBOL        fWeightAdc
  X:0233H         SYMBOL        fLimitRange
  X:0237H         SYMBOL        i
  -------         ENDDO         
  C:21DBH         LINE#         277
  C:21E8H         LINE#         279
  C:21EDH         LINE#         280
  C:21EFH         LINE#         281
  C:21F6H         LINE#         282
  C:2200H         LINE#         283
  C:220AH         LINE#         284
  C:2219H         LINE#         285
  C:2220H         LINE#         287
  C:2224H         LINE#         289
  C:222BH         LINE#         290
  C:2231H         LINE#         291
  C:2231H         LINE#         293
  C:223AH         LINE#         295
  C:2257H         LINE#         297
  C:225AH         LINE#         300
  C:2265H         LINE#         301
  C:2279H         LINE#         302
  C:2284H         LINE#         303
  C:228FH         LINE#         304
  C:229AH         LINE#         305
  C:229CH         LINE#         306
  C:22C3H         LINE#         307
  C:22EBH         LINE#         308
  C:2312H         LINE#         309
  C:2312H         LINE#         310
  C:2312H         LINE#         312
  C:2320H         LINE#         314
  C:2326H         LINE#         315
  C:2326H         LINE#         316
  C:2329H         LINE#         317
  C:2329H         LINE#         321
  C:238FH         LINE#         322
  C:238FH         LINE#         323
  C:2395H         LINE#         327
  C:23A3H         LINE#         328
  C:23C7H         LINE#         329
  C:23CCH         LINE#         330
  C:23CCH         LINE#         331
  C:23CFH         LINE#         334
  C:23DAH         LINE#         335
  C:23DDH         LINE#         336
BL51 BANKED LINKER/LOCATER V5.12                                                      09/21/2022  15:33:31  PAGE 31


  C:23E8H         LINE#         337
  C:23F3H         LINE#         338
  C:243FH         LINE#         339
  C:248BH         LINE#         340
  C:248BH         LINE#         341
  C:2490H         LINE#         342
  C:249FH         LINE#         343
  C:24ADH         LINE#         345
  C:24B6H         LINE#         346
  C:24BBH         LINE#         347
  C:24C2H         LINE#         348
  C:24C2H         LINE#         349
  C:24C2H         LINE#         350
  C:24C2H         LINE#         352
  C:24C8H         LINE#         353
  C:24D6H         LINE#         354
  -------         ENDPROC       _FSTABLEPOINT
  -------         PROC          CSETZEROPOINT
  -------         DO            
  X:02A4H         SYMBOL        fWeightPlate
  X:02A8H         SYMBOL        fPointZero
  -------         ENDDO         
  C:342AH         LINE#         368
  C:342AH         LINE#         371
  C:3434H         LINE#         372
  C:343EH         LINE#         374
  C:344BH         LINE#         376
  C:3451H         LINE#         377
  C:3454H         LINE#         378
  C:3454H         LINE#         381
  C:3479H         LINE#         383
  C:3482H         LINE#         385
  C:3506H         LINE#         386
  C:3506H         LINE#         389
  C:3509H         LINE#         390
  C:3514H         LINE#         391
  C:351FH         LINE#         395
  C:351FH         LINE#         396
  C:3528H         LINE#         397
  C:3534H         LINE#         398
  C:3537H         LINE#         399
  C:3537H         LINE#         400
  C:3537H         LINE#         401
  C:3537H         LINE#         402
  C:3537H         LINE#         404
  C:357BH         LINE#         407
  C:357EH         LINE#         408
  C:3589H         LINE#         412
  C:3589H         LINE#         413
  C:3592H         LINE#         414
  C:359EH         LINE#         415
  C:35A1H         LINE#         416
  C:35A1H         LINE#         417
  C:35A1H         LINE#         419
  C:35A1H         LINE#         420
  C:35B5H         LINE#         421
  C:35B5H         LINE#         423
BL51 BANKED LINKER/LOCATER V5.12                                                      09/21/2022  15:33:31  PAGE 32


  C:35B7H         LINE#         424
  -------         ENDPROC       CSETZEROPOINT
  -------         PROC          _CONOFFMODETARA
  X:020AH         SYMBOL        fWeightTara
  -------         DO            
  X:020EH         SYMBOL        fAdcCountTara
  X:0212H         SYMBOL        fLimite_Inf
  X:0216H         SYMBOL        fLimite_Sup
  X:021AH         SYMBOL        fWeightZero
  X:021EH         SYMBOL        AuxTara
  -------         ENDDO         
  C:1E9CH         LINE#         441
  C:1EA2H         LINE#         443
  C:1EACH         LINE#         444
  C:1EB6H         LINE#         445
  C:1EC0H         LINE#         446
  C:1ECAH         LINE#         447
  C:1ED4H         LINE#         449
  C:1EDDH         LINE#         451
  C:1EE8H         LINE#         453
  C:1F04H         LINE#         454
  C:1F0DH         LINE#         456
  C:1F13H         LINE#         457
  C:1F50H         LINE#         458
  C:1F50H         LINE#         459
  C:1F50H         LINE#         460
  C:1F50H         LINE#         461
  C:1F52H         LINE#         462
  C:1F73H         LINE#         463
  C:1F87H         LINE#         464
  C:1F8DH         LINE#         465
  C:1F8DH         LINE#         466
  C:1F8DH         LINE#         467
  C:1F8EH         LINE#         468
  C:1F94H         LINE#         469
  C:1FD1H         LINE#         470
  C:1FD1H         LINE#         471
  C:1FD1H         LINE#         472
  C:1FD3H         LINE#         473
  C:1FF6H         LINE#         474
  C:200AH         LINE#         475
  C:200AH         LINE#         476
  C:200AH         LINE#         477
  C:200AH         LINE#         478
  C:2025H         LINE#         480
  C:202EH         LINE#         481
  C:204CH         LINE#         483
  C:2057H         LINE#         484
  C:2085H         LINE#         485
  C:20B0H         LINE#         486
  C:20E3H         LINE#         487
  C:20EFH         LINE#         488
  C:20F9H         LINE#         489
  C:20FCH         LINE#         490
  C:2105H         LINE#         491
  C:210FH         LINE#         492
  C:210FH         LINE#         493
BL51 BANKED LINKER/LOCATER V5.12                                                      09/21/2022  15:33:31  PAGE 33


  C:2111H         LINE#         494
  C:211AH         LINE#         495
  C:214CH         LINE#         496
  C:214CH         LINE#         498
  C:2190H         LINE#         499
  C:2197H         LINE#         500
  C:21A1H         LINE#         501
  C:21A6H         LINE#         502
  C:21BAH         LINE#         503
  C:21D4H         LINE#         504
  C:21D4H         LINE#         505
  C:21D4H         LINE#         506
  C:21D4H         LINE#         508
  C:21D4H         LINE#         509
  -------         ENDPROC       _CONOFFMODETARA
  -------         PROC          VSETZERO
  -------         DO            
  X:02C3H         SYMBOL        fWeightZero
  -------         ENDDO         
  C:4BBAH         LINE#         518
  C:4BBAH         LINE#         519
  C:4BC4H         LINE#         522
  C:4BCDH         LINE#         524
  C:4BD4H         LINE#         525
  C:4BE8H         LINE#         526
  C:4BE8H         LINE#         527
  -------         ENDPROC       VSETZERO
  -------         PROC          L?0293
  -------         ENDPROC       L?0293
  -------         PROC          _VGETZEROTRACKING
  X:02ACH         SYMBOL        fActualWeightScale
  -------         DO            
  X:02B0H         SYMBOL        fValor_Limite
  -------         ENDDO         
  C:35C3H         LINE#         536
  C:35C9H         LINE#         537
  C:35D3H         LINE#         540
  C:35DAH         LINE#         541
  C:3605H         LINE#         542
  C:3632H         LINE#         543
  C:3634H         LINE#         544
  C:3648H         LINE#         546
  C:3665H         LINE#         548
  C:367DH         LINE#         549
  C:369BH         LINE#         550
  C:369BH         LINE#         552
  C:3701H         LINE#         553
  C:3701H         LINE#         555
  C:370FH         LINE#         556
  C:3720H         LINE#         557
  C:3734H         LINE#         558
  C:3734H         LINE#         559
  C:3734H         LINE#         560
  C:373BH         LINE#         561
  C:373BH         LINE#         562
  -------         ENDPROC       _VGETZEROTRACKING
  -------         PROC          VCALIBRATE_SCALE
BL51 BANKED LINKER/LOCATER V5.12                                                      09/21/2022  15:33:31  PAGE 34


  -------         DO            
  X:012FH         SYMBOL        fAux_Value
  X:0133H         SYMBOL        fAuxCountAdcInicial
  X:0137H         SYMBOL        fAuxCountAdcFinal
  X:013BH         SYMBOL        fAuxCountDif
  -------         ENDDO         
  C:3E64H         LINE#         572
  C:3E64H         LINE#         573
  C:3E6EH         LINE#         574
  C:3E78H         LINE#         575
  C:3E82H         LINE#         576
  C:3E8CH         LINE#         578
  C:3E9AH         LINE#         581
  C:3E9DH         LINE#         583
  C:3EA8H         LINE#         584
  C:3EB3H         LINE#         585
  C:3EBEH         LINE#         594
  C:3ECBH         LINE#         604
  C:3EDFH         LINE#         605
  C:3EE6H         LINE#         607
  C:3EE9H         LINE#         609
  C:3EF4H         LINE#         610
  C:3EFFH         LINE#         611
  C:3F0AH         LINE#         619
[...]
  C:1C52H         LINE#         1060
  C:1C55H         LINE#         1063
  C:1C5CH         LINE#         1064
  C:1C67H         LINE#         1066
  C:1C70H         LINE#         1067
  C:1C79H         LINE#         1068
  C:1C7FH         LINE#         1069
  C:1C81H         LINE#         1070
  C:1C8AH         LINE#         1071
  C:1C95H         LINE#         1072
  C:1C95H         LINE#         1074
  C:1C9BH         LINE#         1075
  C:1CA0H         LINE#         1076
  C:1CA6H         LINE#         1077
  C:1CAFH         LINE#         1078
  C:1CB1H         LINE#         1080
  C:1CE6H         LINE#         1081
  C:1D0BH         LINE#         1082
  C:1D10H         LINE#         1083
  C:1D10H         LINE#         1087
  C:1D10H         LINE#         1088
  C:1D15H         LINE#         1091
  C:1D32H         LINE#         1094
  C:1D38H         LINE#         1095
  C:1D68H         LINE#         1096
  C:1D72H         LINE#         1097
  C:1D77H         LINE#         1098
  C:1D7BH         LINE#         1099
  C:1D7FH         LINE#         1100
  C:1D7FH         LINE#         1101
  C:1D7FH         LINE#         1103
  C:1D7FH         LINE#         1106
  C:1D7FH         LINE#         1108
  C:1D93H         LINE#         1111
  C:1DB7H         LINE#         1112
  C:1DB9H         LINE#         1113
BL51 BANKED LINKER/LOCATER V5.12                                                      09/21/2022  15:33:31  PAGE 40


  C:1DB9H         LINE#         1115
  C:1DD1H         LINE#         1116
  C:1DD5H         LINE#         1117
  C:1DD7H         LINE#         1118
  C:1DE6H         LINE#         1119
  C:1DE6H         LINE#         1121
  C:1E0BH         LINE#         1127
  C:1E4DH         LINE#         1128
  C:1E58H         LINE#         1129
  C:1E58H         LINE#         1130
  C:1E72H         LINE#         1131
  C:1E8BH         LINE#         1132
  C:1E8DH         LINE#         1133
  C:1E9BH         LINE#         1134
  C:1E9BH         LINE#         1135
  C:1E9BH         LINE#         1136
  C:1E9BH         LINE#         1137
  -------         ENDPROC       VWEIGHT_POSITIVE
  -------         PROC          VWEIGHT_NEGATIVE
  C:4061H         LINE#         1147
  C:4061H         LINE#         1149
  C:4067H         LINE#         1150
  C:406CH         LINE#         1153
  C:40BCH         LINE#         1154
  C:40D9H         LINE#         1155
  C:40DBH         LINE#         1156
  C:40E6H         LINE#         1157
  C:40E6H         LINE#         1159
  C:40ECH         LINE#         1160
  C:40F2H         LINE#         1161
  C:40F4H         LINE#         1162
  C:40FEH         LINE#         1163
  C:4103H         LINE#         1164
  C:410DH         LINE#         1165
  C:4118H         LINE#         1166
  C:4118H         LINE#         1168
  C:4130H         LINE#         1169
  C:4134H         LINE#         1170
  C:4136H         LINE#         1171
  C:4145H         LINE#         1172
  C:4145H         LINE#         1175
  -------         ENDPROC       VWEIGHT_NEGATIVE
  -------         PROC          VCALCULATE_WEIGHT
  -------         DO            
  X:02D9H         SYMBOL        i
  X:02DAH         SYMBOL        cCountPrecioFijo
  -------         ENDDO         
  C:3293H         LINE#         1187
  C:3293H         LINE#         1192
  C:329AH         LINE#         1194
  C:32A3H         LINE#         1195
  C:32A6H         LINE#         1196
  C:32A8H         LINE#         1197
  C:32A8H         LINE#         1198
  C:32ABH         LINE#         1199
  C:32ABH         LINE#         1201
  C:32C5H         LINE#         1202
BL51 BANKED LINKER/LOCATER V5.12                                                      09/21/2022  15:33:31  PAGE 41


  C:32D0H         LINE#         1203
  C:32D8H         LINE#         1205
  C:32E7H         LINE#         1206
  C:32F2H         LINE#         1208
  C:32F2H         LINE#         1211
  C:32FFH         LINE#         1212
  C:3305H         LINE#         1213
  C:3305H         LINE#         1215
  C:3319H         LINE#         1217
  C:332DH         LINE#         1220
  C:3352H         LINE#         1221
  C:3366H         LINE#         1223
  C:336DH         LINE#         1224
  C:3370H         LINE#         1225
  C:3372H         LINE#         1227
  C:3379H         LINE#         1228
  C:338DH         LINE#         1229
  C:33B2H         LINE#         1230
  C:33B8H         LINE#         1231
  C:33BFH         LINE#         1232
  C:33BFH         LINE#         1233
  C:33BFH         LINE#         1234
  C:33D6H         LINE#         1235
  C:33D6H         LINE#         1237
  C:33F4H         LINE#         1238
  C:33F9H         LINE#         1239
  C:3413H         LINE#         1240
  C:3417H         LINE#         1241
  C:3417H         LINE#         1243
  C:3429H         LINE#         1244
  -------         ENDPROC       VCALCULATE_WEIGHT
  C:139DH         SYMBOL        L?0292
  -------         PROC          L?0291
  -------         ENDPROC       L?0291
  C:139DH         SYMBOL        L?0292
  -------         PROC          _FCUENTASTOPESO
  X:01F1H         SYMBOL        fCountADC
  -------         DO            
  X:01F5H         SYMBOL        fAuxFactorC
  X:01F9H         SYMBOL        fPesoFinal
  X:01FDH         SYMBOL        fPesoAux
  X:0201H         SYMBOL        iAuxPeso
  X:0205H         SYMBOL        arfFactorMult
  X:0209H         SYMBOL        cFlagNeg
  -------         ENDDO         
  C:13CBH         LINE#         1253
  C:13D1H         LINE#         1255
  C:13DBH         LINE#         1256
  C:13E5H         LINE#         1257
  C:13EFH         LINE#         1258
  C:13F9H         LINE#         1259
  C:1403H         LINE#         1260
  C:1408H         LINE#         1262
  C:141FH         LINE#         1263
  C:1425H         LINE#         1264
  C:1443H         LINE#         1265
  C:1443H         LINE#         1267
BL51 BANKED LINKER/LOCATER V5.12                                                      09/21/2022  15:33:31  PAGE 42


  C:1449H         LINE#         1268
  C:1488H         LINE#         1269
  C:1496H         LINE#         1270
  C:1499H         LINE#         1271
  C:14CAH         LINE#         1272
  C:14D4H         LINE#         1273
  C:1505H         LINE#         1274
  C:1544H         LINE#         1275
  C:156BH         LINE#         1276
  C:156EH         LINE#         1277
  C:159FH         LINE#         1278
  C:15D0H         LINE#         1279
  C:160FH         LINE#         1280
  C:1636H         LINE#         1281
  C:1638H         LINE#         1282
  C:1638H         LINE#         1283
  C:1677H         LINE#         1284
  C:169CH         LINE#         1285
  C:169CH         LINE#         1286
  C:169CH         LINE#         1288
  C:16B3H         LINE#         1290
  C:16F2H         LINE#         1291
  C:173CH         LINE#         1292
  C:1765H         LINE#         1294
  C:176BH         LINE#         1295
  C:1789H         LINE#         1296
  C:1789H         LINE#         1298
  C:1797H         LINE#         1299
  -------         ENDPROC       _FCUENTASTOPESO
  -------         PROC          FSLEEP_RUN
  -------         DO            
  X:01A7H         SYMBOL        fWeightScale
  X:01ABH         SYMBOL        fValueReturn
  X:01AFH         SYMBOL        fLimite
  X:01B3H         SYMBOL        i
  X:01B5H         SYMBOL        cFlag_Continue
  X:01B6H         SYMBOL        strMsgSaveBatt
  X:01C6H         SYMBOL        strSave
  X:01CCH         SYMBOL        strBatt
  X:01D3H         SYMBOL        cDataTemp
  X:01D4H         SYMBOL        cDataTemp1
  X:01D5H         SYMBOL        bStatus_Battery
  -------         ENDDO         
  C:1798H         LINE#         1306
  C:1798H         LINE#         1308
  C:17A2H         LINE#         1309
  C:17ACH         LINE#         1310
  C:17B6H         LINE#         1311
  C:17BDH         LINE#         1312
  C:17C0H         LINE#         1316
  C:17D2H         LINE#         1317
  C:17E5H         LINE#         1318
  C:17EAH         LINE#         1319
  C:17ECH         LINE#         1320
  C:17EEH         LINE#         1323
  C:17FDH         LINE#         1325
  C:1814H         LINE#         1327
BL51 BANKED LINKER/LOCATER V5.12                                                      09/21/2022  15:33:31  PAGE 43


  C:181FH         LINE#         1329
  C:1837H         LINE#         1330
  C:1842H         LINE#         1331
  C:1859H         LINE#         1332
  C:186CH         LINE#         1333
  C:1888H         LINE#         1334
  C:1888H         LINE#         1335
  C:1898H         LINE#         1337
  C:18A0H         LINE#         1339
  C:18A6H         LINE#         1340
  C:18B1H         LINE#         1341
  C:18BCH         LINE#         1342
  C:18CFH         LINE#         1344
  C:18D8H         LINE#         1346
  C:18DEH         LINE#         1347
  C:18E2H         LINE#         1348
  C:18EEH         LINE#         1350
  C:18F9H         LINE#         1353
  C:1906H         LINE#         1354
  C:190CH         LINE#         1355
  C:190CH         LINE#         1357
  C:1920H         LINE#         1360
  C:1945H         LINE#         1361
  C:1957H         LINE#         1362
  C:196EH         LINE#         1364
  C:19BAH         LINE#         1365
  C:19BFH         LINE#         1366
  C:19C7H         LINE#         1367
  C:19CCH         LINE#         1368
  C:19CFH         LINE#         1369
  C:19CFH         LINE#         1371
  C:19D8H         LINE#         1374
  C:19E0H         LINE#         1376
  C:19E2H         LINE#         1377
  C:19E5H         LINE#         1378
  C:19E7H         LINE#         1379
  C:19ECH         LINE#         1380
  C:19ECH         LINE#         1382
  C:19F5H         LINE#         1385
  C:19FDH         LINE#         1387
  C:1A04H         LINE#         1388
  C:1A23H         LINE#         1389
  C:1A3DH         LINE#         1391
  C:1A45H         LINE#         1393
  C:1A5EH         LINE#         1394
  C:1A69H         LINE#         1395
  C:1A80H         LINE#         1396
  C:1A93H         LINE#         1397
  C:1AAFH         LINE#         1398
  C:1AAFH         LINE#         1399
  C:1ABFH         LINE#         1401
  C:1ACAH         LINE#         1402
  C:1AD5H         LINE#         1403
  C:1AE0H         LINE#         1404
  C:1AE0H         LINE#         1406
  C:1AEBH         LINE#         1407
  C:1AEBH         LINE#         1408
BL51 BANKED LINKER/LOCATER V5.12                                                      09/21/2022  15:33:31  PAGE 44


  C:1AF3H         LINE#         1409
  C:1AF8H         LINE#         1410
  C:1AFBH         LINE#         1411
  C:1AFBH         LINE#         1413
  C:1B01H         LINE#         1414
  C:1B05H         LINE#         1415
  C:1B05H         LINE#         1417
  C:1B1BH         LINE#         1418
  C:1B1FH         LINE#         1419
  C:1B23H         LINE#         1420
  C:1B23H         LINE#         1421
  C:1B26H         LINE#         1423
  C:1B2CH         LINE#         1424
  C:1B3BH         LINE#         1425
  C:1B3BH         LINE#         1431
  C:1B49H         LINE#         1432
  -------         ENDPROC       FSLEEP_RUN
  -------         ENDMOD        DVR_SCALE

  -------         MODULE        ?C?FPADD
  C:0015H         PUBLIC        ?C?FPADD
  C:0011H         PUBLIC        ?C?FPSUB
  -------         ENDMOD        ?C?FPADD

  -------         MODULE        ?C?FPMUL
  C:0106H         PUBLIC        ?C?FPMUL
  -------         ENDMOD        ?C?FPMUL

  -------         MODULE        ?C?FPDIV
  C:020FH         PUBLIC        ?C?FPDIV
  -------         ENDMOD        ?C?FPDIV

  -------         MODULE        ?C?FPCMP
  C:02AEH         PUBLIC        ?C?FPCMP
  C:02ACH         PUBLIC        ?C?FPCMP3
  -------         ENDMOD        ?C?FPCMP

  -------         MODULE        ?C?FCAST
  C:0323H         PUBLIC        ?C?FCASTC
  C:031EH         PUBLIC        ?C?FCASTI
  C:0319H         PUBLIC        ?C?FCASTL
  -------         ENDMOD        ?C?FCAST

  -------         MODULE        ?C?CASTF
  C:0357H         PUBLIC        ?C?CASTF
  -------         ENDMOD        ?C?CASTF

  -------         MODULE        PRINTF
  X:013DH         PUBLIC        ?_PRINTF?BYTE
  X:013DH         PUBLIC        ?_SPRINTF?BYTE
  C:0B59H         PUBLIC        _PRINTF
  C:0B53H         PUBLIC        _SPRINTF
  -------         ENDMOD        PRINTF

  -------         MODULE        POW
  X:0276H         PUBLIC        ?_pow?BYTE
  C:373CH         PUBLIC        _pow
BL51 BANKED LINKER/LOCATER V5.12                                                      09/21/2022  15:33:31  PAGE 45


  -------         ENDMOD        POW

  -------         MODULE        ?C?CHKFLOAT
  C:03D8H         PUBLIC        ?C?CHKFLOAT
  -------         ENDMOD        ?C?CHKFLOAT

  -------         MODULE        ?C?FPNEG
  C:03F2H         PUBLIC        ?C?FPNEG
  -------         ENDMOD        ?C?FPNEG

  -------         MODULE        ?C?FPROUND
  C:0403H         PUBLIC        ?C?FPROUND
  -------         ENDMOD        ?C?FPROUND

  -------         MODULE        ?C?FPCONVERT
  C:0440H         PUBLIC        ?C?FPCONVERT
  -------         ENDMOD        ?C?FPCONVERT

  -------         MODULE        EXP
  C:4764H         PUBLIC        _EXP
  -------         ENDMOD        EXP

  -------         MODULE        LOG
  C:3B46H         PUBLIC        _LOG
  C:3B42H         PUBLIC        _LOG10
  -------         ENDMOD        LOG

  -------         MODULE        ?C?FTNPWR
  C:0575H         PUBLIC        ?C?FTNPWR
  -------         ENDMOD        ?C?FTNPWR

  -------         MODULE        ?C?COPY
  C:06D2H         PUBLIC        ?C?COPY
  -------         ENDMOD        ?C?COPY

  -------         MODULE        ?C?CLDPTR
  C:06F8H         PUBLIC        ?C?CLDPTR
  -------         ENDMOD        ?C?CLDPTR

  -------         MODULE        ?C?CLDOPTR
  C:0711H         PUBLIC        ?C?CLDOPTR
  -------         ENDMOD        ?C?CLDOPTR

  -------         MODULE        ?C?CSTPTR
  C:073EH         PUBLIC        ?C?CSTPTR
  -------         ENDMOD        ?C?CSTPTR

  -------         MODULE        ?C?IMUL
  C:0750H         PUBLIC        ?C?IMUL
  -------         ENDMOD        ?C?IMUL

  -------         MODULE        ?C?UIDIV
  C:0762H         PUBLIC        ?C?UIDIV
  -------         ENDMOD        ?C?UIDIV

  -------         MODULE        ?C?IILDX
  C:07B7H         PUBLIC        ?C?IILDX
BL51 BANKED LINKER/LOCATER V5.12                                                      09/21/2022  15:33:31  PAGE 46


  -------         ENDMOD        ?C?IILDX

  -------         MODULE        ?C?ILDIX
  C:07CDH         PUBLIC        ?C?ILDIX
  -------         ENDMOD        ?C?ILDIX

  -------         MODULE        ?C?LMUL
  C:07E3H         PUBLIC        ?C?LMUL
  -------         ENDMOD        ?C?LMUL

  -------         MODULE        ?C?LNEG
  C:0832H         PUBLIC        ?C?LNEG
  -------         ENDMOD        ?C?LNEG

  -------         MODULE        ?C?SLCMP
  C:0840H         PUBLIC        ?C?SLCMP
  -------         ENDMOD        ?C?SLCMP

  -------         MODULE        ?C?ULCMP
  C:0856H         PUBLIC        ?C?ULCMP
  -------         ENDMOD        ?C?ULCMP

  -------         MODULE        ?C?ULSHR
  C:0867H         PUBLIC        ?C?ULSHR
  -------         ENDMOD        ?C?ULSHR

  -------         MODULE        ?C?LLDPTR
  C:087AH         PUBLIC        ?C?LLDPTR
  -------         ENDMOD        ?C?LLDPTR

  -------         MODULE        ?C?LLDOPTR
  C:089AH         PUBLIC        ?C?LLDOPTR
  -------         ENDMOD        ?C?LLDOPTR

  -------         MODULE        ?C?LSTOPTR
  C:08CAH         PUBLIC        ?C?LSTOPTR
  -------         ENDMOD        ?C?LSTOPTR

  -------         MODULE        ?C?LLDCODE
  C:08EEH         PUBLIC        ?C?LLDCODE
  -------         ENDMOD        ?C?LLDCODE

  -------         MODULE        ?C?LLDXDATA0
  C:08FEH         PUBLIC        ?C?LLDXDATA0
  -------         ENDMOD        ?C?LLDXDATA0

  -------         MODULE        ?C?LLDCODE0
  C:090AH         PUBLIC        ?C?LLDCODE0
  -------         ENDMOD        ?C?LLDCODE0

  -------         MODULE        ?C?LSTXDATA
  C:091AH         PUBLIC        ?C?LSTXDATA
  -------         ENDMOD        ?C?LSTXDATA

  -------         MODULE        ?C?LSTKXDATA
  C:0926H         PUBLIC        ?C?LSTKXDATA
  -------         ENDMOD        ?C?LSTKXDATA
BL51 BANKED LINKER/LOCATER V5.12                                                      09/21/2022  15:33:31  PAGE 47



  -------         MODULE        ?C?PLDIXDATA
  C:0957H         PUBLIC        ?C?PLDIXDATA
  -------         ENDMOD        ?C?PLDIXDATA

  -------         MODULE        ?C?PSTXDATA
  C:096EH         PUBLIC        ?C?PSTXDATA
  -------         ENDMOD        ?C?PSTXDATA

  -------         MODULE        ?C?CCASE
  C:0977H         PUBLIC        ?C?CCASE
  -------         ENDMOD        ?C?CCASE

  -------         MODULE        PUTCHAR
  C:4C63H         PUBLIC        _PUTCHAR
  -------         ENDMOD        PUTCHAR

  -------         MODULE        ?C?STRCPY
  C:0A69H         PUBLIC        ?C?STRCPY
  -------         ENDMOD        ?C?STRCPY

  -------         MODULE        ?C?MEMSET
  C:0A86H         PUBLIC        ?C?MEMSET
  -------         ENDMOD        ?C?MEMSET

  -------         MODULE        ?C?LLDIDATA
  C:0AB2H         PUBLIC        ?C?LLDIDATA
  -------         ENDMOD        ?C?LLDIDATA

  -------         MODULE        ?C?LLDXDATA
  C:0ABEH         PUBLIC        ?C?LLDXDATA
  -------         ENDMOD        ?C?LLDXDATA

  -------         MODULE        ?C?LLDPDATA
  C:0ACAH         PUBLIC        ?C?LLDPDATA
  -------         ENDMOD        ?C?LLDPDATA

  -------         MODULE        ?C?LSTIDATA
  C:0AD6H         PUBLIC        ?C?LSTIDATA
  -------         ENDMOD        ?C?LSTIDATA

  -------         MODULE        ?C?LSTPDATA
  C:0AE2H         PUBLIC        ?C?LSTPDATA
  -------         ENDMOD        ?C?LSTPDATA

*** WARNING L16: UNCALLED SEGMENT, IGNORED FOR OVERLAY PROCESS
    SEGMENT: ?PR?TESTEEPROM?MAIN

*** WARNING L16: UNCALLED SEGMENT, IGNORED FOR OVERLAY PROCESS
    SEGMENT: ?PR?ILCD_GLASS_DEINIT?DVR_LCD_SDI1621

*** WARNING L16: UNCALLED SEGMENT, IGNORED FOR OVERLAY PROCESS
    SEGMENT: ?PR?ILCD_GLASS_ALL_ON?DVR_LCD_SDI1621

*** WARNING L16: UNCALLED SEGMENT, IGNORED FOR OVERLAY PROCESS
    SEGMENT: ?PR?_FLASH_WRITE_U32?DATA_NVM_5219_VC_DEC09_13

BL51 BANKED LINKER/LOCATER V5.12                                                      09/21/2022  15:33:31  PAGE 48


*** WARNING L16: UNCALLED SEGMENT, IGNORED FOR OVERLAY PROCESS
    SEGMENT: ?PR?VREADPARAMSCALE?DVR_SCALE

*** WARNING L16: UNCALLED SEGMENT, IGNORED FOR OVERLAY PROCESS
    SEGMENT: ?PR?CSETZEROPOINT?DVR_SCALE

*** WARNING L16: UNCALLED SEGMENT, IGNORED FOR OVERLAY PROCESS
    SEGMENT: ?PR?_CONOFFMODETARA?DVR_SCALE

*** WARNING L16: UNCALLED SEGMENT, IGNORED FOR OVERLAY PROCESS
    SEGMENT: ?PR?VSETZERO?DVR_SCALE

*** WARNING L16: UNCALLED SEGMENT, IGNORED FOR OVERLAY PROCESS
    SEGMENT: ?PR?_VPRECONFIGURATION?DVR_SCALE

*** WARNING L16: UNCALLED SEGMENT, IGNORED FOR OVERLAY PROCESS
    SEGMENT: ?PR?_CRUN_SCALE?DVR_SCALE

*** WARNING L16: UNCALLED SEGMENT, IGNORED FOR OVERLAY PROCESS
    SEGMENT: ?PR?VCALCULATE_WEIGHT?DVR_SCALE

*** WARNING L1: UNRESOLVED EXTERNAL SYMBOL
    SYMBOL:  UGET_STATUS_VOLT
    MODULE:  dvr_scale.obj (DVR_SCALE)

*** WARNING L1: UNRESOLVED EXTERNAL SYMBOL
    SYMBOL:  VGESTORBATERIA
    MODULE:  dvr_scale.obj (DVR_SCALE)

*** WARNING L2: REFERENCE MADE TO UNRESOLVED EXTERNAL
    SYMBOL:  VGESTORBATERIA
    MODULE:  dvr_scale.obj (DVR_SCALE)
    ADDRESS: 1C53H

*** WARNING L2: REFERENCE MADE TO UNRESOLVED EXTERNAL
    SYMBOL:  UGET_STATUS_VOLT
    MODULE:  dvr_scale.obj (DVR_SCALE)
    ADDRESS: 19D9H

*** WARNING L2: REFERENCE MADE TO UNRESOLVED EXTERNAL
    SYMBOL:  VGESTORBATERIA
    MODULE:  dvr_scale.obj (DVR_SCALE)
    ADDRESS: 19E3H

Program Size: data=15.4 xdata=731 code=19941
LINK/LOCATE RUN COMPLETE.  16 WARNING(S),  0 ERROR(S)
