BL51 BANKED LINKER/LOCATER V5.12                                                        09/23/2022  10:10:06  PAGE 1


BL51 BANKED LINKER/LOCATER V5.12, INVOKED BY:
C:\KEIL\C51\BIN\BL51.EXE main.obj, dvr_lcd_SDI1621.obj, keyboard.obj, dvr_HX712.obj, data_nvm_5219_Vc_Dec09_13.obj, dvr_
>> scale.obj TO solidic_proj RAMSIZE (256)


MEMORY MODEL: LARGE WITH FLOATING POINT ARITHMETIC


INPUT MODULES INCLUDED:
  main.obj (MAIN)
  dvr_lcd_SDI1621.obj (DVR_LCD_SDI1621)
  keyboard.obj (KEYBOARD)
  dvr_HX712.obj (DVR_HX712)
  data_nvm_5219_Vc_Dec09_13.obj (DATA_NVM_5219_VC_DEC09_13)
  dvr_scale.obj (DVR_SCALE)
  C:\KEIL\C51\LIB\C51FPL.LIB (?C?FPADD)
  C:\KEIL\C51\LIB\C51FPL.LIB (?C?FPMUL)
  C:\KEIL\C51\LIB\C51FPL.LIB (?C?FPDIV)
  C:\KEIL\C51\LIB\C51FPL.LIB (?C?FPCMP)
  C:\KEIL\C51\LIB\C51FPL.LIB (?C?FCAST)
  C:\KEIL\C51\LIB\C51FPL.LIB (?C?CASTF)
  C:\KEIL\C51\LIB\C51FPL.LIB (PRINTF)
  C:\KEIL\C51\LIB\C51FPL.LIB (POW)
  C:\KEIL\C51\LIB\C51FPL.LIB (?C?FPGETOPN)
  C:\KEIL\C51\LIB\C51FPL.LIB (?C?CHKFLOAT)
  C:\KEIL\C51\LIB\C51FPL.LIB (?C?FPNEG)
  C:\KEIL\C51\LIB\C51FPL.LIB (?C?FPROUND)
  C:\KEIL\C51\LIB\C51FPL.LIB (?C?FPCONVERT)
  C:\KEIL\C51\LIB\C51FPL.LIB (EXP)
  C:\KEIL\C51\LIB\C51FPL.LIB (LOG)
  C:\KEIL\C51\LIB\C51FPL.LIB (?C?FTNPWR)
  C:\KEIL\C51\LIB\C51FPL.LIB (?C?FPSERIES)
  C:\KEIL\C51\LIB\C51L.LIB (?C_STARTUP)
  C:\KEIL\C51\LIB\C51L.LIB (?C?COPY)
  C:\KEIL\C51\LIB\C51L.LIB (?C?CLDPTR)
  C:\KEIL\C51\LIB\C51L.LIB (?C?CLDOPTR)
  C:\KEIL\C51\LIB\C51L.LIB (?C?CSTPTR)
  C:\KEIL\C51\LIB\C51L.LIB (?C?IMUL)
  C:\KEIL\C51\LIB\C51L.LIB (?C?UIDIV)
  C:\KEIL\C51\LIB\C51L.LIB (?C?IILDX)
  C:\KEIL\C51\LIB\C51L.LIB (?C?ILDIX)
  C:\KEIL\C51\LIB\C51L.LIB (?C?LMUL)
  C:\KEIL\C51\LIB\C51L.LIB (?C?LNEG)
  C:\KEIL\C51\LIB\C51L.LIB (?C?SLCMP)
  C:\KEIL\C51\LIB\C51L.LIB (?C?ULCMP)
  C:\KEIL\C51\LIB\C51L.LIB (?C?ULSHR)
  C:\KEIL\C51\LIB\C51L.LIB (?C?LLDPTR)
  C:\KEIL\C51\LIB\C51L.LIB (?C?LLDOPTR)
  C:\KEIL\C51\LIB\C51L.LIB (?C?LSTOPTR)
  C:\KEIL\C51\LIB\C51L.LIB (?C?LLDCODE)
  C:\KEIL\C51\LIB\C51L.LIB (?C?LLDXDATA0)
  C:\KEIL\C51\LIB\C51L.LIB (?C?LLDCODE0)
  C:\KEIL\C51\LIB\C51L.LIB (?C?LSTXDATA)
  C:\KEIL\C51\LIB\C51L.LIB (?C?LSTKXDATA)
  C:\KEIL\C51\LIB\C51L.LIB (?C?PLDIXDATA)
  C:\KEIL\C51\LIB\C51L.LIB (?C?PSTXDATA)
  C:\KEIL\C51\LIB\C51L.LIB (?C?CCASE)
  C:\KEIL\C51\LIB\C51L.LIB (PUTCHAR)
BL51 BANKED LINKER/LOCATER V5.12                                                      09/23/2022  10:10:06  PAGE 2


  C:\KEIL\C51\LIB\C51L.LIB (?C?STRCPY)
  C:\KEIL\C51\LIB\C51L.LIB (?C?MEMSET)
  C:\KEIL\C51\LIB\C51L.LIB (?C_INIT)
  C:\KEIL\C51\LIB\C51L.LIB (?C?LLDIDATA)
  C:\KEIL\C51\LIB\C51L.LIB (?C?LLDXDATA)
  C:\KEIL\C51\LIB\C51L.LIB (?C?LLDPDATA)
  C:\KEIL\C51\LIB\C51L.LIB (?C?LSTIDATA)
  C:\KEIL\C51\LIB\C51L.LIB (?C?LSTPDATA)


LINK MAP OF MODULE:  solidic_proj (MAIN)


            TYPE    BASE      LENGTH    RELOCATION   SEGMENT NAME
            -----------------------------------------------------

            * * * * * * *   D A T A   M E M O R Y   * * * * * * *
            REG     0000H     0008H     ABSOLUTE     "REG BANK 0"
            DATA    0008H     0005H     UNIT         _DATA_GROUP_
                    000DH     0013H                  *** GAP ***
            BIT     0020H.0   0001H.1   UNIT         _BIT_GROUP_
                    0021H.1   0000H.7                *** GAP ***
            IDATA   0022H     0001H     UNIT         ?STACK

            * * * * * * *  X D A T A   M E M O R Y  * * * * * * *
            XDATA   0000H     00C5H     UNIT         ?XD?DVR_SCALE
            XDATA   00C5H     006BH     UNIT         _XDATA_GROUP_
            XDATA   0130H     003AH     UNIT         ?XD?DVR_HX712
            XDATA   016AH     0038H     UNIT         ?XD?DVR_LCD_SDI1621
            XDATA   01A2H     002FH     UNIT         ?XD?FSLEEP_RUN?DVR_SCALE
            XDATA   01D1H     001BH     UNIT         ?XD?KEYBOARD
            XDATA   01ECH     0019H     UNIT         ?XD?_FCUENTASTOPESO?DVR_SCALE
            XDATA   0205H     0018H     UNIT         ?XD?_CONOFFMODETARA?DVR_SCALE
            XDATA   021DH     000DH     UNIT         ?XD?_FLASH_WRITE_U32?DATA_NVM_5219_VC_DEC09_13
            XDATA   022AH     000CH     UNIT         ?XD?TESTEEPROM?MAIN
            XDATA   0236H     0009H     UNIT         ?XD?_FLASH_READ_U32?DATA_NVM_5219_VC_DEC09_13
            XDATA   023FH     0008H     UNIT         ?XD?CSETZEROPOINT?DVR_SCALE
            XDATA   0247H     0008H     UNIT         ?XD?_VGETZEROTRACKING?DVR_SCALE
            XDATA   024FH     0008H     UNIT         ?XD?VWEIGHT_POSITIVE?DVR_SCALE
            XDATA   0257H     0004H     UNIT         ?XD?VSETZERO?DVR_SCALE
            XDATA   025BH     0002H     UNIT         ?XD?DATA_NVM_5219_VC_DEC09_13
            XDATA   025DH     0002H     UNIT         ?XD?_VPRECONFIGURATION?DVR_SCALE
            XDATA   025FH     0002H     UNIT         ?XD?VCALCULATE_WEIGHT?DVR_SCALE

            * * * * * * *   C O D E   M E M O R Y   * * * * * * *
            CODE    0000H     0003H     ABSOLUTE     
            CODE    0003H     0003H     UNIT         ?PR?VACTIONKEY?KEYBOARD
            CODE    0006H     0001H     UNIT         ?PR?VSCAN_KEY?KEYBOARD
            CODE    0007H     0001H     UNIT         ?PR?NOP?DATA_NVM_5219_VC_DEC09_13
                    0008H     0003H                  *** GAP ***
            CODE    000BH     0003H     ABSOLUTE     
            CODE    000EH     0AE0H     UNIT         ?C?LIB_CODE
            CODE    0AEEH     0483H     UNIT         ?PR?PRINTF?PRINTF
            CODE    0F71H     0450H     UNIT         ?PR?_FFILTER_AVERAGING?DVR_HX712
            CODE    13C1H     03FEH     UNIT         ?PR?_FCUENTASTOPESO?DVR_SCALE
            CODE    17BFH     03B2H     UNIT         ?PR?FSLEEP_RUN?DVR_SCALE
            CODE    1B71H     036CH     UNIT         ?PR?VCALIBRATE_SCALE?DVR_SCALE
BL51 BANKED LINKER/LOCATER V5.12                                                      09/23/2022  10:10:06  PAGE 3


            CODE    1EDDH     0352H     UNIT         ?PR?VWEIGHT_POSITIVE?DVR_SCALE
            CODE    222FH     0339H     UNIT         ?PR?_CONOFFMODETARA?DVR_SCALE
            CODE    2568H     02DBH     UNIT         ?PR?_FSTABLEPOINT?DVR_SCALE
            CODE    2843H     02CCH     UNIT         ?PR?_VSAVEPARAMSCALE?DVR_SCALE
            CODE    2B0FH     0295H     UNIT         ?PR?_VPRECONFIGURATION?DVR_SCALE
            CODE    2DA4H     026EH     UNIT         ?PR?_CRUN_SCALE?DVR_SCALE
            CODE    3012H     01CDH     UNIT         ?PR?VREADPARAMSCALE?DVR_SCALE
            CODE    31DFH     01A1H     UNIT         ?PR?TESTEEPROM?MAIN
            CODE    3380H     0197H     UNIT         ?PR?VCALCULATE_WEIGHT?DVR_SCALE
            CODE    3517H     018EH     UNIT         ?PR?_LCD_GLASS_STRING?DVR_LCD_SDI1621
            CODE    36A5H     018EH     UNIT         ?PR?CSETZEROPOINT?DVR_SCALE
            CODE    3833H     0184H     UNIT         ?PR?_VGETZEROTRACKING?DVR_SCALE
            CODE    39B7H     0166H     UNIT         ?PR?_POW?POW
            CODE    3B1DH     013FH     UNIT         ?PR?_CLEARTHISBUTALL?DATA_NVM_5219_VC_DEC09_13
            CODE    3C5CH     0130H     UNIT         ?PR?_FREAD_ADC?DVR_HX712
            CODE    3D8CH     0129H     UNIT         ?PR?LOG?LOG
            CODE    3EB5H     011FH     UNIT         ?PR?_LCD_GLASS_FLOAT?DVR_LCD_SDI1621
            CODE    3FD4H     0101H     UNIT         ?PR?_LCD_GLASS_SYMBOLS?DVR_LCD_SDI1621
            CODE    40D5H     00F3H     UNIT         ?PR?KEY_SCAN?KEYBOARD
            CODE    41C8H     00EBH     UNIT         ?PR?VWEIGHT_NEGATIVE?DVR_SCALE
            CODE    42B3H     00CCH     UNIT         ?CO?DVR_SCALE
            CODE    437FH     00B3H     UNIT         ?PR?_LCD_GLASS_DOT?DVR_LCD_SDI1621
            CODE    4432H     00A6H     UNIT         ?PR?_FLASH_WRITE_FLOAT32?DATA_NVM_5219_VC_DEC09_13
            CODE    44D8H     00A3H     UNIT         ?PR?_FLASH_WRITE_U32?DATA_NVM_5219_VC_DEC09_13
            CODE    457BH     00A2H     UNIT         ?PR?WRITE_LCD?DVR_LCD_SDI1621
            CODE    461DH     009EH     UNIT         ?C_INITSEG
            CODE    46BBH     009CH     UNIT         ?PR?TIMER0?MAIN
            CODE    4757H     009AH     UNIT         ?PR?EXP?EXP
            CODE    47F1H     008CH     UNIT         ?C_C51STARTUP
            CODE    487DH     008AH     UNIT         ?PR?_FLASH_WRITE_U16?DATA_NVM_5219_VC_DEC09_13
            CODE    4907H     0087H     UNIT         ?PR?READHX712?DVR_HX712
            CODE    498EH     007BH     UNIT         ?PR?_NVM_DATA_WRITE_BYTE?DATA_NVM_5219_VC_DEC09_13
            CODE    4A09H     0058H     UNIT         ?PR?LCD_GLASS_INIT?DVR_LCD_SDI1621
            CODE    4A61H     0058H     UNIT         ?PR?_E2ROM_ERASE?DATA_NVM_5219_VC_DEC09_13
            CODE    4AB9H     0046H     UNIT         ?PR?_FLASH_READ_U32?DATA_NVM_5219_VC_DEC09_13
            CODE    4AFFH     0046H     UNIT         ?PR?_FLASH_READ_FLOAT32?DATA_NVM_5219_VC_DEC09_13
            CODE    4B45H     0040H     UNIT         ?PR?_FLASH_READ_U16?DATA_NVM_5219_VC_DEC09_13
            CODE    4B85H     003DH     UNIT         ?PR?_LCD_SET_CHAR?DVR_LCD_SDI1621
            CODE    4BC2H     003CH     UNIT         ?PR?LCD_GLASS_DEINIT?DVR_LCD_SDI1621
            CODE    4BFEH     003BH     UNIT         ?PR?MAIN?MAIN
            CODE    4C39H     0030H     UNIT         ?CO?DVR_LCD_SDI1621
            CODE    4C69H     002FH     UNIT         ?PR?VSETZERO?DVR_SCALE
            CODE    4C98H     002CH     UNIT         ?CO?DVR_HX712
            CODE    4CC4H     002AH     UNIT         ?PR?LCD_GLASS_CLEAR?DVR_LCD_SDI1621
            CODE    4CEEH     002AH     UNIT         ?PR?LCD_GLASS_ALL_ON?DVR_LCD_SDI1621
            CODE    4D18H     002AH     UNIT         ?PR?_FLASH_WRITE_U8?DATA_NVM_5219_VC_DEC09_13
            CODE    4D42H     0029H     UNIT         ?PR?_DELAY_MS?KEYBOARD
            CODE    4D6BH     0027H     UNIT         ?PR?PUTCHAR?PUTCHAR
            CODE    4D92H     001DH     UNIT         ?PR?_LCD_UNIT_WRITE?DVR_LCD_SDI1621
            CODE    4DAFH     001DH     UNIT         ?PR?VSOUND_SAVED_PARAM?KEYBOARD
            CODE    4DCCH     001CH     UNIT         ?PR?INIT_PWM?MAIN
            CODE    4DE8H     001BH     UNIT         ?PR?CONVERTIDORADC?MAIN
            CODE    4E03H     001AH     UNIT         ?PR?GPIO_INIT?MAIN
            CODE    4E1DH     001AH     UNIT         ?PR?LCD_GLASS_UPDATE?DVR_LCD_SDI1621
            CODE    4E37H     0017H     UNIT         ?PR?WDT_INIT?MAIN
            CODE    4E4EH     0015H     UNIT         ?PR?INIT_INT_TIMER0?MAIN
            CODE    4E63H     0013H     UNIT         ?CO?MAIN
BL51 BANKED LINKER/LOCATER V5.12                                                      09/23/2022  10:10:06  PAGE 4


            CODE    4E76H     0012H     UNIT         ?PR?_FLASH_READ_U8?DATA_NVM_5219_VC_DEC09_13
            CODE    4E88H     0011H     UNIT         ?PR?DELAY_35U?DVR_LCD_SDI1621
            CODE    4E99H     000BH     UNIT         ?PR?VBEEP_KEY?KEYBOARD
            CODE    4EA4H     000AH     UNIT         ?PR?ADC_INIT?MAIN



OVERLAY MAP OF MODULE:   solidic_proj (MAIN)


SEGMENT                                             BIT_GROUP          DATA_GROUP          XDATA_GROUP
  +--> CALLED SEGMENT                            START    LENGTH     START    LENGTH     START    LENGTH
--------------------------------------------------------------------------------------------------------
?C_C51STARTUP                                    -----    -----      -----    -----      -----    -----
  +--> ?PR?MAIN?MAIN
  +--> ?C_INITSEG

?PR?MAIN?MAIN                                    -----    -----      -----    -----      -----    -----
  +--> ?PR?WDT_INIT?MAIN
  +--> ?PR?GPIO_INIT?MAIN
  +--> ?PR?ADC_INIT?MAIN
  +--> ?PR?INIT_PWM?MAIN
  +--> ?PR?INIT_INT_TIMER0?MAIN
  +--> ?PR?LCD_GLASS_INIT?DVR_LCD_SDI1621
  +--> ?CO?MAIN
  +--> ?PR?_LCD_GLASS_STRING?DVR_LCD_SDI1621
  +--> ?PR?VCALIBRATE_SCALE?DVR_SCALE
  +--> ?PR?KEY_SCAN?KEYBOARD

?PR?LCD_GLASS_INIT?DVR_LCD_SDI1621               -----    -----      -----    -----      -----    -----
  +--> ?PR?DELAY_35U?DVR_LCD_SDI1621
  +--> ?PR?WRITE_LCD?DVR_LCD_SDI1621

?PR?WRITE_LCD?DVR_LCD_SDI1621                    -----    -----      -----    -----      00FFH    0012H
  +--> ?PR?DELAY_35U?DVR_LCD_SDI1621
  +--> ?PR?_LCD_UNIT_WRITE?DVR_LCD_SDI1621

?PR?_LCD_UNIT_WRITE?DVR_LCD_SDI1621              -----    -----      -----    -----      -----    -----
  +--> ?PR?DELAY_35U?DVR_LCD_SDI1621

?PR?_LCD_GLASS_STRING?DVR_LCD_SDI1621            -----    -----      -----    -----      00FAH    0005H
  +--> ?PR?_LCD_SET_CHAR?DVR_LCD_SDI1621
  +--> ?PR?LCD_GLASS_UPDATE?DVR_LCD_SDI1621

?PR?LCD_GLASS_UPDATE?DVR_LCD_SDI1621             -----    -----      -----    -----      -----    -----
  +--> ?PR?WRITE_LCD?DVR_LCD_SDI1621

?PR?VCALIBRATE_SCALE?DVR_SCALE                   -----    -----      -----    -----      00C5H    0010H
  +--> ?PR?_VSAVEPARAMSCALE?DVR_SCALE
  +--> ?PR?LCD_GLASS_CLEAR?DVR_LCD_SDI1621
  +--> ?CO?DVR_SCALE
  +--> ?PR?_LCD_GLASS_STRING?DVR_LCD_SDI1621
  +--> ?PR?KEY_SCAN?KEYBOARD
  +--> ?PR?_DELAY_MS?KEYBOARD
  +--> ?PR?_FSTABLEPOINT?DVR_SCALE
  +--> ?PR?_LCD_GLASS_FLOAT?DVR_LCD_SDI1621
  +--> ?PR?_POW?POW
BL51 BANKED LINKER/LOCATER V5.12                                                      09/23/2022  10:10:06  PAGE 5


  +--> ?PR?_LCD_GLASS_DOT?DVR_LCD_SDI1621
  +--> ?PR?VSOUND_SAVED_PARAM?KEYBOARD

?PR?_VSAVEPARAMSCALE?DVR_SCALE                   -----    -----      -----    -----      -----    -----
  +--> ?PR?_FLASH_WRITE_U8?DATA_NVM_5219_VC_...
  +--> ?PR?_FLASH_WRITE_FLOAT32?DATA_NVM_521...
  +--> ?PR?_FLASH_WRITE_U16?DATA_NVM_5219_VC...

?PR?_FLASH_WRITE_U8?DATA_NVM_5219_VC_...         -----    -----      -----    -----      00D5H    0003H
  +--> ?PR?_FLASH_READ_U8?DATA_NVM_5219_VC_D...
  +--> ?PR?_CLEARTHISBUTALL?DATA_NVM_5219_VC...
  +--> ?PR?_NVM_DATA_WRITE_BYTE?DATA_NVM_521...

?PR?_CLEARTHISBUTALL?DATA_NVM_5219_VC...         -----    -----      -----    -----      00E2H    0009H
  +--> ?PR?_FLASH_READ_U8?DATA_NVM_5219_VC_D...
  +--> ?PR?_E2ROM_ERASE?DATA_NVM_5219_VC_DEC...
  +--> ?PR?_NVM_DATA_WRITE_BYTE?DATA_NVM_521...

?PR?_E2ROM_ERASE?DATA_NVM_5219_VC_DEC...         0020H.0  0000H.1    -----    -----      00EBH    0003H
  +--> ?PR?NOP?DATA_NVM_5219_VC_DEC09_13

?PR?_NVM_DATA_WRITE_BYTE?DATA_NVM_521...         0020H.0  0000H.1    -----    -----      00EBH    0003H
  +--> ?PR?NOP?DATA_NVM_5219_VC_DEC09_13

?PR?_FLASH_WRITE_FLOAT32?DATA_NVM_521...         -----    -----      -----    -----      00D5H    000DH
  +--> ?PR?_FLASH_READ_FLOAT32?DATA_NVM_5219...
  +--> ?PR?_CLEARTHISBUTALL?DATA_NVM_5219_VC...
  +--> ?PR?_NVM_DATA_WRITE_BYTE?DATA_NVM_521...

?PR?_FLASH_READ_FLOAT32?DATA_NVM_5219...         -----    -----      -----    -----      00E2H    0009H
  +--> ?PR?_FLASH_READ_U8?DATA_NVM_5219_VC_D...

?PR?_FLASH_WRITE_U16?DATA_NVM_5219_VC...         -----    -----      -----    -----      00D5H    0009H
  +--> ?PR?_FLASH_READ_U16?DATA_NVM_5219_VC_...
  +--> ?PR?_CLEARTHISBUTALL?DATA_NVM_5219_VC...
  +--> ?PR?_NVM_DATA_WRITE_BYTE?DATA_NVM_521...

?PR?_FLASH_READ_U16?DATA_NVM_5219_VC_...         -----    -----      -----    -----      00DEH    0007H
  +--> ?PR?_FLASH_READ_U8?DATA_NVM_5219_VC_D...

?PR?LCD_GLASS_CLEAR?DVR_LCD_SDI1621              -----    -----      -----    -----      -----    -----
  +--> ?PR?WRITE_LCD?DVR_LCD_SDI1621

?PR?KEY_SCAN?KEYBOARD                            -----    -----      -----    -----      00D5H    0001H
  +--> ?PR?_DELAY_MS?KEYBOARD
  +--> ?PR?VBEEP_KEY?KEYBOARD

?PR?_FSTABLEPOINT?DVR_SCALE                      -----    -----      -----    -----      00D5H    0017H
  +--> ?PR?_FREAD_ADC?DVR_HX712
  +--> ?PR?VACTIONKEY?KEYBOARD
  +--> ?CO?DVR_SCALE
  +--> ?PR?_LCD_GLASS_STRING?DVR_LCD_SDI1621
  +--> ?PR?_LCD_GLASS_FLOAT?DVR_LCD_SDI1621
  +--> ?PR?LCD_GLASS_CLEAR?DVR_LCD_SDI1621
  +--> ?PR?_DELAY_MS?KEYBOARD

?PR?_FREAD_ADC?DVR_HX712                         -----    -----      -----    -----      00ECH    0005H
BL51 BANKED LINKER/LOCATER V5.12                                                      09/23/2022  10:10:06  PAGE 6


  +--> ?PR?_DELAY_MS?KEYBOARD
  +--> ?PR?READHX712?DVR_HX712
  +--> ?PR?_FFILTER_AVERAGING?DVR_HX712

?PR?READHX712?DVR_HX712                          -----    -----      -----    -----      00F1H    0007H
  +--> ?CO?DVR_HX712

?PR?_FFILTER_AVERAGING?DVR_HX712                 -----    -----      -----    -----      00F1H    003FH
  +--> ?CO?DVR_HX712

?PR?_LCD_GLASS_FLOAT?DVR_LCD_SDI1621             -----    -----      -----    -----      00ECH    000EH
  +--> ?CO?DVR_LCD_SDI1621
  +--> ?PR?PRINTF?PRINTF
  +--> ?PR?_LCD_GLASS_STRING?DVR_LCD_SDI1621

?PR?PRINTF?PRINTF                                0020H.0  0001H.1    0008H    0005H      00FAH    0030H
  +--> ?PR?PUTCHAR?PUTCHAR

?PR?_POW?POW                                     -----    -----      -----    -----      00D5H    000AH
  +--> ?PR?LOG?LOG
  +--> ?PR?EXP?EXP

?PR?LOG?LOG                                      0020H.0  0000H.1    -----    -----      00DFH    0004H

?PR?_LCD_GLASS_DOT?DVR_LCD_SDI1621               -----    -----      -----    -----      -----    -----
  +--> ?PR?LCD_GLASS_UPDATE?DVR_LCD_SDI1621

?PR?VSOUND_SAVED_PARAM?KEYBOARD                  -----    -----      -----    -----      00D5H    0001H
  +--> ?PR?VBEEP_KEY?KEYBOARD
  +--> ?PR?_DELAY_MS?KEYBOARD



UNRESOLVED EXTERNAL SYMBOLS:
   UGET_STATUS_VOLT
   VGESTORBATERIA



SYMBOL TABLE OF MODULE:  solidic_proj (MAIN)

  VALUE           TYPE          NAME
  ----------------------------------

  -------         MODULE        MAIN
  C:0000H         SYMBOL        _ICE_DUMMY_
  D:0094H         PUBLIC        P1M0
  D:0093H         PUBLIC        P0M1
  D:0096H         PUBLIC        P2M0
  D:0095H         PUBLIC        P1M1
  D:0080H         PUBLIC        P0
  C:4DE8H         PUBLIC        convertidorADC
  D:0097H         PUBLIC        P2M1
  D:0090H         PUBLIC        P1
  D:00A0H         PUBLIC        P2
  D:00ACH         PUBLIC        SARDATA
  D:00B0H         PUBLIC        P3
BL51 BANKED LINKER/LOCATER V5.12                                                      09/23/2022  10:10:06  PAGE 7


  B:00A8H.7       PUBLIC        EA
  D:00A8H         PUBLIC        IE
  D:00AAH         PUBLIC        WD_TA
  C:4E4EH         PUBLIC        init_int_timer0
  D:00B8H         PUBLIC        IP
  D:009CH         PUBLIC        PWM0
  D:009DH         PUBLIC        PWM1
  C:4BFEH         PUBLIC        main
  D:0098H         PUBLIC        SCON
  D:0089H         PUBLIC        TMOD
  D:0088H         PUBLIC        TCON
  C:4EA4H         PUBLIC        adc_init
  C:4E03H         PUBLIC        gpio_init
  D:00ABH         PUBLIC        SARCON
  D:008CH         PUBLIC        TH0
  D:008AH         PUBLIC        TL0
  C:46BBH         SYMBOL        timer0
  D:009EH         PUBLIC        PWMCON
  D:009AH         PUBLIC        PWMF_H
  C:4E37H         PUBLIC        wdt_init
  D:009BH         PUBLIC        PWMF_L
  D:00C8H         PUBLIC        T2CON
  C:4DCCH         PUBLIC        init_pwm
  C:31DFH         PUBLIC        TestEEPROM
  D:008EH         PUBLIC        CKCON
  D:00D0H         PUBLIC        PSW
  D:00A9H         PUBLIC        WDCON
  D:0092H         PUBLIC        P0M0
  -------         PROC          MAIN
  C:4BFEH         LINE#         24
  C:4BFEH         LINE#         25
  C:4BFEH         LINE#         28
  C:4C01H         LINE#         29
  C:4C04H         LINE#         30
  C:4C07H         LINE#         31
  C:4C0AH         LINE#         36
  C:4C0DH         LINE#         38
  C:4C10H         LINE#         39
  C:4C1BH         LINE#         40
  C:4C26H         LINE#         41
  C:4C31H         LINE#         45
  C:4C34H         LINE#         48
  C:4C34H         LINE#         49
  C:4C37H         LINE#         81
  -------         ENDPROC       MAIN
  -------         PROC          INIT_PWM
  C:4DCCH         LINE#         85
  C:4DCCH         LINE#         87
  C:4DCFH         LINE#         88
  C:4DD2H         LINE#         91
  C:4DD5H         LINE#         92
  C:4DD8H         LINE#         94
  C:4DDBH         LINE#         95
  C:4DDEH         LINE#         96
  C:4DE1H         LINE#         97
  C:4DE4H         LINE#         98
  C:4DE7H         LINE#         101
BL51 BANKED LINKER/LOCATER V5.12                                                      09/23/2022  10:10:06  PAGE 8


  -------         ENDPROC       INIT_PWM
  -------         PROC          WDT_INIT
  C:4E37H         LINE#         103
  C:4E37H         LINE#         104
  C:4E39H         LINE#         105
  C:4E3CH         LINE#         106
  C:4E3FH         LINE#         107
  C:4E42H         LINE#         108
  C:4E44H         LINE#         109
  C:4E4DH         LINE#         110
  -------         ENDPROC       WDT_INIT
  -------         PROC          GPIO_INIT
  C:4E03H         LINE#         112
  C:4E03H         LINE#         113
  C:4E03H         LINE#         114
  C:4E06H         LINE#         115
  C:4E09H         LINE#         116
  C:4E0CH         LINE#         118
  C:4E0FH         LINE#         119
  C:4E12H         LINE#         120
  C:4E15H         LINE#         121
  C:4E17H         LINE#         122
  C:4E1AH         LINE#         123
  C:4E1CH         LINE#         124
  -------         ENDPROC       GPIO_INIT
  -------         PROC          ADC_INIT
  C:4EA4H         LINE#         126
  C:4EA4H         LINE#         127
  C:4EA4H         LINE#         129
  C:4EA7H         LINE#         130
  C:4EAAH         LINE#         132
  C:4EADH         LINE#         133
  -------         ENDPROC       ADC_INIT
  -------         PROC          INIT_INT_TIMER0
  C:4E4EH         LINE#         135
  C:4E4EH         LINE#         136
  C:4E4EH         LINE#         138
  C:4E51H         LINE#         139
  C:4E54H         LINE#         141
  C:4E57H         LINE#         142
  C:4E59H         LINE#         143
  C:4E5CH         LINE#         144
  C:4E5FH         LINE#         146
  C:4E62H         LINE#         147
  -------         ENDPROC       INIT_INT_TIMER0
  -------         PROC          CONVERTIDORADC
  -------         DO            
  D:0006H         SYMBOL        v
  -------         ENDDO         
  C:4DE8H         LINE#         149
  C:4DE8H         LINE#         151
  C:4DEBH         LINE#         152
  C:4DEEH         LINE#         153
  C:4DF3H         LINE#         154
  C:4DF3H         LINE#         155
  C:4DF6H         LINE#         156
  C:4DFBH         LINE#         157
BL51 BANKED LINKER/LOCATER V5.12                                                      09/23/2022  10:10:06  PAGE 9


  C:4DFBH         LINE#         158
  C:4DFBH         LINE#         159
  C:4DFBH         LINE#         160
  C:4DFFH         LINE#         161
  C:4E02H         LINE#         162
  C:4E02H         LINE#         164
  -------         ENDPROC       CONVERTIDORADC
  -------         PROC          TIMER0
  C:46BBH         LINE#         167
  C:46CAH         LINE#         171
  C:46D0H         LINE#         172
  C:46D9H         LINE#         174
  C:46DFH         LINE#         175
  C:46E2H         LINE#         176
  C:46E2H         LINE#         188
  C:46E8H         LINE#         195
  C:46EFH         LINE#         196
  C:46F1H         LINE#         197
  C:46F4H         LINE#         198
  C:46F4H         LINE#         199
  C:4705H         LINE#         200
  C:4711H         LINE#         201
  C:4713H         LINE#         202
  C:4718H         LINE#         203
  C:471BH         LINE#         204
  C:471EH         LINE#         206
  C:471EH         LINE#         207
  C:471EH         LINE#         218
  C:4736H         LINE#         219
  C:4741H         LINE#         222
  C:4744H         LINE#         223
  C:4747H         LINE#         224
  C:474AH         LINE#         226
  -------         ENDPROC       TIMER0
  -------         PROC          TESTEEPROM
  -------         DO            
  X:022AH         SYMBOL        addr
  X:022CH         SYMBOL        val
  X:0230H         SYMBOL        i
  X:0234H         SYMBOL        x
  -------         ENDDO         
  C:31DFH         LINE#         229
  C:31DFH         LINE#         230
  C:31DFH         LINE#         231
  C:31E8H         LINE#         233
  C:31F2H         LINE#         235
  C:31F9H         LINE#         237
  C:31FFH         LINE#         238
  C:3205H         LINE#         242
  C:3222H         LINE#         243
  C:323AH         LINE#         244
  C:3270H         LINE#         246
  C:329CH         LINE#         247
  C:32B6H         LINE#         249
  C:32DCH         LINE#         250
  C:32F6H         LINE#         252
  C:3322H         LINE#         253
BL51 BANKED LINKER/LOCATER V5.12                                                      09/23/2022  10:10:06  PAGE 10


  C:333BH         LINE#         255
  C:3359H         LINE#         256
  C:3360H         LINE#         257
  C:3374H         LINE#         258
  C:3374H         LINE#         260
  C:3379H         LINE#         261
  C:337DH         LINE#         262
  -------         ENDPROC       TESTEEPROM
  -------         ENDMOD        MAIN

  -------         MODULE        DVR_LCD_SDI1621
  C:0000H         SYMBOL        _ICE_DUMMY_
  D:0090H         PUBLIC        P1
  D:00A0H         PUBLIC        P2
  D:00B0H         PUBLIC        P3
  X:016AH         PUBLIC        cNumber_LCD
  D:00A8H         PUBLIC        IE
  C:437FH         PUBLIC        _LCD_GLASS_Dot
  D:00B8H         PUBLIC        IP
  C:4A09H         PUBLIC        LCD_GLASS_Init
  D:0098H         PUBLIC        SCON
  D:0088H         PUBLIC        TCON
  C:4592H         PUBLIC        write_lcd
  C:4D92H         PUBLIC        _lcd_unit_write
  C:4CEEH         PUBLIC        LCD_GLASS_All_On
  C:4E91H         PUBLIC        delay_35u
  C:4BC2H         PUBLIC        LCD_GLASS_DeInit
  X:0174H         PUBLIC        Display
  X:0186H         PUBLIC        cABC_LCD
  C:3FD4H         PUBLIC        _LCD_GLASS_Symbols
  C:4B90H         PUBLIC        _LCD_SET_Char
  D:00C8H         PUBLIC        T2CON
  C:3EB5H         PUBLIC        _LCD_GLASS_Float
  C:3517H         PUBLIC        _LCD_GLASS_String
  C:4E1DH         PUBLIC        LCD_GLASS_Update
  C:4CC4H         PUBLIC        LCD_GLASS_Clear
  D:00D0H         PUBLIC        PSW
  C:4E88H         SYMBOL        L?0157
  C:4E8BH         SYMBOL        L?0158
  -------         PROC          L?0156
  -------         ENDPROC       L?0156
  C:4E88H         SYMBOL        L?0157
  C:4E8BH         SYMBOL        L?0158
  -------         PROC          DELAY_35U
  -------         DO            
  D:0007H         SYMBOL        j
  -------         ENDDO         
  C:4E91H         LINE#         135
  C:4E91H         LINE#         137
  C:4E98H         LINE#         138
  -------         ENDPROC       DELAY_35U
  -------         PROC          _LCD_UNIT_WRITE
  D:0006H         SYMBOL        d
  -------         DO            
  D:0005H         SYMBOL        i
  -------         ENDDO         
  C:4D92H         LINE#         143
BL51 BANKED LINKER/LOCATER V5.12                                                      09/23/2022  10:10:06  PAGE 11


  C:4D94H         LINE#         145
  C:4D96H         LINE#         146
  C:4D9FH         LINE#         147
  C:4DA2H         LINE#         148
  C:4DA2H         LINE#         149
  C:4DA2H         LINE#         150
  C:4DA2H         LINE#         151
  C:4DA5H         LINE#         152
  C:4DA9H         LINE#         153
  C:4DAEH         LINE#         154
  -------         ENDPROC       _LCD_UNIT_WRITE
  -------         PROC          LCD_GLASS_INIT
  C:4A09H         LINE#         158
  C:4A09H         LINE#         159
  C:4A0CH         LINE#         160
  C:4A0FH         LINE#         161
  C:4A12H         LINE#         162
  C:4A15H         LINE#         163
  C:4A18H         LINE#         165
  C:4A1DH         LINE#         167
  C:4A20H         LINE#         168
  C:4A25H         LINE#         170
  C:4A27H         LINE#         171
  C:4A2AH         LINE#         173
  C:4A2CH         LINE#         174
  C:4A2FH         LINE#         176
  C:4A34H         LINE#         177
  C:4A37H         LINE#         179
  C:4A3DH         LINE#         182
  C:4A4BH         LINE#         183
  -------         ENDPROC       LCD_GLASS_INIT
  C:457EH         SYMBOL        L?0153
  C:457FH         SYMBOL        L?0154
  C:4583H         SYMBOL        L?0155
  -------         PROC          L?0152
  -------         ENDPROC       L?0152
  C:457EH         SYMBOL        L?0153
  C:457FH         SYMBOL        L?0154
  C:4583H         SYMBOL        L?0155
  -------         PROC          WRITE_LCD
  X:00FFH         SYMBOL        Display
  -------         DO            
  D:0004H         SYMBOL        i
  D:0006H         SYMBOL        addr
  -------         ENDDO         
  C:4592H         LINE#         195
  C:4592H         LINE#         196
  C:4594H         LINE#         197
  C:4595H         LINE#         213
  C:4598H         LINE#         214
  C:459BH         LINE#         215
  C:459EH         LINE#         216
  C:45A1H         LINE#         217
  C:45A4H         LINE#         218
  C:45A7H         LINE#         219
  C:45A7H         LINE#         220
  C:45A7H         LINE#         221
BL51 BANKED LINKER/LOCATER V5.12                                                      09/23/2022  10:10:06  PAGE 12


  C:45A7H         LINE#         222
  C:45AAH         LINE#         223
  C:45ADH         LINE#         224
  C:45ADH         LINE#         225
  C:45ADH         LINE#         226
  C:45ADH         LINE#         227
  C:45B0H         LINE#         228
  C:45B6H         LINE#         229
  C:45BBH         LINE#         231
  C:45BEH         LINE#         232
  C:45BEH         LINE#         233
  C:45BEH         LINE#         234
  C:45BEH         LINE#         235
  C:45C1H         LINE#         237
  C:45C7H         LINE#         238
  C:45CDH         LINE#         239
  C:45CDH         LINE#         240
  C:45CDH         LINE#         241
  C:45CDH         LINE#         242
  C:45D0H         LINE#         243
  C:45D2H         LINE#         245
  C:45D2H         LINE#         246
  C:45D4H         LINE#         247
  C:45D5H         LINE#         248
  C:45D8H         LINE#         249
  C:45DCH         LINE#         250
  C:45E1H         LINE#         252
  C:45E4H         LINE#         253
  C:45E4H         LINE#         254
  C:45E4H         LINE#         255
  C:45E7H         LINE#         256
  C:45EBH         LINE#         257
  C:45F0H         LINE#         258
  C:45F2H         LINE#         259
  C:4611H         LINE#         260
  C:4611H         LINE#         261
  C:4614H         LINE#         262
  C:4617H         LINE#         263
  C:461AH         LINE#         264
  -------         ENDPROC       WRITE_LCD
  -------         PROC          LCD_GLASS_DEINIT
  C:4BC2H         LINE#         271
  C:4BC2H         LINE#         272
  C:4BC8H         LINE#         276
  C:4BD6H         LINE#         277
  C:4BD9H         LINE#         279
  C:4BDEH         LINE#         281
  C:4BE1H         LINE#         282
  C:4BE4H         LINE#         284
  C:4BE9H         LINE#         285
  -------         ENDPROC       LCD_GLASS_DEINIT
  -------         PROC          LCD_GLASS_CLEAR
  C:4CC4H         LINE#         291
  C:4CC4H         LINE#         292
  C:4CCAH         LINE#         293
  C:4CD8H         LINE#         294
  -------         ENDPROC       LCD_GLASS_CLEAR
BL51 BANKED LINKER/LOCATER V5.12                                                      09/23/2022  10:10:06  PAGE 13


  -------         PROC          LCD_GLASS_ALL_ON
  C:4CEEH         LINE#         299
  C:4CEEH         LINE#         300
  C:4CF4H         LINE#         301
  C:4D02H         LINE#         302
  -------         ENDPROC       LCD_GLASS_ALL_ON
  -------         PROC          L?0159
  -------         ENDPROC       L?0159
  -------         PROC          _LCD_SET_CHAR
  D:0007H         SYMBOL        cCaracter
  D:0005H         SYMBOL        cPosition_On_LCD
  D:0003H         SYMBOL        cPosition_Text
  -------         DO            
  D:0006H         SYMBOL        i
  -------         ENDDO         
  C:4B90H         LINE#         307
  C:4B90H         LINE#         308
  C:4B90H         LINE#         309
  C:4B92H         LINE#         311
  C:4B96H         LINE#         312
  C:4B9CH         LINE#         313
  C:4BA1H         LINE#         319
  C:4BA7H         LINE#         320
  C:4BB4H         LINE#         321
  C:4BC1H         LINE#         323
  -------         ENDPROC       _LCD_SET_CHAR
  -------         PROC          _LCD_GLASS_DOT
  D:0004H         SYMBOL        iNumber_Dot
  D:0005H         SYMBOL        cPosition_On_LCD
  D:0003H         SYMBOL        cFLag_On
  C:437FH         LINE#         326
  C:4381H         LINE#         328
  C:4391H         LINE#         329
  C:4391H         LINE#         330
  C:4395H         LINE#         331
  C:439CH         LINE#         332
  C:43A2H         LINE#         334
  C:43A6H         LINE#         335
  C:43A6H         LINE#         336
  C:43AAH         LINE#         337
  C:43B1H         LINE#         338
  C:43B7H         LINE#         340
  C:43BBH         LINE#         342
  C:43BBH         LINE#         343
  C:43C0H         LINE#         344
  C:43C7H         LINE#         345
  C:43C9H         LINE#         347
  C:43C9H         LINE#         348
  C:43C9H         LINE#         349
  C:43CBH         LINE#         350
  C:43CBH         LINE#         352
  C:43CFH         LINE#         353
  C:43D6H         LINE#         354
  C:43DCH         LINE#         356
  C:43E0H         LINE#         357
  C:43E0H         LINE#         359
  C:43E4H         LINE#         360
BL51 BANKED LINKER/LOCATER V5.12                                                      09/23/2022  10:10:06  PAGE 14


  C:43EBH         LINE#         361
  C:43F1H         LINE#         363
  C:43F5H         LINE#         364
  C:43F5H         LINE#         365
  C:43FAH         LINE#         366
  C:4401H         LINE#         367
  C:4403H         LINE#         369
  C:4403H         LINE#         370
  C:4403H         LINE#         371
  C:4405H         LINE#         373
  C:4405H         LINE#         374
  C:4409H         LINE#         375
  C:4410H         LINE#         376
  C:4416H         LINE#         378
  C:441AH         LINE#         379
  C:441AH         LINE#         380
  C:441EH         LINE#         381
  C:4425H         LINE#         382
  C:442BH         LINE#         384
  C:442FH         LINE#         385
  C:442FH         LINE#         386
  C:442FH         LINE#         387
  C:442FH         LINE#         389
  -------         ENDPROC       _LCD_GLASS_DOT
  -------         PROC          _LCD_GLASS_SYMBOLS
  D:0007H         SYMBOL        cSymbol
  D:0005H         SYMBOL        cFlag_On
  C:3FD4H         LINE#         393
  C:3FD4H         LINE#         397
  C:4008H         LINE#         400
  C:4008H         LINE#         401
  C:400FH         LINE#         402
  C:4012H         LINE#         404
  C:4012H         LINE#         405
  C:4015H         LINE#         406
  C:4015H         LINE#         407
  C:401CH         LINE#         408
  C:401EH         LINE#         410
  C:401EH         LINE#         411
  C:4021H         LINE#         412
  C:4021H         LINE#         413
  C:4028H         LINE#         414
  C:402AH         LINE#         416
  C:402AH         LINE#         417
  C:402DH         LINE#         418
  C:402DH         LINE#         419
  C:4034H         LINE#         420
  C:4036H         LINE#         422
  C:4036H         LINE#         423
  C:4039H         LINE#         424
  C:4039H         LINE#         425
  C:4040H         LINE#         426
  C:4042H         LINE#         428
  C:4042H         LINE#         429
  C:4045H         LINE#         459
  C:4045H         LINE#         460
  C:404CH         LINE#         461
BL51 BANKED LINKER/LOCATER V5.12                                                      09/23/2022  10:10:06  PAGE 15


  C:404EH         LINE#         463
  C:404EH         LINE#         464
  C:4050H         LINE#         468
  C:4050H         LINE#         469
  C:4057H         LINE#         470
  C:4059H         LINE#         472
  C:4059H         LINE#         473
  C:405BH         LINE#         475
  C:405BH         LINE#         476
  C:4062H         LINE#         477
  C:4064H         LINE#         479
  C:4064H         LINE#         480
  C:4066H         LINE#         484
  C:4066H         LINE#         485
  C:406EH         LINE#         487
  C:4072H         LINE#         488
  C:4079H         LINE#         489
  C:4080H         LINE#         490
  C:4087H         LINE#         496
  C:408EH         LINE#         497
  C:4095H         LINE#         498
  C:409CH         LINE#         500
  C:409EH         LINE#         501
  C:409EH         LINE#         503
  C:40A2H         LINE#         504
  C:40A9H         LINE#         505
  C:40B0H         LINE#         506
  C:40B7H         LINE#         512
  C:40BEH         LINE#         513
  C:40C5H         LINE#         514
  C:40CCH         LINE#         515
  C:40CCH         LINE#         518
  C:40CCH         LINE#         520
  C:40CCH         LINE#         529
  C:40D2H         LINE#         532
  -------         ENDPROC       _LCD_GLASS_SYMBOLS
  -------         PROC          _LCD_GLASS_FLOAT
  X:00ECH         SYMBOL        fNumber_To_LCD
  X:00F0H         SYMBOL        iNumber_Decimal
  X:00F1H         SYMBOL        cPosition_On_LCD
  -------         DO            
  X:00F2H         SYMBOL        strText_LCD
  -------         ENDDO         
  C:3EB5H         LINE#         546
  C:3EBBH         LINE#         549
  C:3EC1H         LINE#         550
  C:3EC8H         LINE#         551
  C:3ED2H         LINE#         552
  C:3ED4H         LINE#         553
  C:3EFCH         LINE#         555
  C:3EFCH         LINE#         556
  C:3F04H         LINE#         557
  C:3F0BH         LINE#         559
  C:3F16H         LINE#         560
  C:3F18H         LINE#         561
  C:3F40H         LINE#         563
  C:3F40H         LINE#         564
BL51 BANKED LINKER/LOCATER V5.12                                                      09/23/2022  10:10:06  PAGE 16


  C:3F48H         LINE#         565
  C:3F4FH         LINE#         566
  C:3F59H         LINE#         567
  C:3F5BH         LINE#         568
  C:3F83H         LINE#         570
  C:3F83H         LINE#         571
  C:3F8BH         LINE#         572
  C:3F92H         LINE#         573
  C:3F9CH         LINE#         574
  C:3F9EH         LINE#         575
  C:3FC6H         LINE#         577
  C:3FC6H         LINE#         580
  -------         ENDPROC       _LCD_GLASS_FLOAT
  -------         PROC          _LCD_GLASS_STRING
  X:00FAH         SYMBOL        pCaracter
  D:0004H         SYMBOL        cPosition_On_LCD
  -------         DO            
  X:00FDH         SYMBOL        iIndex_Text
  X:00FEH         SYMBOL        iPosicion_Decimal
  -------         ENDDO         
  C:3517H         LINE#         593
  C:3524H         LINE#         594
  C:3528H         LINE#         595
  C:352BH         LINE#         609
  C:353AH         LINE#         610
  C:353EH         LINE#         612
  C:3545H         LINE#         614
  C:354FH         LINE#         615
  C:3564H         LINE#         617
  C:3578H         LINE#         619
  C:3583H         LINE#         620
  C:3590H         LINE#         621
  C:3590H         LINE#         623
  C:35A1H         LINE#         624
  C:35A7H         LINE#         625
  C:35A7H         LINE#         627
  C:35B8H         LINE#         628
  C:35C4H         LINE#         629
  C:35CAH         LINE#         630
  C:35CAH         LINE#         632
  C:35E4H         LINE#         633
  C:35FAH         LINE#         634
  C:3600H         LINE#         635
  C:3600H         LINE#         637
  C:3612H         LINE#         642
  C:3617H         LINE#         644
  C:361FH         LINE#         645
  C:3626H         LINE#         647
  C:362AH         LINE#         648
  C:3631H         LINE#         649
  C:3638H         LINE#         650
  C:363FH         LINE#         651
  C:363FH         LINE#         652
  C:3644H         LINE#         653
  C:364CH         LINE#         654
  C:3653H         LINE#         655
  C:3657H         LINE#         656
BL51 BANKED LINKER/LOCATER V5.12                                                      09/23/2022  10:10:06  PAGE 17


  C:365EH         LINE#         657
  C:3665H         LINE#         658
  C:366CH         LINE#         659
  C:366CH         LINE#         660
  C:366FH         LINE#         662
  C:3677H         LINE#         663
  C:367EH         LINE#         664
  C:3682H         LINE#         665
  C:3689H         LINE#         672
  C:3689H         LINE#         673
  C:3689H         LINE#         674
  C:368FH         LINE#         675
  C:3699H         LINE#         676
  C:369CH         LINE#         678
  C:36A2H         LINE#         681
  -------         ENDPROC       _LCD_GLASS_STRING
  -------         PROC          LCD_GLASS_UPDATE
  C:4E1DH         LINE#         684
  C:4E1DH         LINE#         686
  C:4E23H         LINE#         694
  -------         ENDPROC       LCD_GLASS_UPDATE
  -------         ENDMOD        DVR_LCD_SDI1621

  -------         MODULE        KEYBOARD
  C:0000H         SYMBOL        _ICE_DUMMY_
  C:4E99H         PUBLIC        vBeep_Key
  D:0080H         PUBLIC        P0
  D:0090H         PUBLIC        P1
  D:00A0H         PUBLIC        P2
  D:00B0H         PUBLIC        P3
  C:0003H         PUBLIC        vActionKey
  C:0006H         PUBLIC        vScan_Key
  D:00A8H         PUBLIC        IE
  D:00AAH         PUBLIC        WD_TA
  D:00B8H         PUBLIC        IP
  X:01D1H         PUBLIC        Key
  C:4DAFH         PUBLIC        vSound_Saved_Param
  X:01D2H         PUBLIC        KeyState
  C:4D42H         PUBLIC        _delay_ms
  D:0098H         PUBLIC        SCON
  D:0088H         PUBLIC        TCON
  B:0080H.1       PUBLIC        KEY_D0
  B:0080H.0       PUBLIC        KEY_D1
  B:0090H.0       PUBLIC        KEY_D2
  X:01D3H         PUBLIC        LastKey
  B:0090H.1       PUBLIC        KEY_D3
  B:0090H.2       PUBLIC        KEY_D4
  B:0080H.2       PUBLIC        KEY_K0
  B:00A0H.4       PUBLIC        KEY_K1
  B:00A0H.0       PUBLIC        KEY_K2
  B:0090H.6       PUBLIC        KEY_K3
  C:40D5H         PUBLIC        key_scan
  X:01D4H         PUBLIC        strTimer
  D:00C8H         PUBLIC        T2CON
  D:00D0H         PUBLIC        PSW
  D:00A9H         PUBLIC        WDCON
  -------         PROC          KEY_SCAN
BL51 BANKED LINKER/LOCATER V5.12                                                      09/23/2022  10:10:06  PAGE 18


  -------         DO            
  X:00D5H         SYMBOL        k
  -------         ENDDO         
  C:40D5H         LINE#         37
  C:40D5H         LINE#         38
  C:40DAH         LINE#         39
  C:40DEH         LINE#         41
  C:40ECH         LINE#         42
  C:40EEH         LINE#         43
  C:40F0H         LINE#         44
  C:40F2H         LINE#         45
  C:40F4H         LINE#         46
  C:40F6H         LINE#         47
  C:40FBH         LINE#         48
  C:4101H         LINE#         49
  C:4107H         LINE#         50
  C:410DH         LINE#         51
  C:4113H         LINE#         52
  C:411AH         LINE#         53
  C:412AH         LINE#         54
  C:413BH         LINE#         55
  C:414CH         LINE#         56
  C:415DH         LINE#         57
  C:4166H         LINE#         59
  C:4173H         LINE#         60
  C:4177H         LINE#         61
  C:4184H         LINE#         62
  C:4188H         LINE#         63
  C:4196H         LINE#         64
  C:419AH         LINE#         65
  C:41A8H         LINE#         66
  C:41AAH         LINE#         67
  C:41AAH         LINE#         68
  C:41B2H         LINE#         69
  C:41BEH         LINE#         70
  C:41C7H         LINE#         71
  -------         ENDPROC       KEY_SCAN
  -------         PROC          VBEEP_KEY
  C:4E99H         LINE#         74
  C:4E99H         LINE#         83
  C:4E9EH         LINE#         84
  C:4EA3H         LINE#         101
  -------         ENDPROC       VBEEP_KEY
  -------         PROC          VSCAN_KEY
  C:0006H         LINE#         103
  C:0006H         LINE#         104
  -------         ENDPROC       VSCAN_KEY
  -------         PROC          VACTIONKEY
  C:0003H         LINE#         106
  C:0003H         LINE#         123
  C:0005H         LINE#         124
  -------         ENDPROC       VACTIONKEY
  -------         PROC          VSOUND_SAVED_PARAM
  -------         DO            
  X:00D5H         SYMBOL        i
  -------         ENDDO         
  C:4DAFH         LINE#         126
BL51 BANKED LINKER/LOCATER V5.12                                                      09/23/2022  10:10:06  PAGE 19


  C:4DAFH         LINE#         127
  C:4DB4H         LINE#         129
  C:4DCBH         LINE#         130
  -------         ENDPROC       VSOUND_SAVED_PARAM
  -------         PROC          _DELAY_MS
  D:0006H         SYMBOL        num
  -------         DO            
  D:0004H         SYMBOL        i
  D:0002H         SYMBOL        j
  -------         ENDDO         
  C:4D42H         LINE#         132
  C:4D42H         LINE#         133
  C:4D42H         LINE#         135
  C:4D4CH         LINE#         136
  C:4D55H         LINE#         137
  C:4D63H         LINE#         139
  C:4D6AH         LINE#         141
  -------         ENDPROC       _DELAY_MS
  -------         ENDMOD        KEYBOARD

  -------         MODULE        DVR_HX712
  C:0000H         SYMBOL        _ICE_DUMMY_
  X:0130H         PUBLIC        fAverage_x
  D:0080H         PUBLIC        P0
  D:0090H         PUBLIC        P1
  D:00A0H         PUBLIC        P2
  D:00B0H         PUBLIC        P3
  X:0134H         PUBLIC        ValueCount
  D:00A8H         PUBLIC        IE
  X:0138H         PUBLIC        fBeforeValue_x
  D:00B8H         PUBLIC        IP
  X:013CH         PUBLIC        iValueOut
  C:0F71H         PUBLIC        _fFilter_Averaging
  B:0080H.4       PUBLIC        SCLK
  C:3C5CH         PUBLIC        _fRead_Adc
  D:0098H         PUBLIC        SCON
  D:0088H         PUBLIC        TCON
  B:0080H.3       PUBLIC        MISO
  C:4907H         PUBLIC        ReadHX712
  C:4C98H         SYMBOL        _?ix1000
  C:4CC0H         SYMBOL        _?ix1001
  X:013DH         PUBLIC        iCountFailResponse
  D:00C8H         PUBLIC        T2CON
  X:013FH         PUBLIC        iCountFailRead
  X:0141H         PUBLIC        iSelectFrecuency
  X:0142H         PUBLIC        arfDataFilter_x
  D:00D0H         PUBLIC        PSW
  -------         PROC          _FFILTER_AVERAGING
  X:00F1H         SYMBOL        iActualWeight
  X:00F5H         SYMBOL        cFastFill
  -------         DO            
  X:00F6H         SYMBOL        arfLowestToHighest
  X:011EH         SYMBOL        fThreshold
  X:0122H         SYMBOL        fData_Vector
  X:0126H         SYMBOL        pfData_Filter
  X:0129H         SYMBOL        fActualWeight
  X:012DH         SYMBOL        iLenthData_x
BL51 BANKED LINKER/LOCATER V5.12                                                      09/23/2022  10:10:06  PAGE 20


  X:012EH         SYMBOL        i
  X:012FH         SYMBOL        j
  -------         ENDDO         
  C:0F71H         LINE#         27
  C:0F77H         LINE#         28
  C:0F8AH         LINE#         30
  C:0F94H         LINE#         31
  C:0F9EH         LINE#         33
  C:0FB6H         LINE#         34
  C:0FBCH         LINE#         35
  C:0FBFH         LINE#         36
  C:0FC1H         LINE#         38
  C:0FCEH         LINE#         40
  C:103AH         LINE#         41
  C:1047H         LINE#         42
  C:1049H         LINE#         43
  C:105CH         LINE#         44
  C:1085H         LINE#         45
  C:108DH         LINE#         46
  C:108DH         LINE#         47
  C:1090H         LINE#         48
  C:1090H         LINE#         49
  C:1098H         LINE#         50
  C:109CH         LINE#         51
  C:10AFH         LINE#         52
  C:10DCH         LINE#         53
  C:10E4H         LINE#         54
  C:10ECH         LINE#         55
  C:1100H         LINE#         56
  C:1139H         LINE#         57
  C:1141H         LINE#         58
  C:1141H         LINE#         59
  C:1146H         LINE#         60
  C:1157H         LINE#         61
  C:1190H         LINE#         62
  C:1198H         LINE#         63
  C:1198H         LINE#         66
  C:11DCH         LINE#         68
  C:11ECH         LINE#         69
  C:121BH         LINE#         70
  C:1223H         LINE#         73
  C:1238H         LINE#         74
  C:124DH         LINE#         75
  C:1289H         LINE#         76
  C:12ACH         LINE#         77
  C:12DAH         LINE#         78
  C:12F9H         LINE#         79
  C:12F9H         LINE#         80
  C:1302H         LINE#         81
  C:130BH         LINE#         83
  C:1315H         LINE#         85
  C:1328H         LINE#         86
  C:1358H         LINE#         87
  C:1360H         LINE#         89
  C:139EH         LINE#         91
  C:13B2H         LINE#         93
  C:13C0H         LINE#         94
BL51 BANKED LINKER/LOCATER V5.12                                                      09/23/2022  10:10:06  PAGE 21


  -------         ENDPROC       _FFILTER_AVERAGING
  -------         PROC          _FREAD_ADC
  X:00ECH         SYMBOL        cFillFilter
  -------         DO            
  X:00EDH         SYMBOL        iTemp_RA
  -------         ENDDO         
  C:3C5CH         LINE#         101
  C:3C61H         LINE#         102
  C:3C69H         LINE#         104
  C:3C86H         LINE#         105
  C:3CACH         LINE#         106
  C:3CAEH         LINE#         107
  C:3CB4H         LINE#         110
  C:3CBDH         LINE#         114
  C:3CD6H         LINE#         119
  C:3CF1H         LINE#         120
  C:3D10H         LINE#         121
  C:3D24H         LINE#         122
  C:3D40H         LINE#         123
  C:3D42H         LINE#         124
  C:3D5EH         LINE#         125
  C:3D5EH         LINE#         129
  C:3D7DH         LINE#         133
  C:3D8BH         LINE#         134
  -------         ENDPROC       _FREAD_ADC
  -------         PROC          READHX712
  -------         DO            
  D:0004H         SYMBOL        i
  X:00F1H         SYMBOL        ptr
  X:00F4H         SYMBOL        dato
  -------         ENDDO         
  C:4907H         LINE#         136
  C:4907H         LINE#         139
  C:491AH         LINE#         140
  C:4928H         LINE#         142
  C:492BH         LINE#         143
  C:492EH         LINE#         144
  C:492EH         LINE#         145
  C:4930H         LINE#         146
  C:494BH         LINE#         147
  C:494DH         LINE#         148
  C:4961H         LINE#         149
  C:496CH         LINE#         151
  C:497DH         LINE#         152
  C:497FH         LINE#         154
  C:498DH         LINE#         155
  -------         ENDPROC       READHX712
  -------         ENDMOD        DVR_HX712

  -------         MODULE        DATA_NVM_5219_VC_DEC09_13
  C:0000H         SYMBOL        _ICE_DUMMY_
  D:0090H         PUBLIC        P1
  D:00B0H         PUBLIC        P3
  B:00A8H.7       PUBLIC        EA
  C:4D18H         PUBLIC        _flash_write_u8
  D:00A8H         PUBLIC        IE
  D:00AAH         PUBLIC        WD_TA
BL51 BANKED LINKER/LOCATER V5.12                                                      09/23/2022  10:10:06  PAGE 22


  D:00B8H         PUBLIC        IP
  X:025BH         PUBLIC        NRM_securty_a
  X:025CH         PUBLIC        NRM_securty_b
  D:00C4H         PUBLIC        FLASH_ENA
  D:00C5H         PUBLIC        FLASH_ENB
  D:00C6H         PUBLIC        FLASH_ENC
  C:4AB9H         PUBLIC        _flash_read_u32
  C:3B26H         PUBLIC        _ClearThisButAll
  C:4B45H         PUBLIC        _flash_read_u16
  D:00C7H         PUBLIC        FLASH_CON
  D:0098H         PUBLIC        SCON
  D:00C3H         PUBLIC        FLASH_ADDRH
  D:0088H         PUBLIC        TCON
  D:00C2H         PUBLIC        FLASH_ADDRL
  C:4A61H         PUBLIC        _e2rom_erase
  C:44D8H         PUBLIC        _flash_write_u32
  C:487DH         PUBLIC        _flash_write_u16
  C:0007H         PUBLIC        nop
  C:4AFFH         PUBLIC        _flash_read_float32
  C:49A2H         PUBLIC        _nvm_data_write_byte
  C:4432H         PUBLIC        _flash_write_float32
  D:00C8H         PUBLIC        T2CON
  D:00C1H         PUBLIC        FLASH_DATA
  D:00D0H         PUBLIC        PSW
  D:00A9H         PUBLIC        WDCON
  C:4E80H         PUBLIC        _flash_read_u8
  -------         PROC          NOP
  -------         DO            
  D:0006H         SYMBOL        x
  -------         ENDDO         
  C:0007H         LINE#         28
  C:0007H         LINE#         29
  C:0007H         LINE#         30
  C:0007H         LINE#         31
  -------         ENDPROC       NOP
  C:4E76H         SYMBOL        L?0062
  -------         PROC          L?0061
  -------         ENDPROC       L?0061
  C:4E76H         SYMBOL        L?0062
  -------         PROC          _FLASH_READ_U8
  D:0006H         SYMBOL        addr
  -------         DO            
  D:0007H         SYMBOL        val
  -------         ENDDO         
  C:4E80H         LINE#         33
  C:4E80H         LINE#         34
  C:4E80H         LINE#         36
  C:4E87H         LINE#         37
  C:4E87H         LINE#         38
  -------         ENDPROC       _FLASH_READ_U8
  -------         PROC          _FLASH_READ_U16
  X:00DEH         SYMBOL        addr
  -------         DO            
  X:00E0H         SYMBOL        val
  X:00E2H         SYMBOL        ptr
  D:0005H         SYMBOL        i
  -------         ENDDO         
BL51 BANKED LINKER/LOCATER V5.12                                                      09/23/2022  10:10:06  PAGE 23


  C:4B45H         LINE#         40
  C:4B4DH         LINE#         41
  C:4B4DH         LINE#         46
  C:4B5BH         LINE#         47
  C:4B5DH         LINE#         48
  C:4B5DH         LINE#         49
  C:4B77H         LINE#         50
  C:4B7CH         LINE#         51
  C:4B84H         LINE#         52
  -------         ENDPROC       _FLASH_READ_U16
  -------         PROC          _FLASH_READ_U32
  X:0236H         SYMBOL        addr
  -------         DO            
  X:0238H         SYMBOL        val
  X:023CH         SYMBOL        ptr
  D:0005H         SYMBOL        i
  -------         ENDDO         
  C:4AB9H         LINE#         54
  C:4AC1H         LINE#         55
  C:4AC1H         LINE#         60
  C:4ACFH         LINE#         61
  C:4AD1H         LINE#         62
  C:4AD1H         LINE#         63
  C:4AEBH         LINE#         64
  C:4AF0H         LINE#         65
  C:4AFEH         LINE#         66
  -------         ENDPROC       _FLASH_READ_U32
  -------         PROC          _FLASH_READ_FLOAT32
  X:00E2H         SYMBOL        addr
  -------         DO            
  X:00E4H         SYMBOL        val
  X:00E8H         SYMBOL        ptr
  D:0005H         SYMBOL        i
  -------         ENDDO         
  C:4AFFH         LINE#         68
  C:4B07H         LINE#         69
  C:4B07H         LINE#         74
  C:4B15H         LINE#         75
  C:4B17H         LINE#         76
  C:4B17H         LINE#         77
  C:4B31H         LINE#         78
  C:4B36H         LINE#         79
  C:4B44H         LINE#         80
  -------         ENDPROC       _FLASH_READ_FLOAT32
  C:4991H         SYMBOL        L?0058
  -------         PROC          L?0057
  -------         ENDPROC       L?0057
  C:4991H         SYMBOL        L?0058
  -------         PROC          _NVM_DATA_WRITE_BYTE
  D:0006H         SYMBOL        addr
  D:0005H         SYMBOL        in_data
  -------         DO            
  X:00EBH         SYMBOL        flash_addr
  B:0020H.0       SYMBOL        ea_save
  X:00EDH         SYMBOL        i
  -------         ENDDO         
  C:49A2H         LINE#         83
BL51 BANKED LINKER/LOCATER V5.12                                                      09/23/2022  10:10:06  PAGE 24


  C:49A2H         LINE#         84
  C:49A2H         LINE#         87
  C:49A7H         LINE#         89
  C:49B0H         LINE#         90
  C:49B8H         LINE#         91
  C:49BCH         LINE#         92
  C:49BEH         LINE#         94
  C:49C4H         LINE#         95
  C:49C8H         LINE#         96
  C:49CCH         LINE#         99
  C:49CFH         LINE#         100
  C:49D1H         LINE#         101
  C:49D3H         LINE#         103
  C:49DFH         LINE#         104
  C:49E2H         LINE#         105
  C:49E5H         LINE#         107
  C:49E8H         LINE#         108
  C:49EBH         LINE#         109
  C:49EEH         LINE#         111
  C:49FAH         LINE#         112
  C:49FDH         LINE#         114
  C:4A00H         LINE#         115
  C:4A02H         LINE#         116
  C:4A04H         LINE#         117
  C:4A08H         LINE#         118
  -------         ENDPROC       _NVM_DATA_WRITE_BYTE
  -------         PROC          _FLASH_WRITE_U8
  X:00D5H         SYMBOL        addr
  X:00D7H         SYMBOL        in_data
  C:4D18H         LINE#         120
  C:4D25H         LINE#         121
  C:4D25H         LINE#         123
  C:4D2CH         LINE#         124
  C:4D34H         LINE#         126
  -------         ENDPROC       _FLASH_WRITE_U8
  -------         PROC          _FLASH_WRITE_U16
  X:00D5H         SYMBOL        addr
  X:00D7H         SYMBOL        in_data
  -------         DO            
  X:00D9H         SYMBOL        ptr
  D:0004H         SYMBOL        i
  X:00DCH         SYMBOL        aux
  -------         ENDDO         
  C:487DH         LINE#         129
  C:488DH         LINE#         130
  C:488DH         LINE#         136
  C:4898H         LINE#         137
  C:48A6H         LINE#         138
  C:48D2H         LINE#         139
  C:48E1H         LINE#         142
  C:48EFH         LINE#         143
  C:48F1H         LINE#         144
  C:48F1H         LINE#         145
  C:4901H         LINE#         146
  C:4906H         LINE#         147
  -------         ENDPROC       _FLASH_WRITE_U16
  -------         PROC          _FLASH_WRITE_U32
BL51 BANKED LINKER/LOCATER V5.12                                                      09/23/2022  10:10:06  PAGE 25


  X:021DH         SYMBOL        addr
  X:021FH         SYMBOL        in_data
  -------         DO            
  X:0223H         SYMBOL        ptr
  D:0004H         SYMBOL        i
  X:0226H         SYMBOL        aux
  -------         ENDDO         
  C:44D8H         LINE#         149
  C:44E0H         LINE#         150
  C:44E0H         LINE#         156
  C:44E9H         LINE#         157
  C:44F7H         LINE#         158
  C:454FH         LINE#         159
  C:4555H         LINE#         162
  C:4563H         LINE#         163
  C:4565H         LINE#         164
  C:4565H         LINE#         165
  C:4575H         LINE#         166
  C:457AH         LINE#         167
  -------         ENDPROC       _FLASH_WRITE_U32
  -------         PROC          _FLASH_WRITE_FLOAT32
  X:00D5H         SYMBOL        addr
  X:00D7H         SYMBOL        in_data
  -------         DO            
  X:00DBH         SYMBOL        ptr
  D:0004H         SYMBOL        i
  X:00DEH         SYMBOL        aux
  -------         ENDDO         
  C:4432H         LINE#         169
  C:443AH         LINE#         170
  C:443AH         LINE#         176
  C:4443H         LINE#         177
  C:4451H         LINE#         178
  C:44A9H         LINE#         179
  C:44AFH         LINE#         182
  C:44BDH         LINE#         183
  C:44BFH         LINE#         184
  C:44BFH         LINE#         185
  C:44D2H         LINE#         186
  C:44D7H         LINE#         187
  -------         ENDPROC       _FLASH_WRITE_FLOAT32
  -------         PROC          _E2ROM_ERASE
  D:0006H         SYMBOL        addr
  -------         DO            
  X:00EBH         SYMBOL        i
  X:00ECH         SYMBOL        flash_addr
  B:0020H.0       SYMBOL        ea_save
  -------         ENDDO         
  C:4A61H         LINE#         194
  C:4A61H         LINE#         195
  C:4A66H         LINE#         198
  C:4A6CH         LINE#         199
  C:4A70H         LINE#         200
  C:4A72H         LINE#         201
  C:4A78H         LINE#         202
  C:4A7CH         LINE#         204
  C:4A7FH         LINE#         205
BL51 BANKED LINKER/LOCATER V5.12                                                      09/23/2022  10:10:06  PAGE 26


  C:4A81H         LINE#         206
  C:4A83H         LINE#         208
  C:4A8FH         LINE#         209
  C:4A92H         LINE#         210
  C:4A95H         LINE#         212
  C:4A98H         LINE#         213
  C:4A9BH         LINE#         214
  C:4A9EH         LINE#         216
  C:4AAAH         LINE#         217
  C:4AADH         LINE#         219
  C:4AB0H         LINE#         220
  C:4AB2H         LINE#         221
  C:4AB4H         LINE#         222
  C:4AB8H         LINE#         223
  -------         ENDPROC       _E2ROM_ERASE
  C:3B1FH         SYMBOL        L?0060
  -------         PROC          L?0059
  -------         ENDPROC       L?0059
  C:3B1FH         SYMBOL        L?0060
  -------         PROC          _CLEARTHISBUTALL
  X:00E2H         SYMBOL        Address
  X:00E4H         SYMBOL        IntCount
  -------         DO            
  X:00E6H         SYMBOL        Aux
  X:00E7H         SYMBOL        i
  D:0002H         SYMBOL        Page
  X:00E9H         SYMBOL        SizePage
  -------         ENDDO         
  C:3B26H         LINE#         225
  C:3B36H         LINE#         226
  C:3B3BH         LINE#         227
  C:3B3FH         LINE#         229
  C:3B46H         LINE#         232
  C:3B4CH         LINE#         233
  C:3B57H         LINE#         237
  C:3B6EH         LINE#         238
  C:3B7CH         LINE#         239
  C:3B83H         LINE#         240
  C:3B93H         LINE#         244
  C:3BB0H         LINE#         245
  C:3BC2H         LINE#         246
  C:3BD4H         LINE#         247
  C:3BF6H         LINE#         248
  C:3C06H         LINE#         252
  C:3C0DH         LINE#         256
  C:3C2AH         LINE#         257
  C:3C45H         LINE#         258
  C:3C55H         LINE#         262
  -------         ENDPROC       _CLEARTHISBUTALL
  -------         ENDMOD        DATA_NVM_5219_VC_DEC09_13

  -------         MODULE        DVR_SCALE
  C:0000H         SYMBOL        _ICE_DUMMY_
  D:0080H         PUBLIC        P0
  D:0090H         PUBLIC        P1
  D:00A0H         PUBLIC        P2
  D:00B0H         PUBLIC        P3
BL51 BANKED LINKER/LOCATER V5.12                                                      09/23/2022  10:10:06  PAGE 27


  D:00A8H         PUBLIC        IE
  D:00AAH         PUBLIC        WD_TA
  X:0000H         PUBLIC        fWeightScaleBefore
  D:00B8H         PUBLIC        IP
  C:1EDDH         PUBLIC        vWeight_Positive
  X:0004H         PUBLIC        iCounterZeroTracking
  C:222FH         PUBLIC        _cOnOffModeTara
  C:256EH         PUBLIC        _fStablePoint
  D:0098H         PUBLIC        SCON
  D:0088H         PUBLIC        TCON
  X:0006H         PUBLIC        fWeightScale
  C:36A5H         PUBLIC        cSetZeroPoint
  C:4372H         SYMBOL        _?ix1000
  C:4378H         SYMBOL        _?ix1001
  C:2DA4H         PUBLIC        _cRun_Scale
  C:4C69H         PUBLIC        vSetZero
  C:2843H         PUBLIC        _vSaveParamScale
  X:000AH         PUBLIC        stScaleParam
  X:0090H         PUBLIC        fWeightLight
  X:0094H         PUBLIC        srFlagScale
  C:1B71H         PUBLIC        vCalibrate_Scale
  C:383EH         PUBLIC        _vGetZeroTracking
  C:3012H         PUBLIC        vReadParamScale
  C:3380H         PUBLIC        vCalculate_Weight
  C:2B0FH         PUBLIC        _vPreConfiguration
  D:00C8H         PUBLIC        T2CON
  C:17BFH         PUBLIC        fSleep_Run
  D:00D0H         PUBLIC        PSW
  C:41C8H         PUBLIC        vWeight_Negative
  C:13F2H         PUBLIC        _fCuentasToPeso
  D:00A9H         PUBLIC        WDCON
  -------         PROC          VREADPARAMSCALE
  C:3012H         LINE#         106
  C:3012H         LINE#         107
  C:301FH         LINE#         108
  C:302CH         LINE#         109
  C:3039H         LINE#         110
  C:3043H         LINE#         112
  C:304FH         LINE#         113
  C:305BH         LINE#         114
  C:3067H         LINE#         115
  C:3073H         LINE#         116
  C:3082H         LINE#         117
  C:3091H         LINE#         118
  C:30A0H         LINE#         119
  C:30AFH         LINE#         120
  C:30BEH         LINE#         121
  C:30CAH         LINE#         122
  C:30D6H         LINE#         123
  C:30E2H         LINE#         125
  C:30EBH         LINE#         126
  C:30EEH         LINE#         127
  C:30F0H         LINE#         128
  C:30F3H         LINE#         129
  C:30F3H         LINE#         131
  C:30FFH         LINE#         133
  C:3104H         LINE#         134
BL51 BANKED LINKER/LOCATER V5.12                                                      09/23/2022  10:10:06  PAGE 28


  C:3107H         LINE#         135
  C:3109H         LINE#         136
  C:310CH         LINE#         137
  C:310CH         LINE#         139
  C:3118H         LINE#         140
  C:311DH         LINE#         141
  C:3129H         LINE#         142
  C:3135H         LINE#         143
  C:3141H         LINE#         145
  C:3150H         LINE#         146
  C:315FH         LINE#         148
  C:316BH         LINE#         150
  C:317AH         LINE#         152
  C:3186H         LINE#         154
  C:3192H         LINE#         156
  C:31A1H         LINE#         158
  C:31AEH         LINE#         160
  C:31BAH         LINE#         162
  C:31C6H         LINE#         164
  C:31D2H         LINE#         166
  -------         ENDPROC       VREADPARAMSCALE
  -------         PROC          _VSAVEPARAMSCALE
  D:0007H         SYMBOL        cType_Parameter
  C:2843H         LINE#         176
  C:2843H         LINE#         178
  C:2849H         LINE#         179
  C:284FH         LINE#         181
  C:2878H         LINE#         183
  C:2878H         LINE#         184
  C:2881H         LINE#         185
  C:289CH         LINE#         186
  C:28B7H         LINE#         187
  C:28D2H         LINE#         188
  C:28D2H         LINE#         189
  C:28D4H         LINE#         191
  C:28D4H         LINE#         192
  C:28DEH         LINE#         193
  C:28E1H         LINE#         195
  C:28E1H         LINE#         197
  C:28EDH         LINE#         198
  C:28F9H         LINE#         199
  C:2908H         LINE#         200
  C:2917H         LINE#         201
  C:2926H         LINE#         202
  C:2935H         LINE#         203
  C:2944H         LINE#         204
  C:2950H         LINE#         205
  C:295CH         LINE#         206
  C:2968H         LINE#         207
  C:2974H         LINE#         208
  C:2980H         LINE#         209
  C:298CH         LINE#         210
  C:2998H         LINE#         211
  C:29A4H         LINE#         212
  C:29B3H         LINE#         213
  C:29BFH         LINE#         214
  C:29CBH         LINE#         215
BL51 BANKED LINKER/LOCATER V5.12                                                      09/23/2022  10:10:06  PAGE 29


  C:29DAH         LINE#         216
  C:29F5H         LINE#         217
  C:2A01H         LINE#         218
  C:2A0DH         LINE#         219
  C:2A19H         LINE#         220
  C:2A25H         LINE#         221
  C:2A2CH         LINE#         223
  C:2A2FH         LINE#         225
  C:2A2FH         LINE#         226
  C:2A3BH         LINE#         227
  C:2A3DH         LINE#         229
  C:2A3DH         LINE#         230
  C:2A53H         LINE#         231
  C:2A56H         LINE#         233
  C:2A56H         LINE#         234
  C:2A65H         LINE#         235
  C:2A68H         LINE#         237
  C:2A68H         LINE#         238
  C:2A77H         LINE#         239
  C:2A8DH         LINE#         240
  C:2A8FH         LINE#         242
  C:2A8FH         LINE#         243
  C:2AAAH         LINE#         244
  C:2AC0H         LINE#         245
  C:2AC2H         LINE#         247
  C:2AC2H         LINE#         248
  C:2ADAH         LINE#         249
  C:2ADCH         LINE#         251
  C:2ADCH         LINE#         252
  C:2AF7H         LINE#         253
  C:2AF9H         LINE#         255
  C:2AF9H         LINE#         256
  C:2B05H         LINE#         257
  C:2B05H         LINE#         258
  C:2B05H         LINE#         261
  C:2B0AH         LINE#         262
  C:2B0EH         LINE#         263
  -------         ENDPROC       _VSAVEPARAMSCALE
  -------         PROC          L?0281
  -------         ENDPROC       L?0281
  -------         PROC          _FSTABLEPOINT
  X:00D5H         SYMBOL        cSetCountBack
  X:00D6H         SYMBOL        cShowCount
  X:00D7H         SYMBOL        cRunStable
  -------         DO            
  X:00D8H         SYMBOL        cCountReading
  X:00D9H         SYMBOL        cNumber_Count
  X:00DAH         SYMBOL        cCountBack
  X:00DEH         SYMBOL        fActualWeightAdc
  X:00E2H         SYMBOL        fWeightAdc
  X:00E6H         SYMBOL        fLimitRange
  X:00EAH         SYMBOL        i
  -------         ENDDO         
  C:256EH         LINE#         277
  C:257BH         LINE#         279
  C:2580H         LINE#         280
  C:2582H         LINE#         281
BL51 BANKED LINKER/LOCATER V5.12                                                      09/23/2022  10:10:06  PAGE 30


  C:2589H         LINE#         282
  C:2593H         LINE#         283
  C:259DH         LINE#         284
  C:25ACH         LINE#         285
  C:25B3H         LINE#         287
  C:25B7H         LINE#         289
  C:25BEH         LINE#         290
  C:25C4H         LINE#         291
  C:25C4H         LINE#         293
  C:25CDH         LINE#         294
  C:25DBH         LINE#         295
  C:25E9H         LINE#         296
  C:25F7H         LINE#         298
  C:2614H         LINE#         300
  C:2617H         LINE#         303
  C:2622H         LINE#         304
  C:2636H         LINE#         305
  C:2641H         LINE#         306
  C:264CH         LINE#         307
  C:2657H         LINE#         308
  C:2659H         LINE#         309
  C:2680H         LINE#         310
  C:26A8H         LINE#         311
  C:26CFH         LINE#         312
  C:26CFH         LINE#         313
  C:26CFH         LINE#         315
  C:26DDH         LINE#         320
  C:2743H         LINE#         321
  C:2743H         LINE#         322
  C:2749H         LINE#         326
  C:2757H         LINE#         327
  C:277BH         LINE#         328
  C:2780H         LINE#         329
  C:2780H         LINE#         330
  C:2783H         LINE#         333
  C:278BH         LINE#         334
  C:278EH         LINE#         335
  C:2799H         LINE#         336
  C:27A4H         LINE#         337
  C:27F7H         LINE#         338
  C:27F7H         LINE#         339
  C:27FCH         LINE#         340
  C:280BH         LINE#         341
  C:2819H         LINE#         343
  C:2822H         LINE#         344
  C:2827H         LINE#         345
  C:282EH         LINE#         346
  C:282EH         LINE#         347
  C:282EH         LINE#         348
  C:282EH         LINE#         350
  C:2834H         LINE#         351
  C:2842H         LINE#         352
  -------         ENDPROC       _FSTABLEPOINT
  -------         PROC          CSETZEROPOINT
  -------         DO            
  X:023FH         SYMBOL        fWeightPlate
  X:0243H         SYMBOL        fPointZero
BL51 BANKED LINKER/LOCATER V5.12                                                      09/23/2022  10:10:06  PAGE 31


  -------         ENDDO         
  C:36A5H         LINE#         366
  C:36A5H         LINE#         369
  C:36AFH         LINE#         370
  C:36B9H         LINE#         372
  C:36C6H         LINE#         374
  C:36CCH         LINE#         375
  C:36CFH         LINE#         376
  C:36CFH         LINE#         379
  C:36F4H         LINE#         381
  C:36FDH         LINE#         383
  C:3781H         LINE#         384
  C:3781H         LINE#         387
  C:3784H         LINE#         388
  C:378FH         LINE#         389
  C:379AH         LINE#         393
  C:379AH         LINE#         394
  C:37A3H         LINE#         395
  C:37AFH         LINE#         396
  C:37B2H         LINE#         397
  C:37B2H         LINE#         398
  C:37B2H         LINE#         399
  C:37B2H         LINE#         400
  C:37B2H         LINE#         402
  C:37F6H         LINE#         405
  C:37F9H         LINE#         406
  C:3804H         LINE#         410
  C:3804H         LINE#         411
  C:380DH         LINE#         412
  C:3819H         LINE#         413
  C:381CH         LINE#         414
  C:381CH         LINE#         415
  C:381CH         LINE#         417
  C:381CH         LINE#         418
  C:3830H         LINE#         419
  C:3830H         LINE#         421
  C:3832H         LINE#         422
  -------         ENDPROC       CSETZEROPOINT
  -------         PROC          _CONOFFMODETARA
  X:0205H         SYMBOL        fWeightTara
  -------         DO            
  X:0209H         SYMBOL        fAdcCountTara
  X:020DH         SYMBOL        fLimite_Inf
  X:0211H         SYMBOL        fLimite_Sup
  X:0215H         SYMBOL        fWeightZero
  X:0219H         SYMBOL        AuxTara
  -------         ENDDO         
  C:222FH         LINE#         439
  C:2235H         LINE#         441
  C:223FH         LINE#         442
  C:2249H         LINE#         443
  C:2253H         LINE#         444
  C:225DH         LINE#         445
  C:2267H         LINE#         447
  C:2270H         LINE#         449
  C:227BH         LINE#         451
  C:2297H         LINE#         452
BL51 BANKED LINKER/LOCATER V5.12                                                      09/23/2022  10:10:06  PAGE 32


  C:22A0H         LINE#         454
  C:22A6H         LINE#         455
  C:22E3H         LINE#         456
  C:22E3H         LINE#         457
  C:22E3H         LINE#         458
  C:22E3H         LINE#         459
  C:22E5H         LINE#         460
  C:2306H         LINE#         461
  C:231AH         LINE#         462
  C:2320H         LINE#         463
  C:2320H         LINE#         464
  C:2320H         LINE#         465
  C:2321H         LINE#         466
  C:2327H         LINE#         467
  C:2364H         LINE#         468
  C:2364H         LINE#         469
  C:2364H         LINE#         470
  C:2366H         LINE#         471
  C:2389H         LINE#         472
  C:239DH         LINE#         473
  C:239DH         LINE#         474
  C:239DH         LINE#         475
  C:239DH         LINE#         476
  C:23B8H         LINE#         478
  C:23C1H         LINE#         479
  C:23DFH         LINE#         481
  C:23EAH         LINE#         482
  C:2418H         LINE#         483
  C:2443H         LINE#         484
  C:2476H         LINE#         485
  C:2482H         LINE#         486
  C:248CH         LINE#         487
  C:248FH         LINE#         488
  C:2498H         LINE#         489
  C:24A2H         LINE#         490
  C:24A2H         LINE#         491
  C:24A4H         LINE#         492
  C:24ADH         LINE#         493
  C:24DFH         LINE#         494
  C:24DFH         LINE#         496
  C:2523H         LINE#         497
  C:252AH         LINE#         498
  C:2534H         LINE#         499
  C:2539H         LINE#         500
  C:254DH         LINE#         501
  C:2567H         LINE#         502
  C:2567H         LINE#         503
  C:2567H         LINE#         504
  C:2567H         LINE#         506
  C:2567H         LINE#         507
  -------         ENDPROC       _CONOFFMODETARA
  -------         PROC          VSETZERO
  -------         DO            
  X:0257H         SYMBOL        fWeightZero
  -------         ENDDO         
  C:4C69H         LINE#         516
  C:4C69H         LINE#         517
BL51 BANKED LINKER/LOCATER V5.12                                                      09/23/2022  10:10:06  PAGE 33


  C:4C73H         LINE#         520
  C:4C7CH         LINE#         522
  C:4C83H         LINE#         523
  C:4C97H         LINE#         524
  C:4C97H         LINE#         525
  -------         ENDPROC       VSETZERO
  -------         PROC          L?0280
  -------         ENDPROC       L?0280
  -------         PROC          _VGETZEROTRACKING
  X:0247H         SYMBOL        fActualWeightScale
  -------         DO            
  X:024BH         SYMBOL        fValor_Limite
  -------         ENDDO         
  C:383EH         LINE#         534
  C:3844H         LINE#         535
  C:384EH         LINE#         538
  C:3855H         LINE#         539
  C:3880H         LINE#         540
  C:38ADH         LINE#         541
  C:38AFH         LINE#         542
  C:38C3H         LINE#         544
  C:38E0H         LINE#         546
  C:38F8H         LINE#         547
  C:3916H         LINE#         548
  C:3916H         LINE#         550
  C:397CH         LINE#         551
  C:397CH         LINE#         553
  C:398AH         LINE#         554
  C:399BH         LINE#         555
  C:39AFH         LINE#         556
  C:39AFH         LINE#         557
  C:39AFH         LINE#         558
  C:39B6H         LINE#         559
  C:39B6H         LINE#         560
  -------         ENDPROC       _VGETZEROTRACKING
  -------         PROC          VCALIBRATE_SCALE
  -------         DO            
  X:00C5H         SYMBOL        fAux_Value
  X:00C9H         SYMBOL        fAuxCountAdcInicial
  X:00CDH         SYMBOL        fAuxCountAdcFinal
  X:00D1H         SYMBOL        fAuxCountDif
  -------         ENDDO         
  C:1B71H         LINE#         570
  C:1B71H         LINE#         571
  C:1B7BH         LINE#         572
  C:1B85H         LINE#         573
  C:1B8FH         LINE#         574
  C:1B99H         LINE#         576
  C:1BA7H         LINE#         577
  C:1BACH         LINE#         579
  C:1BAFH         LINE#         581
  C:1BBAH         LINE#         582
  C:1BC5H         LINE#         583
  C:1BD0H         LINE#         591
  C:1BE2H         LINE#         592
  C:1BF3H         LINE#         593
  C:1BFAH         LINE#         596
BL51 BANKED LINKER/LOCATER V5.12                                                      09/23/2022  10:10:06  PAGE 34


  C:1C09H         LINE#         597
  C:1C2AH         LINE#         599
  C:1C3EH         LINE#         602
  C:1C41H         LINE#         604
  C:1C4CH         LINE#         605
  C:1C57H         LINE#         606
  C:1C62H         LINE#         614
  C:1C74H         LINE#         616
  C:1C83H         LINE#         617
  C:1CA4H         LINE#         620
  C:1CB8H         LINE#         622
  C:1CDBH         LINE#         623
  C:1D19H         LINE#         625
  C:1D3EH         LINE#         626
  C:1D7CH         LINE#         628
  C:1D8EH         LINE#         629
  C:1DA0H         LINE#         630
  C:1DE1H         LINE#         631
  C:1E1CH         LINE#         632
  C:1E41H         LINE#         634
  C:1E59H         LINE#         635
  C:1E77H         LINE#         636
  C:1E77H         LINE#         638
  C:1E7AH         LINE#         640
  C:1E85H         LINE#         641
  C:1E9FH         LINE#         642
  C:1EAAH         LINE#         643
  C:1EB3H         LINE#         644
[...]
  C:1FEFH         LINE#         1030
  C:1FFAH         LINE#         1032
  C:2003H         LINE#         1033
  C:200CH         LINE#         1034
  C:2012H         LINE#         1035
  C:2014H         LINE#         1036
  C:201DH         LINE#         1037
  C:2028H         LINE#         1038
  C:2028H         LINE#         1040
  C:202EH         LINE#         1041
  C:2033H         LINE#         1042
  C:2039H         LINE#         1043
  C:2042H         LINE#         1044
  C:2044H         LINE#         1046
  C:2079H         LINE#         1047
  C:209EH         LINE#         1048
  C:20A3H         LINE#         1049
  C:20A3H         LINE#         1053
  C:20A3H         LINE#         1054
  C:20A8H         LINE#         1057
  C:20C5H         LINE#         1060
  C:20CBH         LINE#         1061
  C:20FBH         LINE#         1062
  C:2105H         LINE#         1063
  C:210AH         LINE#         1064
  C:210EH         LINE#         1065
  C:2112H         LINE#         1066
  C:2112H         LINE#         1067
  C:2112H         LINE#         1069
  C:2112H         LINE#         1072
  C:2112H         LINE#         1074
  C:2126H         LINE#         1077
  C:214AH         LINE#         1078
  C:214CH         LINE#         1079
  C:214CH         LINE#         1081
  C:2164H         LINE#         1082
  C:2168H         LINE#         1083
  C:216AH         LINE#         1084
  C:2179H         LINE#         1085
  C:2179H         LINE#         1087
  C:219EH         LINE#         1093
  C:21E0H         LINE#         1094
  C:21EBH         LINE#         1095
  C:21EBH         LINE#         1096
  C:2205H         LINE#         1097
  C:221EH         LINE#         1098
  C:2220H         LINE#         1099
  C:222EH         LINE#         1100
  C:222EH         LINE#         1101
  C:222EH         LINE#         1102
  C:222EH         LINE#         1103
  -------         ENDPROC       VWEIGHT_POSITIVE
  -------         PROC          VWEIGHT_NEGATIVE
  C:41C8H         LINE#         1113
  C:41C8H         LINE#         1115
BL51 BANKED LINKER/LOCATER V5.12                                                      09/23/2022  10:10:06  PAGE 40


  C:41CEH         LINE#         1116
  C:41D3H         LINE#         1119
  C:4223H         LINE#         1120
  C:4240H         LINE#         1121
  C:4242H         LINE#         1122
  C:424DH         LINE#         1123
  C:424DH         LINE#         1125
  C:4253H         LINE#         1126
  C:4259H         LINE#         1127
  C:425BH         LINE#         1128
  C:4265H         LINE#         1129
  C:426AH         LINE#         1130
  C:4274H         LINE#         1131
  C:427FH         LINE#         1132
  C:427FH         LINE#         1134
  C:4297H         LINE#         1135
  C:429BH         LINE#         1136
  C:429DH         LINE#         1137
  C:42ACH         LINE#         1138
  C:42ACH         LINE#         1141
  -------         ENDPROC       VWEIGHT_NEGATIVE
  -------         PROC          VCALCULATE_WEIGHT
  -------         DO            
  X:025FH         SYMBOL        i
  X:0260H         SYMBOL        cCountPrecioFijo
  -------         ENDDO         
  C:3380H         LINE#         1153
  C:3380H         LINE#         1158
  C:3387H         LINE#         1160
  C:3390H         LINE#         1161
  C:3393H         LINE#         1162
  C:3395H         LINE#         1163
  C:3395H         LINE#         1164
  C:3398H         LINE#         1165
  C:3398H         LINE#         1167
  C:33B2H         LINE#         1168
  C:33BDH         LINE#         1169
  C:33C5H         LINE#         1171
  C:33D4H         LINE#         1172
  C:33DFH         LINE#         1174
  C:33DFH         LINE#         1177
  C:33ECH         LINE#         1178
  C:33F2H         LINE#         1179
  C:33F2H         LINE#         1181
  C:3406H         LINE#         1183
  C:341AH         LINE#         1186
  C:343FH         LINE#         1187
  C:3453H         LINE#         1189
  C:345AH         LINE#         1190
  C:345DH         LINE#         1191
  C:345FH         LINE#         1193
  C:3466H         LINE#         1194
  C:347AH         LINE#         1195
  C:349FH         LINE#         1196
  C:34A5H         LINE#         1197
  C:34ACH         LINE#         1198
  C:34ACH         LINE#         1199
BL51 BANKED LINKER/LOCATER V5.12                                                      09/23/2022  10:10:06  PAGE 41


  C:34ACH         LINE#         1200
  C:34C3H         LINE#         1201
  C:34C3H         LINE#         1203
  C:34E1H         LINE#         1204
  C:34E6H         LINE#         1205
  C:3500H         LINE#         1206
  C:3504H         LINE#         1207
  C:3504H         LINE#         1209
  C:3516H         LINE#         1210
  -------         ENDPROC       VCALCULATE_WEIGHT
  C:13C4H         SYMBOL        L?0279
  -------         PROC          L?0278
  -------         ENDPROC       L?0278
  C:13C4H         SYMBOL        L?0279
  -------         PROC          _FCUENTASTOPESO
  X:01ECH         SYMBOL        fCountADC
  -------         DO            
  X:01F0H         SYMBOL        fAuxFactorC
  X:01F4H         SYMBOL        fPesoFinal
  X:01F8H         SYMBOL        fPesoAux
  X:01FCH         SYMBOL        iAuxPeso
  X:0200H         SYMBOL        arfFactorMult
  X:0204H         SYMBOL        cFlagNeg
  -------         ENDDO         
  C:13F2H         LINE#         1219
  C:13F8H         LINE#         1221
  C:1402H         LINE#         1222
  C:140CH         LINE#         1223
  C:1416H         LINE#         1224
  C:1420H         LINE#         1225
  C:142AH         LINE#         1226
  C:142FH         LINE#         1228
  C:1446H         LINE#         1229
  C:144CH         LINE#         1230
  C:146AH         LINE#         1231
  C:146AH         LINE#         1233
  C:1470H         LINE#         1234
  C:14AFH         LINE#         1235
  C:14BDH         LINE#         1236
  C:14C0H         LINE#         1237
  C:14F1H         LINE#         1238
  C:14FBH         LINE#         1239
  C:152CH         LINE#         1240
  C:156BH         LINE#         1241
  C:1592H         LINE#         1242
  C:1595H         LINE#         1243
  C:15C6H         LINE#         1244
  C:15F7H         LINE#         1245
  C:1636H         LINE#         1246
  C:165DH         LINE#         1247
  C:165FH         LINE#         1248
  C:165FH         LINE#         1249
  C:169EH         LINE#         1250
  C:16C3H         LINE#         1251
  C:16C3H         LINE#         1252
  C:16C3H         LINE#         1254
  C:16DAH         LINE#         1256
BL51 BANKED LINKER/LOCATER V5.12                                                      09/23/2022  10:10:06  PAGE 42


  C:1719H         LINE#         1257
  C:1763H         LINE#         1258
  C:178CH         LINE#         1260
  C:1792H         LINE#         1261
  C:17B0H         LINE#         1262
  C:17B0H         LINE#         1264
  C:17BEH         LINE#         1265
  -------         ENDPROC       _FCUENTASTOPESO
  -------         PROC          FSLEEP_RUN
  -------         DO            
  X:01A2H         SYMBOL        fWeightScale
  X:01A6H         SYMBOL        fValueReturn
  X:01AAH         SYMBOL        fLimite
  X:01AEH         SYMBOL        i
  X:01B0H         SYMBOL        cFlag_Continue
  X:01B1H         SYMBOL        strMsgSaveBatt
  X:01C1H         SYMBOL        strSave
  X:01C7H         SYMBOL        strBatt
  X:01CEH         SYMBOL        cDataTemp
  X:01CFH         SYMBOL        cDataTemp1
  X:01D0H         SYMBOL        bStatus_Battery
  -------         ENDDO         
  C:17BFH         LINE#         1272
  C:17BFH         LINE#         1274
  C:17C9H         LINE#         1275
  C:17D3H         LINE#         1276
  C:17DDH         LINE#         1277
  C:17E4H         LINE#         1278
  C:17E7H         LINE#         1282
  C:17F9H         LINE#         1283
  C:180CH         LINE#         1284
  C:1811H         LINE#         1285
  C:1813H         LINE#         1286
  C:1815H         LINE#         1289
  C:1824H         LINE#         1291
  C:183BH         LINE#         1293
  C:1846H         LINE#         1295
  C:185EH         LINE#         1296
  C:1869H         LINE#         1297
  C:1880H         LINE#         1298
  C:1893H         LINE#         1299
  C:18AFH         LINE#         1300
  C:18AFH         LINE#         1301
  C:18BFH         LINE#         1303
  C:18C7H         LINE#         1305
  C:18CDH         LINE#         1306
  C:18D8H         LINE#         1307
  C:18E3H         LINE#         1308
  C:18F6H         LINE#         1310
  C:18FFH         LINE#         1312
  C:1905H         LINE#         1313
  C:1909H         LINE#         1314
  C:1915H         LINE#         1316
  C:1920H         LINE#         1319
  C:192DH         LINE#         1320
  C:1933H         LINE#         1321
  C:1933H         LINE#         1323
BL51 BANKED LINKER/LOCATER V5.12                                                      09/23/2022  10:10:06  PAGE 43


  C:1947H         LINE#         1326
  C:196CH         LINE#         1327
  C:197EH         LINE#         1328
  C:1995H         LINE#         1330
  C:19E1H         LINE#         1331
  C:19E6H         LINE#         1332
  C:19EEH         LINE#         1333
  C:19F3H         LINE#         1334
  C:19F6H         LINE#         1335
  C:19F6H         LINE#         1337
  C:19FFH         LINE#         1340
  C:1A07H         LINE#         1342
  C:1A09H         LINE#         1343
  C:1A0CH         LINE#         1344
  C:1A0EH         LINE#         1345
  C:1A13H         LINE#         1346
  C:1A13H         LINE#         1348
  C:1A1CH         LINE#         1351
  C:1A24H         LINE#         1353
  C:1A2BH         LINE#         1354
  C:1A4AH         LINE#         1355
  C:1A64H         LINE#         1357
  C:1A6CH         LINE#         1359
  C:1A85H         LINE#         1360
  C:1A90H         LINE#         1361
  C:1AA7H         LINE#         1362
  C:1ABAH         LINE#         1363
  C:1AD6H         LINE#         1364
  C:1AD6H         LINE#         1365
  C:1AE6H         LINE#         1367
  C:1AF1H         LINE#         1368
  C:1AFCH         LINE#         1369
  C:1B07H         LINE#         1370
  C:1B07H         LINE#         1372
  C:1B12H         LINE#         1373
  C:1B12H         LINE#         1374
  C:1B1AH         LINE#         1375
  C:1B1FH         LINE#         1376
  C:1B22H         LINE#         1377
  C:1B22H         LINE#         1379
  C:1B28H         LINE#         1380
  C:1B2CH         LINE#         1381
  C:1B2CH         LINE#         1383
  C:1B42H         LINE#         1384
  C:1B46H         LINE#         1385
  C:1B4AH         LINE#         1386
  C:1B4AH         LINE#         1387
  C:1B4DH         LINE#         1389
  C:1B53H         LINE#         1390
  C:1B62H         LINE#         1391
  C:1B62H         LINE#         1397
  C:1B70H         LINE#         1398
  -------         ENDPROC       FSLEEP_RUN
  -------         ENDMOD        DVR_SCALE

  -------         MODULE        ?C?FPADD
  C:0015H         PUBLIC        ?C?FPADD
BL51 BANKED LINKER/LOCATER V5.12                                                      09/23/2022  10:10:06  PAGE 44


  C:0011H         PUBLIC        ?C?FPSUB
  -------         ENDMOD        ?C?FPADD

  -------         MODULE        ?C?FPMUL
  C:0106H         PUBLIC        ?C?FPMUL
  -------         ENDMOD        ?C?FPMUL

  -------         MODULE        ?C?FPDIV
  C:020FH         PUBLIC        ?C?FPDIV
  -------         ENDMOD        ?C?FPDIV

  -------         MODULE        ?C?FPCMP
  C:02AEH         PUBLIC        ?C?FPCMP
  C:02ACH         PUBLIC        ?C?FPCMP3
  -------         ENDMOD        ?C?FPCMP

  -------         MODULE        ?C?FCAST
  C:0323H         PUBLIC        ?C?FCASTC
  C:031EH         PUBLIC        ?C?FCASTI
  C:0319H         PUBLIC        ?C?FCASTL
  -------         ENDMOD        ?C?FCAST

  -------         MODULE        ?C?CASTF
  C:0357H         PUBLIC        ?C?CASTF
  -------         ENDMOD        ?C?CASTF

  -------         MODULE        PRINTF
  X:00FAH         PUBLIC        ?_PRINTF?BYTE
  X:00FAH         PUBLIC        ?_SPRINTF?BYTE
  C:0B59H         PUBLIC        _PRINTF
  C:0B53H         PUBLIC        _SPRINTF
  -------         ENDMOD        PRINTF

  -------         MODULE        POW
  X:00D5H         PUBLIC        ?_pow?BYTE
  C:39B7H         PUBLIC        _pow
  -------         ENDMOD        POW

  -------         MODULE        ?C?CHKFLOAT
  C:03D8H         PUBLIC        ?C?CHKFLOAT
  -------         ENDMOD        ?C?CHKFLOAT

  -------         MODULE        ?C?FPNEG
  C:03F2H         PUBLIC        ?C?FPNEG
  -------         ENDMOD        ?C?FPNEG

  -------         MODULE        ?C?FPROUND
  C:0403H         PUBLIC        ?C?FPROUND
  -------         ENDMOD        ?C?FPROUND

  -------         MODULE        ?C?FPCONVERT
  C:0440H         PUBLIC        ?C?FPCONVERT
  -------         ENDMOD        ?C?FPCONVERT

  -------         MODULE        EXP
  C:478FH         PUBLIC        _EXP
  -------         ENDMOD        EXP
BL51 BANKED LINKER/LOCATER V5.12                                                      09/23/2022  10:10:06  PAGE 45



  -------         MODULE        LOG
  C:3DC0H         PUBLIC        _LOG
  C:3DBCH         PUBLIC        _LOG10
  -------         ENDMOD        LOG

  -------         MODULE        ?C?FTNPWR
  C:0575H         PUBLIC        ?C?FTNPWR
  -------         ENDMOD        ?C?FTNPWR

  -------         MODULE        ?C?COPY
  C:06D2H         PUBLIC        ?C?COPY
  -------         ENDMOD        ?C?COPY

  -------         MODULE        ?C?CLDPTR
  C:06F8H         PUBLIC        ?C?CLDPTR
  -------         ENDMOD        ?C?CLDPTR

  -------         MODULE        ?C?CLDOPTR
  C:0711H         PUBLIC        ?C?CLDOPTR
  -------         ENDMOD        ?C?CLDOPTR

  -------         MODULE        ?C?CSTPTR
  C:073EH         PUBLIC        ?C?CSTPTR
  -------         ENDMOD        ?C?CSTPTR

  -------         MODULE        ?C?IMUL
  C:0750H         PUBLIC        ?C?IMUL
  -------         ENDMOD        ?C?IMUL

  -------         MODULE        ?C?UIDIV
  C:0762H         PUBLIC        ?C?UIDIV
  -------         ENDMOD        ?C?UIDIV

  -------         MODULE        ?C?IILDX
  C:07B7H         PUBLIC        ?C?IILDX
  -------         ENDMOD        ?C?IILDX

  -------         MODULE        ?C?ILDIX
  C:07CDH         PUBLIC        ?C?ILDIX
  -------         ENDMOD        ?C?ILDIX

  -------         MODULE        ?C?LMUL
  C:07E3H         PUBLIC        ?C?LMUL
  -------         ENDMOD        ?C?LMUL

  -------         MODULE        ?C?LNEG
  C:0832H         PUBLIC        ?C?LNEG
  -------         ENDMOD        ?C?LNEG

  -------         MODULE        ?C?SLCMP
  C:0840H         PUBLIC        ?C?SLCMP
  -------         ENDMOD        ?C?SLCMP

  -------         MODULE        ?C?ULCMP
  C:0856H         PUBLIC        ?C?ULCMP
  -------         ENDMOD        ?C?ULCMP
BL51 BANKED LINKER/LOCATER V5.12                                                      09/23/2022  10:10:06  PAGE 46



  -------         MODULE        ?C?ULSHR
  C:0867H         PUBLIC        ?C?ULSHR
  -------         ENDMOD        ?C?ULSHR

  -------         MODULE        ?C?LLDPTR
  C:087AH         PUBLIC        ?C?LLDPTR
  -------         ENDMOD        ?C?LLDPTR

  -------         MODULE        ?C?LLDOPTR
  C:089AH         PUBLIC        ?C?LLDOPTR
  -------         ENDMOD        ?C?LLDOPTR

  -------         MODULE        ?C?LSTOPTR
  C:08CAH         PUBLIC        ?C?LSTOPTR
  -------         ENDMOD        ?C?LSTOPTR

  -------         MODULE        ?C?LLDCODE
  C:08EEH         PUBLIC        ?C?LLDCODE
  -------         ENDMOD        ?C?LLDCODE

  -------         MODULE        ?C?LLDXDATA0
  C:08FEH         PUBLIC        ?C?LLDXDATA0
  -------         ENDMOD        ?C?LLDXDATA0

  -------         MODULE        ?C?LLDCODE0
  C:090AH         PUBLIC        ?C?LLDCODE0
  -------         ENDMOD        ?C?LLDCODE0

  -------         MODULE        ?C?LSTXDATA
  C:091AH         PUBLIC        ?C?LSTXDATA
  -------         ENDMOD        ?C?LSTXDATA

  -------         MODULE        ?C?LSTKXDATA
  C:0926H         PUBLIC        ?C?LSTKXDATA
  -------         ENDMOD        ?C?LSTKXDATA

  -------         MODULE        ?C?PLDIXDATA
  C:0957H         PUBLIC        ?C?PLDIXDATA
  -------         ENDMOD        ?C?PLDIXDATA

  -------         MODULE        ?C?PSTXDATA
  C:096EH         PUBLIC        ?C?PSTXDATA
  -------         ENDMOD        ?C?PSTXDATA

  -------         MODULE        ?C?CCASE
  C:0977H         PUBLIC        ?C?CCASE
  -------         ENDMOD        ?C?CCASE

  -------         MODULE        PUTCHAR
  C:4D6BH         PUBLIC        _PUTCHAR
  -------         ENDMOD        PUTCHAR

  -------         MODULE        ?C?STRCPY
  C:0A69H         PUBLIC        ?C?STRCPY
  -------         ENDMOD        ?C?STRCPY

BL51 BANKED LINKER/LOCATER V5.12                                                      09/23/2022  10:10:06  PAGE 47


  -------         MODULE        ?C?MEMSET
  C:0A86H         PUBLIC        ?C?MEMSET
  -------         ENDMOD        ?C?MEMSET

  -------         MODULE        ?C?LLDIDATA
  C:0AB2H         PUBLIC        ?C?LLDIDATA
  -------         ENDMOD        ?C?LLDIDATA

  -------         MODULE        ?C?LLDXDATA
  C:0ABEH         PUBLIC        ?C?LLDXDATA
  -------         ENDMOD        ?C?LLDXDATA

  -------         MODULE        ?C?LLDPDATA
  C:0ACAH         PUBLIC        ?C?LLDPDATA
  -------         ENDMOD        ?C?LLDPDATA

  -------         MODULE        ?C?LSTIDATA
  C:0AD6H         PUBLIC        ?C?LSTIDATA
  -------         ENDMOD        ?C?LSTIDATA

  -------         MODULE        ?C?LSTPDATA
  C:0AE2H         PUBLIC        ?C?LSTPDATA
  -------         ENDMOD        ?C?LSTPDATA

*** WARNING L16: UNCALLED SEGMENT, IGNORED FOR OVERLAY PROCESS
    SEGMENT: ?PR?CONVERTIDORADC?MAIN

*** WARNING L16: UNCALLED SEGMENT, IGNORED FOR OVERLAY PROCESS
    SEGMENT: ?PR?TESTEEPROM?MAIN

*** WARNING L16: UNCALLED SEGMENT, IGNORED FOR OVERLAY PROCESS
    SEGMENT: ?PR?LCD_GLASS_DEINIT?DVR_LCD_SDI1621

*** WARNING L16: UNCALLED SEGMENT, IGNORED FOR OVERLAY PROCESS
    SEGMENT: ?PR?LCD_GLASS_ALL_ON?DVR_LCD_SDI1621

*** WARNING L16: UNCALLED SEGMENT, IGNORED FOR OVERLAY PROCESS
    SEGMENT: ?PR?_FLASH_WRITE_U32?DATA_NVM_5219_VC_DEC09_13

*** WARNING L16: UNCALLED SEGMENT, IGNORED FOR OVERLAY PROCESS
    SEGMENT: ?PR?VREADPARAMSCALE?DVR_SCALE

*** WARNING L16: UNCALLED SEGMENT, IGNORED FOR OVERLAY PROCESS
    SEGMENT: ?PR?CSETZEROPOINT?DVR_SCALE

*** WARNING L16: UNCALLED SEGMENT, IGNORED FOR OVERLAY PROCESS
    SEGMENT: ?PR?_CONOFFMODETARA?DVR_SCALE

*** WARNING L16: UNCALLED SEGMENT, IGNORED FOR OVERLAY PROCESS
    SEGMENT: ?PR?VSETZERO?DVR_SCALE

*** WARNING L16: UNCALLED SEGMENT, IGNORED FOR OVERLAY PROCESS
    SEGMENT: ?PR?_VPRECONFIGURATION?DVR_SCALE

*** WARNING L16: UNCALLED SEGMENT, IGNORED FOR OVERLAY PROCESS
    SEGMENT: ?PR?_CRUN_SCALE?DVR_SCALE

BL51 BANKED LINKER/LOCATER V5.12                                                      09/23/2022  10:10:06  PAGE 48


*** WARNING L16: UNCALLED SEGMENT, IGNORED FOR OVERLAY PROCESS
    SEGMENT: ?PR?VCALCULATE_WEIGHT?DVR_SCALE

*** WARNING L1: UNRESOLVED EXTERNAL SYMBOL
    SYMBOL:  UGET_STATUS_VOLT
    MODULE:  dvr_scale.obj (DVR_SCALE)

*** WARNING L1: UNRESOLVED EXTERNAL SYMBOL
    SYMBOL:  VGESTORBATERIA
    MODULE:  dvr_scale.obj (DVR_SCALE)

*** WARNING L2: REFERENCE MADE TO UNRESOLVED EXTERNAL
    SYMBOL:  VGESTORBATERIA
    MODULE:  dvr_scale.obj (DVR_SCALE)
    ADDRESS: 1FE6H

*** WARNING L2: REFERENCE MADE TO UNRESOLVED EXTERNAL
    SYMBOL:  UGET_STATUS_VOLT
    MODULE:  dvr_scale.obj (DVR_SCALE)
    ADDRESS: 1A00H

*** WARNING L2: REFERENCE MADE TO UNRESOLVED EXTERNAL
    SYMBOL:  VGESTORBATERIA
    MODULE:  dvr_scale.obj (DVR_SCALE)
    ADDRESS: 1A0AH

Program Size: data=15.1 xdata=609 code=20139
LINK/LOCATE RUN COMPLETE.  17 WARNING(S),  0 ERROR(S)
