BL51 BANKED LINKER/LOCATER V5.12                                                        09/22/2022  19:34:04  PAGE 1


BL51 BANKED LINKER/LOCATER V5.12, INVOKED BY:
C:\KEIL\C51\BIN\BL51.EXE main.obj, dvr_lcd_SDI1621.obj, keyboard.obj, dvr_HX712.obj, data_nvm_5219_Vc_Dec09_13.obj, dvr_
>> scale.obj TO solidic_proj RAMSIZE (256)


MEMORY MODEL: LARGE WITH FLOATING POINT ARITHMETIC


INPUT MODULES INCLUDED:
  main.obj (MAIN)
  dvr_lcd_SDI1621.obj (DVR_LCD_SDI1621)
  keyboard.obj (KEYBOARD)
  dvr_HX712.obj (DVR_HX712)
  data_nvm_5219_Vc_Dec09_13.obj (DATA_NVM_5219_VC_DEC09_13)
  dvr_scale.obj (DVR_SCALE)
  C:\KEIL\C51\LIB\C51FPL.LIB (?C?FPADD)
  C:\KEIL\C51\LIB\C51FPL.LIB (?C?FPMUL)
  C:\KEIL\C51\LIB\C51FPL.LIB (?C?FPDIV)
  C:\KEIL\C51\LIB\C51FPL.LIB (?C?FPCMP)
  C:\KEIL\C51\LIB\C51FPL.LIB (?C?FCAST)
  C:\KEIL\C51\LIB\C51FPL.LIB (?C?CASTF)
  C:\KEIL\C51\LIB\C51FPL.LIB (PRINTF)
  C:\KEIL\C51\LIB\C51FPL.LIB (POW)
  C:\KEIL\C51\LIB\C51FPL.LIB (?C?FPGETOPN)
  C:\KEIL\C51\LIB\C51FPL.LIB (?C?CHKFLOAT)
  C:\KEIL\C51\LIB\C51FPL.LIB (?C?FPNEG)
  C:\KEIL\C51\LIB\C51FPL.LIB (?C?FPROUND)
  C:\KEIL\C51\LIB\C51FPL.LIB (?C?FPCONVERT)
  C:\KEIL\C51\LIB\C51FPL.LIB (EXP)
  C:\KEIL\C51\LIB\C51FPL.LIB (LOG)
  C:\KEIL\C51\LIB\C51FPL.LIB (?C?FTNPWR)
  C:\KEIL\C51\LIB\C51FPL.LIB (?C?FPSERIES)
  C:\KEIL\C51\LIB\C51L.LIB (?C_STARTUP)
  C:\KEIL\C51\LIB\C51L.LIB (?C?COPY)
  C:\KEIL\C51\LIB\C51L.LIB (?C?CLDPTR)
  C:\KEIL\C51\LIB\C51L.LIB (?C?CLDOPTR)
  C:\KEIL\C51\LIB\C51L.LIB (?C?CSTPTR)
  C:\KEIL\C51\LIB\C51L.LIB (?C?IMUL)
  C:\KEIL\C51\LIB\C51L.LIB (?C?UIDIV)
  C:\KEIL\C51\LIB\C51L.LIB (?C?IILDX)
  C:\KEIL\C51\LIB\C51L.LIB (?C?ILDIX)
  C:\KEIL\C51\LIB\C51L.LIB (?C?LMUL)
  C:\KEIL\C51\LIB\C51L.LIB (?C?LNEG)
  C:\KEIL\C51\LIB\C51L.LIB (?C?SLCMP)
  C:\KEIL\C51\LIB\C51L.LIB (?C?ULCMP)
  C:\KEIL\C51\LIB\C51L.LIB (?C?ULSHR)
  C:\KEIL\C51\LIB\C51L.LIB (?C?LLDPTR)
  C:\KEIL\C51\LIB\C51L.LIB (?C?LLDOPTR)
  C:\KEIL\C51\LIB\C51L.LIB (?C?LSTOPTR)
  C:\KEIL\C51\LIB\C51L.LIB (?C?LLDCODE)
  C:\KEIL\C51\LIB\C51L.LIB (?C?LLDXDATA0)
  C:\KEIL\C51\LIB\C51L.LIB (?C?LLDCODE0)
  C:\KEIL\C51\LIB\C51L.LIB (?C?LSTXDATA)
  C:\KEIL\C51\LIB\C51L.LIB (?C?LSTKXDATA)
  C:\KEIL\C51\LIB\C51L.LIB (?C?PLDIXDATA)
  C:\KEIL\C51\LIB\C51L.LIB (?C?PSTXDATA)
  C:\KEIL\C51\LIB\C51L.LIB (?C?CCASE)
  C:\KEIL\C51\LIB\C51L.LIB (PUTCHAR)
BL51 BANKED LINKER/LOCATER V5.12                                                      09/22/2022  19:34:04  PAGE 2


  C:\KEIL\C51\LIB\C51L.LIB (?C?STRCPY)
  C:\KEIL\C51\LIB\C51L.LIB (?C?MEMSET)
  C:\KEIL\C51\LIB\C51L.LIB (?C_INIT)
  C:\KEIL\C51\LIB\C51L.LIB (?C?LLDIDATA)
  C:\KEIL\C51\LIB\C51L.LIB (?C?LLDXDATA)
  C:\KEIL\C51\LIB\C51L.LIB (?C?LLDPDATA)
  C:\KEIL\C51\LIB\C51L.LIB (?C?LSTIDATA)
  C:\KEIL\C51\LIB\C51L.LIB (?C?LSTPDATA)


LINK MAP OF MODULE:  solidic_proj (MAIN)


            TYPE    BASE      LENGTH    RELOCATION   SEGMENT NAME
            -----------------------------------------------------

            * * * * * * *   D A T A   M E M O R Y   * * * * * * *
            REG     0000H     0008H     ABSOLUTE     "REG BANK 0"
            DATA    0008H     0005H     UNIT         _DATA_GROUP_
                    000DH     0013H                  *** GAP ***
            BIT     0020H.0   0001H.1   UNIT         _BIT_GROUP_
            BIT     0021H.1   0000H.1   UNIT         ?BI?_NVM_DATA_WRITE_BYTE?DATA_NVM_5219_VC_DEC09_13
            BIT     0021H.2   0000H.1   UNIT         ?BI?_E2ROM_ERASE?DATA_NVM_5219_VC_DEC09_13
            BIT     0021H.3   0000H.1   UNIT         ?BI?LOG?LOG
                    0021H.4   0000H.4                *** GAP ***
            IDATA   0022H     0001H     UNIT         ?STACK

            * * * * * * *  X D A T A   M E M O R Y  * * * * * * *
            XDATA   0000H     00C5H     UNIT         ?XD?DVR_SCALE
            XDATA   00C5H     0067H     UNIT         _XDATA_GROUP_
            XDATA   012CH     003AH     UNIT         ?XD?DVR_HX712
            XDATA   0166H     0038H     UNIT         ?XD?DVR_LCD_SDI1621
            XDATA   019EH     002FH     UNIT         ?XD?FSLEEP_RUN?DVR_SCALE
            XDATA   01CDH     001BH     UNIT         ?XD?KEYBOARD
            XDATA   01E8H     0019H     UNIT         ?XD?_FCUENTASTOPESO?DVR_SCALE
            XDATA   0201H     0018H     UNIT         ?XD?_CONOFFMODETARA?DVR_SCALE
            XDATA   0219H     0010H     UNIT         ?XD?VCALIBRATE_SCALE?DVR_SCALE
            XDATA   0229H     000DH     UNIT         ?XD?_FLASH_WRITE_U32?DATA_NVM_5219_VC_DEC09_13
            XDATA   0236H     000DH     UNIT         ?XD?_FLASH_WRITE_FLOAT32?DATA_NVM_5219_VC_DEC09_13
            XDATA   0243H     000CH     UNIT         ?XD?TESTEEPROM?MAIN
            XDATA   024FH     000AH     UNIT         ?XD?_POW?POW
            XDATA   0259H     0009H     UNIT         ?XD?_FLASH_READ_U32?DATA_NVM_5219_VC_DEC09_13
            XDATA   0262H     0009H     UNIT         ?XD?_FLASH_READ_FLOAT32?DATA_NVM_5219_VC_DEC09_13
            XDATA   026BH     0009H     UNIT         ?XD?_FLASH_WRITE_U16?DATA_NVM_5219_VC_DEC09_13
            XDATA   0274H     0009H     UNIT         ?XD?_CLEARTHISBUTALL?DATA_NVM_5219_VC_DEC09_13
            XDATA   027DH     0008H     UNIT         ?XD?CSETZEROPOINT?DVR_SCALE
            XDATA   0285H     0008H     UNIT         ?XD?_VGETZEROTRACKING?DVR_SCALE
            XDATA   028DH     0008H     UNIT         ?XD?VWEIGHT_POSITIVE?DVR_SCALE
            XDATA   0295H     0007H     UNIT         ?XD?_FLASH_READ_U16?DATA_NVM_5219_VC_DEC09_13
            XDATA   029CH     0004H     UNIT         ?XD?VSETZERO?DVR_SCALE
            XDATA   02A0H     0004H     UNIT         ?XD?LOG?LOG
            XDATA   02A4H     0003H     UNIT         ?XD?_NVM_DATA_WRITE_BYTE?DATA_NVM_5219_VC_DEC09_13
            XDATA   02A7H     0003H     UNIT         ?XD?_FLASH_WRITE_U8?DATA_NVM_5219_VC_DEC09_13
            XDATA   02AAH     0003H     UNIT         ?XD?_E2ROM_ERASE?DATA_NVM_5219_VC_DEC09_13
            XDATA   02ADH     0003H     UNIT         ?XD?_VPRECONFIGURATION?DVR_SCALE
            XDATA   02B0H     0002H     UNIT         ?XD?DATA_NVM_5219_VC_DEC09_13
            XDATA   02B2H     0002H     UNIT         ?XD?VCALCULATE_WEIGHT?DVR_SCALE
BL51 BANKED LINKER/LOCATER V5.12                                                      09/22/2022  19:34:04  PAGE 3



            * * * * * * *   C O D E   M E M O R Y   * * * * * * *
            CODE    0000H     0003H     ABSOLUTE     
            CODE    0003H     0003H     UNIT         ?PR?VACTIONKEY?KEYBOARD
            CODE    0006H     0001H     UNIT         ?PR?VSCAN_KEY?KEYBOARD
            CODE    0007H     0001H     UNIT         ?PR?NOP?DATA_NVM_5219_VC_DEC09_13
                    0008H     0003H                  *** GAP ***
            CODE    000BH     0003H     ABSOLUTE     
            CODE    000EH     0AE0H     UNIT         ?C?LIB_CODE
            CODE    0AEEH     0483H     UNIT         ?PR?PRINTF?PRINTF
            CODE    0F71H     0450H     UNIT         ?PR?_FFILTER_AVERAGING?DVR_HX712
            CODE    13C1H     03FEH     UNIT         ?PR?_FCUENTASTOPESO?DVR_SCALE
            CODE    17BFH     03B2H     UNIT         ?PR?FSLEEP_RUN?DVR_SCALE
            CODE    1B71H     0352H     UNIT         ?PR?VWEIGHT_POSITIVE?DVR_SCALE
            CODE    1EC3H     0339H     UNIT         ?PR?_CONOFFMODETARA?DVR_SCALE
            CODE    21FCH     0323H     UNIT         ?PR?_FSTABLEPOINT?DVR_SCALE
            CODE    251FH     02EBH     UNIT         ?PR?VCALIBRATE_SCALE?DVR_SCALE
            CODE    280AH     02E7H     UNIT         ?PR?_VPRECONFIGURATION?DVR_SCALE
            CODE    2AF1H     02CCH     UNIT         ?PR?_VSAVEPARAMSCALE?DVR_SCALE
            CODE    2DBDH     026EH     UNIT         ?PR?_CRUN_SCALE?DVR_SCALE
            CODE    302BH     01CDH     UNIT         ?PR?VREADPARAMSCALE?DVR_SCALE
            CODE    31F8H     01A1H     UNIT         ?PR?TESTEEPROM?MAIN
            CODE    3399H     0197H     UNIT         ?PR?VCALCULATE_WEIGHT?DVR_SCALE
            CODE    3530H     018EH     UNIT         ?PR?_LCD_GLASS_STRING?DVR_LCD_SDI1621
            CODE    36BEH     018EH     UNIT         ?PR?CSETZEROPOINT?DVR_SCALE
            CODE    384CH     0184H     UNIT         ?PR?_VGETZEROTRACKING?DVR_SCALE
            CODE    39D0H     0166H     UNIT         ?PR?_POW?POW
            CODE    3B36H     013FH     UNIT         ?PR?_CLEARTHISBUTALL?DATA_NVM_5219_VC_DEC09_13
            CODE    3C75H     0130H     UNIT         ?PR?_FREAD_ADC?DVR_HX712
            CODE    3DA5H     0129H     UNIT         ?PR?LOG?LOG
            CODE    3ECEH     011FH     UNIT         ?PR?_LCD_GLASS_FLOAT?DVR_LCD_SDI1621
            CODE    3FEDH     0101H     UNIT         ?PR?_LCD_GLASS_SYMBOLS?DVR_LCD_SDI1621
            CODE    40EEH     00EBH     UNIT         ?PR?VWEIGHT_NEGATIVE?DVR_SCALE
            CODE    41D9H     00D3H     UNIT         ?PR?KEY_SCAN?KEYBOARD
            CODE    42ACH     00CCH     UNIT         ?CO?DVR_SCALE
            CODE    4378H     00B4H     UNIT         ?PR?TIMER0?MAIN
            CODE    442CH     00B3H     UNIT         ?PR?_LCD_GLASS_DOT?DVR_LCD_SDI1621
            CODE    44DFH     00A6H     UNIT         ?PR?_FLASH_WRITE_FLOAT32?DATA_NVM_5219_VC_DEC09_13
            CODE    4585H     00A3H     UNIT         ?PR?_FLASH_WRITE_U32?DATA_NVM_5219_VC_DEC09_13
            CODE    4628H     00A2H     UNIT         ?PR?WRITE_LCD?DVR_LCD_SDI1621
            CODE    46CAH     009EH     UNIT         ?C_INITSEG
            CODE    4768H     009AH     UNIT         ?PR?EXP?EXP
            CODE    4802H     008CH     UNIT         ?C_C51STARTUP
            CODE    488EH     008AH     UNIT         ?PR?_FLASH_WRITE_U16?DATA_NVM_5219_VC_DEC09_13
            CODE    4918H     0087H     UNIT         ?PR?READHX712?DVR_HX712
            CODE    499FH     0072H     UNIT         ?PR?_NVM_DATA_WRITE_BYTE?DATA_NVM_5219_VC_DEC09_13
            CODE    4A11H     006DH     UNIT         ?PR?MAIN?MAIN
            CODE    4A7EH     0058H     UNIT         ?PR?LCD_GLASS_INIT?DVR_LCD_SDI1621
            CODE    4AD6H     0058H     UNIT         ?PR?_E2ROM_ERASE?DATA_NVM_5219_VC_DEC09_13
            CODE    4B2EH     0046H     UNIT         ?PR?_FLASH_READ_U32?DATA_NVM_5219_VC_DEC09_13
            CODE    4B74H     0046H     UNIT         ?PR?_FLASH_READ_FLOAT32?DATA_NVM_5219_VC_DEC09_13
            CODE    4BBAH     0040H     UNIT         ?PR?_FLASH_READ_U16?DATA_NVM_5219_VC_DEC09_13
            CODE    4BFAH     003DH     UNIT         ?PR?_LCD_SET_CHAR?DVR_LCD_SDI1621
            CODE    4C37H     003CH     UNIT         ?PR?LCD_GLASS_DEINIT?DVR_LCD_SDI1621
            CODE    4C73H     0030H     UNIT         ?CO?DVR_LCD_SDI1621
            CODE    4CA3H     002FH     UNIT         ?PR?VSETZERO?DVR_SCALE
            CODE    4CD2H     002CH     UNIT         ?CO?DVR_HX712
BL51 BANKED LINKER/LOCATER V5.12                                                      09/22/2022  19:34:04  PAGE 4


            CODE    4CFEH     002AH     UNIT         ?PR?LCD_GLASS_CLEAR?DVR_LCD_SDI1621
            CODE    4D28H     002AH     UNIT         ?PR?LCD_GLASS_ALL_ON?DVR_LCD_SDI1621
            CODE    4D52H     002AH     UNIT         ?PR?_FLASH_WRITE_U8?DATA_NVM_5219_VC_DEC09_13
            CODE    4D7CH     0027H     UNIT         ?PR?PUTCHAR?PUTCHAR
            CODE    4DA3H     0022H     UNIT         ?PR?_DELAY_MS?KEYBOARD
            CODE    4DC5H     001DH     UNIT         ?PR?_LCD_UNIT_WRITE?DVR_LCD_SDI1621
            CODE    4DE2H     001CH     UNIT         ?PR?INIT_PWM?MAIN
            CODE    4DFEH     001BH     UNIT         ?PR?CONVERTIDORADC?MAIN
            CODE    4E19H     001AH     UNIT         ?PR?GPIO_INIT?MAIN
            CODE    4E33H     001AH     UNIT         ?PR?LCD_GLASS_UPDATE?DVR_LCD_SDI1621
            CODE    4E4DH     0017H     UNIT         ?PR?WDT_INIT?MAIN
            CODE    4E64H     0015H     UNIT         ?PR?INIT_INT_TIMER0?MAIN
            CODE    4E79H     0013H     UNIT         ?CO?MAIN
            CODE    4E8CH     0012H     UNIT         ?PR?VSOUND_SAVED_PARAM?KEYBOARD
            CODE    4E9EH     0012H     UNIT         ?PR?_FLASH_READ_U8?DATA_NVM_5219_VC_DEC09_13
            CODE    4EB0H     0011H     UNIT         ?PR?DELAY_35U?DVR_LCD_SDI1621
            CODE    4EC1H     000BH     UNIT         ?PR?VBEEP_KEY?KEYBOARD
            CODE    4ECCH     000AH     UNIT         ?PR?ADC_INIT?MAIN



OVERLAY MAP OF MODULE:   solidic_proj (MAIN)


SEGMENT                                             BIT_GROUP          DATA_GROUP          XDATA_GROUP
  +--> CALLED SEGMENT                            START    LENGTH     START    LENGTH     START    LENGTH
--------------------------------------------------------------------------------------------------------
?C_C51STARTUP                                    -----    -----      -----    -----      -----    -----
  +--> ?PR?MAIN?MAIN
  +--> ?C_INITSEG

?PR?MAIN?MAIN                                    -----    -----      -----    -----      00C5H    000CH
  +--> ?PR?WDT_INIT?MAIN
  +--> ?PR?GPIO_INIT?MAIN
  +--> ?PR?ADC_INIT?MAIN
  +--> ?PR?INIT_PWM?MAIN
  +--> ?PR?LCD_GLASS_INIT?DVR_LCD_SDI1621
  +--> ?CO?MAIN
  +--> ?PR?_LCD_GLASS_STRING?DVR_LCD_SDI1621
  +--> ?PR?_DELAY_MS?KEYBOARD
  +--> ?PR?LCD_GLASS_CLEAR?DVR_LCD_SDI1621
  +--> ?PR?_FSTABLEPOINT?DVR_SCALE
  +--> ?PR?_LCD_GLASS_FLOAT?DVR_LCD_SDI1621

?PR?LCD_GLASS_INIT?DVR_LCD_SDI1621               -----    -----      -----    -----      -----    -----
  +--> ?PR?DELAY_35U?DVR_LCD_SDI1621
  +--> ?PR?WRITE_LCD?DVR_LCD_SDI1621

?PR?WRITE_LCD?DVR_LCD_SDI1621                    -----    -----      -----    -----      00FBH    0012H
  +--> ?PR?DELAY_35U?DVR_LCD_SDI1621
  +--> ?PR?_LCD_UNIT_WRITE?DVR_LCD_SDI1621

?PR?_LCD_UNIT_WRITE?DVR_LCD_SDI1621              -----    -----      -----    -----      -----    -----
  +--> ?PR?DELAY_35U?DVR_LCD_SDI1621

?PR?_LCD_GLASS_STRING?DVR_LCD_SDI1621            -----    -----      -----    -----      00F6H    0005H
  +--> ?PR?_LCD_SET_CHAR?DVR_LCD_SDI1621
BL51 BANKED LINKER/LOCATER V5.12                                                      09/22/2022  19:34:04  PAGE 5


  +--> ?PR?LCD_GLASS_UPDATE?DVR_LCD_SDI1621

?PR?LCD_GLASS_UPDATE?DVR_LCD_SDI1621             -----    -----      -----    -----      -----    -----
  +--> ?PR?WRITE_LCD?DVR_LCD_SDI1621

?PR?LCD_GLASS_CLEAR?DVR_LCD_SDI1621              -----    -----      -----    -----      -----    -----
  +--> ?PR?WRITE_LCD?DVR_LCD_SDI1621

?PR?_FSTABLEPOINT?DVR_SCALE                      -----    -----      -----    -----      00D1H    0017H
  +--> ?PR?_FREAD_ADC?DVR_HX712
  +--> ?PR?VACTIONKEY?KEYBOARD
  +--> ?CO?DVR_SCALE
  +--> ?PR?_LCD_GLASS_STRING?DVR_LCD_SDI1621
  +--> ?PR?_LCD_GLASS_FLOAT?DVR_LCD_SDI1621
  +--> ?PR?LCD_GLASS_CLEAR?DVR_LCD_SDI1621

?PR?_FREAD_ADC?DVR_HX712                         -----    -----      -----    -----      00E8H    0005H
  +--> ?PR?_DELAY_MS?KEYBOARD
  +--> ?PR?READHX712?DVR_HX712
  +--> ?PR?_FFILTER_AVERAGING?DVR_HX712

?PR?READHX712?DVR_HX712                          -----    -----      -----    -----      00EDH    0007H
  +--> ?CO?DVR_HX712

?PR?_FFILTER_AVERAGING?DVR_HX712                 -----    -----      -----    -----      00EDH    003FH
  +--> ?CO?DVR_HX712

?PR?_LCD_GLASS_FLOAT?DVR_LCD_SDI1621             -----    -----      -----    -----      00E8H    000EH
  +--> ?CO?DVR_LCD_SDI1621
  +--> ?PR?PRINTF?PRINTF
  +--> ?PR?_LCD_GLASS_STRING?DVR_LCD_SDI1621

?PR?PRINTF?PRINTF                                0020H.0  0001H.1    0008H    0005H      00F6H    0030H
  +--> ?PR?PUTCHAR?PUTCHAR



UNRESOLVED EXTERNAL SYMBOLS:
   UGET_STATUS_VOLT
   VGESTORBATERIA



SYMBOL TABLE OF MODULE:  solidic_proj (MAIN)

  VALUE           TYPE          NAME
  ----------------------------------

  -------         MODULE        MAIN
  C:0000H         SYMBOL        _ICE_DUMMY_
  D:0094H         PUBLIC        P1M0
  D:0093H         PUBLIC        P0M1
  D:0096H         PUBLIC        P2M0
  D:0095H         PUBLIC        P1M1
  D:0080H         PUBLIC        P0
  C:4DFEH         PUBLIC        convertidorADC
  D:0097H         PUBLIC        P2M1
BL51 BANKED LINKER/LOCATER V5.12                                                      09/22/2022  19:34:04  PAGE 6


  D:0090H         PUBLIC        P1
  D:00A0H         PUBLIC        P2
  D:00ACH         PUBLIC        SARDATA
  D:00B0H         PUBLIC        P3
  B:00A8H.7       PUBLIC        EA
  D:00A8H         PUBLIC        IE
  D:00AAH         PUBLIC        WD_TA
  C:4E64H         PUBLIC        init_int_timer0
  D:00B8H         PUBLIC        IP
  D:009CH         PUBLIC        PWM0
  D:009DH         PUBLIC        PWM1
  C:4A11H         PUBLIC        main
  D:0098H         PUBLIC        SCON
  D:0089H         PUBLIC        TMOD
  D:0088H         PUBLIC        TCON
  C:4ECCH         PUBLIC        adc_init
  C:4E19H         PUBLIC        gpio_init
  D:00ABH         PUBLIC        SARCON
  D:008CH         PUBLIC        TH0
  D:008AH         PUBLIC        TL0
  C:4378H         SYMBOL        timer0
  D:009EH         PUBLIC        PWMCON
  D:009AH         PUBLIC        PWMF_H
  C:4E4DH         PUBLIC        wdt_init
  D:009BH         PUBLIC        PWMF_L
  D:00C8H         PUBLIC        T2CON
  C:4DE2H         PUBLIC        init_pwm
  C:31F8H         PUBLIC        TestEEPROM
  D:008EH         PUBLIC        CKCON
  D:00D0H         PUBLIC        PSW
  D:00A9H         PUBLIC        WDCON
  D:0092H         PUBLIC        P0M0
  -------         PROC          MAIN
  -------         DO            
  X:00C5H         SYMBOL        txt
  X:00C9H         SYMBOL        peso
  X:00CDH         SYMBOL        iTemp_RA
  -------         ENDDO         
  C:4A11H         LINE#         24
  C:4A11H         LINE#         25
  C:4A11H         LINE#         28
  C:4A1BH         LINE#         30
  C:4A1EH         LINE#         31
  C:4A21H         LINE#         32
  C:4A24H         LINE#         33
  C:4A27H         LINE#         40
  C:4A2AH         LINE#         41
  C:4A35H         LINE#         42
  C:4A40H         LINE#         43
  C:4A4BH         LINE#         45
  C:4A52H         LINE#         46
  C:4A55H         LINE#         49
  C:4A55H         LINE#         61
  C:4A64H         LINE#         62
  C:4A7CH         LINE#         78
  -------         ENDPROC       MAIN
  -------         PROC          INIT_PWM
BL51 BANKED LINKER/LOCATER V5.12                                                      09/22/2022  19:34:04  PAGE 7


  C:4DE2H         LINE#         82
  C:4DE2H         LINE#         84
  C:4DE5H         LINE#         85
  C:4DE8H         LINE#         88
  C:4DEBH         LINE#         89
  C:4DEEH         LINE#         91
  C:4DF1H         LINE#         92
  C:4DF4H         LINE#         93
  C:4DF7H         LINE#         94
  C:4DFAH         LINE#         95
  C:4DFDH         LINE#         98
  -------         ENDPROC       INIT_PWM
  -------         PROC          WDT_INIT
  C:4E4DH         LINE#         100
  C:4E4DH         LINE#         101
  C:4E4FH         LINE#         102
  C:4E52H         LINE#         103
  C:4E55H         LINE#         104
  C:4E58H         LINE#         105
  C:4E5AH         LINE#         106
  C:4E63H         LINE#         107
  -------         ENDPROC       WDT_INIT
  -------         PROC          GPIO_INIT
  C:4E19H         LINE#         109
  C:4E19H         LINE#         110
  C:4E19H         LINE#         111
  C:4E1CH         LINE#         112
  C:4E1FH         LINE#         113
  C:4E22H         LINE#         115
  C:4E25H         LINE#         116
  C:4E28H         LINE#         117
  C:4E2BH         LINE#         118
  C:4E2DH         LINE#         119
  C:4E30H         LINE#         120
  C:4E32H         LINE#         121
  -------         ENDPROC       GPIO_INIT
  -------         PROC          ADC_INIT
  C:4ECCH         LINE#         123
  C:4ECCH         LINE#         124
  C:4ECCH         LINE#         126
  C:4ECFH         LINE#         127
  C:4ED2H         LINE#         129
  C:4ED5H         LINE#         130
  -------         ENDPROC       ADC_INIT
  -------         PROC          INIT_INT_TIMER0
  C:4E64H         LINE#         132
  C:4E64H         LINE#         133
  C:4E64H         LINE#         135
  C:4E67H         LINE#         136
  C:4E6AH         LINE#         138
  C:4E6DH         LINE#         139
  C:4E6FH         LINE#         140
  C:4E72H         LINE#         141
  C:4E75H         LINE#         143
  C:4E78H         LINE#         144
  -------         ENDPROC       INIT_INT_TIMER0
  -------         PROC          CONVERTIDORADC
BL51 BANKED LINKER/LOCATER V5.12                                                      09/22/2022  19:34:04  PAGE 8


  -------         DO            
  D:0006H         SYMBOL        v
  -------         ENDDO         
  C:4DFEH         LINE#         146
  C:4DFEH         LINE#         148
  C:4E01H         LINE#         149
  C:4E04H         LINE#         150
  C:4E09H         LINE#         151
  C:4E09H         LINE#         152
  C:4E0CH         LINE#         153
  C:4E11H         LINE#         154
  C:4E11H         LINE#         155
  C:4E11H         LINE#         156
  C:4E11H         LINE#         157
  C:4E15H         LINE#         158
  C:4E18H         LINE#         159
  C:4E18H         LINE#         161
  -------         ENDPROC       CONVERTIDORADC
  -------         PROC          TIMER0
  C:4378H         LINE#         164
  C:4380H         LINE#         168
  C:4386H         LINE#         169
  C:438FH         LINE#         171
  C:4395H         LINE#         172
  C:4398H         LINE#         173
  C:4398H         LINE#         176
  C:439EH         LINE#         177
  C:43A8H         LINE#         178
  C:43ADH         LINE#         179
  C:43B0H         LINE#         180
  C:43B3H         LINE#         181
  C:43B3H         LINE#         185
  C:43B9H         LINE#         192
  C:43C0H         LINE#         193
  C:43C2H         LINE#         194
  C:43C5H         LINE#         195
  C:43C5H         LINE#         196
  C:43D6H         LINE#         197
  C:43E2H         LINE#         198
  C:43E4H         LINE#         199
  C:43E9H         LINE#         200
  C:43ECH         LINE#         201
  C:43EFH         LINE#         203
  C:43EFH         LINE#         204
  C:43EFH         LINE#         207
  C:43F5H         LINE#         208
  C:4404H         LINE#         209
  C:4410H         LINE#         210
  C:4412H         LINE#         211
  C:4417H         LINE#         212
  C:441AH         LINE#         213
  C:441AH         LINE#         214
  C:441AH         LINE#         217
  C:441DH         LINE#         218
  C:4420H         LINE#         219
  C:4423H         LINE#         221
  -------         ENDPROC       TIMER0
BL51 BANKED LINKER/LOCATER V5.12                                                      09/22/2022  19:34:04  PAGE 9


  -------         PROC          TESTEEPROM
  -------         DO            
  X:0243H         SYMBOL        addr
  X:0245H         SYMBOL        val
  X:0249H         SYMBOL        i
  X:024DH         SYMBOL        x
  -------         ENDDO         
  C:31F8H         LINE#         224
  C:31F8H         LINE#         225
  C:31F8H         LINE#         226
  C:3201H         LINE#         228
  C:320BH         LINE#         230
  C:3212H         LINE#         232
  C:3218H         LINE#         233
  C:321EH         LINE#         237
  C:323BH         LINE#         238
  C:3253H         LINE#         239
  C:3289H         LINE#         241
  C:32B5H         LINE#         242
  C:32CFH         LINE#         244
  C:32F5H         LINE#         245
  C:330FH         LINE#         247
  C:333BH         LINE#         248
  C:3354H         LINE#         250
  C:3372H         LINE#         251
  C:3379H         LINE#         252
  C:338DH         LINE#         253
  C:338DH         LINE#         255
  C:3392H         LINE#         256
  C:3396H         LINE#         257
  -------         ENDPROC       TESTEEPROM
  -------         ENDMOD        MAIN

  -------         MODULE        DVR_LCD_SDI1621
  C:0000H         SYMBOL        _ICE_DUMMY_
  D:0090H         PUBLIC        P1
  D:00A0H         PUBLIC        P2
  D:00B0H         PUBLIC        P3
  X:0166H         PUBLIC        cNumber_LCD
  D:00A8H         PUBLIC        IE
  C:442CH         PUBLIC        _LCD_GLASS_Dot
  D:00B8H         PUBLIC        IP
  C:4A7EH         PUBLIC        LCD_GLASS_Init
  D:0098H         PUBLIC        SCON
  D:0088H         PUBLIC        TCON
  C:463FH         PUBLIC        write_lcd
  C:4DC5H         PUBLIC        _lcd_unit_write
  C:4D28H         PUBLIC        LCD_GLASS_All_On
  C:4EB9H         PUBLIC        delay_35u
  C:4C37H         PUBLIC        LCD_GLASS_DeInit
  X:0170H         PUBLIC        Display
  X:0182H         PUBLIC        cABC_LCD
  C:3FEDH         PUBLIC        _LCD_GLASS_Symbols
  C:4C05H         PUBLIC        _LCD_SET_Char
  D:00C8H         PUBLIC        T2CON
  C:3ECEH         PUBLIC        _LCD_GLASS_Float
  C:3530H         PUBLIC        _LCD_GLASS_String
BL51 BANKED LINKER/LOCATER V5.12                                                      09/22/2022  19:34:04  PAGE 10


  C:4E33H         PUBLIC        LCD_GLASS_Update
  C:4CFEH         PUBLIC        LCD_GLASS_Clear
  D:00D0H         PUBLIC        PSW
  C:4EB0H         SYMBOL        L?0157
  C:4EB3H         SYMBOL        L?0158
  -------         PROC          L?0156
  -------         ENDPROC       L?0156
  C:4EB0H         SYMBOL        L?0157
  C:4EB3H         SYMBOL        L?0158
  -------         PROC          DELAY_35U
  -------         DO            
  D:0007H         SYMBOL        j
  -------         ENDDO         
  C:4EB9H         LINE#         135
  C:4EB9H         LINE#         137
  C:4EC0H         LINE#         138
  -------         ENDPROC       DELAY_35U
  -------         PROC          _LCD_UNIT_WRITE
  D:0006H         SYMBOL        d
  -------         DO            
  D:0005H         SYMBOL        i
  -------         ENDDO         
  C:4DC5H         LINE#         143
  C:4DC7H         LINE#         145
  C:4DC9H         LINE#         146
  C:4DD2H         LINE#         147
  C:4DD5H         LINE#         148
  C:4DD5H         LINE#         149
  C:4DD5H         LINE#         150
  C:4DD5H         LINE#         151
  C:4DD8H         LINE#         152
  C:4DDCH         LINE#         153
  C:4DE1H         LINE#         154
  -------         ENDPROC       _LCD_UNIT_WRITE
  -------         PROC          LCD_GLASS_INIT
  C:4A7EH         LINE#         158
  C:4A7EH         LINE#         159
  C:4A81H         LINE#         160
  C:4A84H         LINE#         161
  C:4A87H         LINE#         162
  C:4A8AH         LINE#         163
  C:4A8DH         LINE#         165
  C:4A92H         LINE#         167
  C:4A95H         LINE#         168
  C:4A9AH         LINE#         170
  C:4A9CH         LINE#         171
  C:4A9FH         LINE#         173
  C:4AA1H         LINE#         174
  C:4AA4H         LINE#         176
  C:4AA9H         LINE#         177
  C:4AACH         LINE#         179
  C:4AB2H         LINE#         182
  C:4AC0H         LINE#         183
  -------         ENDPROC       LCD_GLASS_INIT
  C:462BH         SYMBOL        L?0153
  C:462CH         SYMBOL        L?0154
  C:4630H         SYMBOL        L?0155
BL51 BANKED LINKER/LOCATER V5.12                                                      09/22/2022  19:34:04  PAGE 11


  -------         PROC          L?0152
  -------         ENDPROC       L?0152
  C:462BH         SYMBOL        L?0153
  C:462CH         SYMBOL        L?0154
  C:4630H         SYMBOL        L?0155
  -------         PROC          WRITE_LCD
  X:00FBH         SYMBOL        Display
  -------         DO            
  D:0004H         SYMBOL        i
  D:0006H         SYMBOL        addr
  -------         ENDDO         
  C:463FH         LINE#         195
  C:463FH         LINE#         196
  C:4641H         LINE#         197
  C:4642H         LINE#         213
  C:4645H         LINE#         214
  C:4648H         LINE#         215
  C:464BH         LINE#         216
  C:464EH         LINE#         217
  C:4651H         LINE#         218
  C:4654H         LINE#         219
  C:4654H         LINE#         220
  C:4654H         LINE#         221
  C:4654H         LINE#         222
  C:4657H         LINE#         223
  C:465AH         LINE#         224
  C:465AH         LINE#         225
  C:465AH         LINE#         226
  C:465AH         LINE#         227
  C:465DH         LINE#         228
  C:4663H         LINE#         229
  C:4668H         LINE#         231
  C:466BH         LINE#         232
  C:466BH         LINE#         233
  C:466BH         LINE#         234
  C:466BH         LINE#         235
  C:466EH         LINE#         237
  C:4674H         LINE#         238
  C:467AH         LINE#         239
  C:467AH         LINE#         240
  C:467AH         LINE#         241
  C:467AH         LINE#         242
  C:467DH         LINE#         243
  C:467FH         LINE#         245
  C:467FH         LINE#         246
  C:4681H         LINE#         247
  C:4682H         LINE#         248
  C:4685H         LINE#         249
  C:4689H         LINE#         250
  C:468EH         LINE#         252
  C:4691H         LINE#         253
  C:4691H         LINE#         254
  C:4691H         LINE#         255
  C:4694H         LINE#         256
  C:4698H         LINE#         257
  C:469DH         LINE#         258
  C:469FH         LINE#         259
BL51 BANKED LINKER/LOCATER V5.12                                                      09/22/2022  19:34:04  PAGE 12


  C:46BEH         LINE#         260
  C:46BEH         LINE#         261
  C:46C1H         LINE#         262
  C:46C4H         LINE#         263
  C:46C7H         LINE#         264
  -------         ENDPROC       WRITE_LCD
  -------         PROC          LCD_GLASS_DEINIT
  C:4C37H         LINE#         271
  C:4C37H         LINE#         272
  C:4C3DH         LINE#         276
  C:4C4BH         LINE#         277
  C:4C4EH         LINE#         279
  C:4C53H         LINE#         281
  C:4C56H         LINE#         282
  C:4C59H         LINE#         284
  C:4C5EH         LINE#         285
  -------         ENDPROC       LCD_GLASS_DEINIT
  -------         PROC          LCD_GLASS_CLEAR
  C:4CFEH         LINE#         291
  C:4CFEH         LINE#         292
  C:4D04H         LINE#         293
  C:4D12H         LINE#         294
  -------         ENDPROC       LCD_GLASS_CLEAR
  -------         PROC          LCD_GLASS_ALL_ON
  C:4D28H         LINE#         299
  C:4D28H         LINE#         300
  C:4D2EH         LINE#         301
  C:4D3CH         LINE#         302
  -------         ENDPROC       LCD_GLASS_ALL_ON
  -------         PROC          L?0159
  -------         ENDPROC       L?0159
  -------         PROC          _LCD_SET_CHAR
  D:0007H         SYMBOL        cCaracter
  D:0005H         SYMBOL        cPosition_On_LCD
  D:0003H         SYMBOL        cPosition_Text
  -------         DO            
  D:0006H         SYMBOL        i
  -------         ENDDO         
  C:4C05H         LINE#         307
  C:4C05H         LINE#         308
  C:4C05H         LINE#         309
  C:4C07H         LINE#         311
  C:4C0BH         LINE#         312
  C:4C11H         LINE#         313
  C:4C16H         LINE#         319
  C:4C1CH         LINE#         320
  C:4C29H         LINE#         321
  C:4C36H         LINE#         323
  -------         ENDPROC       _LCD_SET_CHAR
  -------         PROC          _LCD_GLASS_DOT
  D:0004H         SYMBOL        iNumber_Dot
  D:0005H         SYMBOL        cPosition_On_LCD
  D:0003H         SYMBOL        cFLag_On
  C:442CH         LINE#         326
  C:442EH         LINE#         328
  C:443EH         LINE#         329
  C:443EH         LINE#         330
BL51 BANKED LINKER/LOCATER V5.12                                                      09/22/2022  19:34:04  PAGE 13


  C:4442H         LINE#         331
  C:4449H         LINE#         332
  C:444FH         LINE#         334
  C:4453H         LINE#         335
  C:4453H         LINE#         336
  C:4457H         LINE#         337
  C:445EH         LINE#         338
  C:4464H         LINE#         340
  C:4468H         LINE#         342
  C:4468H         LINE#         343
  C:446DH         LINE#         344
  C:4474H         LINE#         345
  C:4476H         LINE#         347
  C:4476H         LINE#         348
  C:4476H         LINE#         349
  C:4478H         LINE#         350
  C:4478H         LINE#         352
  C:447CH         LINE#         353
  C:4483H         LINE#         354
  C:4489H         LINE#         356
  C:448DH         LINE#         357
  C:448DH         LINE#         359
  C:4491H         LINE#         360
  C:4498H         LINE#         361
  C:449EH         LINE#         363
  C:44A2H         LINE#         364
  C:44A2H         LINE#         365
  C:44A7H         LINE#         366
  C:44AEH         LINE#         367
  C:44B0H         LINE#         369
  C:44B0H         LINE#         370
  C:44B0H         LINE#         371
  C:44B2H         LINE#         373
  C:44B2H         LINE#         374
  C:44B6H         LINE#         375
  C:44BDH         LINE#         376
  C:44C3H         LINE#         378
  C:44C7H         LINE#         379
  C:44C7H         LINE#         380
  C:44CBH         LINE#         381
  C:44D2H         LINE#         382
  C:44D8H         LINE#         384
  C:44DCH         LINE#         385
  C:44DCH         LINE#         386
  C:44DCH         LINE#         387
  C:44DCH         LINE#         389
  -------         ENDPROC       _LCD_GLASS_DOT
  -------         PROC          _LCD_GLASS_SYMBOLS
  D:0007H         SYMBOL        cSymbol
  D:0005H         SYMBOL        cFlag_On
  C:3FEDH         LINE#         393
  C:3FEDH         LINE#         397
  C:4021H         LINE#         400
  C:4021H         LINE#         401
  C:4028H         LINE#         402
  C:402BH         LINE#         404
  C:402BH         LINE#         405
BL51 BANKED LINKER/LOCATER V5.12                                                      09/22/2022  19:34:04  PAGE 14


  C:402EH         LINE#         406
  C:402EH         LINE#         407
  C:4035H         LINE#         408
  C:4037H         LINE#         410
  C:4037H         LINE#         411
  C:403AH         LINE#         412
  C:403AH         LINE#         413
  C:4041H         LINE#         414
  C:4043H         LINE#         416
  C:4043H         LINE#         417
  C:4046H         LINE#         418
  C:4046H         LINE#         419
  C:404DH         LINE#         420
  C:404FH         LINE#         422
  C:404FH         LINE#         423
  C:4052H         LINE#         424
  C:4052H         LINE#         425
  C:4059H         LINE#         426
  C:405BH         LINE#         428
  C:405BH         LINE#         429
  C:405EH         LINE#         459
  C:405EH         LINE#         460
  C:4065H         LINE#         461
  C:4067H         LINE#         463
  C:4067H         LINE#         464
  C:4069H         LINE#         468
  C:4069H         LINE#         469
  C:4070H         LINE#         470
  C:4072H         LINE#         472
  C:4072H         LINE#         473
  C:4074H         LINE#         475
  C:4074H         LINE#         476
  C:407BH         LINE#         477
  C:407DH         LINE#         479
  C:407DH         LINE#         480
  C:407FH         LINE#         484
  C:407FH         LINE#         485
  C:4087H         LINE#         487
  C:408BH         LINE#         488
  C:4092H         LINE#         489
  C:4099H         LINE#         490
  C:40A0H         LINE#         496
  C:40A7H         LINE#         497
  C:40AEH         LINE#         498
  C:40B5H         LINE#         500
  C:40B7H         LINE#         501
  C:40B7H         LINE#         503
  C:40BBH         LINE#         504
  C:40C2H         LINE#         505
  C:40C9H         LINE#         506
  C:40D0H         LINE#         512
  C:40D7H         LINE#         513
  C:40DEH         LINE#         514
  C:40E5H         LINE#         515
  C:40E5H         LINE#         518
  C:40E5H         LINE#         520
  C:40E5H         LINE#         529
BL51 BANKED LINKER/LOCATER V5.12                                                      09/22/2022  19:34:04  PAGE 15


  C:40EBH         LINE#         532
  -------         ENDPROC       _LCD_GLASS_SYMBOLS
  -------         PROC          _LCD_GLASS_FLOAT
  X:00E8H         SYMBOL        fNumber_To_LCD
  X:00ECH         SYMBOL        iNumber_Decimal
  X:00EDH         SYMBOL        cPosition_On_LCD
  -------         DO            
  X:00EEH         SYMBOL        strText_LCD
  -------         ENDDO         
  C:3ECEH         LINE#         546
  C:3ED4H         LINE#         549
  C:3EDAH         LINE#         550
  C:3EE1H         LINE#         551
  C:3EEBH         LINE#         552
  C:3EEDH         LINE#         553
  C:3F15H         LINE#         555
  C:3F15H         LINE#         556
  C:3F1DH         LINE#         557
  C:3F24H         LINE#         559
  C:3F2FH         LINE#         560
  C:3F31H         LINE#         561
  C:3F59H         LINE#         563
  C:3F59H         LINE#         564
  C:3F61H         LINE#         565
  C:3F68H         LINE#         566
  C:3F72H         LINE#         567
  C:3F74H         LINE#         568
  C:3F9CH         LINE#         570
  C:3F9CH         LINE#         571
  C:3FA4H         LINE#         572
  C:3FABH         LINE#         573
  C:3FB5H         LINE#         574
  C:3FB7H         LINE#         575
  C:3FDFH         LINE#         577
  C:3FDFH         LINE#         580
  -------         ENDPROC       _LCD_GLASS_FLOAT
  -------         PROC          _LCD_GLASS_STRING
  X:00F6H         SYMBOL        pCaracter
  D:0004H         SYMBOL        cPosition_On_LCD
  -------         DO            
  X:00F9H         SYMBOL        iIndex_Text
  X:00FAH         SYMBOL        iPosicion_Decimal
  -------         ENDDO         
  C:3530H         LINE#         593
  C:353DH         LINE#         594
  C:3541H         LINE#         595
  C:3544H         LINE#         609
  C:3553H         LINE#         610
  C:3557H         LINE#         612
  C:355EH         LINE#         614
  C:3568H         LINE#         615
  C:357DH         LINE#         617
  C:3591H         LINE#         619
  C:359CH         LINE#         620
  C:35A9H         LINE#         621
  C:35A9H         LINE#         623
  C:35BAH         LINE#         624
BL51 BANKED LINKER/LOCATER V5.12                                                      09/22/2022  19:34:04  PAGE 16


  C:35C0H         LINE#         625
  C:35C0H         LINE#         627
  C:35D1H         LINE#         628
  C:35DDH         LINE#         629
  C:35E3H         LINE#         630
  C:35E3H         LINE#         632
  C:35FDH         LINE#         633
  C:3613H         LINE#         634
  C:3619H         LINE#         635
  C:3619H         LINE#         637
  C:362BH         LINE#         642
  C:3630H         LINE#         644
  C:3638H         LINE#         645
  C:363FH         LINE#         647
  C:3643H         LINE#         648
  C:364AH         LINE#         649
  C:3651H         LINE#         650
  C:3658H         LINE#         651
  C:3658H         LINE#         652
  C:365DH         LINE#         653
  C:3665H         LINE#         654
  C:366CH         LINE#         655
  C:3670H         LINE#         656
  C:3677H         LINE#         657
  C:367EH         LINE#         658
  C:3685H         LINE#         659
  C:3685H         LINE#         660
  C:3688H         LINE#         662
  C:3690H         LINE#         663
  C:3697H         LINE#         664
  C:369BH         LINE#         665
  C:36A2H         LINE#         672
  C:36A2H         LINE#         673
  C:36A2H         LINE#         674
  C:36A8H         LINE#         675
  C:36B2H         LINE#         676
  C:36B5H         LINE#         678
  C:36BBH         LINE#         681
  -------         ENDPROC       _LCD_GLASS_STRING
  -------         PROC          LCD_GLASS_UPDATE
  C:4E33H         LINE#         684
  C:4E33H         LINE#         686
  C:4E39H         LINE#         694
  -------         ENDPROC       LCD_GLASS_UPDATE
  -------         ENDMOD        DVR_LCD_SDI1621

  -------         MODULE        KEYBOARD
  C:0000H         SYMBOL        _ICE_DUMMY_
  C:4EC1H         PUBLIC        vBeep_Key
  D:0080H         PUBLIC        P0
  D:0090H         PUBLIC        P1
  D:00A0H         PUBLIC        P2
  D:00B0H         PUBLIC        P3
  C:0003H         PUBLIC        vActionKey
  C:0006H         PUBLIC        vScan_Key
  D:00A8H         PUBLIC        IE
  D:00AAH         PUBLIC        WD_TA
BL51 BANKED LINKER/LOCATER V5.12                                                      09/22/2022  19:34:04  PAGE 17


  D:00B8H         PUBLIC        IP
  X:01CDH         PUBLIC        Key
  C:4E8CH         PUBLIC        vSound_Saved_Param
  X:01CEH         PUBLIC        KeyState
  C:4DA3H         PUBLIC        _delay_ms
  D:0098H         PUBLIC        SCON
  D:0088H         PUBLIC        TCON
  B:0080H.1       PUBLIC        KEY_D0
  B:0080H.0       PUBLIC        KEY_D1
  B:0090H.0       PUBLIC        KEY_D2
  X:01CFH         PUBLIC        LastKey
  B:0090H.1       PUBLIC        KEY_D3
  B:0090H.2       PUBLIC        KEY_D4
  B:0080H.2       PUBLIC        KEY_K0
  B:00A0H.4       PUBLIC        KEY_K1
  B:00A0H.0       PUBLIC        KEY_K2
  B:0090H.6       PUBLIC        KEY_K3
  C:41D9H         PUBLIC        key_scan
  X:01D0H         PUBLIC        strTimer
  D:00C8H         PUBLIC        T2CON
  D:00D0H         PUBLIC        PSW
  D:00A9H         PUBLIC        WDCON
  -------         PROC          _DELAY_MS
  D:0006H         SYMBOL        num
  -------         DO            
  D:0004H         SYMBOL        i
  D:0003H         SYMBOL        j
  -------         ENDDO         
  C:4DA3H         LINE#         36
  C:4DA3H         LINE#         37
  C:4DA3H         LINE#         40
  C:4DADH         LINE#         41
  C:4DB4H         LINE#         43
  C:4DBDH         LINE#         44
  C:4DC4H         LINE#         46
  -------         ENDPROC       _DELAY_MS
  -------         PROC          KEY_SCAN
  -------         DO            
  D:0002H         SYMBOL        k
  -------         ENDDO         
  C:41D9H         LINE#         48
  C:41D9H         LINE#         49
  C:41DBH         LINE#         50
  C:41DFH         LINE#         52
  C:41DFH         LINE#         53
  C:41E1H         LINE#         54
  C:41E3H         LINE#         55
  C:41E5H         LINE#         56
  C:41E7H         LINE#         57
  C:41E9H         LINE#         58
  C:41EEH         LINE#         59
  C:41F4H         LINE#         60
  C:41FAH         LINE#         61
  C:4200H         LINE#         62
  C:4206H         LINE#         63
  C:420DH         LINE#         64
  C:421AH         LINE#         65
BL51 BANKED LINKER/LOCATER V5.12                                                      09/22/2022  19:34:04  PAGE 18


  C:4228H         LINE#         66
  C:4236H         LINE#         67
  C:4244H         LINE#         68
  C:424AH         LINE#         70
  C:4257H         LINE#         71
  C:425BH         LINE#         72
  C:4268H         LINE#         73
  C:426CH         LINE#         74
  C:427AH         LINE#         75
  C:427EH         LINE#         76
  C:428CH         LINE#         77
  C:428EH         LINE#         78
  C:428EH         LINE#         79
  C:4296H         LINE#         80
  C:42A2H         LINE#         81
  C:42ABH         LINE#         82
  -------         ENDPROC       KEY_SCAN
  -------         PROC          VBEEP_KEY
  C:4EC1H         LINE#         85
  C:4EC1H         LINE#         94
  C:4EC6H         LINE#         95
  C:4ECBH         LINE#         112
  -------         ENDPROC       VBEEP_KEY
  -------         PROC          VSCAN_KEY
  C:0006H         LINE#         114
  C:0006H         LINE#         115
  -------         ENDPROC       VSCAN_KEY
  -------         PROC          VACTIONKEY
  C:0003H         LINE#         117
  C:0003H         LINE#         134
  C:0005H         LINE#         135
  -------         ENDPROC       VACTIONKEY
  -------         PROC          VSOUND_SAVED_PARAM
  -------         DO            
  D:0002H         SYMBOL        i
  -------         ENDDO         
  C:4E8CH         LINE#         137
  C:4E8CH         LINE#         138
  C:4E8EH         LINE#         140
  C:4E8EH         LINE#         142
  C:4E91H         LINE#         144
  C:4E98H         LINE#         145
  C:4E9DH         LINE#         146
  -------         ENDPROC       VSOUND_SAVED_PARAM
  -------         ENDMOD        KEYBOARD

  -------         MODULE        DVR_HX712
  C:0000H         SYMBOL        _ICE_DUMMY_
  X:012CH         PUBLIC        fAverage_x
  D:0080H         PUBLIC        P0
  D:0090H         PUBLIC        P1
  D:00A0H         PUBLIC        P2
  D:00B0H         PUBLIC        P3
  X:0130H         PUBLIC        ValueCount
  D:00A8H         PUBLIC        IE
  X:0134H         PUBLIC        fBeforeValue_x
  D:00B8H         PUBLIC        IP
BL51 BANKED LINKER/LOCATER V5.12                                                      09/22/2022  19:34:04  PAGE 19


  X:0138H         PUBLIC        iValueOut
  C:0F71H         PUBLIC        _fFilter_Averaging
  B:0080H.4       PUBLIC        SCLK
  C:3C75H         PUBLIC        _fRead_Adc
  D:0098H         PUBLIC        SCON
  D:0088H         PUBLIC        TCON
  B:0080H.3       PUBLIC        MISO
  C:4918H         PUBLIC        ReadHX712
  C:4CD2H         SYMBOL        _?ix1000
  C:4CFAH         SYMBOL        _?ix1001
  X:0139H         PUBLIC        iCountFailResponse
  D:00C8H         PUBLIC        T2CON
  X:013BH         PUBLIC        iCountFailRead
  X:013DH         PUBLIC        iSelectFrecuency
  X:013EH         PUBLIC        arfDataFilter_x
  D:00D0H         PUBLIC        PSW
  -------         PROC          _FFILTER_AVERAGING
  X:00EDH         SYMBOL        iActualWeight
  X:00F1H         SYMBOL        cFastFill
  -------         DO            
  X:00F2H         SYMBOL        arfLowestToHighest
  X:011AH         SYMBOL        fThreshold
  X:011EH         SYMBOL        fData_Vector
  X:0122H         SYMBOL        pfData_Filter
  X:0125H         SYMBOL        fActualWeight
  X:0129H         SYMBOL        iLenthData_x
  X:012AH         SYMBOL        i
  X:012BH         SYMBOL        j
  -------         ENDDO         
  C:0F71H         LINE#         27
  C:0F77H         LINE#         28
  C:0F8AH         LINE#         30
  C:0F94H         LINE#         31
  C:0F9EH         LINE#         33
  C:0FB6H         LINE#         34
  C:0FBCH         LINE#         35
  C:0FBFH         LINE#         36
  C:0FC1H         LINE#         38
  C:0FCEH         LINE#         40
  C:103AH         LINE#         41
  C:1047H         LINE#         42
  C:1049H         LINE#         43
  C:105CH         LINE#         44
  C:1085H         LINE#         45
  C:108DH         LINE#         46
  C:108DH         LINE#         47
  C:1090H         LINE#         48
  C:1090H         LINE#         49
  C:1098H         LINE#         50
  C:109CH         LINE#         51
  C:10AFH         LINE#         52
  C:10DCH         LINE#         53
  C:10E4H         LINE#         54
  C:10ECH         LINE#         55
  C:1100H         LINE#         56
  C:1139H         LINE#         57
  C:1141H         LINE#         58
BL51 BANKED LINKER/LOCATER V5.12                                                      09/22/2022  19:34:04  PAGE 20


  C:1141H         LINE#         59
  C:1146H         LINE#         60
  C:1157H         LINE#         61
  C:1190H         LINE#         62
  C:1198H         LINE#         63
  C:1198H         LINE#         66
  C:11DCH         LINE#         68
  C:11ECH         LINE#         69
  C:121BH         LINE#         70
  C:1223H         LINE#         73
  C:1238H         LINE#         74
  C:124DH         LINE#         75
  C:1289H         LINE#         76
  C:12ACH         LINE#         77
  C:12DAH         LINE#         78
  C:12F9H         LINE#         79
  C:12F9H         LINE#         80
  C:1302H         LINE#         81
  C:130BH         LINE#         83
  C:1315H         LINE#         85
  C:1328H         LINE#         86
  C:1358H         LINE#         87
  C:1360H         LINE#         89
  C:139EH         LINE#         91
  C:13B2H         LINE#         93
  C:13C0H         LINE#         94
  -------         ENDPROC       _FFILTER_AVERAGING
  -------         PROC          _FREAD_ADC
  X:00E8H         SYMBOL        cFillFilter
  -------         DO            
  X:00E9H         SYMBOL        iTemp_RA
  -------         ENDDO         
  C:3C75H         LINE#         101
  C:3C7AH         LINE#         102
  C:3C82H         LINE#         104
  C:3C9FH         LINE#         105
  C:3CC5H         LINE#         106
  C:3CC7H         LINE#         107
  C:3CCDH         LINE#         110
  C:3CD6H         LINE#         114
  C:3CEFH         LINE#         119
  C:3D0AH         LINE#         120
  C:3D29H         LINE#         121
  C:3D3DH         LINE#         122
  C:3D59H         LINE#         123
  C:3D5BH         LINE#         124
  C:3D77H         LINE#         125
  C:3D77H         LINE#         129
  C:3D96H         LINE#         133
  C:3DA4H         LINE#         134
  -------         ENDPROC       _FREAD_ADC
  -------         PROC          READHX712
  -------         DO            
  D:0004H         SYMBOL        i
  X:00EDH         SYMBOL        ptr
  X:00F0H         SYMBOL        dato
  -------         ENDDO         
BL51 BANKED LINKER/LOCATER V5.12                                                      09/22/2022  19:34:04  PAGE 21


  C:4918H         LINE#         136
  C:4918H         LINE#         139
  C:492BH         LINE#         140
  C:4939H         LINE#         142
  C:493CH         LINE#         143
  C:493FH         LINE#         144
  C:493FH         LINE#         145
  C:4941H         LINE#         146
  C:495CH         LINE#         147
  C:495EH         LINE#         148
  C:4972H         LINE#         149
  C:497DH         LINE#         151
  C:498EH         LINE#         152
  C:4990H         LINE#         154
  C:499EH         LINE#         155
  -------         ENDPROC       READHX712
  -------         ENDMOD        DVR_HX712

  -------         MODULE        DATA_NVM_5219_VC_DEC09_13
  C:0000H         SYMBOL        _ICE_DUMMY_
  D:0090H         PUBLIC        P1
  D:00B0H         PUBLIC        P3
  B:00A8H.7       PUBLIC        EA
  C:4D52H         PUBLIC        _flash_write_u8
  D:00A8H         PUBLIC        IE
  D:00B8H         PUBLIC        IP
  X:02B0H         PUBLIC        NRM_securty_a
  X:02B1H         PUBLIC        NRM_securty_b
  D:00C4H         PUBLIC        FLASH_ENA
  D:00C5H         PUBLIC        FLASH_ENB
  D:00C6H         PUBLIC        FLASH_ENC
  C:4B2EH         PUBLIC        _flash_read_u32
  C:3B3FH         PUBLIC        _ClearThisButAll
  C:4BBAH         PUBLIC        _flash_read_u16
  D:00C7H         PUBLIC        FLASH_CON
  D:0098H         PUBLIC        SCON
  D:00C3H         PUBLIC        FLASH_ADDRH
  D:0088H         PUBLIC        TCON
  D:00C2H         PUBLIC        FLASH_ADDRL
  C:4AD6H         PUBLIC        _e2rom_erase
  C:4585H         PUBLIC        _flash_write_u32
  C:488EH         PUBLIC        _flash_write_u16
  C:0007H         PUBLIC        nop
  C:4B74H         PUBLIC        _flash_read_float32
  C:49B3H         PUBLIC        _nvm_data_write_byte
  C:44DFH         PUBLIC        _flash_write_float32
  D:00C8H         PUBLIC        T2CON
  D:00C1H         PUBLIC        FLASH_DATA
  D:00D0H         PUBLIC        PSW
  C:4EA8H         PUBLIC        _flash_read_u8
  -------         PROC          NOP
  -------         DO            
  D:0006H         SYMBOL        x
  -------         ENDDO         
  C:0007H         LINE#         27
  C:0007H         LINE#         28
  C:0007H         LINE#         29
BL51 BANKED LINKER/LOCATER V5.12                                                      09/22/2022  19:34:04  PAGE 22


  C:0007H         LINE#         30
  -------         ENDPROC       NOP
  C:4E9EH         SYMBOL        L?0062
  -------         PROC          L?0061
  -------         ENDPROC       L?0061
  C:4E9EH         SYMBOL        L?0062
  -------         PROC          _FLASH_READ_U8
  D:0006H         SYMBOL        addr
  -------         DO            
  D:0007H         SYMBOL        val
  -------         ENDDO         
  C:4EA8H         LINE#         32
  C:4EA8H         LINE#         33
  C:4EA8H         LINE#         35
  C:4EAFH         LINE#         36
  C:4EAFH         LINE#         37
  -------         ENDPROC       _FLASH_READ_U8
  -------         PROC          _FLASH_READ_U16
  X:0295H         SYMBOL        addr
  -------         DO            
  X:0297H         SYMBOL        val
  X:0299H         SYMBOL        ptr
  D:0005H         SYMBOL        i
  -------         ENDDO         
  C:4BBAH         LINE#         39
  C:4BC2H         LINE#         40
  C:4BC2H         LINE#         45
  C:4BD0H         LINE#         46
  C:4BD2H         LINE#         47
  C:4BD2H         LINE#         48
  C:4BECH         LINE#         49
  C:4BF1H         LINE#         50
  C:4BF9H         LINE#         51
  -------         ENDPROC       _FLASH_READ_U16
  -------         PROC          _FLASH_READ_U32
  X:0259H         SYMBOL        addr
  -------         DO            
  X:025BH         SYMBOL        val
  X:025FH         SYMBOL        ptr
  D:0005H         SYMBOL        i
  -------         ENDDO         
  C:4B2EH         LINE#         53
  C:4B36H         LINE#         54
  C:4B36H         LINE#         59
  C:4B44H         LINE#         60
  C:4B46H         LINE#         61
  C:4B46H         LINE#         62
  C:4B60H         LINE#         63
  C:4B65H         LINE#         64
  C:4B73H         LINE#         65
  -------         ENDPROC       _FLASH_READ_U32
  -------         PROC          _FLASH_READ_FLOAT32
  X:0262H         SYMBOL        addr
  -------         DO            
  X:0264H         SYMBOL        val
  X:0268H         SYMBOL        ptr
  D:0005H         SYMBOL        i
BL51 BANKED LINKER/LOCATER V5.12                                                      09/22/2022  19:34:04  PAGE 23


  -------         ENDDO         
  C:4B74H         LINE#         67
  C:4B7CH         LINE#         68
  C:4B7CH         LINE#         73
  C:4B8AH         LINE#         74
  C:4B8CH         LINE#         75
  C:4B8CH         LINE#         76
  C:4BA6H         LINE#         77
  C:4BABH         LINE#         78
  C:4BB9H         LINE#         79
  -------         ENDPROC       _FLASH_READ_FLOAT32
  C:49A2H         SYMBOL        L?0058
  -------         PROC          L?0057
  -------         ENDPROC       L?0057
  C:49A2H         SYMBOL        L?0058
  -------         PROC          _NVM_DATA_WRITE_BYTE
  D:0006H         SYMBOL        addr
  D:0005H         SYMBOL        in_data
  -------         DO            
  X:02A4H         SYMBOL        flash_addr
  B:0021H.1       SYMBOL        ea_save
  X:02A6H         SYMBOL        i
  -------         ENDDO         
  C:49B3H         LINE#         82
  C:49B3H         LINE#         83
  C:49B3H         LINE#         86
  C:49B8H         LINE#         88
  C:49C0H         LINE#         89
  C:49C4H         LINE#         90
  C:49C6H         LINE#         92
  C:49CCH         LINE#         93
  C:49D0H         LINE#         94
  C:49D4H         LINE#         97
  C:49D7H         LINE#         98
  C:49D9H         LINE#         99
  C:49DBH         LINE#         101
  C:49E7H         LINE#         102
  C:49EAH         LINE#         103
  C:49EDH         LINE#         105
  C:49F0H         LINE#         106
  C:49F3H         LINE#         107
  C:49F6H         LINE#         109
  C:4A02H         LINE#         110
  C:4A05H         LINE#         112
  C:4A08H         LINE#         113
  C:4A0AH         LINE#         114
  C:4A0CH         LINE#         115
  C:4A10H         LINE#         116
  -------         ENDPROC       _NVM_DATA_WRITE_BYTE
  -------         PROC          _FLASH_WRITE_U8
  X:02A7H         SYMBOL        addr
  X:02A9H         SYMBOL        in_data
  C:4D52H         LINE#         118
  C:4D5FH         LINE#         119
  C:4D5FH         LINE#         121
  C:4D66H         LINE#         122
  C:4D6EH         LINE#         124
BL51 BANKED LINKER/LOCATER V5.12                                                      09/22/2022  19:34:04  PAGE 24


  -------         ENDPROC       _FLASH_WRITE_U8
  -------         PROC          _FLASH_WRITE_U16
  X:026BH         SYMBOL        addr
  X:026DH         SYMBOL        in_data
  -------         DO            
  X:026FH         SYMBOL        ptr
  D:0004H         SYMBOL        i
  X:0272H         SYMBOL        aux
  -------         ENDDO         
  C:488EH         LINE#         127
  C:489EH         LINE#         128
  C:489EH         LINE#         134
  C:48A9H         LINE#         135
  C:48B7H         LINE#         136
  C:48E3H         LINE#         137
  C:48F2H         LINE#         140
  C:4900H         LINE#         141
  C:4902H         LINE#         142
  C:4902H         LINE#         143
  C:4912H         LINE#         144
  C:4917H         LINE#         145
  -------         ENDPROC       _FLASH_WRITE_U16
  -------         PROC          _FLASH_WRITE_U32
  X:0229H         SYMBOL        addr
  X:022BH         SYMBOL        in_data
  -------         DO            
  X:022FH         SYMBOL        ptr
  D:0004H         SYMBOL        i
  X:0232H         SYMBOL        aux
  -------         ENDDO         
  C:4585H         LINE#         147
  C:458DH         LINE#         148
  C:458DH         LINE#         154
  C:4596H         LINE#         155
  C:45A4H         LINE#         156
  C:45FCH         LINE#         157
  C:4602H         LINE#         160
  C:4610H         LINE#         161
  C:4612H         LINE#         162
  C:4612H         LINE#         163
  C:4622H         LINE#         164
  C:4627H         LINE#         165
  -------         ENDPROC       _FLASH_WRITE_U32
  -------         PROC          _FLASH_WRITE_FLOAT32
  X:0236H         SYMBOL        addr
  X:0238H         SYMBOL        in_data
  -------         DO            
  X:023CH         SYMBOL        ptr
  D:0004H         SYMBOL        i
  X:023FH         SYMBOL        aux
  -------         ENDDO         
  C:44DFH         LINE#         167
  C:44E7H         LINE#         168
  C:44E7H         LINE#         174
  C:44F0H         LINE#         175
  C:44FEH         LINE#         176
  C:4556H         LINE#         177
BL51 BANKED LINKER/LOCATER V5.12                                                      09/22/2022  19:34:04  PAGE 25


  C:455CH         LINE#         180
  C:456AH         LINE#         181
  C:456CH         LINE#         182
  C:456CH         LINE#         183
  C:457FH         LINE#         184
  C:4584H         LINE#         185
  -------         ENDPROC       _FLASH_WRITE_FLOAT32
  -------         PROC          _E2ROM_ERASE
  D:0006H         SYMBOL        addr
  -------         DO            
  X:02AAH         SYMBOL        i
  X:02ABH         SYMBOL        flash_addr
  B:0021H.2       SYMBOL        ea_save
  -------         ENDDO         
  C:4AD6H         LINE#         192
  C:4AD6H         LINE#         193
  C:4ADBH         LINE#         196
  C:4AE1H         LINE#         197
  C:4AE5H         LINE#         198
  C:4AE7H         LINE#         199
  C:4AEDH         LINE#         200
  C:4AF1H         LINE#         202
  C:4AF4H         LINE#         203
  C:4AF6H         LINE#         204
  C:4AF8H         LINE#         206
  C:4B04H         LINE#         207
  C:4B07H         LINE#         208
  C:4B0AH         LINE#         210
  C:4B0DH         LINE#         211
  C:4B10H         LINE#         212
  C:4B13H         LINE#         214
  C:4B1FH         LINE#         215
  C:4B22H         LINE#         217
  C:4B25H         LINE#         218
  C:4B27H         LINE#         219
  C:4B29H         LINE#         220
  C:4B2DH         LINE#         221
  -------         ENDPROC       _E2ROM_ERASE
  C:3B38H         SYMBOL        L?0060
  -------         PROC          L?0059
  -------         ENDPROC       L?0059
  C:3B38H         SYMBOL        L?0060
  -------         PROC          _CLEARTHISBUTALL
  X:0274H         SYMBOL        Address
  X:0276H         SYMBOL        IntCount
  -------         DO            
  X:0278H         SYMBOL        Aux
  X:0279H         SYMBOL        i
  D:0002H         SYMBOL        Page
  X:027BH         SYMBOL        SizePage
  -------         ENDDO         
  C:3B3FH         LINE#         223
  C:3B4FH         LINE#         224
  C:3B54H         LINE#         225
  C:3B58H         LINE#         227
  C:3B5FH         LINE#         230
  C:3B65H         LINE#         231
BL51 BANKED LINKER/LOCATER V5.12                                                      09/22/2022  19:34:04  PAGE 26


  C:3B70H         LINE#         235
  C:3B87H         LINE#         236
  C:3B95H         LINE#         237
  C:3B9CH         LINE#         238
  C:3BACH         LINE#         242
  C:3BC9H         LINE#         243
  C:3BDBH         LINE#         244
  C:3BEDH         LINE#         245
  C:3C0FH         LINE#         246
  C:3C1FH         LINE#         250
  C:3C26H         LINE#         254
  C:3C43H         LINE#         255
  C:3C5EH         LINE#         256
  C:3C6EH         LINE#         260
  -------         ENDPROC       _CLEARTHISBUTALL
  -------         ENDMOD        DATA_NVM_5219_VC_DEC09_13

  -------         MODULE        DVR_SCALE
  C:0000H         SYMBOL        _ICE_DUMMY_
  D:0080H         PUBLIC        P0
  D:0090H         PUBLIC        P1
  D:00A0H         PUBLIC        P2
  D:00B0H         PUBLIC        P3
  D:00A8H         PUBLIC        IE
  D:00AAH         PUBLIC        WD_TA
  X:0000H         PUBLIC        fWeightScaleBefore
  D:00B8H         PUBLIC        IP
  C:1B71H         PUBLIC        vWeight_Positive
  X:0004H         PUBLIC        iCounterZeroTracking
  C:1EC3H         PUBLIC        _cOnOffModeTara
  C:2202H         PUBLIC        _fStablePoint
  D:0098H         PUBLIC        SCON
  D:0088H         PUBLIC        TCON
  X:0006H         PUBLIC        fWeightScale
  C:36BEH         PUBLIC        cSetZeroPoint
  C:436BH         SYMBOL        _?ix1000
  C:4371H         SYMBOL        _?ix1001
  C:2DBDH         PUBLIC        _cRun_Scale
  C:4CA3H         PUBLIC        vSetZero
  C:2AF1H         PUBLIC        _vSaveParamScale
  X:000AH         PUBLIC        stScaleParam
  X:0090H         PUBLIC        fWeightLight
  X:0094H         PUBLIC        srFlagScale
  C:251FH         PUBLIC        vCalibrate_Scale
  C:3857H         PUBLIC        _vGetZeroTracking
  C:302BH         PUBLIC        vReadParamScale
  C:3399H         PUBLIC        vCalculate_Weight
  C:280AH         PUBLIC        _vPreConfiguration
  D:00C8H         PUBLIC        T2CON
  C:17BFH         PUBLIC        fSleep_Run
  D:00D0H         PUBLIC        PSW
  C:40EEH         PUBLIC        vWeight_Negative
  C:13F2H         PUBLIC        _fCuentasToPeso
  D:00A9H         PUBLIC        WDCON
  -------         PROC          VREADPARAMSCALE
  C:302BH         LINE#         106
  C:302BH         LINE#         107
BL51 BANKED LINKER/LOCATER V5.12                                                      09/22/2022  19:34:04  PAGE 27


  C:3038H         LINE#         108
  C:3045H         LINE#         109
  C:3052H         LINE#         110
  C:305CH         LINE#         112
  C:3068H         LINE#         113
  C:3074H         LINE#         114
  C:3080H         LINE#         115
  C:308CH         LINE#         116
  C:309BH         LINE#         117
  C:30AAH         LINE#         118
  C:30B9H         LINE#         119
  C:30C8H         LINE#         120
  C:30D7H         LINE#         121
  C:30E3H         LINE#         122
  C:30EFH         LINE#         123
  C:30FBH         LINE#         125
  C:3104H         LINE#         126
  C:3107H         LINE#         127
  C:3109H         LINE#         128
  C:310CH         LINE#         129
  C:310CH         LINE#         131
  C:3118H         LINE#         133
  C:311DH         LINE#         134
  C:3120H         LINE#         135
  C:3122H         LINE#         136
  C:3125H         LINE#         137
  C:3125H         LINE#         139
  C:3131H         LINE#         140
  C:3136H         LINE#         141
  C:3142H         LINE#         142
  C:314EH         LINE#         143
  C:315AH         LINE#         145
  C:3169H         LINE#         146
  C:3178H         LINE#         148
  C:3184H         LINE#         150
  C:3193H         LINE#         152
  C:319FH         LINE#         154
  C:31ABH         LINE#         156
  C:31BAH         LINE#         158
  C:31C7H         LINE#         160
  C:31D3H         LINE#         162
  C:31DFH         LINE#         164
  C:31EBH         LINE#         166
  -------         ENDPROC       VREADPARAMSCALE
  -------         PROC          _VSAVEPARAMSCALE
  D:0007H         SYMBOL        cType_Parameter
  C:2AF1H         LINE#         176
  C:2AF1H         LINE#         178
  C:2AF7H         LINE#         179
  C:2AFDH         LINE#         181
  C:2B26H         LINE#         183
  C:2B26H         LINE#         184
  C:2B2FH         LINE#         185
  C:2B4AH         LINE#         186
  C:2B65H         LINE#         187
  C:2B80H         LINE#         188
  C:2B80H         LINE#         189
BL51 BANKED LINKER/LOCATER V5.12                                                      09/22/2022  19:34:04  PAGE 28


  C:2B82H         LINE#         191
  C:2B82H         LINE#         192
  C:2B8CH         LINE#         193
  C:2B8FH         LINE#         195
  C:2B8FH         LINE#         197
  C:2B9BH         LINE#         198
  C:2BA7H         LINE#         199
  C:2BB6H         LINE#         200
  C:2BC5H         LINE#         201
  C:2BD4H         LINE#         202
  C:2BE3H         LINE#         203
  C:2BF2H         LINE#         204
  C:2BFEH         LINE#         205
  C:2C0AH         LINE#         206
  C:2C16H         LINE#         207
  C:2C22H         LINE#         208
  C:2C2EH         LINE#         209
  C:2C3AH         LINE#         210
  C:2C46H         LINE#         211
  C:2C52H         LINE#         212
  C:2C61H         LINE#         213
  C:2C6DH         LINE#         214
  C:2C79H         LINE#         215
  C:2C88H         LINE#         216
  C:2CA3H         LINE#         217
  C:2CAFH         LINE#         218
  C:2CBBH         LINE#         219
  C:2CC7H         LINE#         220
  C:2CD3H         LINE#         221
  C:2CDAH         LINE#         223
  C:2CDDH         LINE#         225
  C:2CDDH         LINE#         226
  C:2CE9H         LINE#         227
  C:2CEBH         LINE#         229
  C:2CEBH         LINE#         230
  C:2D01H         LINE#         231
  C:2D04H         LINE#         233
  C:2D04H         LINE#         234
  C:2D13H         LINE#         235
  C:2D16H         LINE#         237
  C:2D16H         LINE#         238
  C:2D25H         LINE#         239
  C:2D3BH         LINE#         240
  C:2D3DH         LINE#         242
  C:2D3DH         LINE#         243
  C:2D58H         LINE#         244
  C:2D6EH         LINE#         245
  C:2D70H         LINE#         247
  C:2D70H         LINE#         248
  C:2D88H         LINE#         249
  C:2D8AH         LINE#         251
  C:2D8AH         LINE#         252
  C:2DA5H         LINE#         253
  C:2DA7H         LINE#         255
  C:2DA7H         LINE#         256
  C:2DB3H         LINE#         257
  C:2DB3H         LINE#         258
BL51 BANKED LINKER/LOCATER V5.12                                                      09/22/2022  19:34:04  PAGE 29


  C:2DB3H         LINE#         261
  C:2DB8H         LINE#         262
  C:2DBCH         LINE#         263
  -------         ENDPROC       _VSAVEPARAMSCALE
  -------         PROC          L?0293
  -------         ENDPROC       L?0293
  -------         PROC          _FSTABLEPOINT
  X:00D1H         SYMBOL        cSetCountBack
  X:00D2H         SYMBOL        cShowCount
  X:00D3H         SYMBOL        cRunStable
  -------         DO            
  X:00D4H         SYMBOL        cCountReading
  X:00D5H         SYMBOL        cNumber_Count
  X:00D6H         SYMBOL        cCountBack
  X:00DAH         SYMBOL        fActualWeightAdc
  X:00DEH         SYMBOL        fWeightAdc
  X:00E2H         SYMBOL        fLimitRange
  X:00E6H         SYMBOL        i
  -------         ENDDO         
  C:2202H         LINE#         277
  C:220FH         LINE#         279
  C:2214H         LINE#         280
  C:2216H         LINE#         281
  C:221DH         LINE#         282
  C:2227H         LINE#         283
  C:2231H         LINE#         284
  C:2240H         LINE#         285
  C:2247H         LINE#         287
  C:224BH         LINE#         289
  C:2252H         LINE#         290
  C:2258H         LINE#         291
  C:2258H         LINE#         293
  C:2261H         LINE#         294
  C:226FH         LINE#         295
  C:227DH         LINE#         296
  C:228BH         LINE#         298
  C:22A8H         LINE#         300
  C:22ABH         LINE#         303
  C:22B6H         LINE#         304
  C:22CAH         LINE#         305
  C:22D5H         LINE#         306
  C:22E0H         LINE#         307
  C:22EBH         LINE#         308
  C:22EDH         LINE#         309
  C:2314H         LINE#         310
  C:233CH         LINE#         311
  C:2363H         LINE#         312
  C:2363H         LINE#         313
  C:2363H         LINE#         315
  C:2371H         LINE#         320
  C:23D7H         LINE#         321
  C:23D7H         LINE#         322
  C:23DDH         LINE#         326
  C:23EBH         LINE#         327
  C:240FH         LINE#         328
  C:2414H         LINE#         329
  C:2414H         LINE#         330
BL51 BANKED LINKER/LOCATER V5.12                                                      09/22/2022  19:34:04  PAGE 30


  C:2417H         LINE#         333
  C:2422H         LINE#         334
  C:2425H         LINE#         335
  C:2430H         LINE#         336
  C:243BH         LINE#         337
  C:2487H         LINE#         338
  C:24D3H         LINE#         339
  C:24D3H         LINE#         340
  C:24D8H         LINE#         341
  C:24E7H         LINE#         342
  C:24F5H         LINE#         344
  C:24FEH         LINE#         345
  C:2503H         LINE#         346
  C:250AH         LINE#         347
  C:250AH         LINE#         348
  C:250AH         LINE#         349
  C:250AH         LINE#         351
  C:2510H         LINE#         352
  C:251EH         LINE#         353
  -------         ENDPROC       _FSTABLEPOINT
  -------         PROC          CSETZEROPOINT
  -------         DO            
  X:027DH         SYMBOL        fWeightPlate
  X:0281H         SYMBOL        fPointZero
  -------         ENDDO         
  C:36BEH         LINE#         367
  C:36BEH         LINE#         370
  C:36C8H         LINE#         371
  C:36D2H         LINE#         373
  C:36DFH         LINE#         375
  C:36E5H         LINE#         376
  C:36E8H         LINE#         377
  C:36E8H         LINE#         380
  C:370DH         LINE#         382
  C:3716H         LINE#         384
  C:379AH         LINE#         385
  C:379AH         LINE#         388
  C:379DH         LINE#         389
  C:37A8H         LINE#         390
  C:37B3H         LINE#         394
  C:37B3H         LINE#         395
  C:37BCH         LINE#         396
  C:37C8H         LINE#         397
  C:37CBH         LINE#         398
  C:37CBH         LINE#         399
  C:37CBH         LINE#         400
  C:37CBH         LINE#         401
  C:37CBH         LINE#         403
  C:380FH         LINE#         406
  C:3812H         LINE#         407
  C:381DH         LINE#         411
  C:381DH         LINE#         412
  C:3826H         LINE#         413
  C:3832H         LINE#         414
  C:3835H         LINE#         415
  C:3835H         LINE#         416
  C:3835H         LINE#         418
BL51 BANKED LINKER/LOCATER V5.12                                                      09/22/2022  19:34:04  PAGE 31


  C:3835H         LINE#         419
  C:3849H         LINE#         420
  C:3849H         LINE#         422
  C:384BH         LINE#         423
  -------         ENDPROC       CSETZEROPOINT
  -------         PROC          _CONOFFMODETARA
  X:0201H         SYMBOL        fWeightTara
  -------         DO            
  X:0205H         SYMBOL        fAdcCountTara
  X:0209H         SYMBOL        fLimite_Inf
  X:020DH         SYMBOL        fLimite_Sup
  X:0211H         SYMBOL        fWeightZero
  X:0215H         SYMBOL        AuxTara
  -------         ENDDO         
  C:1EC3H         LINE#         440
  C:1EC9H         LINE#         442
  C:1ED3H         LINE#         443
  C:1EDDH         LINE#         444
  C:1EE7H         LINE#         445
  C:1EF1H         LINE#         446
  C:1EFBH         LINE#         448
  C:1F04H         LINE#         450
  C:1F0FH         LINE#         452
  C:1F2BH         LINE#         453
  C:1F34H         LINE#         455
  C:1F3AH         LINE#         456
  C:1F77H         LINE#         457
  C:1F77H         LINE#         458
  C:1F77H         LINE#         459
  C:1F77H         LINE#         460
  C:1F79H         LINE#         461
  C:1F9AH         LINE#         462
  C:1FAEH         LINE#         463
  C:1FB4H         LINE#         464
  C:1FB4H         LINE#         465
  C:1FB4H         LINE#         466
  C:1FB5H         LINE#         467
  C:1FBBH         LINE#         468
  C:1FF8H         LINE#         469
  C:1FF8H         LINE#         470
  C:1FF8H         LINE#         471
  C:1FFAH         LINE#         472
  C:201DH         LINE#         473
  C:2031H         LINE#         474
  C:2031H         LINE#         475
  C:2031H         LINE#         476
  C:2031H         LINE#         477
  C:204CH         LINE#         479
  C:2055H         LINE#         480
  C:2073H         LINE#         482
  C:207EH         LINE#         483
  C:20ACH         LINE#         484
  C:20D7H         LINE#         485
  C:210AH         LINE#         486
  C:2116H         LINE#         487
  C:2120H         LINE#         488
  C:2123H         LINE#         489
BL51 BANKED LINKER/LOCATER V5.12                                                      09/22/2022  19:34:04  PAGE 32


  C:212CH         LINE#         490
  C:2136H         LINE#         491
  C:2136H         LINE#         492
  C:2138H         LINE#         493
  C:2141H         LINE#         494
  C:2173H         LINE#         495
  C:2173H         LINE#         497
  C:21B7H         LINE#         498
  C:21BEH         LINE#         499
  C:21C8H         LINE#         500
  C:21CDH         LINE#         501
  C:21E1H         LINE#         502
  C:21FBH         LINE#         503
  C:21FBH         LINE#         504
  C:21FBH         LINE#         505
  C:21FBH         LINE#         507
  C:21FBH         LINE#         508
  -------         ENDPROC       _CONOFFMODETARA
  -------         PROC          VSETZERO
  -------         DO            
  X:029CH         SYMBOL        fWeightZero
  -------         ENDDO         
  C:4CA3H         LINE#         517
  C:4CA3H         LINE#         518
  C:4CADH         LINE#         521
  C:4CB6H         LINE#         523
  C:4CBDH         LINE#         524
  C:4CD1H         LINE#         525
  C:4CD1H         LINE#         526
  -------         ENDPROC       VSETZERO
  -------         PROC          L?0292
  -------         ENDPROC       L?0292
  -------         PROC          _VGETZEROTRACKING
  X:0285H         SYMBOL        fActualWeightScale
  -------         DO            
  X:0289H         SYMBOL        fValor_Limite
  -------         ENDDO         
  C:3857H         LINE#         535
  C:385DH         LINE#         536
  C:3867H         LINE#         539
  C:386EH         LINE#         540
  C:3899H         LINE#         541
  C:38C6H         LINE#         542
  C:38C8H         LINE#         543
  C:38DCH         LINE#         545
  C:38F9H         LINE#         547
  C:3911H         LINE#         548
  C:392FH         LINE#         549
  C:392FH         LINE#         551
  C:3995H         LINE#         552
  C:3995H         LINE#         554
  C:39A3H         LINE#         555
  C:39B4H         LINE#         556
  C:39C8H         LINE#         557
  C:39C8H         LINE#         558
  C:39C8H         LINE#         559
  C:39CFH         LINE#         560
BL51 BANKED LINKER/LOCATER V5.12                                                      09/22/2022  19:34:04  PAGE 33


  C:39CFH         LINE#         561
  -------         ENDPROC       _VGETZEROTRACKING
  -------         PROC          VCALIBRATE_SCALE
  -------         DO            
  X:0219H         SYMBOL        fAux_Value
  X:021DH         SYMBOL        fAuxCountAdcInicial
  X:0221H         SYMBOL        fAuxCountAdcFinal
  X:0225H         SYMBOL        fAuxCountDif
  -------         ENDDO         
  C:251FH         LINE#         571
  C:251FH         LINE#         572
  C:2529H         LINE#         573
  C:2533H         LINE#         574
  C:253DH         LINE#         575
  C:2547H         LINE#         577
  C:2555H         LINE#         580
  C:2558H         LINE#         582
  C:2563H         LINE#         583
  C:256EH         LINE#         584
  C:2579H         LINE#         593
  C:258BH         LINE#         603
  C:259FH         LINE#         604
  C:25A6H         LINE#         606
  C:25A9H         LINE#         608
  C:25B4H         LINE#         609
  C:25BFH         LINE#         610
  C:25CAH         LINE#         618
  C:25DCH         LINE#         620
  C:25EBH         LINE#         623
  C:25FFH         LINE#         625
  C:2622H         LINE#         626
  C:2660H         LINE#         628
  C:2685H         LINE#         629
  C:26C3H         LINE#         631
  C:26D5H         LINE#         632
  C:26E7H         LINE#         633
  C:2728H         LINE#         634
  C:2763H         LINE#         635
  C:2788H         LINE#         637
  C:27A0H         LINE#         638
  C:27BEH         LINE#         639
  C:27BEH         LINE#         641
  C:27C1H         LINE#         643
  C:27CCH         LINE#         644
  C:27D7H         LINE#         646
  C:27E0H         LINE#         647
  C:27EBH         LINE#         669
  C:27EEH         LINE#         670
  C:27F1H         LINE#         672
  C:27F7H         LINE#         673
  C:27FCH         LINE#         675
  C:2807H         LINE#         677
  -------         ENDPROC       VCALIBRATE_SCALE
  -------         PROC          _VPRECONFIGURATION
  X:02ADH         SYMBOL        cPreConfiguration
  -------         DO            
  X:02AEH         SYMBOL        Value_Key_Press
BL51 BANKED LINKER/LOCATER V5.12                                                      09/22/2022  19:34:04  PAGE 34


  X:02AFH         SYMBOL        cIndex
  -------         ENDDO         
  C:280AH         LINE#         689
  C:280FH         LINE#         692
  C:2814H         LINE#         694
  C:2819H         LINE#         696
  C:281CH         LINE#         698
  C:2822H         LINE#         699
  C:2824H         LINE#         701
  C:282AH         LINE#         702
  C:2831H         LINE#         703
  C:2831H         LINE#         704
  C:2831H         LINE#         705
  C:2831H         LINE#         706
  C:2831H         LINE#         707
  C:2831H         LINE#         708
  C:2831H         LINE#         709
  C:2831H         LINE#         710
  C:283AH         LINE#         711
  C:2842H         LINE#         712
  C:2842H         LINE#         713
  C:2842H         LINE#         714
  C:2842H         LINE#         715
[...]
  C:1CC2H         LINE#         1071
  C:1CC7H         LINE#         1072
  C:1CCDH         LINE#         1073
  C:1CD6H         LINE#         1074
  C:1CD8H         LINE#         1076
  C:1D0DH         LINE#         1077
  C:1D32H         LINE#         1078
  C:1D37H         LINE#         1079
BL51 BANKED LINKER/LOCATER V5.12                                                      09/22/2022  19:34:04  PAGE 39


  C:1D37H         LINE#         1083
  C:1D37H         LINE#         1084
  C:1D3CH         LINE#         1087
  C:1D59H         LINE#         1090
  C:1D5FH         LINE#         1091
  C:1D8FH         LINE#         1092
  C:1D99H         LINE#         1093
  C:1D9EH         LINE#         1094
  C:1DA2H         LINE#         1095
  C:1DA6H         LINE#         1096
  C:1DA6H         LINE#         1097
  C:1DA6H         LINE#         1099
  C:1DA6H         LINE#         1102
  C:1DA6H         LINE#         1104
  C:1DBAH         LINE#         1107
  C:1DDEH         LINE#         1108
  C:1DE0H         LINE#         1109
  C:1DE0H         LINE#         1111
  C:1DF8H         LINE#         1112
  C:1DFCH         LINE#         1113
  C:1DFEH         LINE#         1114
  C:1E0DH         LINE#         1115
  C:1E0DH         LINE#         1117
  C:1E32H         LINE#         1123
  C:1E74H         LINE#         1124
  C:1E7FH         LINE#         1125
  C:1E7FH         LINE#         1126
  C:1E99H         LINE#         1127
  C:1EB2H         LINE#         1128
  C:1EB4H         LINE#         1129
  C:1EC2H         LINE#         1130
  C:1EC2H         LINE#         1131
  C:1EC2H         LINE#         1132
  C:1EC2H         LINE#         1133
  -------         ENDPROC       VWEIGHT_POSITIVE
  -------         PROC          VWEIGHT_NEGATIVE
  C:40EEH         LINE#         1143
  C:40EEH         LINE#         1145
  C:40F4H         LINE#         1146
  C:40F9H         LINE#         1149
  C:4149H         LINE#         1150
  C:4166H         LINE#         1151
  C:4168H         LINE#         1152
  C:4173H         LINE#         1153
  C:4173H         LINE#         1155
  C:4179H         LINE#         1156
  C:417FH         LINE#         1157
  C:4181H         LINE#         1158
  C:418BH         LINE#         1159
  C:4190H         LINE#         1160
  C:419AH         LINE#         1161
  C:41A5H         LINE#         1162
  C:41A5H         LINE#         1164
  C:41BDH         LINE#         1165
  C:41C1H         LINE#         1166
  C:41C3H         LINE#         1167
  C:41D2H         LINE#         1168
BL51 BANKED LINKER/LOCATER V5.12                                                      09/22/2022  19:34:04  PAGE 40


  C:41D2H         LINE#         1171
  -------         ENDPROC       VWEIGHT_NEGATIVE
  -------         PROC          VCALCULATE_WEIGHT
  -------         DO            
  X:02B2H         SYMBOL        i
  X:02B3H         SYMBOL        cCountPrecioFijo
  -------         ENDDO         
  C:3399H         LINE#         1183
  C:3399H         LINE#         1188
  C:33A0H         LINE#         1190
  C:33A9H         LINE#         1191
  C:33ACH         LINE#         1192
  C:33AEH         LINE#         1193
  C:33AEH         LINE#         1194
  C:33B1H         LINE#         1195
  C:33B1H         LINE#         1197
  C:33CBH         LINE#         1198
  C:33D6H         LINE#         1199
  C:33DEH         LINE#         1201
  C:33EDH         LINE#         1202
  C:33F8H         LINE#         1204
  C:33F8H         LINE#         1207
  C:3405H         LINE#         1208
  C:340BH         LINE#         1209
  C:340BH         LINE#         1211
  C:341FH         LINE#         1213
  C:3433H         LINE#         1216
  C:3458H         LINE#         1217
  C:346CH         LINE#         1219
  C:3473H         LINE#         1220
  C:3476H         LINE#         1221
  C:3478H         LINE#         1223
  C:347FH         LINE#         1224
  C:3493H         LINE#         1225
  C:34B8H         LINE#         1226
  C:34BEH         LINE#         1227
  C:34C5H         LINE#         1228
  C:34C5H         LINE#         1229
  C:34C5H         LINE#         1230
  C:34DCH         LINE#         1231
  C:34DCH         LINE#         1233
  C:34FAH         LINE#         1234
  C:34FFH         LINE#         1235
  C:3519H         LINE#         1236
  C:351DH         LINE#         1237
  C:351DH         LINE#         1239
  C:352FH         LINE#         1240
  -------         ENDPROC       VCALCULATE_WEIGHT
  C:13C4H         SYMBOL        L?0291
  -------         PROC          L?0290
  -------         ENDPROC       L?0290
  C:13C4H         SYMBOL        L?0291
  -------         PROC          _FCUENTASTOPESO
  X:01E8H         SYMBOL        fCountADC
  -------         DO            
  X:01ECH         SYMBOL        fAuxFactorC
  X:01F0H         SYMBOL        fPesoFinal
BL51 BANKED LINKER/LOCATER V5.12                                                      09/22/2022  19:34:04  PAGE 41


  X:01F4H         SYMBOL        fPesoAux
  X:01F8H         SYMBOL        iAuxPeso
  X:01FCH         SYMBOL        arfFactorMult
  X:0200H         SYMBOL        cFlagNeg
  -------         ENDDO         
  C:13F2H         LINE#         1249
  C:13F8H         LINE#         1251
  C:1402H         LINE#         1252
  C:140CH         LINE#         1253
  C:1416H         LINE#         1254
  C:1420H         LINE#         1255
  C:142AH         LINE#         1256
  C:142FH         LINE#         1258
  C:1446H         LINE#         1259
  C:144CH         LINE#         1260
  C:146AH         LINE#         1261
  C:146AH         LINE#         1263
  C:1470H         LINE#         1264
  C:14AFH         LINE#         1265
  C:14BDH         LINE#         1266
  C:14C0H         LINE#         1267
  C:14F1H         LINE#         1268
  C:14FBH         LINE#         1269
  C:152CH         LINE#         1270
  C:156BH         LINE#         1271
  C:1592H         LINE#         1272
  C:1595H         LINE#         1273
  C:15C6H         LINE#         1274
  C:15F7H         LINE#         1275
  C:1636H         LINE#         1276
  C:165DH         LINE#         1277
  C:165FH         LINE#         1278
  C:165FH         LINE#         1279
  C:169EH         LINE#         1280
  C:16C3H         LINE#         1281
  C:16C3H         LINE#         1282
  C:16C3H         LINE#         1284
  C:16DAH         LINE#         1286
  C:1719H         LINE#         1287
  C:1763H         LINE#         1288
  C:178CH         LINE#         1290
  C:1792H         LINE#         1291
  C:17B0H         LINE#         1292
  C:17B0H         LINE#         1294
  C:17BEH         LINE#         1295
  -------         ENDPROC       _FCUENTASTOPESO
  -------         PROC          FSLEEP_RUN
  -------         DO            
  X:019EH         SYMBOL        fWeightScale
  X:01A2H         SYMBOL        fValueReturn
  X:01A6H         SYMBOL        fLimite
  X:01AAH         SYMBOL        i
  X:01ACH         SYMBOL        cFlag_Continue
  X:01ADH         SYMBOL        strMsgSaveBatt
  X:01BDH         SYMBOL        strSave
  X:01C3H         SYMBOL        strBatt
  X:01CAH         SYMBOL        cDataTemp
BL51 BANKED LINKER/LOCATER V5.12                                                      09/22/2022  19:34:04  PAGE 42


  X:01CBH         SYMBOL        cDataTemp1
  X:01CCH         SYMBOL        bStatus_Battery
  -------         ENDDO         
  C:17BFH         LINE#         1302
  C:17BFH         LINE#         1304
  C:17C9H         LINE#         1305
  C:17D3H         LINE#         1306
  C:17DDH         LINE#         1307
  C:17E4H         LINE#         1308
  C:17E7H         LINE#         1312
  C:17F9H         LINE#         1313
  C:180CH         LINE#         1314
  C:1811H         LINE#         1315
  C:1813H         LINE#         1316
  C:1815H         LINE#         1319
  C:1824H         LINE#         1321
  C:183BH         LINE#         1323
  C:1846H         LINE#         1325
  C:185EH         LINE#         1326
  C:1869H         LINE#         1327
  C:1880H         LINE#         1328
  C:1893H         LINE#         1329
  C:18AFH         LINE#         1330
  C:18AFH         LINE#         1331
  C:18BFH         LINE#         1333
  C:18C7H         LINE#         1335
  C:18CDH         LINE#         1336
  C:18D8H         LINE#         1337
  C:18E3H         LINE#         1338
  C:18F6H         LINE#         1340
  C:18FFH         LINE#         1342
  C:1905H         LINE#         1343
  C:1909H         LINE#         1344
  C:1915H         LINE#         1346
  C:1920H         LINE#         1349
  C:192DH         LINE#         1350
  C:1933H         LINE#         1351
  C:1933H         LINE#         1353
  C:1947H         LINE#         1356
  C:196CH         LINE#         1357
  C:197EH         LINE#         1358
  C:1995H         LINE#         1360
  C:19E1H         LINE#         1361
  C:19E6H         LINE#         1362
  C:19EEH         LINE#         1363
  C:19F3H         LINE#         1364
  C:19F6H         LINE#         1365
  C:19F6H         LINE#         1367
  C:19FFH         LINE#         1370
  C:1A07H         LINE#         1372
  C:1A09H         LINE#         1373
  C:1A0CH         LINE#         1374
  C:1A0EH         LINE#         1375
  C:1A13H         LINE#         1376
  C:1A13H         LINE#         1378
  C:1A1CH         LINE#         1381
  C:1A24H         LINE#         1383
BL51 BANKED LINKER/LOCATER V5.12                                                      09/22/2022  19:34:04  PAGE 43


  C:1A2BH         LINE#         1384
  C:1A4AH         LINE#         1385
  C:1A64H         LINE#         1387
  C:1A6CH         LINE#         1389
  C:1A85H         LINE#         1390
  C:1A90H         LINE#         1391
  C:1AA7H         LINE#         1392
  C:1ABAH         LINE#         1393
  C:1AD6H         LINE#         1394
  C:1AD6H         LINE#         1395
  C:1AE6H         LINE#         1397
  C:1AF1H         LINE#         1398
  C:1AFCH         LINE#         1399
  C:1B07H         LINE#         1400
  C:1B07H         LINE#         1402
  C:1B12H         LINE#         1403
  C:1B12H         LINE#         1404
  C:1B1AH         LINE#         1405
  C:1B1FH         LINE#         1406
  C:1B22H         LINE#         1407
  C:1B22H         LINE#         1409
  C:1B28H         LINE#         1410
  C:1B2CH         LINE#         1411
  C:1B2CH         LINE#         1413
  C:1B42H         LINE#         1414
  C:1B46H         LINE#         1415
  C:1B4AH         LINE#         1416
  C:1B4AH         LINE#         1417
  C:1B4DH         LINE#         1419
  C:1B53H         LINE#         1420
  C:1B62H         LINE#         1421
  C:1B62H         LINE#         1427
  C:1B70H         LINE#         1428
  -------         ENDPROC       FSLEEP_RUN
  -------         ENDMOD        DVR_SCALE

  -------         MODULE        ?C?FPADD
  C:0015H         PUBLIC        ?C?FPADD
  C:0011H         PUBLIC        ?C?FPSUB
  -------         ENDMOD        ?C?FPADD

  -------         MODULE        ?C?FPMUL
  C:0106H         PUBLIC        ?C?FPMUL
  -------         ENDMOD        ?C?FPMUL

  -------         MODULE        ?C?FPDIV
  C:020FH         PUBLIC        ?C?FPDIV
  -------         ENDMOD        ?C?FPDIV

  -------         MODULE        ?C?FPCMP
  C:02AEH         PUBLIC        ?C?FPCMP
  C:02ACH         PUBLIC        ?C?FPCMP3
  -------         ENDMOD        ?C?FPCMP

  -------         MODULE        ?C?FCAST
  C:0323H         PUBLIC        ?C?FCASTC
  C:031EH         PUBLIC        ?C?FCASTI
BL51 BANKED LINKER/LOCATER V5.12                                                      09/22/2022  19:34:04  PAGE 44


  C:0319H         PUBLIC        ?C?FCASTL
  -------         ENDMOD        ?C?FCAST

  -------         MODULE        ?C?CASTF
  C:0357H         PUBLIC        ?C?CASTF
  -------         ENDMOD        ?C?CASTF

  -------         MODULE        PRINTF
  X:00F6H         PUBLIC        ?_PRINTF?BYTE
  X:00F6H         PUBLIC        ?_SPRINTF?BYTE
  C:0B59H         PUBLIC        _PRINTF
  C:0B53H         PUBLIC        _SPRINTF
  -------         ENDMOD        PRINTF

  -------         MODULE        POW
  X:024FH         PUBLIC        ?_pow?BYTE
  C:39D0H         PUBLIC        _pow
  -------         ENDMOD        POW

  -------         MODULE        ?C?CHKFLOAT
  C:03D8H         PUBLIC        ?C?CHKFLOAT
  -------         ENDMOD        ?C?CHKFLOAT

  -------         MODULE        ?C?FPNEG
  C:03F2H         PUBLIC        ?C?FPNEG
  -------         ENDMOD        ?C?FPNEG

  -------         MODULE        ?C?FPROUND
  C:0403H         PUBLIC        ?C?FPROUND
  -------         ENDMOD        ?C?FPROUND

  -------         MODULE        ?C?FPCONVERT
  C:0440H         PUBLIC        ?C?FPCONVERT
  -------         ENDMOD        ?C?FPCONVERT

  -------         MODULE        EXP
  C:47A0H         PUBLIC        _EXP
  -------         ENDMOD        EXP

  -------         MODULE        LOG
  C:3DD9H         PUBLIC        _LOG
  C:3DD5H         PUBLIC        _LOG10
  -------         ENDMOD        LOG

  -------         MODULE        ?C?FTNPWR
  C:0575H         PUBLIC        ?C?FTNPWR
  -------         ENDMOD        ?C?FTNPWR

  -------         MODULE        ?C?COPY
  C:06D2H         PUBLIC        ?C?COPY
  -------         ENDMOD        ?C?COPY

  -------         MODULE        ?C?CLDPTR
  C:06F8H         PUBLIC        ?C?CLDPTR
  -------         ENDMOD        ?C?CLDPTR

  -------         MODULE        ?C?CLDOPTR
BL51 BANKED LINKER/LOCATER V5.12                                                      09/22/2022  19:34:04  PAGE 45


  C:0711H         PUBLIC        ?C?CLDOPTR
  -------         ENDMOD        ?C?CLDOPTR

  -------         MODULE        ?C?CSTPTR
  C:073EH         PUBLIC        ?C?CSTPTR
  -------         ENDMOD        ?C?CSTPTR

  -------         MODULE        ?C?IMUL
  C:0750H         PUBLIC        ?C?IMUL
  -------         ENDMOD        ?C?IMUL

  -------         MODULE        ?C?UIDIV
  C:0762H         PUBLIC        ?C?UIDIV
  -------         ENDMOD        ?C?UIDIV

  -------         MODULE        ?C?IILDX
  C:07B7H         PUBLIC        ?C?IILDX
  -------         ENDMOD        ?C?IILDX

  -------         MODULE        ?C?ILDIX
  C:07CDH         PUBLIC        ?C?ILDIX
  -------         ENDMOD        ?C?ILDIX

  -------         MODULE        ?C?LMUL
  C:07E3H         PUBLIC        ?C?LMUL
  -------         ENDMOD        ?C?LMUL

  -------         MODULE        ?C?LNEG
  C:0832H         PUBLIC        ?C?LNEG
  -------         ENDMOD        ?C?LNEG

  -------         MODULE        ?C?SLCMP
  C:0840H         PUBLIC        ?C?SLCMP
  -------         ENDMOD        ?C?SLCMP

  -------         MODULE        ?C?ULCMP
  C:0856H         PUBLIC        ?C?ULCMP
  -------         ENDMOD        ?C?ULCMP

  -------         MODULE        ?C?ULSHR
  C:0867H         PUBLIC        ?C?ULSHR
  -------         ENDMOD        ?C?ULSHR

  -------         MODULE        ?C?LLDPTR
  C:087AH         PUBLIC        ?C?LLDPTR
  -------         ENDMOD        ?C?LLDPTR

  -------         MODULE        ?C?LLDOPTR
  C:089AH         PUBLIC        ?C?LLDOPTR
  -------         ENDMOD        ?C?LLDOPTR

  -------         MODULE        ?C?LSTOPTR
  C:08CAH         PUBLIC        ?C?LSTOPTR
  -------         ENDMOD        ?C?LSTOPTR

  -------         MODULE        ?C?LLDCODE
  C:08EEH         PUBLIC        ?C?LLDCODE
BL51 BANKED LINKER/LOCATER V5.12                                                      09/22/2022  19:34:04  PAGE 46


  -------         ENDMOD        ?C?LLDCODE

  -------         MODULE        ?C?LLDXDATA0
  C:08FEH         PUBLIC        ?C?LLDXDATA0
  -------         ENDMOD        ?C?LLDXDATA0

  -------         MODULE        ?C?LLDCODE0
  C:090AH         PUBLIC        ?C?LLDCODE0
  -------         ENDMOD        ?C?LLDCODE0

  -------         MODULE        ?C?LSTXDATA
  C:091AH         PUBLIC        ?C?LSTXDATA
  -------         ENDMOD        ?C?LSTXDATA

  -------         MODULE        ?C?LSTKXDATA
  C:0926H         PUBLIC        ?C?LSTKXDATA
  -------         ENDMOD        ?C?LSTKXDATA

  -------         MODULE        ?C?PLDIXDATA
  C:0957H         PUBLIC        ?C?PLDIXDATA
  -------         ENDMOD        ?C?PLDIXDATA

  -------         MODULE        ?C?PSTXDATA
  C:096EH         PUBLIC        ?C?PSTXDATA
  -------         ENDMOD        ?C?PSTXDATA

  -------         MODULE        ?C?CCASE
  C:0977H         PUBLIC        ?C?CCASE
  -------         ENDMOD        ?C?CCASE

  -------         MODULE        PUTCHAR
  C:4D7CH         PUBLIC        _PUTCHAR
  -------         ENDMOD        PUTCHAR

  -------         MODULE        ?C?STRCPY
  C:0A69H         PUBLIC        ?C?STRCPY
  -------         ENDMOD        ?C?STRCPY

  -------         MODULE        ?C?MEMSET
  C:0A86H         PUBLIC        ?C?MEMSET
  -------         ENDMOD        ?C?MEMSET

  -------         MODULE        ?C?LLDIDATA
  C:0AB2H         PUBLIC        ?C?LLDIDATA
  -------         ENDMOD        ?C?LLDIDATA

  -------         MODULE        ?C?LLDXDATA
  C:0ABEH         PUBLIC        ?C?LLDXDATA
  -------         ENDMOD        ?C?LLDXDATA

  -------         MODULE        ?C?LLDPDATA
  C:0ACAH         PUBLIC        ?C?LLDPDATA
  -------         ENDMOD        ?C?LLDPDATA

  -------         MODULE        ?C?LSTIDATA
  C:0AD6H         PUBLIC        ?C?LSTIDATA
  -------         ENDMOD        ?C?LSTIDATA
BL51 BANKED LINKER/LOCATER V5.12                                                      09/22/2022  19:34:04  PAGE 47



  -------         MODULE        ?C?LSTPDATA
  C:0AE2H         PUBLIC        ?C?LSTPDATA
  -------         ENDMOD        ?C?LSTPDATA

*** WARNING L16: UNCALLED SEGMENT, IGNORED FOR OVERLAY PROCESS
    SEGMENT: ?PR?INIT_INT_TIMER0?MAIN

*** WARNING L16: UNCALLED SEGMENT, IGNORED FOR OVERLAY PROCESS
    SEGMENT: ?PR?CONVERTIDORADC?MAIN

*** WARNING L16: UNCALLED SEGMENT, IGNORED FOR OVERLAY PROCESS
    SEGMENT: ?PR?TESTEEPROM?MAIN

*** WARNING L16: UNCALLED SEGMENT, IGNORED FOR OVERLAY PROCESS
    SEGMENT: ?PR?LCD_GLASS_DEINIT?DVR_LCD_SDI1621

*** WARNING L16: UNCALLED SEGMENT, IGNORED FOR OVERLAY PROCESS
    SEGMENT: ?PR?LCD_GLASS_ALL_ON?DVR_LCD_SDI1621

*** WARNING L16: UNCALLED SEGMENT, IGNORED FOR OVERLAY PROCESS
    SEGMENT: ?PR?_FLASH_WRITE_U32?DATA_NVM_5219_VC_DEC09_13

*** WARNING L16: UNCALLED SEGMENT, IGNORED FOR OVERLAY PROCESS
    SEGMENT: ?PR?VREADPARAMSCALE?DVR_SCALE

*** WARNING L16: UNCALLED SEGMENT, IGNORED FOR OVERLAY PROCESS
    SEGMENT: ?PR?CSETZEROPOINT?DVR_SCALE

*** WARNING L16: UNCALLED SEGMENT, IGNORED FOR OVERLAY PROCESS
    SEGMENT: ?PR?_CONOFFMODETARA?DVR_SCALE

*** WARNING L16: UNCALLED SEGMENT, IGNORED FOR OVERLAY PROCESS
    SEGMENT: ?PR?VSETZERO?DVR_SCALE

*** WARNING L16: UNCALLED SEGMENT, IGNORED FOR OVERLAY PROCESS
    SEGMENT: ?PR?VCALIBRATE_SCALE?DVR_SCALE

*** WARNING L16: UNCALLED SEGMENT, IGNORED FOR OVERLAY PROCESS
    SEGMENT: ?PR?_VPRECONFIGURATION?DVR_SCALE

*** WARNING L16: UNCALLED SEGMENT, IGNORED FOR OVERLAY PROCESS
    SEGMENT: ?PR?_CRUN_SCALE?DVR_SCALE

*** WARNING L16: UNCALLED SEGMENT, IGNORED FOR OVERLAY PROCESS
    SEGMENT: ?PR?VCALCULATE_WEIGHT?DVR_SCALE

*** WARNING L1: UNRESOLVED EXTERNAL SYMBOL
    SYMBOL:  UGET_STATUS_VOLT
    MODULE:  dvr_scale.obj (DVR_SCALE)

*** WARNING L1: UNRESOLVED EXTERNAL SYMBOL
    SYMBOL:  VGESTORBATERIA
    MODULE:  dvr_scale.obj (DVR_SCALE)

*** WARNING L2: REFERENCE MADE TO UNRESOLVED EXTERNAL
    SYMBOL:  VGESTORBATERIA
BL51 BANKED LINKER/LOCATER V5.12                                                      09/22/2022  19:34:04  PAGE 48


    MODULE:  dvr_scale.obj (DVR_SCALE)
    ADDRESS: 1C7AH

*** WARNING L2: REFERENCE MADE TO UNRESOLVED EXTERNAL
    SYMBOL:  UGET_STATUS_VOLT
    MODULE:  dvr_scale.obj (DVR_SCALE)
    ADDRESS: 1A00H

*** WARNING L2: REFERENCE MADE TO UNRESOLVED EXTERNAL
    SYMBOL:  VGESTORBATERIA
    MODULE:  dvr_scale.obj (DVR_SCALE)
    ADDRESS: 1A0AH

Program Size: data=15.4 xdata=692 code=20179
LINK/LOCATE RUN COMPLETE.  19 WARNING(S),  0 ERROR(S)
