BL51 BANKED LINKER/LOCATER V5.12                                                        09/22/2022  19:32:20  PAGE 1


BL51 BANKED LINKER/LOCATER V5.12, INVOKED BY:
C:\KEIL\C51\BIN\BL51.EXE main.obj, dvr_lcd_SDI1621.obj, keyboard.obj, dvr_HX712.obj, data_nvm_5219_Vc_Dec09_13.obj, dvr_
>> scale.obj TO solidic_proj RAMSIZE (256)


MEMORY MODEL: LARGE WITH FLOATING POINT ARITHMETIC


INPUT MODULES INCLUDED:
  main.obj (MAIN)
  dvr_lcd_SDI1621.obj (DVR_LCD_SDI1621)
  keyboard.obj (KEYBOARD)
  dvr_HX712.obj (DVR_HX712)
  data_nvm_5219_Vc_Dec09_13.obj (DATA_NVM_5219_VC_DEC09_13)
  dvr_scale.obj (DVR_SCALE)
  C:\KEIL\C51\LIB\C51FPL.LIB (?C?FPADD)
  C:\KEIL\C51\LIB\C51FPL.LIB (?C?FPMUL)
  C:\KEIL\C51\LIB\C51FPL.LIB (?C?FPDIV)
  C:\KEIL\C51\LIB\C51FPL.LIB (?C?FPCMP)
  C:\KEIL\C51\LIB\C51FPL.LIB (?C?FCAST)
  C:\KEIL\C51\LIB\C51FPL.LIB (?C?CASTF)
  C:\KEIL\C51\LIB\C51FPL.LIB (PRINTF)
  C:\KEIL\C51\LIB\C51FPL.LIB (POW)
  C:\KEIL\C51\LIB\C51FPL.LIB (?C?FPGETOPN)
  C:\KEIL\C51\LIB\C51FPL.LIB (?C?CHKFLOAT)
  C:\KEIL\C51\LIB\C51FPL.LIB (?C?FPNEG)
  C:\KEIL\C51\LIB\C51FPL.LIB (?C?FPROUND)
  C:\KEIL\C51\LIB\C51FPL.LIB (?C?FPCONVERT)
  C:\KEIL\C51\LIB\C51FPL.LIB (EXP)
  C:\KEIL\C51\LIB\C51FPL.LIB (LOG)
  C:\KEIL\C51\LIB\C51FPL.LIB (?C?FTNPWR)
  C:\KEIL\C51\LIB\C51FPL.LIB (?C?FPSERIES)
  C:\KEIL\C51\LIB\C51L.LIB (?C_STARTUP)
  C:\KEIL\C51\LIB\C51L.LIB (?C?COPY)
  C:\KEIL\C51\LIB\C51L.LIB (?C?CLDPTR)
  C:\KEIL\C51\LIB\C51L.LIB (?C?CLDOPTR)
  C:\KEIL\C51\LIB\C51L.LIB (?C?CSTPTR)
  C:\KEIL\C51\LIB\C51L.LIB (?C?IMUL)
  C:\KEIL\C51\LIB\C51L.LIB (?C?UIDIV)
  C:\KEIL\C51\LIB\C51L.LIB (?C?IILDX)
  C:\KEIL\C51\LIB\C51L.LIB (?C?ILDIX)
  C:\KEIL\C51\LIB\C51L.LIB (?C?LMUL)
  C:\KEIL\C51\LIB\C51L.LIB (?C?LNEG)
  C:\KEIL\C51\LIB\C51L.LIB (?C?SLCMP)
  C:\KEIL\C51\LIB\C51L.LIB (?C?ULCMP)
  C:\KEIL\C51\LIB\C51L.LIB (?C?ULSHR)
  C:\KEIL\C51\LIB\C51L.LIB (?C?LLDPTR)
  C:\KEIL\C51\LIB\C51L.LIB (?C?LLDOPTR)
  C:\KEIL\C51\LIB\C51L.LIB (?C?LSTOPTR)
  C:\KEIL\C51\LIB\C51L.LIB (?C?LLDCODE)
  C:\KEIL\C51\LIB\C51L.LIB (?C?LLDXDATA0)
  C:\KEIL\C51\LIB\C51L.LIB (?C?LLDCODE0)
  C:\KEIL\C51\LIB\C51L.LIB (?C?LSTXDATA)
  C:\KEIL\C51\LIB\C51L.LIB (?C?LSTKXDATA)
  C:\KEIL\C51\LIB\C51L.LIB (?C?PLDIXDATA)
  C:\KEIL\C51\LIB\C51L.LIB (?C?PSTXDATA)
  C:\KEIL\C51\LIB\C51L.LIB (?C?CCASE)
  C:\KEIL\C51\LIB\C51L.LIB (PUTCHAR)
BL51 BANKED LINKER/LOCATER V5.12                                                      09/22/2022  19:32:20  PAGE 2


  C:\KEIL\C51\LIB\C51L.LIB (?C?STRCPY)
  C:\KEIL\C51\LIB\C51L.LIB (?C?MEMSET)
  C:\KEIL\C51\LIB\C51L.LIB (?C_INIT)
  C:\KEIL\C51\LIB\C51L.LIB (?C?LLDIDATA)
  C:\KEIL\C51\LIB\C51L.LIB (?C?LLDXDATA)
  C:\KEIL\C51\LIB\C51L.LIB (?C?LLDPDATA)
  C:\KEIL\C51\LIB\C51L.LIB (?C?LSTIDATA)
  C:\KEIL\C51\LIB\C51L.LIB (?C?LSTPDATA)


LINK MAP OF MODULE:  solidic_proj (MAIN)


            TYPE    BASE      LENGTH    RELOCATION   SEGMENT NAME
            -----------------------------------------------------

            * * * * * * *   D A T A   M E M O R Y   * * * * * * *
            REG     0000H     0008H     ABSOLUTE     "REG BANK 0"
            DATA    0008H     0005H     UNIT         _DATA_GROUP_
                    000DH     0013H                  *** GAP ***
            BIT     0020H.0   0001H.1   UNIT         _BIT_GROUP_
            BIT     0021H.1   0000H.1   UNIT         ?BI?_NVM_DATA_WRITE_BYTE?DATA_NVM_5219_VC_DEC09_13
            BIT     0021H.2   0000H.1   UNIT         ?BI?_E2ROM_ERASE?DATA_NVM_5219_VC_DEC09_13
            BIT     0021H.3   0000H.1   UNIT         ?BI?LOG?LOG
                    0021H.4   0000H.4                *** GAP ***
            IDATA   0022H     0001H     UNIT         ?STACK

            * * * * * * *  X D A T A   M E M O R Y  * * * * * * *
            XDATA   0000H     00C5H     UNIT         ?XD?DVR_SCALE
            XDATA   00C5H     0067H     UNIT         _XDATA_GROUP_
            XDATA   012CH     003AH     UNIT         ?XD?DVR_HX712
            XDATA   0166H     0038H     UNIT         ?XD?DVR_LCD_SDI1621
            XDATA   019EH     002FH     UNIT         ?XD?FSLEEP_RUN?DVR_SCALE
            XDATA   01CDH     001BH     UNIT         ?XD?KEYBOARD
            XDATA   01E8H     0019H     UNIT         ?XD?_FCUENTASTOPESO?DVR_SCALE
            XDATA   0201H     0018H     UNIT         ?XD?_CONOFFMODETARA?DVR_SCALE
            XDATA   0219H     0010H     UNIT         ?XD?VCALIBRATE_SCALE?DVR_SCALE
            XDATA   0229H     000DH     UNIT         ?XD?_FLASH_WRITE_U32?DATA_NVM_5219_VC_DEC09_13
            XDATA   0236H     000DH     UNIT         ?XD?_FLASH_WRITE_FLOAT32?DATA_NVM_5219_VC_DEC09_13
            XDATA   0243H     000CH     UNIT         ?XD?TESTEEPROM?MAIN
            XDATA   024FH     000AH     UNIT         ?XD?_POW?POW
            XDATA   0259H     0009H     UNIT         ?XD?_FLASH_READ_U32?DATA_NVM_5219_VC_DEC09_13
            XDATA   0262H     0009H     UNIT         ?XD?_FLASH_READ_FLOAT32?DATA_NVM_5219_VC_DEC09_13
            XDATA   026BH     0009H     UNIT         ?XD?_FLASH_WRITE_U16?DATA_NVM_5219_VC_DEC09_13
            XDATA   0274H     0009H     UNIT         ?XD?_CLEARTHISBUTALL?DATA_NVM_5219_VC_DEC09_13
            XDATA   027DH     0008H     UNIT         ?XD?CSETZEROPOINT?DVR_SCALE
            XDATA   0285H     0008H     UNIT         ?XD?_VGETZEROTRACKING?DVR_SCALE
            XDATA   028DH     0008H     UNIT         ?XD?VWEIGHT_POSITIVE?DVR_SCALE
            XDATA   0295H     0007H     UNIT         ?XD?_FLASH_READ_U16?DATA_NVM_5219_VC_DEC09_13
            XDATA   029CH     0004H     UNIT         ?XD?VSETZERO?DVR_SCALE
            XDATA   02A0H     0004H     UNIT         ?XD?LOG?LOG
            XDATA   02A4H     0003H     UNIT         ?XD?_NVM_DATA_WRITE_BYTE?DATA_NVM_5219_VC_DEC09_13
            XDATA   02A7H     0003H     UNIT         ?XD?_FLASH_WRITE_U8?DATA_NVM_5219_VC_DEC09_13
            XDATA   02AAH     0003H     UNIT         ?XD?_E2ROM_ERASE?DATA_NVM_5219_VC_DEC09_13
            XDATA   02ADH     0003H     UNIT         ?XD?_VPRECONFIGURATION?DVR_SCALE
            XDATA   02B0H     0002H     UNIT         ?XD?DATA_NVM_5219_VC_DEC09_13
            XDATA   02B2H     0002H     UNIT         ?XD?VCALCULATE_WEIGHT?DVR_SCALE
BL51 BANKED LINKER/LOCATER V5.12                                                      09/22/2022  19:32:20  PAGE 3



            * * * * * * *   C O D E   M E M O R Y   * * * * * * *
            CODE    0000H     0003H     ABSOLUTE     
            CODE    0003H     0003H     UNIT         ?PR?VACTIONKEY?KEYBOARD
            CODE    0006H     0001H     UNIT         ?PR?VSCAN_KEY?KEYBOARD
            CODE    0007H     0001H     UNIT         ?PR?NOP?DATA_NVM_5219_VC_DEC09_13
                    0008H     0003H                  *** GAP ***
            CODE    000BH     0003H     ABSOLUTE     
            CODE    000EH     0AE0H     UNIT         ?C?LIB_CODE
            CODE    0AEEH     0483H     UNIT         ?PR?PRINTF?PRINTF
            CODE    0F71H     0450H     UNIT         ?PR?_FFILTER_AVERAGING?DVR_HX712
            CODE    13C1H     03FEH     UNIT         ?PR?_FCUENTASTOPESO?DVR_SCALE
            CODE    17BFH     03B2H     UNIT         ?PR?FSLEEP_RUN?DVR_SCALE
            CODE    1B71H     0352H     UNIT         ?PR?VWEIGHT_POSITIVE?DVR_SCALE
            CODE    1EC3H     0339H     UNIT         ?PR?_CONOFFMODETARA?DVR_SCALE
            CODE    21FCH     031CH     UNIT         ?PR?_FSTABLEPOINT?DVR_SCALE
            CODE    2518H     02EBH     UNIT         ?PR?VCALIBRATE_SCALE?DVR_SCALE
            CODE    2803H     02E7H     UNIT         ?PR?_VPRECONFIGURATION?DVR_SCALE
            CODE    2AEAH     02CCH     UNIT         ?PR?_VSAVEPARAMSCALE?DVR_SCALE
            CODE    2DB6H     026EH     UNIT         ?PR?_CRUN_SCALE?DVR_SCALE
            CODE    3024H     01CDH     UNIT         ?PR?VREADPARAMSCALE?DVR_SCALE
            CODE    31F1H     01A1H     UNIT         ?PR?TESTEEPROM?MAIN
            CODE    3392H     0197H     UNIT         ?PR?VCALCULATE_WEIGHT?DVR_SCALE
            CODE    3529H     018EH     UNIT         ?PR?_LCD_GLASS_STRING?DVR_LCD_SDI1621
            CODE    36B7H     018EH     UNIT         ?PR?CSETZEROPOINT?DVR_SCALE
            CODE    3845H     0184H     UNIT         ?PR?_VGETZEROTRACKING?DVR_SCALE
            CODE    39C9H     0166H     UNIT         ?PR?_POW?POW
            CODE    3B2FH     013FH     UNIT         ?PR?_CLEARTHISBUTALL?DATA_NVM_5219_VC_DEC09_13
            CODE    3C6EH     0130H     UNIT         ?PR?_FREAD_ADC?DVR_HX712
            CODE    3D9EH     0129H     UNIT         ?PR?LOG?LOG
            CODE    3EC7H     011FH     UNIT         ?PR?_LCD_GLASS_FLOAT?DVR_LCD_SDI1621
            CODE    3FE6H     0101H     UNIT         ?PR?_LCD_GLASS_SYMBOLS?DVR_LCD_SDI1621
            CODE    40E7H     00EBH     UNIT         ?PR?VWEIGHT_NEGATIVE?DVR_SCALE
            CODE    41D2H     00D3H     UNIT         ?PR?KEY_SCAN?KEYBOARD
            CODE    42A5H     00CCH     UNIT         ?CO?DVR_SCALE
            CODE    4371H     00B4H     UNIT         ?PR?TIMER0?MAIN
            CODE    4425H     00B3H     UNIT         ?PR?_LCD_GLASS_DOT?DVR_LCD_SDI1621
            CODE    44D8H     00A6H     UNIT         ?PR?_FLASH_WRITE_FLOAT32?DATA_NVM_5219_VC_DEC09_13
            CODE    457EH     00A3H     UNIT         ?PR?_FLASH_WRITE_U32?DATA_NVM_5219_VC_DEC09_13
            CODE    4621H     00A2H     UNIT         ?PR?WRITE_LCD?DVR_LCD_SDI1621
            CODE    46C3H     009EH     UNIT         ?C_INITSEG
            CODE    4761H     009AH     UNIT         ?PR?EXP?EXP
            CODE    47FBH     008CH     UNIT         ?C_C51STARTUP
            CODE    4887H     008AH     UNIT         ?PR?_FLASH_WRITE_U16?DATA_NVM_5219_VC_DEC09_13
            CODE    4911H     0087H     UNIT         ?PR?READHX712?DVR_HX712
            CODE    4998H     0072H     UNIT         ?PR?_NVM_DATA_WRITE_BYTE?DATA_NVM_5219_VC_DEC09_13
            CODE    4A0AH     006DH     UNIT         ?PR?MAIN?MAIN
            CODE    4A77H     0058H     UNIT         ?PR?LCD_GLASS_INIT?DVR_LCD_SDI1621
            CODE    4ACFH     0058H     UNIT         ?PR?_E2ROM_ERASE?DATA_NVM_5219_VC_DEC09_13
            CODE    4B27H     0046H     UNIT         ?PR?_FLASH_READ_U32?DATA_NVM_5219_VC_DEC09_13
            CODE    4B6DH     0046H     UNIT         ?PR?_FLASH_READ_FLOAT32?DATA_NVM_5219_VC_DEC09_13
            CODE    4BB3H     0040H     UNIT         ?PR?_FLASH_READ_U16?DATA_NVM_5219_VC_DEC09_13
            CODE    4BF3H     003DH     UNIT         ?PR?_LCD_SET_CHAR?DVR_LCD_SDI1621
            CODE    4C30H     003CH     UNIT         ?PR?LCD_GLASS_DEINIT?DVR_LCD_SDI1621
            CODE    4C6CH     0030H     UNIT         ?CO?DVR_LCD_SDI1621
            CODE    4C9CH     002FH     UNIT         ?PR?VSETZERO?DVR_SCALE
            CODE    4CCBH     002CH     UNIT         ?CO?DVR_HX712
BL51 BANKED LINKER/LOCATER V5.12                                                      09/22/2022  19:32:20  PAGE 4


            CODE    4CF7H     002AH     UNIT         ?PR?LCD_GLASS_CLEAR?DVR_LCD_SDI1621
            CODE    4D21H     002AH     UNIT         ?PR?LCD_GLASS_ALL_ON?DVR_LCD_SDI1621
            CODE    4D4BH     002AH     UNIT         ?PR?_FLASH_WRITE_U8?DATA_NVM_5219_VC_DEC09_13
            CODE    4D75H     0027H     UNIT         ?PR?PUTCHAR?PUTCHAR
            CODE    4D9CH     0022H     UNIT         ?PR?_DELAY_MS?KEYBOARD
            CODE    4DBEH     001DH     UNIT         ?PR?_LCD_UNIT_WRITE?DVR_LCD_SDI1621
            CODE    4DDBH     001CH     UNIT         ?PR?INIT_PWM?MAIN
            CODE    4DF7H     001BH     UNIT         ?PR?CONVERTIDORADC?MAIN
            CODE    4E12H     001AH     UNIT         ?PR?GPIO_INIT?MAIN
            CODE    4E2CH     001AH     UNIT         ?PR?LCD_GLASS_UPDATE?DVR_LCD_SDI1621
            CODE    4E46H     0017H     UNIT         ?PR?WDT_INIT?MAIN
            CODE    4E5DH     0015H     UNIT         ?PR?INIT_INT_TIMER0?MAIN
            CODE    4E72H     0013H     UNIT         ?CO?MAIN
            CODE    4E85H     0012H     UNIT         ?PR?VSOUND_SAVED_PARAM?KEYBOARD
            CODE    4E97H     0012H     UNIT         ?PR?_FLASH_READ_U8?DATA_NVM_5219_VC_DEC09_13
            CODE    4EA9H     0011H     UNIT         ?PR?DELAY_35U?DVR_LCD_SDI1621
            CODE    4EBAH     000BH     UNIT         ?PR?VBEEP_KEY?KEYBOARD
            CODE    4EC5H     000AH     UNIT         ?PR?ADC_INIT?MAIN



OVERLAY MAP OF MODULE:   solidic_proj (MAIN)


SEGMENT                                             BIT_GROUP          DATA_GROUP          XDATA_GROUP
  +--> CALLED SEGMENT                            START    LENGTH     START    LENGTH     START    LENGTH
--------------------------------------------------------------------------------------------------------
?C_C51STARTUP                                    -----    -----      -----    -----      -----    -----
  +--> ?PR?MAIN?MAIN
  +--> ?C_INITSEG

?PR?MAIN?MAIN                                    -----    -----      -----    -----      00C5H    000CH
  +--> ?PR?WDT_INIT?MAIN
  +--> ?PR?GPIO_INIT?MAIN
  +--> ?PR?ADC_INIT?MAIN
  +--> ?PR?INIT_PWM?MAIN
  +--> ?PR?LCD_GLASS_INIT?DVR_LCD_SDI1621
  +--> ?CO?MAIN
  +--> ?PR?_LCD_GLASS_STRING?DVR_LCD_SDI1621
  +--> ?PR?_DELAY_MS?KEYBOARD
  +--> ?PR?LCD_GLASS_CLEAR?DVR_LCD_SDI1621
  +--> ?PR?_FSTABLEPOINT?DVR_SCALE
  +--> ?PR?_LCD_GLASS_FLOAT?DVR_LCD_SDI1621

?PR?LCD_GLASS_INIT?DVR_LCD_SDI1621               -----    -----      -----    -----      -----    -----
  +--> ?PR?DELAY_35U?DVR_LCD_SDI1621
  +--> ?PR?WRITE_LCD?DVR_LCD_SDI1621

?PR?WRITE_LCD?DVR_LCD_SDI1621                    -----    -----      -----    -----      00FBH    0012H
  +--> ?PR?DELAY_35U?DVR_LCD_SDI1621
  +--> ?PR?_LCD_UNIT_WRITE?DVR_LCD_SDI1621

?PR?_LCD_UNIT_WRITE?DVR_LCD_SDI1621              -----    -----      -----    -----      -----    -----
  +--> ?PR?DELAY_35U?DVR_LCD_SDI1621

?PR?_LCD_GLASS_STRING?DVR_LCD_SDI1621            -----    -----      -----    -----      00F6H    0005H
  +--> ?PR?_LCD_SET_CHAR?DVR_LCD_SDI1621
BL51 BANKED LINKER/LOCATER V5.12                                                      09/22/2022  19:32:20  PAGE 5


  +--> ?PR?LCD_GLASS_UPDATE?DVR_LCD_SDI1621

?PR?LCD_GLASS_UPDATE?DVR_LCD_SDI1621             -----    -----      -----    -----      -----    -----
  +--> ?PR?WRITE_LCD?DVR_LCD_SDI1621

?PR?LCD_GLASS_CLEAR?DVR_LCD_SDI1621              -----    -----      -----    -----      -----    -----
  +--> ?PR?WRITE_LCD?DVR_LCD_SDI1621

?PR?_FSTABLEPOINT?DVR_SCALE                      -----    -----      -----    -----      00D1H    0017H
  +--> ?PR?_FREAD_ADC?DVR_HX712
  +--> ?PR?VACTIONKEY?KEYBOARD
  +--> ?CO?DVR_SCALE
  +--> ?PR?_LCD_GLASS_STRING?DVR_LCD_SDI1621
  +--> ?PR?_LCD_GLASS_FLOAT?DVR_LCD_SDI1621
  +--> ?PR?LCD_GLASS_CLEAR?DVR_LCD_SDI1621

?PR?_FREAD_ADC?DVR_HX712                         -----    -----      -----    -----      00E8H    0005H
  +--> ?PR?_DELAY_MS?KEYBOARD
  +--> ?PR?READHX712?DVR_HX712
  +--> ?PR?_FFILTER_AVERAGING?DVR_HX712

?PR?READHX712?DVR_HX712                          -----    -----      -----    -----      00EDH    0007H
  +--> ?CO?DVR_HX712

?PR?_FFILTER_AVERAGING?DVR_HX712                 -----    -----      -----    -----      00EDH    003FH
  +--> ?CO?DVR_HX712

?PR?_LCD_GLASS_FLOAT?DVR_LCD_SDI1621             -----    -----      -----    -----      00E8H    000EH
  +--> ?CO?DVR_LCD_SDI1621
  +--> ?PR?PRINTF?PRINTF
  +--> ?PR?_LCD_GLASS_STRING?DVR_LCD_SDI1621

?PR?PRINTF?PRINTF                                0020H.0  0001H.1    0008H    0005H      00F6H    0030H
  +--> ?PR?PUTCHAR?PUTCHAR



UNRESOLVED EXTERNAL SYMBOLS:
   UGET_STATUS_VOLT
   VGESTORBATERIA



SYMBOL TABLE OF MODULE:  solidic_proj (MAIN)

  VALUE           TYPE          NAME
  ----------------------------------

  -------         MODULE        MAIN
  C:0000H         SYMBOL        _ICE_DUMMY_
  D:0094H         PUBLIC        P1M0
  D:0093H         PUBLIC        P0M1
  D:0096H         PUBLIC        P2M0
  D:0095H         PUBLIC        P1M1
  D:0080H         PUBLIC        P0
  C:4DF7H         PUBLIC        convertidorADC
  D:0097H         PUBLIC        P2M1
BL51 BANKED LINKER/LOCATER V5.12                                                      09/22/2022  19:32:20  PAGE 6


  D:0090H         PUBLIC        P1
  D:00A0H         PUBLIC        P2
  D:00ACH         PUBLIC        SARDATA
  D:00B0H         PUBLIC        P3
  B:00A8H.7       PUBLIC        EA
  D:00A8H         PUBLIC        IE
  D:00AAH         PUBLIC        WD_TA
  C:4E5DH         PUBLIC        init_int_timer0
  D:00B8H         PUBLIC        IP
  D:009CH         PUBLIC        PWM0
  D:009DH         PUBLIC        PWM1
  C:4A0AH         PUBLIC        main
  D:0098H         PUBLIC        SCON
  D:0089H         PUBLIC        TMOD
  D:0088H         PUBLIC        TCON
  C:4EC5H         PUBLIC        adc_init
  C:4E12H         PUBLIC        gpio_init
  D:00ABH         PUBLIC        SARCON
  D:008CH         PUBLIC        TH0
  D:008AH         PUBLIC        TL0
  C:4371H         SYMBOL        timer0
  D:009EH         PUBLIC        PWMCON
  D:009AH         PUBLIC        PWMF_H
  C:4E46H         PUBLIC        wdt_init
  D:009BH         PUBLIC        PWMF_L
  D:00C8H         PUBLIC        T2CON
  C:4DDBH         PUBLIC        init_pwm
  C:31F1H         PUBLIC        TestEEPROM
  D:008EH         PUBLIC        CKCON
  D:00D0H         PUBLIC        PSW
  D:00A9H         PUBLIC        WDCON
  D:0092H         PUBLIC        P0M0
  -------         PROC          MAIN
  -------         DO            
  X:00C5H         SYMBOL        txt
  X:00C9H         SYMBOL        peso
  X:00CDH         SYMBOL        iTemp_RA
  -------         ENDDO         
  C:4A0AH         LINE#         24
  C:4A0AH         LINE#         25
  C:4A0AH         LINE#         28
  C:4A14H         LINE#         30
  C:4A17H         LINE#         31
  C:4A1AH         LINE#         32
  C:4A1DH         LINE#         33
  C:4A20H         LINE#         40
  C:4A23H         LINE#         41
  C:4A2EH         LINE#         42
  C:4A39H         LINE#         43
  C:4A44H         LINE#         45
  C:4A4BH         LINE#         46
  C:4A4EH         LINE#         49
  C:4A4EH         LINE#         61
  C:4A5DH         LINE#         62
  C:4A75H         LINE#         78
  -------         ENDPROC       MAIN
  -------         PROC          INIT_PWM
BL51 BANKED LINKER/LOCATER V5.12                                                      09/22/2022  19:32:20  PAGE 7


  C:4DDBH         LINE#         82
  C:4DDBH         LINE#         84
  C:4DDEH         LINE#         85
  C:4DE1H         LINE#         88
  C:4DE4H         LINE#         89
  C:4DE7H         LINE#         91
  C:4DEAH         LINE#         92
  C:4DEDH         LINE#         93
  C:4DF0H         LINE#         94
  C:4DF3H         LINE#         95
  C:4DF6H         LINE#         98
  -------         ENDPROC       INIT_PWM
  -------         PROC          WDT_INIT
  C:4E46H         LINE#         100
  C:4E46H         LINE#         101
  C:4E48H         LINE#         102
  C:4E4BH         LINE#         103
  C:4E4EH         LINE#         104
  C:4E51H         LINE#         105
  C:4E53H         LINE#         106
  C:4E5CH         LINE#         107
  -------         ENDPROC       WDT_INIT
  -------         PROC          GPIO_INIT
  C:4E12H         LINE#         109
  C:4E12H         LINE#         110
  C:4E12H         LINE#         111
  C:4E15H         LINE#         112
  C:4E18H         LINE#         113
  C:4E1BH         LINE#         115
  C:4E1EH         LINE#         116
  C:4E21H         LINE#         117
  C:4E24H         LINE#         118
  C:4E26H         LINE#         119
  C:4E29H         LINE#         120
  C:4E2BH         LINE#         121
  -------         ENDPROC       GPIO_INIT
  -------         PROC          ADC_INIT
  C:4EC5H         LINE#         123
  C:4EC5H         LINE#         124
  C:4EC5H         LINE#         126
  C:4EC8H         LINE#         127
  C:4ECBH         LINE#         129
  C:4ECEH         LINE#         130
  -------         ENDPROC       ADC_INIT
  -------         PROC          INIT_INT_TIMER0
  C:4E5DH         LINE#         132
  C:4E5DH         LINE#         133
  C:4E5DH         LINE#         135
  C:4E60H         LINE#         136
  C:4E63H         LINE#         138
  C:4E66H         LINE#         139
  C:4E68H         LINE#         140
  C:4E6BH         LINE#         141
  C:4E6EH         LINE#         143
  C:4E71H         LINE#         144
  -------         ENDPROC       INIT_INT_TIMER0
  -------         PROC          CONVERTIDORADC
BL51 BANKED LINKER/LOCATER V5.12                                                      09/22/2022  19:32:20  PAGE 8


  -------         DO            
  D:0006H         SYMBOL        v
  -------         ENDDO         
  C:4DF7H         LINE#         146
  C:4DF7H         LINE#         148
  C:4DFAH         LINE#         149
  C:4DFDH         LINE#         150
  C:4E02H         LINE#         151
  C:4E02H         LINE#         152
  C:4E05H         LINE#         153
  C:4E0AH         LINE#         154
  C:4E0AH         LINE#         155
  C:4E0AH         LINE#         156
  C:4E0AH         LINE#         157
  C:4E0EH         LINE#         158
  C:4E11H         LINE#         159
  C:4E11H         LINE#         161
  -------         ENDPROC       CONVERTIDORADC
  -------         PROC          TIMER0
  C:4371H         LINE#         164
  C:4379H         LINE#         168
  C:437FH         LINE#         169
  C:4388H         LINE#         171
  C:438EH         LINE#         172
  C:4391H         LINE#         173
  C:4391H         LINE#         176
  C:4397H         LINE#         177
  C:43A1H         LINE#         178
  C:43A6H         LINE#         179
  C:43A9H         LINE#         180
  C:43ACH         LINE#         181
  C:43ACH         LINE#         185
  C:43B2H         LINE#         192
  C:43B9H         LINE#         193
  C:43BBH         LINE#         194
  C:43BEH         LINE#         195
  C:43BEH         LINE#         196
  C:43CFH         LINE#         197
  C:43DBH         LINE#         198
  C:43DDH         LINE#         199
  C:43E2H         LINE#         200
  C:43E5H         LINE#         201
  C:43E8H         LINE#         203
  C:43E8H         LINE#         204
  C:43E8H         LINE#         207
  C:43EEH         LINE#         208
  C:43FDH         LINE#         209
  C:4409H         LINE#         210
  C:440BH         LINE#         211
  C:4410H         LINE#         212
  C:4413H         LINE#         213
  C:4413H         LINE#         214
  C:4413H         LINE#         217
  C:4416H         LINE#         218
  C:4419H         LINE#         219
  C:441CH         LINE#         221
  -------         ENDPROC       TIMER0
BL51 BANKED LINKER/LOCATER V5.12                                                      09/22/2022  19:32:20  PAGE 9


  -------         PROC          TESTEEPROM
  -------         DO            
  X:0243H         SYMBOL        addr
  X:0245H         SYMBOL        val
  X:0249H         SYMBOL        i
  X:024DH         SYMBOL        x
  -------         ENDDO         
  C:31F1H         LINE#         224
  C:31F1H         LINE#         225
  C:31F1H         LINE#         226
  C:31FAH         LINE#         228
  C:3204H         LINE#         230
  C:320BH         LINE#         232
  C:3211H         LINE#         233
  C:3217H         LINE#         237
  C:3234H         LINE#         238
  C:324CH         LINE#         239
  C:3282H         LINE#         241
  C:32AEH         LINE#         242
  C:32C8H         LINE#         244
  C:32EEH         LINE#         245
  C:3308H         LINE#         247
  C:3334H         LINE#         248
  C:334DH         LINE#         250
  C:336BH         LINE#         251
  C:3372H         LINE#         252
  C:3386H         LINE#         253
  C:3386H         LINE#         255
  C:338BH         LINE#         256
  C:338FH         LINE#         257
  -------         ENDPROC       TESTEEPROM
  -------         ENDMOD        MAIN

  -------         MODULE        DVR_LCD_SDI1621
  C:0000H         SYMBOL        _ICE_DUMMY_
  D:0090H         PUBLIC        P1
  D:00A0H         PUBLIC        P2
  D:00B0H         PUBLIC        P3
  X:0166H         PUBLIC        cNumber_LCD
  D:00A8H         PUBLIC        IE
  C:4425H         PUBLIC        _LCD_GLASS_Dot
  D:00B8H         PUBLIC        IP
  C:4A77H         PUBLIC        LCD_GLASS_Init
  D:0098H         PUBLIC        SCON
  D:0088H         PUBLIC        TCON
  C:4638H         PUBLIC        write_lcd
  C:4DBEH         PUBLIC        _lcd_unit_write
  C:4D21H         PUBLIC        LCD_GLASS_All_On
  C:4EB2H         PUBLIC        delay_35u
  C:4C30H         PUBLIC        LCD_GLASS_DeInit
  X:0170H         PUBLIC        Display
  X:0182H         PUBLIC        cABC_LCD
  C:3FE6H         PUBLIC        _LCD_GLASS_Symbols
  C:4BFEH         PUBLIC        _LCD_SET_Char
  D:00C8H         PUBLIC        T2CON
  C:3EC7H         PUBLIC        _LCD_GLASS_Float
  C:3529H         PUBLIC        _LCD_GLASS_String
BL51 BANKED LINKER/LOCATER V5.12                                                      09/22/2022  19:32:20  PAGE 10


  C:4E2CH         PUBLIC        LCD_GLASS_Update
  C:4CF7H         PUBLIC        LCD_GLASS_Clear
  D:00D0H         PUBLIC        PSW
  C:4EA9H         SYMBOL        L?0157
  C:4EACH         SYMBOL        L?0158
  -------         PROC          L?0156
  -------         ENDPROC       L?0156
  C:4EA9H         SYMBOL        L?0157
  C:4EACH         SYMBOL        L?0158
  -------         PROC          DELAY_35U
  -------         DO            
  D:0007H         SYMBOL        j
  -------         ENDDO         
  C:4EB2H         LINE#         135
  C:4EB2H         LINE#         137
  C:4EB9H         LINE#         138
  -------         ENDPROC       DELAY_35U
  -------         PROC          _LCD_UNIT_WRITE
  D:0006H         SYMBOL        d
  -------         DO            
  D:0005H         SYMBOL        i
  -------         ENDDO         
  C:4DBEH         LINE#         143
  C:4DC0H         LINE#         145
  C:4DC2H         LINE#         146
  C:4DCBH         LINE#         147
  C:4DCEH         LINE#         148
  C:4DCEH         LINE#         149
  C:4DCEH         LINE#         150
  C:4DCEH         LINE#         151
  C:4DD1H         LINE#         152
  C:4DD5H         LINE#         153
  C:4DDAH         LINE#         154
  -------         ENDPROC       _LCD_UNIT_WRITE
  -------         PROC          LCD_GLASS_INIT
  C:4A77H         LINE#         158
  C:4A77H         LINE#         159
  C:4A7AH         LINE#         160
  C:4A7DH         LINE#         161
  C:4A80H         LINE#         162
  C:4A83H         LINE#         163
  C:4A86H         LINE#         165
  C:4A8BH         LINE#         167
  C:4A8EH         LINE#         168
  C:4A93H         LINE#         170
  C:4A95H         LINE#         171
  C:4A98H         LINE#         173
  C:4A9AH         LINE#         174
  C:4A9DH         LINE#         176
  C:4AA2H         LINE#         177
  C:4AA5H         LINE#         179
  C:4AABH         LINE#         182
  C:4AB9H         LINE#         183
  -------         ENDPROC       LCD_GLASS_INIT
  C:4624H         SYMBOL        L?0153
  C:4625H         SYMBOL        L?0154
  C:4629H         SYMBOL        L?0155
BL51 BANKED LINKER/LOCATER V5.12                                                      09/22/2022  19:32:20  PAGE 11


  -------         PROC          L?0152
  -------         ENDPROC       L?0152
  C:4624H         SYMBOL        L?0153
  C:4625H         SYMBOL        L?0154
  C:4629H         SYMBOL        L?0155
  -------         PROC          WRITE_LCD
  X:00FBH         SYMBOL        Display
  -------         DO            
  D:0004H         SYMBOL        i
  D:0006H         SYMBOL        addr
  -------         ENDDO         
  C:4638H         LINE#         195
  C:4638H         LINE#         196
  C:463AH         LINE#         197
  C:463BH         LINE#         213
  C:463EH         LINE#         214
  C:4641H         LINE#         215
  C:4644H         LINE#         216
  C:4647H         LINE#         217
  C:464AH         LINE#         218
  C:464DH         LINE#         219
  C:464DH         LINE#         220
  C:464DH         LINE#         221
  C:464DH         LINE#         222
  C:4650H         LINE#         223
  C:4653H         LINE#         224
  C:4653H         LINE#         225
  C:4653H         LINE#         226
  C:4653H         LINE#         227
  C:4656H         LINE#         228
  C:465CH         LINE#         229
  C:4661H         LINE#         231
  C:4664H         LINE#         232
  C:4664H         LINE#         233
  C:4664H         LINE#         234
  C:4664H         LINE#         235
  C:4667H         LINE#         237
  C:466DH         LINE#         238
  C:4673H         LINE#         239
  C:4673H         LINE#         240
  C:4673H         LINE#         241
  C:4673H         LINE#         242
  C:4676H         LINE#         243
  C:4678H         LINE#         245
  C:4678H         LINE#         246
  C:467AH         LINE#         247
  C:467BH         LINE#         248
  C:467EH         LINE#         249
  C:4682H         LINE#         250
  C:4687H         LINE#         252
  C:468AH         LINE#         253
  C:468AH         LINE#         254
  C:468AH         LINE#         255
  C:468DH         LINE#         256
  C:4691H         LINE#         257
  C:4696H         LINE#         258
  C:4698H         LINE#         259
BL51 BANKED LINKER/LOCATER V5.12                                                      09/22/2022  19:32:20  PAGE 12


  C:46B7H         LINE#         260
  C:46B7H         LINE#         261
  C:46BAH         LINE#         262
  C:46BDH         LINE#         263
  C:46C0H         LINE#         264
  -------         ENDPROC       WRITE_LCD
  -------         PROC          LCD_GLASS_DEINIT
  C:4C30H         LINE#         271
  C:4C30H         LINE#         272
  C:4C36H         LINE#         276
  C:4C44H         LINE#         277
  C:4C47H         LINE#         279
  C:4C4CH         LINE#         281
  C:4C4FH         LINE#         282
  C:4C52H         LINE#         284
  C:4C57H         LINE#         285
  -------         ENDPROC       LCD_GLASS_DEINIT
  -------         PROC          LCD_GLASS_CLEAR
  C:4CF7H         LINE#         291
  C:4CF7H         LINE#         292
  C:4CFDH         LINE#         293
  C:4D0BH         LINE#         294
  -------         ENDPROC       LCD_GLASS_CLEAR
  -------         PROC          LCD_GLASS_ALL_ON
  C:4D21H         LINE#         299
  C:4D21H         LINE#         300
  C:4D27H         LINE#         301
  C:4D35H         LINE#         302
  -------         ENDPROC       LCD_GLASS_ALL_ON
  -------         PROC          L?0159
  -------         ENDPROC       L?0159
  -------         PROC          _LCD_SET_CHAR
  D:0007H         SYMBOL        cCaracter
  D:0005H         SYMBOL        cPosition_On_LCD
  D:0003H         SYMBOL        cPosition_Text
  -------         DO            
  D:0006H         SYMBOL        i
  -------         ENDDO         
  C:4BFEH         LINE#         307
  C:4BFEH         LINE#         308
  C:4BFEH         LINE#         309
  C:4C00H         LINE#         311
  C:4C04H         LINE#         312
  C:4C0AH         LINE#         313
  C:4C0FH         LINE#         319
  C:4C15H         LINE#         320
  C:4C22H         LINE#         321
  C:4C2FH         LINE#         323
  -------         ENDPROC       _LCD_SET_CHAR
  -------         PROC          _LCD_GLASS_DOT
  D:0004H         SYMBOL        iNumber_Dot
  D:0005H         SYMBOL        cPosition_On_LCD
  D:0003H         SYMBOL        cFLag_On
  C:4425H         LINE#         326
  C:4427H         LINE#         328
  C:4437H         LINE#         329
  C:4437H         LINE#         330
BL51 BANKED LINKER/LOCATER V5.12                                                      09/22/2022  19:32:20  PAGE 13


  C:443BH         LINE#         331
  C:4442H         LINE#         332
  C:4448H         LINE#         334
  C:444CH         LINE#         335
  C:444CH         LINE#         336
  C:4450H         LINE#         337
  C:4457H         LINE#         338
  C:445DH         LINE#         340
  C:4461H         LINE#         342
  C:4461H         LINE#         343
  C:4466H         LINE#         344
  C:446DH         LINE#         345
  C:446FH         LINE#         347
  C:446FH         LINE#         348
  C:446FH         LINE#         349
  C:4471H         LINE#         350
  C:4471H         LINE#         352
  C:4475H         LINE#         353
  C:447CH         LINE#         354
  C:4482H         LINE#         356
  C:4486H         LINE#         357
  C:4486H         LINE#         359
  C:448AH         LINE#         360
  C:4491H         LINE#         361
  C:4497H         LINE#         363
  C:449BH         LINE#         364
  C:449BH         LINE#         365
  C:44A0H         LINE#         366
  C:44A7H         LINE#         367
  C:44A9H         LINE#         369
  C:44A9H         LINE#         370
  C:44A9H         LINE#         371
  C:44ABH         LINE#         373
  C:44ABH         LINE#         374
  C:44AFH         LINE#         375
  C:44B6H         LINE#         376
  C:44BCH         LINE#         378
  C:44C0H         LINE#         379
  C:44C0H         LINE#         380
  C:44C4H         LINE#         381
  C:44CBH         LINE#         382
  C:44D1H         LINE#         384
  C:44D5H         LINE#         385
  C:44D5H         LINE#         386
  C:44D5H         LINE#         387
  C:44D5H         LINE#         389
  -------         ENDPROC       _LCD_GLASS_DOT
  -------         PROC          _LCD_GLASS_SYMBOLS
  D:0007H         SYMBOL        cSymbol
  D:0005H         SYMBOL        cFlag_On
  C:3FE6H         LINE#         393
  C:3FE6H         LINE#         397
  C:401AH         LINE#         400
  C:401AH         LINE#         401
  C:4021H         LINE#         402
  C:4024H         LINE#         404
  C:4024H         LINE#         405
BL51 BANKED LINKER/LOCATER V5.12                                                      09/22/2022  19:32:20  PAGE 14


  C:4027H         LINE#         406
  C:4027H         LINE#         407
  C:402EH         LINE#         408
  C:4030H         LINE#         410
  C:4030H         LINE#         411
  C:4033H         LINE#         412
  C:4033H         LINE#         413
  C:403AH         LINE#         414
  C:403CH         LINE#         416
  C:403CH         LINE#         417
  C:403FH         LINE#         418
  C:403FH         LINE#         419
  C:4046H         LINE#         420
  C:4048H         LINE#         422
  C:4048H         LINE#         423
  C:404BH         LINE#         424
  C:404BH         LINE#         425
  C:4052H         LINE#         426
  C:4054H         LINE#         428
  C:4054H         LINE#         429
  C:4057H         LINE#         459
  C:4057H         LINE#         460
  C:405EH         LINE#         461
  C:4060H         LINE#         463
  C:4060H         LINE#         464
  C:4062H         LINE#         468
  C:4062H         LINE#         469
  C:4069H         LINE#         470
  C:406BH         LINE#         472
  C:406BH         LINE#         473
  C:406DH         LINE#         475
  C:406DH         LINE#         476
  C:4074H         LINE#         477
  C:4076H         LINE#         479
  C:4076H         LINE#         480
  C:4078H         LINE#         484
  C:4078H         LINE#         485
  C:4080H         LINE#         487
  C:4084H         LINE#         488
  C:408BH         LINE#         489
  C:4092H         LINE#         490
  C:4099H         LINE#         496
  C:40A0H         LINE#         497
  C:40A7H         LINE#         498
  C:40AEH         LINE#         500
  C:40B0H         LINE#         501
  C:40B0H         LINE#         503
  C:40B4H         LINE#         504
  C:40BBH         LINE#         505
  C:40C2H         LINE#         506
  C:40C9H         LINE#         512
  C:40D0H         LINE#         513
  C:40D7H         LINE#         514
  C:40DEH         LINE#         515
  C:40DEH         LINE#         518
  C:40DEH         LINE#         520
  C:40DEH         LINE#         529
BL51 BANKED LINKER/LOCATER V5.12                                                      09/22/2022  19:32:20  PAGE 15


  C:40E4H         LINE#         532
  -------         ENDPROC       _LCD_GLASS_SYMBOLS
  -------         PROC          _LCD_GLASS_FLOAT
  X:00E8H         SYMBOL        fNumber_To_LCD
  X:00ECH         SYMBOL        iNumber_Decimal
  X:00EDH         SYMBOL        cPosition_On_LCD
  -------         DO            
  X:00EEH         SYMBOL        strText_LCD
  -------         ENDDO         
  C:3EC7H         LINE#         546
  C:3ECDH         LINE#         549
  C:3ED3H         LINE#         550
  C:3EDAH         LINE#         551
  C:3EE4H         LINE#         552
  C:3EE6H         LINE#         553
  C:3F0EH         LINE#         555
  C:3F0EH         LINE#         556
  C:3F16H         LINE#         557
  C:3F1DH         LINE#         559
  C:3F28H         LINE#         560
  C:3F2AH         LINE#         561
  C:3F52H         LINE#         563
  C:3F52H         LINE#         564
  C:3F5AH         LINE#         565
  C:3F61H         LINE#         566
  C:3F6BH         LINE#         567
  C:3F6DH         LINE#         568
  C:3F95H         LINE#         570
  C:3F95H         LINE#         571
  C:3F9DH         LINE#         572
  C:3FA4H         LINE#         573
  C:3FAEH         LINE#         574
  C:3FB0H         LINE#         575
  C:3FD8H         LINE#         577
  C:3FD8H         LINE#         580
  -------         ENDPROC       _LCD_GLASS_FLOAT
  -------         PROC          _LCD_GLASS_STRING
  X:00F6H         SYMBOL        pCaracter
  D:0004H         SYMBOL        cPosition_On_LCD
  -------         DO            
  X:00F9H         SYMBOL        iIndex_Text
  X:00FAH         SYMBOL        iPosicion_Decimal
  -------         ENDDO         
  C:3529H         LINE#         593
  C:3536H         LINE#         594
  C:353AH         LINE#         595
  C:353DH         LINE#         609
  C:354CH         LINE#         610
  C:3550H         LINE#         612
  C:3557H         LINE#         614
  C:3561H         LINE#         615
  C:3576H         LINE#         617
  C:358AH         LINE#         619
  C:3595H         LINE#         620
  C:35A2H         LINE#         621
  C:35A2H         LINE#         623
  C:35B3H         LINE#         624
BL51 BANKED LINKER/LOCATER V5.12                                                      09/22/2022  19:32:20  PAGE 16


  C:35B9H         LINE#         625
  C:35B9H         LINE#         627
  C:35CAH         LINE#         628
  C:35D6H         LINE#         629
  C:35DCH         LINE#         630
  C:35DCH         LINE#         632
  C:35F6H         LINE#         633
  C:360CH         LINE#         634
  C:3612H         LINE#         635
  C:3612H         LINE#         637
  C:3624H         LINE#         642
  C:3629H         LINE#         644
  C:3631H         LINE#         645
  C:3638H         LINE#         647
  C:363CH         LINE#         648
  C:3643H         LINE#         649
  C:364AH         LINE#         650
  C:3651H         LINE#         651
  C:3651H         LINE#         652
  C:3656H         LINE#         653
  C:365EH         LINE#         654
  C:3665H         LINE#         655
  C:3669H         LINE#         656
  C:3670H         LINE#         657
  C:3677H         LINE#         658
  C:367EH         LINE#         659
  C:367EH         LINE#         660
  C:3681H         LINE#         662
  C:3689H         LINE#         663
  C:3690H         LINE#         664
  C:3694H         LINE#         665
  C:369BH         LINE#         672
  C:369BH         LINE#         673
  C:369BH         LINE#         674
  C:36A1H         LINE#         675
  C:36ABH         LINE#         676
  C:36AEH         LINE#         678
  C:36B4H         LINE#         681
  -------         ENDPROC       _LCD_GLASS_STRING
  -------         PROC          LCD_GLASS_UPDATE
  C:4E2CH         LINE#         684
  C:4E2CH         LINE#         686
  C:4E32H         LINE#         694
  -------         ENDPROC       LCD_GLASS_UPDATE
  -------         ENDMOD        DVR_LCD_SDI1621

  -------         MODULE        KEYBOARD
  C:0000H         SYMBOL        _ICE_DUMMY_
  C:4EBAH         PUBLIC        vBeep_Key
  D:0080H         PUBLIC        P0
  D:0090H         PUBLIC        P1
  D:00A0H         PUBLIC        P2
  D:00B0H         PUBLIC        P3
  C:0003H         PUBLIC        vActionKey
  C:0006H         PUBLIC        vScan_Key
  D:00A8H         PUBLIC        IE
  D:00AAH         PUBLIC        WD_TA
BL51 BANKED LINKER/LOCATER V5.12                                                      09/22/2022  19:32:20  PAGE 17


  D:00B8H         PUBLIC        IP
  X:01CDH         PUBLIC        Key
  C:4E85H         PUBLIC        vSound_Saved_Param
  X:01CEH         PUBLIC        KeyState
  C:4D9CH         PUBLIC        _delay_ms
  D:0098H         PUBLIC        SCON
  D:0088H         PUBLIC        TCON
  B:0080H.1       PUBLIC        KEY_D0
  B:0080H.0       PUBLIC        KEY_D1
  B:0090H.0       PUBLIC        KEY_D2
  X:01CFH         PUBLIC        LastKey
  B:0090H.1       PUBLIC        KEY_D3
  B:0090H.2       PUBLIC        KEY_D4
  B:0080H.2       PUBLIC        KEY_K0
  B:00A0H.4       PUBLIC        KEY_K1
  B:00A0H.0       PUBLIC        KEY_K2
  B:0090H.6       PUBLIC        KEY_K3
  C:41D2H         PUBLIC        key_scan
  X:01D0H         PUBLIC        strTimer
  D:00C8H         PUBLIC        T2CON
  D:00D0H         PUBLIC        PSW
  D:00A9H         PUBLIC        WDCON
  -------         PROC          _DELAY_MS
  D:0006H         SYMBOL        num
  -------         DO            
  D:0004H         SYMBOL        i
  D:0003H         SYMBOL        j
  -------         ENDDO         
  C:4D9CH         LINE#         36
  C:4D9CH         LINE#         37
  C:4D9CH         LINE#         40
  C:4DA6H         LINE#         41
  C:4DADH         LINE#         43
  C:4DB6H         LINE#         44
  C:4DBDH         LINE#         46
  -------         ENDPROC       _DELAY_MS
  -------         PROC          KEY_SCAN
  -------         DO            
  D:0002H         SYMBOL        k
  -------         ENDDO         
  C:41D2H         LINE#         48
  C:41D2H         LINE#         49
  C:41D4H         LINE#         50
  C:41D8H         LINE#         52
  C:41D8H         LINE#         53
  C:41DAH         LINE#         54
  C:41DCH         LINE#         55
  C:41DEH         LINE#         56
  C:41E0H         LINE#         57
  C:41E2H         LINE#         58
  C:41E7H         LINE#         59
  C:41EDH         LINE#         60
  C:41F3H         LINE#         61
  C:41F9H         LINE#         62
  C:41FFH         LINE#         63
  C:4206H         LINE#         64
  C:4213H         LINE#         65
BL51 BANKED LINKER/LOCATER V5.12                                                      09/22/2022  19:32:20  PAGE 18


  C:4221H         LINE#         66
  C:422FH         LINE#         67
  C:423DH         LINE#         68
  C:4243H         LINE#         70
  C:4250H         LINE#         71
  C:4254H         LINE#         72
  C:4261H         LINE#         73
  C:4265H         LINE#         74
  C:4273H         LINE#         75
  C:4277H         LINE#         76
  C:4285H         LINE#         77
  C:4287H         LINE#         78
  C:4287H         LINE#         79
  C:428FH         LINE#         80
  C:429BH         LINE#         81
  C:42A4H         LINE#         82
  -------         ENDPROC       KEY_SCAN
  -------         PROC          VBEEP_KEY
  C:4EBAH         LINE#         85
  C:4EBAH         LINE#         94
  C:4EBFH         LINE#         95
  C:4EC4H         LINE#         112
  -------         ENDPROC       VBEEP_KEY
  -------         PROC          VSCAN_KEY
  C:0006H         LINE#         114
  C:0006H         LINE#         115
  -------         ENDPROC       VSCAN_KEY
  -------         PROC          VACTIONKEY
  C:0003H         LINE#         117
  C:0003H         LINE#         134
  C:0005H         LINE#         135
  -------         ENDPROC       VACTIONKEY
  -------         PROC          VSOUND_SAVED_PARAM
  -------         DO            
  D:0002H         SYMBOL        i
  -------         ENDDO         
  C:4E85H         LINE#         137
  C:4E85H         LINE#         138
  C:4E87H         LINE#         140
  C:4E87H         LINE#         142
  C:4E8AH         LINE#         144
  C:4E91H         LINE#         145
  C:4E96H         LINE#         146
  -------         ENDPROC       VSOUND_SAVED_PARAM
  -------         ENDMOD        KEYBOARD

  -------         MODULE        DVR_HX712
  C:0000H         SYMBOL        _ICE_DUMMY_
  X:012CH         PUBLIC        fAverage_x
  D:0080H         PUBLIC        P0
  D:0090H         PUBLIC        P1
  D:00A0H         PUBLIC        P2
  D:00B0H         PUBLIC        P3
  X:0130H         PUBLIC        ValueCount
  D:00A8H         PUBLIC        IE
  X:0134H         PUBLIC        fBeforeValue_x
  D:00B8H         PUBLIC        IP
BL51 BANKED LINKER/LOCATER V5.12                                                      09/22/2022  19:32:20  PAGE 19


  X:0138H         PUBLIC        iValueOut
  C:0F71H         PUBLIC        _fFilter_Averaging
  B:0080H.4       PUBLIC        SCLK
  C:3C6EH         PUBLIC        _fRead_Adc
  D:0098H         PUBLIC        SCON
  D:0088H         PUBLIC        TCON
  B:0080H.3       PUBLIC        MISO
  C:4911H         PUBLIC        ReadHX712
  C:4CCBH         SYMBOL        _?ix1000
  C:4CF3H         SYMBOL        _?ix1001
  X:0139H         PUBLIC        iCountFailResponse
  D:00C8H         PUBLIC        T2CON
  X:013BH         PUBLIC        iCountFailRead
  X:013DH         PUBLIC        iSelectFrecuency
  X:013EH         PUBLIC        arfDataFilter_x
  D:00D0H         PUBLIC        PSW
  -------         PROC          _FFILTER_AVERAGING
  X:00EDH         SYMBOL        iActualWeight
  X:00F1H         SYMBOL        cFastFill
  -------         DO            
  X:00F2H         SYMBOL        arfLowestToHighest
  X:011AH         SYMBOL        fThreshold
  X:011EH         SYMBOL        fData_Vector
  X:0122H         SYMBOL        pfData_Filter
  X:0125H         SYMBOL        fActualWeight
  X:0129H         SYMBOL        iLenthData_x
  X:012AH         SYMBOL        i
  X:012BH         SYMBOL        j
  -------         ENDDO         
  C:0F71H         LINE#         27
  C:0F77H         LINE#         28
  C:0F8AH         LINE#         30
  C:0F94H         LINE#         31
  C:0F9EH         LINE#         33
  C:0FB6H         LINE#         34
  C:0FBCH         LINE#         35
  C:0FBFH         LINE#         36
  C:0FC1H         LINE#         38
  C:0FCEH         LINE#         40
  C:103AH         LINE#         41
  C:1047H         LINE#         42
  C:1049H         LINE#         43
  C:105CH         LINE#         44
  C:1085H         LINE#         45
  C:108DH         LINE#         46
  C:108DH         LINE#         47
  C:1090H         LINE#         48
  C:1090H         LINE#         49
  C:1098H         LINE#         50
  C:109CH         LINE#         51
  C:10AFH         LINE#         52
  C:10DCH         LINE#         53
  C:10E4H         LINE#         54
  C:10ECH         LINE#         55
  C:1100H         LINE#         56
  C:1139H         LINE#         57
  C:1141H         LINE#         58
BL51 BANKED LINKER/LOCATER V5.12                                                      09/22/2022  19:32:20  PAGE 20


  C:1141H         LINE#         59
  C:1146H         LINE#         60
  C:1157H         LINE#         61
  C:1190H         LINE#         62
  C:1198H         LINE#         63
  C:1198H         LINE#         66
  C:11DCH         LINE#         68
  C:11ECH         LINE#         69
  C:121BH         LINE#         70
  C:1223H         LINE#         73
  C:1238H         LINE#         74
  C:124DH         LINE#         75
  C:1289H         LINE#         76
  C:12ACH         LINE#         77
  C:12DAH         LINE#         78
  C:12F9H         LINE#         79
  C:12F9H         LINE#         80
  C:1302H         LINE#         81
  C:130BH         LINE#         83
  C:1315H         LINE#         85
  C:1328H         LINE#         86
  C:1358H         LINE#         87
  C:1360H         LINE#         89
  C:139EH         LINE#         91
  C:13B2H         LINE#         93
  C:13C0H         LINE#         94
  -------         ENDPROC       _FFILTER_AVERAGING
  -------         PROC          _FREAD_ADC
  X:00E8H         SYMBOL        cFillFilter
  -------         DO            
  X:00E9H         SYMBOL        iTemp_RA
  -------         ENDDO         
  C:3C6EH         LINE#         101
  C:3C73H         LINE#         102
  C:3C7BH         LINE#         104
  C:3C98H         LINE#         105
  C:3CBEH         LINE#         106
  C:3CC0H         LINE#         107
  C:3CC6H         LINE#         110
  C:3CCFH         LINE#         114
  C:3CE8H         LINE#         119
  C:3D03H         LINE#         120
  C:3D22H         LINE#         121
  C:3D36H         LINE#         122
  C:3D52H         LINE#         123
  C:3D54H         LINE#         124
  C:3D70H         LINE#         125
  C:3D70H         LINE#         129
  C:3D8FH         LINE#         133
  C:3D9DH         LINE#         134
  -------         ENDPROC       _FREAD_ADC
  -------         PROC          READHX712
  -------         DO            
  D:0004H         SYMBOL        i
  X:00EDH         SYMBOL        ptr
  X:00F0H         SYMBOL        dato
  -------         ENDDO         
BL51 BANKED LINKER/LOCATER V5.12                                                      09/22/2022  19:32:20  PAGE 21


  C:4911H         LINE#         136
  C:4911H         LINE#         139
  C:4924H         LINE#         140
  C:4932H         LINE#         142
  C:4935H         LINE#         143
  C:4938H         LINE#         144
  C:4938H         LINE#         145
  C:493AH         LINE#         146
  C:4955H         LINE#         147
  C:4957H         LINE#         148
  C:496BH         LINE#         149
  C:4976H         LINE#         151
  C:4987H         LINE#         152
  C:4989H         LINE#         154
  C:4997H         LINE#         155
  -------         ENDPROC       READHX712
  -------         ENDMOD        DVR_HX712

  -------         MODULE        DATA_NVM_5219_VC_DEC09_13
  C:0000H         SYMBOL        _ICE_DUMMY_
  D:0090H         PUBLIC        P1
  D:00B0H         PUBLIC        P3
  B:00A8H.7       PUBLIC        EA
  C:4D4BH         PUBLIC        _flash_write_u8
  D:00A8H         PUBLIC        IE
  D:00B8H         PUBLIC        IP
  X:02B0H         PUBLIC        NRM_securty_a
  X:02B1H         PUBLIC        NRM_securty_b
  D:00C4H         PUBLIC        FLASH_ENA
  D:00C5H         PUBLIC        FLASH_ENB
  D:00C6H         PUBLIC        FLASH_ENC
  C:4B27H         PUBLIC        _flash_read_u32
  C:3B38H         PUBLIC        _ClearThisButAll
  C:4BB3H         PUBLIC        _flash_read_u16
  D:00C7H         PUBLIC        FLASH_CON
  D:0098H         PUBLIC        SCON
  D:00C3H         PUBLIC        FLASH_ADDRH
  D:0088H         PUBLIC        TCON
  D:00C2H         PUBLIC        FLASH_ADDRL
  C:4ACFH         PUBLIC        _e2rom_erase
  C:457EH         PUBLIC        _flash_write_u32
  C:4887H         PUBLIC        _flash_write_u16
  C:0007H         PUBLIC        nop
  C:4B6DH         PUBLIC        _flash_read_float32
  C:49ACH         PUBLIC        _nvm_data_write_byte
  C:44D8H         PUBLIC        _flash_write_float32
  D:00C8H         PUBLIC        T2CON
  D:00C1H         PUBLIC        FLASH_DATA
  D:00D0H         PUBLIC        PSW
  C:4EA1H         PUBLIC        _flash_read_u8
  -------         PROC          NOP
  -------         DO            
  D:0006H         SYMBOL        x
  -------         ENDDO         
  C:0007H         LINE#         27
  C:0007H         LINE#         28
  C:0007H         LINE#         29
BL51 BANKED LINKER/LOCATER V5.12                                                      09/22/2022  19:32:20  PAGE 22


  C:0007H         LINE#         30
  -------         ENDPROC       NOP
  C:4E97H         SYMBOL        L?0062
  -------         PROC          L?0061
  -------         ENDPROC       L?0061
  C:4E97H         SYMBOL        L?0062
  -------         PROC          _FLASH_READ_U8
  D:0006H         SYMBOL        addr
  -------         DO            
  D:0007H         SYMBOL        val
  -------         ENDDO         
  C:4EA1H         LINE#         32
  C:4EA1H         LINE#         33
  C:4EA1H         LINE#         35
  C:4EA8H         LINE#         36
  C:4EA8H         LINE#         37
  -------         ENDPROC       _FLASH_READ_U8
  -------         PROC          _FLASH_READ_U16
  X:0295H         SYMBOL        addr
  -------         DO            
  X:0297H         SYMBOL        val
  X:0299H         SYMBOL        ptr
  D:0005H         SYMBOL        i
  -------         ENDDO         
  C:4BB3H         LINE#         39
  C:4BBBH         LINE#         40
  C:4BBBH         LINE#         45
  C:4BC9H         LINE#         46
  C:4BCBH         LINE#         47
  C:4BCBH         LINE#         48
  C:4BE5H         LINE#         49
  C:4BEAH         LINE#         50
  C:4BF2H         LINE#         51
  -------         ENDPROC       _FLASH_READ_U16
  -------         PROC          _FLASH_READ_U32
  X:0259H         SYMBOL        addr
  -------         DO            
  X:025BH         SYMBOL        val
  X:025FH         SYMBOL        ptr
  D:0005H         SYMBOL        i
  -------         ENDDO         
  C:4B27H         LINE#         53
  C:4B2FH         LINE#         54
  C:4B2FH         LINE#         59
  C:4B3DH         LINE#         60
  C:4B3FH         LINE#         61
  C:4B3FH         LINE#         62
  C:4B59H         LINE#         63
  C:4B5EH         LINE#         64
  C:4B6CH         LINE#         65
  -------         ENDPROC       _FLASH_READ_U32
  -------         PROC          _FLASH_READ_FLOAT32
  X:0262H         SYMBOL        addr
  -------         DO            
  X:0264H         SYMBOL        val
  X:0268H         SYMBOL        ptr
  D:0005H         SYMBOL        i
BL51 BANKED LINKER/LOCATER V5.12                                                      09/22/2022  19:32:20  PAGE 23


  -------         ENDDO         
  C:4B6DH         LINE#         67
  C:4B75H         LINE#         68
  C:4B75H         LINE#         73
  C:4B83H         LINE#         74
  C:4B85H         LINE#         75
  C:4B85H         LINE#         76
  C:4B9FH         LINE#         77
  C:4BA4H         LINE#         78
  C:4BB2H         LINE#         79
  -------         ENDPROC       _FLASH_READ_FLOAT32
  C:499BH         SYMBOL        L?0058
  -------         PROC          L?0057
  -------         ENDPROC       L?0057
  C:499BH         SYMBOL        L?0058
  -------         PROC          _NVM_DATA_WRITE_BYTE
  D:0006H         SYMBOL        addr
  D:0005H         SYMBOL        in_data
  -------         DO            
  X:02A4H         SYMBOL        flash_addr
  B:0021H.1       SYMBOL        ea_save
  X:02A6H         SYMBOL        i
  -------         ENDDO         
  C:49ACH         LINE#         82
  C:49ACH         LINE#         83
  C:49ACH         LINE#         86
  C:49B1H         LINE#         88
  C:49B9H         LINE#         89
  C:49BDH         LINE#         90
  C:49BFH         LINE#         92
  C:49C5H         LINE#         93
  C:49C9H         LINE#         94
  C:49CDH         LINE#         97
  C:49D0H         LINE#         98
  C:49D2H         LINE#         99
  C:49D4H         LINE#         101
  C:49E0H         LINE#         102
  C:49E3H         LINE#         103
  C:49E6H         LINE#         105
  C:49E9H         LINE#         106
  C:49ECH         LINE#         107
  C:49EFH         LINE#         109
  C:49FBH         LINE#         110
  C:49FEH         LINE#         112
  C:4A01H         LINE#         113
  C:4A03H         LINE#         114
  C:4A05H         LINE#         115
  C:4A09H         LINE#         116
  -------         ENDPROC       _NVM_DATA_WRITE_BYTE
  -------         PROC          _FLASH_WRITE_U8
  X:02A7H         SYMBOL        addr
  X:02A9H         SYMBOL        in_data
  C:4D4BH         LINE#         118
  C:4D58H         LINE#         119
  C:4D58H         LINE#         121
  C:4D5FH         LINE#         122
  C:4D67H         LINE#         124
BL51 BANKED LINKER/LOCATER V5.12                                                      09/22/2022  19:32:20  PAGE 24


  -------         ENDPROC       _FLASH_WRITE_U8
  -------         PROC          _FLASH_WRITE_U16
  X:026BH         SYMBOL        addr
  X:026DH         SYMBOL        in_data
  -------         DO            
  X:026FH         SYMBOL        ptr
  D:0004H         SYMBOL        i
  X:0272H         SYMBOL        aux
  -------         ENDDO         
  C:4887H         LINE#         127
  C:4897H         LINE#         128
  C:4897H         LINE#         134
  C:48A2H         LINE#         135
  C:48B0H         LINE#         136
  C:48DCH         LINE#         137
  C:48EBH         LINE#         140
  C:48F9H         LINE#         141
  C:48FBH         LINE#         142
  C:48FBH         LINE#         143
  C:490BH         LINE#         144
  C:4910H         LINE#         145
  -------         ENDPROC       _FLASH_WRITE_U16
  -------         PROC          _FLASH_WRITE_U32
  X:0229H         SYMBOL        addr
  X:022BH         SYMBOL        in_data
  -------         DO            
  X:022FH         SYMBOL        ptr
  D:0004H         SYMBOL        i
  X:0232H         SYMBOL        aux
  -------         ENDDO         
  C:457EH         LINE#         147
  C:4586H         LINE#         148
  C:4586H         LINE#         154
  C:458FH         LINE#         155
  C:459DH         LINE#         156
  C:45F5H         LINE#         157
  C:45FBH         LINE#         160
  C:4609H         LINE#         161
  C:460BH         LINE#         162
  C:460BH         LINE#         163
  C:461BH         LINE#         164
  C:4620H         LINE#         165
  -------         ENDPROC       _FLASH_WRITE_U32
  -------         PROC          _FLASH_WRITE_FLOAT32
  X:0236H         SYMBOL        addr
  X:0238H         SYMBOL        in_data
  -------         DO            
  X:023CH         SYMBOL        ptr
  D:0004H         SYMBOL        i
  X:023FH         SYMBOL        aux
  -------         ENDDO         
  C:44D8H         LINE#         167
  C:44E0H         LINE#         168
  C:44E0H         LINE#         174
  C:44E9H         LINE#         175
  C:44F7H         LINE#         176
  C:454FH         LINE#         177
BL51 BANKED LINKER/LOCATER V5.12                                                      09/22/2022  19:32:20  PAGE 25


  C:4555H         LINE#         180
  C:4563H         LINE#         181
  C:4565H         LINE#         182
  C:4565H         LINE#         183
  C:4578H         LINE#         184
  C:457DH         LINE#         185
  -------         ENDPROC       _FLASH_WRITE_FLOAT32
  -------         PROC          _E2ROM_ERASE
  D:0006H         SYMBOL        addr
  -------         DO            
  X:02AAH         SYMBOL        i
  X:02ABH         SYMBOL        flash_addr
  B:0021H.2       SYMBOL        ea_save
  -------         ENDDO         
  C:4ACFH         LINE#         192
  C:4ACFH         LINE#         193
  C:4AD4H         LINE#         196
  C:4ADAH         LINE#         197
  C:4ADEH         LINE#         198
  C:4AE0H         LINE#         199
  C:4AE6H         LINE#         200
  C:4AEAH         LINE#         202
  C:4AEDH         LINE#         203
  C:4AEFH         LINE#         204
  C:4AF1H         LINE#         206
  C:4AFDH         LINE#         207
  C:4B00H         LINE#         208
  C:4B03H         LINE#         210
  C:4B06H         LINE#         211
  C:4B09H         LINE#         212
  C:4B0CH         LINE#         214
  C:4B18H         LINE#         215
  C:4B1BH         LINE#         217
  C:4B1EH         LINE#         218
  C:4B20H         LINE#         219
  C:4B22H         LINE#         220
  C:4B26H         LINE#         221
  -------         ENDPROC       _E2ROM_ERASE
  C:3B31H         SYMBOL        L?0060
  -------         PROC          L?0059
  -------         ENDPROC       L?0059
  C:3B31H         SYMBOL        L?0060
  -------         PROC          _CLEARTHISBUTALL
  X:0274H         SYMBOL        Address
  X:0276H         SYMBOL        IntCount
  -------         DO            
  X:0278H         SYMBOL        Aux
  X:0279H         SYMBOL        i
  D:0002H         SYMBOL        Page
  X:027BH         SYMBOL        SizePage
  -------         ENDDO         
  C:3B38H         LINE#         223
  C:3B48H         LINE#         224
  C:3B4DH         LINE#         225
  C:3B51H         LINE#         227
  C:3B58H         LINE#         230
  C:3B5EH         LINE#         231
BL51 BANKED LINKER/LOCATER V5.12                                                      09/22/2022  19:32:20  PAGE 26


  C:3B69H         LINE#         235
  C:3B80H         LINE#         236
  C:3B8EH         LINE#         237
  C:3B95H         LINE#         238
  C:3BA5H         LINE#         242
  C:3BC2H         LINE#         243
  C:3BD4H         LINE#         244
  C:3BE6H         LINE#         245
  C:3C08H         LINE#         246
  C:3C18H         LINE#         250
  C:3C1FH         LINE#         254
  C:3C3CH         LINE#         255
  C:3C57H         LINE#         256
  C:3C67H         LINE#         260
  -------         ENDPROC       _CLEARTHISBUTALL
  -------         ENDMOD        DATA_NVM_5219_VC_DEC09_13

  -------         MODULE        DVR_SCALE
  C:0000H         SYMBOL        _ICE_DUMMY_
  D:0080H         PUBLIC        P0
  D:0090H         PUBLIC        P1
  D:00A0H         PUBLIC        P2
  D:00B0H         PUBLIC        P3
  D:00A8H         PUBLIC        IE
  D:00AAH         PUBLIC        WD_TA
  X:0000H         PUBLIC        fWeightScaleBefore
  D:00B8H         PUBLIC        IP
  C:1B71H         PUBLIC        vWeight_Positive
  X:0004H         PUBLIC        iCounterZeroTracking
  C:1EC3H         PUBLIC        _cOnOffModeTara
  C:2202H         PUBLIC        _fStablePoint
  D:0098H         PUBLIC        SCON
  D:0088H         PUBLIC        TCON
  X:0006H         PUBLIC        fWeightScale
  C:36B7H         PUBLIC        cSetZeroPoint
  C:4364H         SYMBOL        _?ix1000
  C:436AH         SYMBOL        _?ix1001
  C:2DB6H         PUBLIC        _cRun_Scale
  C:4C9CH         PUBLIC        vSetZero
  C:2AEAH         PUBLIC        _vSaveParamScale
  X:000AH         PUBLIC        stScaleParam
  X:0090H         PUBLIC        fWeightLight
  X:0094H         PUBLIC        srFlagScale
  C:2518H         PUBLIC        vCalibrate_Scale
  C:3850H         PUBLIC        _vGetZeroTracking
  C:3024H         PUBLIC        vReadParamScale
  C:3392H         PUBLIC        vCalculate_Weight
  C:2803H         PUBLIC        _vPreConfiguration
  D:00C8H         PUBLIC        T2CON
  C:17BFH         PUBLIC        fSleep_Run
  D:00D0H         PUBLIC        PSW
  C:40E7H         PUBLIC        vWeight_Negative
  C:13F2H         PUBLIC        _fCuentasToPeso
  D:00A9H         PUBLIC        WDCON
  -------         PROC          VREADPARAMSCALE
  C:3024H         LINE#         106
  C:3024H         LINE#         107
BL51 BANKED LINKER/LOCATER V5.12                                                      09/22/2022  19:32:20  PAGE 27


  C:3031H         LINE#         108
  C:303EH         LINE#         109
  C:304BH         LINE#         110
  C:3055H         LINE#         112
  C:3061H         LINE#         113
  C:306DH         LINE#         114
  C:3079H         LINE#         115
  C:3085H         LINE#         116
  C:3094H         LINE#         117
  C:30A3H         LINE#         118
  C:30B2H         LINE#         119
  C:30C1H         LINE#         120
  C:30D0H         LINE#         121
  C:30DCH         LINE#         122
  C:30E8H         LINE#         123
  C:30F4H         LINE#         125
  C:30FDH         LINE#         126
  C:3100H         LINE#         127
  C:3102H         LINE#         128
  C:3105H         LINE#         129
  C:3105H         LINE#         131
  C:3111H         LINE#         133
  C:3116H         LINE#         134
  C:3119H         LINE#         135
  C:311BH         LINE#         136
  C:311EH         LINE#         137
  C:311EH         LINE#         139
  C:312AH         LINE#         140
  C:312FH         LINE#         141
  C:313BH         LINE#         142
  C:3147H         LINE#         143
  C:3153H         LINE#         145
  C:3162H         LINE#         146
  C:3171H         LINE#         148
  C:317DH         LINE#         150
  C:318CH         LINE#         152
  C:3198H         LINE#         154
  C:31A4H         LINE#         156
  C:31B3H         LINE#         158
  C:31C0H         LINE#         160
  C:31CCH         LINE#         162
  C:31D8H         LINE#         164
  C:31E4H         LINE#         166
  -------         ENDPROC       VREADPARAMSCALE
  -------         PROC          _VSAVEPARAMSCALE
  D:0007H         SYMBOL        cType_Parameter
  C:2AEAH         LINE#         176
  C:2AEAH         LINE#         178
  C:2AF0H         LINE#         179
  C:2AF6H         LINE#         181
  C:2B1FH         LINE#         183
  C:2B1FH         LINE#         184
  C:2B28H         LINE#         185
  C:2B43H         LINE#         186
  C:2B5EH         LINE#         187
  C:2B79H         LINE#         188
  C:2B79H         LINE#         189
BL51 BANKED LINKER/LOCATER V5.12                                                      09/22/2022  19:32:20  PAGE 28


  C:2B7BH         LINE#         191
  C:2B7BH         LINE#         192
  C:2B85H         LINE#         193
  C:2B88H         LINE#         195
  C:2B88H         LINE#         197
  C:2B94H         LINE#         198
  C:2BA0H         LINE#         199
  C:2BAFH         LINE#         200
  C:2BBEH         LINE#         201
  C:2BCDH         LINE#         202
  C:2BDCH         LINE#         203
  C:2BEBH         LINE#         204
  C:2BF7H         LINE#         205
  C:2C03H         LINE#         206
  C:2C0FH         LINE#         207
  C:2C1BH         LINE#         208
  C:2C27H         LINE#         209
  C:2C33H         LINE#         210
  C:2C3FH         LINE#         211
  C:2C4BH         LINE#         212
  C:2C5AH         LINE#         213
  C:2C66H         LINE#         214
  C:2C72H         LINE#         215
  C:2C81H         LINE#         216
  C:2C9CH         LINE#         217
  C:2CA8H         LINE#         218
  C:2CB4H         LINE#         219
  C:2CC0H         LINE#         220
  C:2CCCH         LINE#         221
  C:2CD3H         LINE#         223
  C:2CD6H         LINE#         225
  C:2CD6H         LINE#         226
  C:2CE2H         LINE#         227
  C:2CE4H         LINE#         229
  C:2CE4H         LINE#         230
  C:2CFAH         LINE#         231
  C:2CFDH         LINE#         233
  C:2CFDH         LINE#         234
  C:2D0CH         LINE#         235
  C:2D0FH         LINE#         237
  C:2D0FH         LINE#         238
  C:2D1EH         LINE#         239
  C:2D34H         LINE#         240
  C:2D36H         LINE#         242
  C:2D36H         LINE#         243
  C:2D51H         LINE#         244
  C:2D67H         LINE#         245
  C:2D69H         LINE#         247
  C:2D69H         LINE#         248
  C:2D81H         LINE#         249
  C:2D83H         LINE#         251
  C:2D83H         LINE#         252
  C:2D9EH         LINE#         253
  C:2DA0H         LINE#         255
  C:2DA0H         LINE#         256
  C:2DACH         LINE#         257
  C:2DACH         LINE#         258
BL51 BANKED LINKER/LOCATER V5.12                                                      09/22/2022  19:32:20  PAGE 29


  C:2DACH         LINE#         261
  C:2DB1H         LINE#         262
  C:2DB5H         LINE#         263
  -------         ENDPROC       _VSAVEPARAMSCALE
  -------         PROC          L?0293
  -------         ENDPROC       L?0293
  -------         PROC          _FSTABLEPOINT
  X:00D1H         SYMBOL        cSetCountBack
  X:00D2H         SYMBOL        cShowCount
  X:00D3H         SYMBOL        cRunStable
  -------         DO            
  X:00D4H         SYMBOL        cCountReading
  X:00D5H         SYMBOL        cNumber_Count
  X:00D6H         SYMBOL        cCountBack
  X:00DAH         SYMBOL        fActualWeightAdc
  X:00DEH         SYMBOL        fWeightAdc
  X:00E2H         SYMBOL        fLimitRange
  X:00E6H         SYMBOL        i
  -------         ENDDO         
  C:2202H         LINE#         277
  C:2211H         LINE#         279
  C:2214H         LINE#         280
  C:2216H         LINE#         281
  C:221DH         LINE#         282
  C:2227H         LINE#         283
  C:2231H         LINE#         284
  C:223BH         LINE#         285
  C:2242H         LINE#         287
  C:2246H         LINE#         289
  C:2249H         LINE#         290
  C:224CH         LINE#         291
  C:224CH         LINE#         293
  C:225AH         LINE#         294
  C:2268H         LINE#         295
  C:2276H         LINE#         296
  C:2284H         LINE#         298
  C:22A1H         LINE#         300
  C:22A4H         LINE#         303
  C:22AFH         LINE#         304
  C:22C3H         LINE#         305
  C:22CEH         LINE#         306
  C:22D9H         LINE#         307
  C:22E4H         LINE#         308
  C:22E6H         LINE#         309
  C:230DH         LINE#         310
  C:2335H         LINE#         311
  C:235CH         LINE#         312
  C:235CH         LINE#         313
  C:235CH         LINE#         315
  C:236AH         LINE#         320
  C:23D0H         LINE#         321
  C:23D0H         LINE#         322
  C:23D6H         LINE#         326
  C:23E4H         LINE#         327
  C:2408H         LINE#         328
  C:240DH         LINE#         329
  C:240DH         LINE#         330
BL51 BANKED LINKER/LOCATER V5.12                                                      09/22/2022  19:32:20  PAGE 30


  C:2410H         LINE#         333
  C:241BH         LINE#         334
  C:241EH         LINE#         335
  C:2429H         LINE#         336
  C:2434H         LINE#         337
  C:2480H         LINE#         338
  C:24CCH         LINE#         339
  C:24CCH         LINE#         340
  C:24D1H         LINE#         341
  C:24E0H         LINE#         342
  C:24EEH         LINE#         344
  C:24F7H         LINE#         345
  C:24FCH         LINE#         346
  C:2503H         LINE#         347
  C:2503H         LINE#         348
  C:2503H         LINE#         349
  C:2503H         LINE#         351
  C:2509H         LINE#         352
  C:2517H         LINE#         353
  -------         ENDPROC       _FSTABLEPOINT
  -------         PROC          CSETZEROPOINT
  -------         DO            
  X:027DH         SYMBOL        fWeightPlate
  X:0281H         SYMBOL        fPointZero
  -------         ENDDO         
  C:36B7H         LINE#         367
  C:36B7H         LINE#         370
  C:36C1H         LINE#         371
  C:36CBH         LINE#         373
  C:36D8H         LINE#         375
  C:36DEH         LINE#         376
  C:36E1H         LINE#         377
  C:36E1H         LINE#         380
  C:3706H         LINE#         382
  C:370FH         LINE#         384
  C:3793H         LINE#         385
  C:3793H         LINE#         388
  C:3796H         LINE#         389
  C:37A1H         LINE#         390
  C:37ACH         LINE#         394
  C:37ACH         LINE#         395
  C:37B5H         LINE#         396
  C:37C1H         LINE#         397
  C:37C4H         LINE#         398
  C:37C4H         LINE#         399
  C:37C4H         LINE#         400
  C:37C4H         LINE#         401
  C:37C4H         LINE#         403
  C:3808H         LINE#         406
  C:380BH         LINE#         407
  C:3816H         LINE#         411
  C:3816H         LINE#         412
  C:381FH         LINE#         413
  C:382BH         LINE#         414
  C:382EH         LINE#         415
  C:382EH         LINE#         416
  C:382EH         LINE#         418
BL51 BANKED LINKER/LOCATER V5.12                                                      09/22/2022  19:32:20  PAGE 31


  C:382EH         LINE#         419
  C:3842H         LINE#         420
  C:3842H         LINE#         422
  C:3844H         LINE#         423
  -------         ENDPROC       CSETZEROPOINT
  -------         PROC          _CONOFFMODETARA
  X:0201H         SYMBOL        fWeightTara
  -------         DO            
  X:0205H         SYMBOL        fAdcCountTara
  X:0209H         SYMBOL        fLimite_Inf
  X:020DH         SYMBOL        fLimite_Sup
  X:0211H         SYMBOL        fWeightZero
  X:0215H         SYMBOL        AuxTara
  -------         ENDDO         
  C:1EC3H         LINE#         440
  C:1EC9H         LINE#         442
  C:1ED3H         LINE#         443
  C:1EDDH         LINE#         444
  C:1EE7H         LINE#         445
  C:1EF1H         LINE#         446
  C:1EFBH         LINE#         448
  C:1F04H         LINE#         450
  C:1F0FH         LINE#         452
  C:1F2BH         LINE#         453
  C:1F34H         LINE#         455
  C:1F3AH         LINE#         456
  C:1F77H         LINE#         457
  C:1F77H         LINE#         458
  C:1F77H         LINE#         459
  C:1F77H         LINE#         460
  C:1F79H         LINE#         461
  C:1F9AH         LINE#         462
  C:1FAEH         LINE#         463
  C:1FB4H         LINE#         464
  C:1FB4H         LINE#         465
  C:1FB4H         LINE#         466
  C:1FB5H         LINE#         467
  C:1FBBH         LINE#         468
  C:1FF8H         LINE#         469
  C:1FF8H         LINE#         470
  C:1FF8H         LINE#         471
  C:1FFAH         LINE#         472
  C:201DH         LINE#         473
  C:2031H         LINE#         474
  C:2031H         LINE#         475
  C:2031H         LINE#         476
  C:2031H         LINE#         477
  C:204CH         LINE#         479
  C:2055H         LINE#         480
  C:2073H         LINE#         482
  C:207EH         LINE#         483
  C:20ACH         LINE#         484
  C:20D7H         LINE#         485
  C:210AH         LINE#         486
  C:2116H         LINE#         487
  C:2120H         LINE#         488
  C:2123H         LINE#         489
BL51 BANKED LINKER/LOCATER V5.12                                                      09/22/2022  19:32:20  PAGE 32


  C:212CH         LINE#         490
  C:2136H         LINE#         491
  C:2136H         LINE#         492
  C:2138H         LINE#         493
  C:2141H         LINE#         494
  C:2173H         LINE#         495
  C:2173H         LINE#         497
  C:21B7H         LINE#         498
  C:21BEH         LINE#         499
  C:21C8H         LINE#         500
  C:21CDH         LINE#         501
  C:21E1H         LINE#         502
  C:21FBH         LINE#         503
  C:21FBH         LINE#         504
  C:21FBH         LINE#         505
  C:21FBH         LINE#         507
  C:21FBH         LINE#         508
  -------         ENDPROC       _CONOFFMODETARA
  -------         PROC          VSETZERO
  -------         DO            
  X:029CH         SYMBOL        fWeightZero
  -------         ENDDO         
  C:4C9CH         LINE#         517
  C:4C9CH         LINE#         518
  C:4CA6H         LINE#         521
  C:4CAFH         LINE#         523
  C:4CB6H         LINE#         524
  C:4CCAH         LINE#         525
  C:4CCAH         LINE#         526
  -------         ENDPROC       VSETZERO
  -------         PROC          L?0292
  -------         ENDPROC       L?0292
  -------         PROC          _VGETZEROTRACKING
  X:0285H         SYMBOL        fActualWeightScale
  -------         DO            
  X:0289H         SYMBOL        fValor_Limite
  -------         ENDDO         
  C:3850H         LINE#         535
  C:3856H         LINE#         536
  C:3860H         LINE#         539
  C:3867H         LINE#         540
  C:3892H         LINE#         541
  C:38BFH         LINE#         542
  C:38C1H         LINE#         543
  C:38D5H         LINE#         545
  C:38F2H         LINE#         547
  C:390AH         LINE#         548
  C:3928H         LINE#         549
  C:3928H         LINE#         551
  C:398EH         LINE#         552
  C:398EH         LINE#         554
  C:399CH         LINE#         555
  C:39ADH         LINE#         556
  C:39C1H         LINE#         557
  C:39C1H         LINE#         558
  C:39C1H         LINE#         559
  C:39C8H         LINE#         560
BL51 BANKED LINKER/LOCATER V5.12                                                      09/22/2022  19:32:20  PAGE 33


  C:39C8H         LINE#         561
  -------         ENDPROC       _VGETZEROTRACKING
  -------         PROC          VCALIBRATE_SCALE
  -------         DO            
  X:0219H         SYMBOL        fAux_Value
  X:021DH         SYMBOL        fAuxCountAdcInicial
  X:0221H         SYMBOL        fAuxCountAdcFinal
  X:0225H         SYMBOL        fAuxCountDif
  -------         ENDDO         
  C:2518H         LINE#         571
  C:2518H         LINE#         572
  C:2522H         LINE#         573
  C:252CH         LINE#         574
  C:2536H         LINE#         575
  C:2540H         LINE#         577
  C:254EH         LINE#         580
  C:2551H         LINE#         582
  C:255CH         LINE#         583
  C:2567H         LINE#         584
  C:2572H         LINE#         593
  C:2584H         LINE#         603
  C:2598H         LINE#         604
  C:259FH         LINE#         606
  C:25A2H         LINE#         608
  C:25ADH         LINE#         609
  C:25B8H         LINE#         610
  C:25C3H         LINE#         618
  C:25D5H         LINE#         620
  C:25E4H         LINE#         623
  C:25F8H         LINE#         625
  C:261BH         LINE#         626
  C:2659H         LINE#         628
  C:267EH         LINE#         629
  C:26BCH         LINE#         631
  C:26CEH         LINE#         632
  C:26E0H         LINE#         633
  C:2721H         LINE#         634
  C:275CH         LINE#         635
  C:2781H         LINE#         637
  C:2799H         LINE#         638
  C:27B7H         LINE#         639
  C:27B7H         LINE#         641
  C:27BAH         LINE#         643
  C:27C5H         LINE#         644
  C:27D0H         LINE#         646
  C:27D9H         LINE#         647
  C:27E4H         LINE#         669
  C:27E7H         LINE#         670
  C:27EAH         LINE#         672
  C:27F0H         LINE#         673
  C:27F5H         LINE#         675
  C:2800H         LINE#         677
  -------         ENDPROC       VCALIBRATE_SCALE
  -------         PROC          _VPRECONFIGURATION
  X:02ADH         SYMBOL        cPreConfiguration
  -------         DO            
  X:02AEH         SYMBOL        Value_Key_Press
BL51 BANKED LINKER/LOCATER V5.12                                                      09/22/2022  19:32:20  PAGE 34


  X:02AFH         SYMBOL        cIndex
  -------         ENDDO         
  C:2803H         LINE#         689
  C:2808H         LINE#         692
  C:280DH         LINE#         694
  C:2812H         LINE#         696
  C:2815H         LINE#         698
  C:281BH         LINE#         699
  C:281DH         LINE#         701
  C:2823H         LINE#         702
  C:282AH         LINE#         703
  C:282AH         LINE#         704
  C:282AH         LINE#         705
  C:282AH         LINE#         706
  C:282AH         LINE#         707
  C:282AH         LINE#         708
  C:282AH         LINE#         709
  C:282AH         LINE#         710
  C:2833H         LINE#         711
  C:283BH         LINE#         712
  C:283BH         LINE#         713
  C:283BH         LINE#         714
  C:283BH         LINE#         715
[...]
  C:1CC2H         LINE#         1071
  C:1CC7H         LINE#         1072
  C:1CCDH         LINE#         1073
  C:1CD6H         LINE#         1074
  C:1CD8H         LINE#         1076
  C:1D0DH         LINE#         1077
  C:1D32H         LINE#         1078
  C:1D37H         LINE#         1079
BL51 BANKED LINKER/LOCATER V5.12                                                      09/22/2022  19:32:20  PAGE 39


  C:1D37H         LINE#         1083
  C:1D37H         LINE#         1084
  C:1D3CH         LINE#         1087
  C:1D59H         LINE#         1090
  C:1D5FH         LINE#         1091
  C:1D8FH         LINE#         1092
  C:1D99H         LINE#         1093
  C:1D9EH         LINE#         1094
  C:1DA2H         LINE#         1095
  C:1DA6H         LINE#         1096
  C:1DA6H         LINE#         1097
  C:1DA6H         LINE#         1099
  C:1DA6H         LINE#         1102
  C:1DA6H         LINE#         1104
  C:1DBAH         LINE#         1107
  C:1DDEH         LINE#         1108
  C:1DE0H         LINE#         1109
  C:1DE0H         LINE#         1111
  C:1DF8H         LINE#         1112
  C:1DFCH         LINE#         1113
  C:1DFEH         LINE#         1114
  C:1E0DH         LINE#         1115
  C:1E0DH         LINE#         1117
  C:1E32H         LINE#         1123
  C:1E74H         LINE#         1124
  C:1E7FH         LINE#         1125
  C:1E7FH         LINE#         1126
  C:1E99H         LINE#         1127
  C:1EB2H         LINE#         1128
  C:1EB4H         LINE#         1129
  C:1EC2H         LINE#         1130
  C:1EC2H         LINE#         1131
  C:1EC2H         LINE#         1132
  C:1EC2H         LINE#         1133
  -------         ENDPROC       VWEIGHT_POSITIVE
  -------         PROC          VWEIGHT_NEGATIVE
  C:40E7H         LINE#         1143
  C:40E7H         LINE#         1145
  C:40EDH         LINE#         1146
  C:40F2H         LINE#         1149
  C:4142H         LINE#         1150
  C:415FH         LINE#         1151
  C:4161H         LINE#         1152
  C:416CH         LINE#         1153
  C:416CH         LINE#         1155
  C:4172H         LINE#         1156
  C:4178H         LINE#         1157
  C:417AH         LINE#         1158
  C:4184H         LINE#         1159
  C:4189H         LINE#         1160
  C:4193H         LINE#         1161
  C:419EH         LINE#         1162
  C:419EH         LINE#         1164
  C:41B6H         LINE#         1165
  C:41BAH         LINE#         1166
  C:41BCH         LINE#         1167
  C:41CBH         LINE#         1168
BL51 BANKED LINKER/LOCATER V5.12                                                      09/22/2022  19:32:20  PAGE 40


  C:41CBH         LINE#         1171
  -------         ENDPROC       VWEIGHT_NEGATIVE
  -------         PROC          VCALCULATE_WEIGHT
  -------         DO            
  X:02B2H         SYMBOL        i
  X:02B3H         SYMBOL        cCountPrecioFijo
  -------         ENDDO         
  C:3392H         LINE#         1183
  C:3392H         LINE#         1188
  C:3399H         LINE#         1190
  C:33A2H         LINE#         1191
  C:33A5H         LINE#         1192
  C:33A7H         LINE#         1193
  C:33A7H         LINE#         1194
  C:33AAH         LINE#         1195
  C:33AAH         LINE#         1197
  C:33C4H         LINE#         1198
  C:33CFH         LINE#         1199
  C:33D7H         LINE#         1201
  C:33E6H         LINE#         1202
  C:33F1H         LINE#         1204
  C:33F1H         LINE#         1207
  C:33FEH         LINE#         1208
  C:3404H         LINE#         1209
  C:3404H         LINE#         1211
  C:3418H         LINE#         1213
  C:342CH         LINE#         1216
  C:3451H         LINE#         1217
  C:3465H         LINE#         1219
  C:346CH         LINE#         1220
  C:346FH         LINE#         1221
  C:3471H         LINE#         1223
  C:3478H         LINE#         1224
  C:348CH         LINE#         1225
  C:34B1H         LINE#         1226
  C:34B7H         LINE#         1227
  C:34BEH         LINE#         1228
  C:34BEH         LINE#         1229
  C:34BEH         LINE#         1230
  C:34D5H         LINE#         1231
  C:34D5H         LINE#         1233
  C:34F3H         LINE#         1234
  C:34F8H         LINE#         1235
  C:3512H         LINE#         1236
  C:3516H         LINE#         1237
  C:3516H         LINE#         1239
  C:3528H         LINE#         1240
  -------         ENDPROC       VCALCULATE_WEIGHT
  C:13C4H         SYMBOL        L?0291
  -------         PROC          L?0290
  -------         ENDPROC       L?0290
  C:13C4H         SYMBOL        L?0291
  -------         PROC          _FCUENTASTOPESO
  X:01E8H         SYMBOL        fCountADC
  -------         DO            
  X:01ECH         SYMBOL        fAuxFactorC
  X:01F0H         SYMBOL        fPesoFinal
BL51 BANKED LINKER/LOCATER V5.12                                                      09/22/2022  19:32:20  PAGE 41


  X:01F4H         SYMBOL        fPesoAux
  X:01F8H         SYMBOL        iAuxPeso
  X:01FCH         SYMBOL        arfFactorMult
  X:0200H         SYMBOL        cFlagNeg
  -------         ENDDO         
  C:13F2H         LINE#         1249
  C:13F8H         LINE#         1251
  C:1402H         LINE#         1252
  C:140CH         LINE#         1253
  C:1416H         LINE#         1254
  C:1420H         LINE#         1255
  C:142AH         LINE#         1256
  C:142FH         LINE#         1258
  C:1446H         LINE#         1259
  C:144CH         LINE#         1260
  C:146AH         LINE#         1261
  C:146AH         LINE#         1263
  C:1470H         LINE#         1264
  C:14AFH         LINE#         1265
  C:14BDH         LINE#         1266
  C:14C0H         LINE#         1267
  C:14F1H         LINE#         1268
  C:14FBH         LINE#         1269
  C:152CH         LINE#         1270
  C:156BH         LINE#         1271
  C:1592H         LINE#         1272
  C:1595H         LINE#         1273
  C:15C6H         LINE#         1274
  C:15F7H         LINE#         1275
  C:1636H         LINE#         1276
  C:165DH         LINE#         1277
  C:165FH         LINE#         1278
  C:165FH         LINE#         1279
  C:169EH         LINE#         1280
  C:16C3H         LINE#         1281
  C:16C3H         LINE#         1282
  C:16C3H         LINE#         1284
  C:16DAH         LINE#         1286
  C:1719H         LINE#         1287
  C:1763H         LINE#         1288
  C:178CH         LINE#         1290
  C:1792H         LINE#         1291
  C:17B0H         LINE#         1292
  C:17B0H         LINE#         1294
  C:17BEH         LINE#         1295
  -------         ENDPROC       _FCUENTASTOPESO
  -------         PROC          FSLEEP_RUN
  -------         DO            
  X:019EH         SYMBOL        fWeightScale
  X:01A2H         SYMBOL        fValueReturn
  X:01A6H         SYMBOL        fLimite
  X:01AAH         SYMBOL        i
  X:01ACH         SYMBOL        cFlag_Continue
  X:01ADH         SYMBOL        strMsgSaveBatt
  X:01BDH         SYMBOL        strSave
  X:01C3H         SYMBOL        strBatt
  X:01CAH         SYMBOL        cDataTemp
BL51 BANKED LINKER/LOCATER V5.12                                                      09/22/2022  19:32:20  PAGE 42


  X:01CBH         SYMBOL        cDataTemp1
  X:01CCH         SYMBOL        bStatus_Battery
  -------         ENDDO         
  C:17BFH         LINE#         1302
  C:17BFH         LINE#         1304
  C:17C9H         LINE#         1305
  C:17D3H         LINE#         1306
  C:17DDH         LINE#         1307
  C:17E4H         LINE#         1308
  C:17E7H         LINE#         1312
  C:17F9H         LINE#         1313
  C:180CH         LINE#         1314
  C:1811H         LINE#         1315
  C:1813H         LINE#         1316
  C:1815H         LINE#         1319
  C:1824H         LINE#         1321
  C:183BH         LINE#         1323
  C:1846H         LINE#         1325
  C:185EH         LINE#         1326
  C:1869H         LINE#         1327
  C:1880H         LINE#         1328
  C:1893H         LINE#         1329
  C:18AFH         LINE#         1330
  C:18AFH         LINE#         1331
  C:18BFH         LINE#         1333
  C:18C7H         LINE#         1335
  C:18CDH         LINE#         1336
  C:18D8H         LINE#         1337
  C:18E3H         LINE#         1338
  C:18F6H         LINE#         1340
  C:18FFH         LINE#         1342
  C:1905H         LINE#         1343
  C:1909H         LINE#         1344
  C:1915H         LINE#         1346
  C:1920H         LINE#         1349
  C:192DH         LINE#         1350
  C:1933H         LINE#         1351
  C:1933H         LINE#         1353
  C:1947H         LINE#         1356
  C:196CH         LINE#         1357
  C:197EH         LINE#         1358
  C:1995H         LINE#         1360
  C:19E1H         LINE#         1361
  C:19E6H         LINE#         1362
  C:19EEH         LINE#         1363
  C:19F3H         LINE#         1364
  C:19F6H         LINE#         1365
  C:19F6H         LINE#         1367
  C:19FFH         LINE#         1370
  C:1A07H         LINE#         1372
  C:1A09H         LINE#         1373
  C:1A0CH         LINE#         1374
  C:1A0EH         LINE#         1375
  C:1A13H         LINE#         1376
  C:1A13H         LINE#         1378
  C:1A1CH         LINE#         1381
  C:1A24H         LINE#         1383
BL51 BANKED LINKER/LOCATER V5.12                                                      09/22/2022  19:32:20  PAGE 43


  C:1A2BH         LINE#         1384
  C:1A4AH         LINE#         1385
  C:1A64H         LINE#         1387
  C:1A6CH         LINE#         1389
  C:1A85H         LINE#         1390
  C:1A90H         LINE#         1391
  C:1AA7H         LINE#         1392
  C:1ABAH         LINE#         1393
  C:1AD6H         LINE#         1394
  C:1AD6H         LINE#         1395
  C:1AE6H         LINE#         1397
  C:1AF1H         LINE#         1398
  C:1AFCH         LINE#         1399
  C:1B07H         LINE#         1400
  C:1B07H         LINE#         1402
  C:1B12H         LINE#         1403
  C:1B12H         LINE#         1404
  C:1B1AH         LINE#         1405
  C:1B1FH         LINE#         1406
  C:1B22H         LINE#         1407
  C:1B22H         LINE#         1409
  C:1B28H         LINE#         1410
  C:1B2CH         LINE#         1411
  C:1B2CH         LINE#         1413
  C:1B42H         LINE#         1414
  C:1B46H         LINE#         1415
  C:1B4AH         LINE#         1416
  C:1B4AH         LINE#         1417
  C:1B4DH         LINE#         1419
  C:1B53H         LINE#         1420
  C:1B62H         LINE#         1421
  C:1B62H         LINE#         1427
  C:1B70H         LINE#         1428
  -------         ENDPROC       FSLEEP_RUN
  -------         ENDMOD        DVR_SCALE

  -------         MODULE        ?C?FPADD
  C:0015H         PUBLIC        ?C?FPADD
  C:0011H         PUBLIC        ?C?FPSUB
  -------         ENDMOD        ?C?FPADD

  -------         MODULE        ?C?FPMUL
  C:0106H         PUBLIC        ?C?FPMUL
  -------         ENDMOD        ?C?FPMUL

  -------         MODULE        ?C?FPDIV
  C:020FH         PUBLIC        ?C?FPDIV
  -------         ENDMOD        ?C?FPDIV

  -------         MODULE        ?C?FPCMP
  C:02AEH         PUBLIC        ?C?FPCMP
  C:02ACH         PUBLIC        ?C?FPCMP3
  -------         ENDMOD        ?C?FPCMP

  -------         MODULE        ?C?FCAST
  C:0323H         PUBLIC        ?C?FCASTC
  C:031EH         PUBLIC        ?C?FCASTI
BL51 BANKED LINKER/LOCATER V5.12                                                      09/22/2022  19:32:20  PAGE 44


  C:0319H         PUBLIC        ?C?FCASTL
  -------         ENDMOD        ?C?FCAST

  -------         MODULE        ?C?CASTF
  C:0357H         PUBLIC        ?C?CASTF
  -------         ENDMOD        ?C?CASTF

  -------         MODULE        PRINTF
  X:00F6H         PUBLIC        ?_PRINTF?BYTE
  X:00F6H         PUBLIC        ?_SPRINTF?BYTE
  C:0B59H         PUBLIC        _PRINTF
  C:0B53H         PUBLIC        _SPRINTF
  -------         ENDMOD        PRINTF

  -------         MODULE        POW
  X:024FH         PUBLIC        ?_pow?BYTE
  C:39C9H         PUBLIC        _pow
  -------         ENDMOD        POW

  -------         MODULE        ?C?CHKFLOAT
  C:03D8H         PUBLIC        ?C?CHKFLOAT
  -------         ENDMOD        ?C?CHKFLOAT

  -------         MODULE        ?C?FPNEG
  C:03F2H         PUBLIC        ?C?FPNEG
  -------         ENDMOD        ?C?FPNEG

  -------         MODULE        ?C?FPROUND
  C:0403H         PUBLIC        ?C?FPROUND
  -------         ENDMOD        ?C?FPROUND

  -------         MODULE        ?C?FPCONVERT
  C:0440H         PUBLIC        ?C?FPCONVERT
  -------         ENDMOD        ?C?FPCONVERT

  -------         MODULE        EXP
  C:4799H         PUBLIC        _EXP
  -------         ENDMOD        EXP

  -------         MODULE        LOG
  C:3DD2H         PUBLIC        _LOG
  C:3DCEH         PUBLIC        _LOG10
  -------         ENDMOD        LOG

  -------         MODULE        ?C?FTNPWR
  C:0575H         PUBLIC        ?C?FTNPWR
  -------         ENDMOD        ?C?FTNPWR

  -------         MODULE        ?C?COPY
  C:06D2H         PUBLIC        ?C?COPY
  -------         ENDMOD        ?C?COPY

  -------         MODULE        ?C?CLDPTR
  C:06F8H         PUBLIC        ?C?CLDPTR
  -------         ENDMOD        ?C?CLDPTR

  -------         MODULE        ?C?CLDOPTR
BL51 BANKED LINKER/LOCATER V5.12                                                      09/22/2022  19:32:20  PAGE 45


  C:0711H         PUBLIC        ?C?CLDOPTR
  -------         ENDMOD        ?C?CLDOPTR

  -------         MODULE        ?C?CSTPTR
  C:073EH         PUBLIC        ?C?CSTPTR
  -------         ENDMOD        ?C?CSTPTR

  -------         MODULE        ?C?IMUL
  C:0750H         PUBLIC        ?C?IMUL
  -------         ENDMOD        ?C?IMUL

  -------         MODULE        ?C?UIDIV
  C:0762H         PUBLIC        ?C?UIDIV
  -------         ENDMOD        ?C?UIDIV

  -------         MODULE        ?C?IILDX
  C:07B7H         PUBLIC        ?C?IILDX
  -------         ENDMOD        ?C?IILDX

  -------         MODULE        ?C?ILDIX
  C:07CDH         PUBLIC        ?C?ILDIX
  -------         ENDMOD        ?C?ILDIX

  -------         MODULE        ?C?LMUL
  C:07E3H         PUBLIC        ?C?LMUL
  -------         ENDMOD        ?C?LMUL

  -------         MODULE        ?C?LNEG
  C:0832H         PUBLIC        ?C?LNEG
  -------         ENDMOD        ?C?LNEG

  -------         MODULE        ?C?SLCMP
  C:0840H         PUBLIC        ?C?SLCMP
  -------         ENDMOD        ?C?SLCMP

  -------         MODULE        ?C?ULCMP
  C:0856H         PUBLIC        ?C?ULCMP
  -------         ENDMOD        ?C?ULCMP

  -------         MODULE        ?C?ULSHR
  C:0867H         PUBLIC        ?C?ULSHR
  -------         ENDMOD        ?C?ULSHR

  -------         MODULE        ?C?LLDPTR
  C:087AH         PUBLIC        ?C?LLDPTR
  -------         ENDMOD        ?C?LLDPTR

  -------         MODULE        ?C?LLDOPTR
  C:089AH         PUBLIC        ?C?LLDOPTR
  -------         ENDMOD        ?C?LLDOPTR

  -------         MODULE        ?C?LSTOPTR
  C:08CAH         PUBLIC        ?C?LSTOPTR
  -------         ENDMOD        ?C?LSTOPTR

  -------         MODULE        ?C?LLDCODE
  C:08EEH         PUBLIC        ?C?LLDCODE
BL51 BANKED LINKER/LOCATER V5.12                                                      09/22/2022  19:32:20  PAGE 46


  -------         ENDMOD        ?C?LLDCODE

  -------         MODULE        ?C?LLDXDATA0
  C:08FEH         PUBLIC        ?C?LLDXDATA0
  -------         ENDMOD        ?C?LLDXDATA0

  -------         MODULE        ?C?LLDCODE0
  C:090AH         PUBLIC        ?C?LLDCODE0
  -------         ENDMOD        ?C?LLDCODE0

  -------         MODULE        ?C?LSTXDATA
  C:091AH         PUBLIC        ?C?LSTXDATA
  -------         ENDMOD        ?C?LSTXDATA

  -------         MODULE        ?C?LSTKXDATA
  C:0926H         PUBLIC        ?C?LSTKXDATA
  -------         ENDMOD        ?C?LSTKXDATA

  -------         MODULE        ?C?PLDIXDATA
  C:0957H         PUBLIC        ?C?PLDIXDATA
  -------         ENDMOD        ?C?PLDIXDATA

  -------         MODULE        ?C?PSTXDATA
  C:096EH         PUBLIC        ?C?PSTXDATA
  -------         ENDMOD        ?C?PSTXDATA

  -------         MODULE        ?C?CCASE
  C:0977H         PUBLIC        ?C?CCASE
  -------         ENDMOD        ?C?CCASE

  -------         MODULE        PUTCHAR
  C:4D75H         PUBLIC        _PUTCHAR
  -------         ENDMOD        PUTCHAR

  -------         MODULE        ?C?STRCPY
  C:0A69H         PUBLIC        ?C?STRCPY
  -------         ENDMOD        ?C?STRCPY

  -------         MODULE        ?C?MEMSET
  C:0A86H         PUBLIC        ?C?MEMSET
  -------         ENDMOD        ?C?MEMSET

  -------         MODULE        ?C?LLDIDATA
  C:0AB2H         PUBLIC        ?C?LLDIDATA
  -------         ENDMOD        ?C?LLDIDATA

  -------         MODULE        ?C?LLDXDATA
  C:0ABEH         PUBLIC        ?C?LLDXDATA
  -------         ENDMOD        ?C?LLDXDATA

  -------         MODULE        ?C?LLDPDATA
  C:0ACAH         PUBLIC        ?C?LLDPDATA
  -------         ENDMOD        ?C?LLDPDATA

  -------         MODULE        ?C?LSTIDATA
  C:0AD6H         PUBLIC        ?C?LSTIDATA
  -------         ENDMOD        ?C?LSTIDATA
BL51 BANKED LINKER/LOCATER V5.12                                                      09/22/2022  19:32:20  PAGE 47



  -------         MODULE        ?C?LSTPDATA
  C:0AE2H         PUBLIC        ?C?LSTPDATA
  -------         ENDMOD        ?C?LSTPDATA

*** WARNING L16: UNCALLED SEGMENT, IGNORED FOR OVERLAY PROCESS
    SEGMENT: ?PR?INIT_INT_TIMER0?MAIN

*** WARNING L16: UNCALLED SEGMENT, IGNORED FOR OVERLAY PROCESS
    SEGMENT: ?PR?CONVERTIDORADC?MAIN

*** WARNING L16: UNCALLED SEGMENT, IGNORED FOR OVERLAY PROCESS
    SEGMENT: ?PR?TESTEEPROM?MAIN

*** WARNING L16: UNCALLED SEGMENT, IGNORED FOR OVERLAY PROCESS
    SEGMENT: ?PR?LCD_GLASS_DEINIT?DVR_LCD_SDI1621

*** WARNING L16: UNCALLED SEGMENT, IGNORED FOR OVERLAY PROCESS
    SEGMENT: ?PR?LCD_GLASS_ALL_ON?DVR_LCD_SDI1621

*** WARNING L16: UNCALLED SEGMENT, IGNORED FOR OVERLAY PROCESS
    SEGMENT: ?PR?_FLASH_WRITE_U32?DATA_NVM_5219_VC_DEC09_13

*** WARNING L16: UNCALLED SEGMENT, IGNORED FOR OVERLAY PROCESS
    SEGMENT: ?PR?VREADPARAMSCALE?DVR_SCALE

*** WARNING L16: UNCALLED SEGMENT, IGNORED FOR OVERLAY PROCESS
    SEGMENT: ?PR?CSETZEROPOINT?DVR_SCALE

*** WARNING L16: UNCALLED SEGMENT, IGNORED FOR OVERLAY PROCESS
    SEGMENT: ?PR?_CONOFFMODETARA?DVR_SCALE

*** WARNING L16: UNCALLED SEGMENT, IGNORED FOR OVERLAY PROCESS
    SEGMENT: ?PR?VSETZERO?DVR_SCALE

*** WARNING L16: UNCALLED SEGMENT, IGNORED FOR OVERLAY PROCESS
    SEGMENT: ?PR?VCALIBRATE_SCALE?DVR_SCALE

*** WARNING L16: UNCALLED SEGMENT, IGNORED FOR OVERLAY PROCESS
    SEGMENT: ?PR?_VPRECONFIGURATION?DVR_SCALE

*** WARNING L16: UNCALLED SEGMENT, IGNORED FOR OVERLAY PROCESS
    SEGMENT: ?PR?_CRUN_SCALE?DVR_SCALE

*** WARNING L16: UNCALLED SEGMENT, IGNORED FOR OVERLAY PROCESS
    SEGMENT: ?PR?VCALCULATE_WEIGHT?DVR_SCALE

*** WARNING L1: UNRESOLVED EXTERNAL SYMBOL
    SYMBOL:  UGET_STATUS_VOLT
    MODULE:  dvr_scale.obj (DVR_SCALE)

*** WARNING L1: UNRESOLVED EXTERNAL SYMBOL
    SYMBOL:  VGESTORBATERIA
    MODULE:  dvr_scale.obj (DVR_SCALE)

*** WARNING L2: REFERENCE MADE TO UNRESOLVED EXTERNAL
    SYMBOL:  VGESTORBATERIA
BL51 BANKED LINKER/LOCATER V5.12                                                      09/22/2022  19:32:20  PAGE 48


    MODULE:  dvr_scale.obj (DVR_SCALE)
    ADDRESS: 1C7AH

*** WARNING L2: REFERENCE MADE TO UNRESOLVED EXTERNAL
    SYMBOL:  UGET_STATUS_VOLT
    MODULE:  dvr_scale.obj (DVR_SCALE)
    ADDRESS: 1A00H

*** WARNING L2: REFERENCE MADE TO UNRESOLVED EXTERNAL
    SYMBOL:  VGESTORBATERIA
    MODULE:  dvr_scale.obj (DVR_SCALE)
    ADDRESS: 1A0AH

Program Size: data=15.4 xdata=692 code=20172
LINK/LOCATE RUN COMPLETE.  19 WARNING(S),  0 ERROR(S)
